[2.981s] Invoking command in '/home/gargie/service/src/py_srvcli': PYTHONPATH=/home/gargie/service/build/py_srvcli/prefix_override:/usr/lib/python3/dist-packages/colcon_core/task/python/colcon_distutils_commands:/home/gargie/service/install/py_srvcli/lib/python3.10/site-packages:${PYTHONPATH} /usr/bin/python3 -W ignore:setup.py install is deprecated -W ignore:easy_install command is deprecated setup.py egg_info --egg-base ../../build/py_srvcli build --build-base /home/gargie/service/build/py_srvcli/build install --record /home/gargie/service/build/py_srvcli/install.log --single-version-externally-managed install_data
[4.142s] running egg_info
[4.145s] writing ../../build/py_srvcli/py_srvcli.egg-info/PKG-INFO
[4.147s] writing dependency_links to ../../build/py_srvcli/py_srvcli.egg-info/dependency_links.txt
[4.149s] writing entry points to ../../build/py_srvcli/py_srvcli.egg-info/entry_points.txt
[4.151s] writing requirements to ../../build/py_srvcli/py_srvcli.egg-info/requires.txt
[4.152s] writing top-level names to ../../build/py_srvcli/py_srvcli.egg-info/top_level.txt
[4.157s] reading manifest file '../../build/py_srvcli/py_srvcli.egg-info/SOURCES.txt'
[4.160s] adding license file 'LICENSE'
[4.162s] writing manifest file '../../build/py_srvcli/py_srvcli.egg-info/SOURCES.txt'
[4.164s] running build
[4.166s] running build_py
[4.168s] copying py_srvcli/client.py -> /home/gargie/service/build/py_srvcli/build/lib/py_srvcli
[4.170s] running install
[4.173s] running install_lib
[4.175s] copying /home/gargie/service/build/py_srvcli/build/lib/py_srvcli/client.py -> /home/gargie/service/install/py_srvcli/lib/python3.10/site-packages/py_srvcli
[4.177s] byte-compiling /home/gargie/service/install/py_srvcli/lib/python3.10/site-packages/py_srvcli/service.py to service.cpython-310.pyc
[4.179s] Sorry: IndentationError: expected an indented block after function definition on line 8 (service.py, line 9)
[4.181s] byte-compiling /home/gargie/service/install/py_srvcli/lib/python3.10/site-packages/py_srvcli/client.py to client.cpython-310.pyc
[4.182s] running install_data
[4.184s] running install_egg_info
[4.186s] Sorry: TabError: inconsistent use of tabs and spaces in indentation (client.py, line 9)
[4.188s] removing '/home/gargie/service/install/py_srvcli/lib/python3.10/site-packages/py_srvcli-0.0.0-py3.10.egg-info' (and everything under it)
[4.190s] Copying ../../build/py_srvcli/py_srvcli.egg-info to /home/gargie/service/install/py_srvcli/lib/python3.10/site-packages/py_srvcli-0.0.0-py3.10.egg-info
[4.195s] running install_scripts
[4.281s] Installing client script to /home/gargie/service/install/py_srvcli/lib/py_srvcli
[4.283s] Installing service script to /home/gargie/service/install/py_srvcli/lib/py_srvcli
[4.285s] writing list of installed files to '/home/gargie/service/build/py_srvcli/install.log'
[4.408s] Invoked command in '/home/gargie/service/src/py_srvcli' returned '0': PYTHONPATH=/home/gargie/service/build/py_srvcli/prefix_override:/usr/lib/python3/dist-packages/colcon_core/task/python/colcon_distutils_commands:/home/gargie/service/install/py_srvcli/lib/python3.10/site-packages:${PYTHONPATH} /usr/bin/python3 -W ignore:setup.py install is deprecated -W ignore:easy_install command is deprecated setup.py egg_info --egg-base ../../build/py_srvcli build --build-base /home/gargie/service/build/py_srvcli/build install --record /home/gargie/service/build/py_srvcli/install.log --single-version-externally-managed install_data
