[0.061s] Invoking command in '/home/gargie/tf2/build/learning_tf2_cpp': CMAKE_PREFIX_PATH=${CMAKE_PREFIX_PATH}:/home/gargie/tf2/install/learning_tf2_py:/home/gargie/service/install/py_srvcli:/home/gargie/service/install/py_parameter:/home/gargie/key_ws/install/key1_pkg:/opt/ros/humble /usr/bin/cmake --build /home/gargie/tf2/build/learning_tf2_cpp -- -j4 -l4
[0.159s] -- Found ament_cmake: 1.3.11 (/opt/ros/humble/share/ament_cmake/cmake)
[0.776s] -- Found ament_lint_auto: 0.12.12 (/opt/ros/humble/share/ament_lint_auto/cmake)
[1.140s] -- Added test 'lint_cmake' to check CMake code style
[1.147s] -- Added test 'xmllint' to check XML markup files
[1.151s] -- Configuring done
[1.166s] -- Generating done
[1.175s] -- Build files have been written to: /home/gargie/tf2/build/learning_tf2_cpp
[1.262s] Invoked command in '/home/gargie/tf2/build/learning_tf2_cpp' returned '0': CMAKE_PREFIX_PATH=${CMAKE_PREFIX_PATH}:/home/gargie/tf2/install/learning_tf2_py:/home/gargie/service/install/py_srvcli:/home/gargie/service/install/py_parameter:/home/gargie/key_ws/install/key1_pkg:/opt/ros/humble /usr/bin/cmake --build /home/gargie/tf2/build/learning_tf2_cpp -- -j4 -l4
[1.301s] Invoking command in '/home/gargie/tf2/build/learning_tf2_cpp': CMAKE_PREFIX_PATH=${CMAKE_PREFIX_PATH}:/home/gargie/tf2/install/learning_tf2_py:/home/gargie/service/install/py_srvcli:/home/gargie/service/install/py_parameter:/home/gargie/key_ws/install/key1_pkg:/opt/ros/humble /usr/bin/cmake --install /home/gargie/tf2/build/learning_tf2_cpp
[1.328s] -- Install configuration: ""
[1.329s] -- Installing: /home/gargie/tf2/install/learning_tf2_cpp/share/learning_tf2_cpp/launch
[1.331s] -- Installing: /home/gargie/tf2/install/learning_tf2_cpp/share/learning_tf2_cpp/launch/static_transform.xml
[1.333s] -- Up-to-date: /home/gargie/tf2/install/learning_tf2_cpp/share/ament_index/resource_index/package_run_dependencies/learning_tf2_cpp
[1.335s] -- Installing: /home/gargie/tf2/install/learning_tf2_cpp/share/ament_index/resource_index/parent_prefix_path/learning_tf2_cpp
[1.336s] -- Up-to-date: /home/gargie/tf2/install/learning_tf2_cpp/share/learning_tf2_cpp/environment/ament_prefix_path.sh
[1.336s] -- Installing: /home/gargie/tf2/install/learning_tf2_cpp/share/learning_tf2_cpp/environment/ament_prefix_path.dsv
[1.337s] -- Up-to-date: /home/gargie/tf2/install/learning_tf2_cpp/share/learning_tf2_cpp/environment/path.sh
[1.339s] -- Installing: /home/gargie/tf2/install/learning_tf2_cpp/share/learning_tf2_cpp/environment/path.dsv
[1.344s] -- Up-to-date: /home/gargie/tf2/install/learning_tf2_cpp/share/learning_tf2_cpp/local_setup.bash
[1.345s] -- Up-to-date: /home/gargie/tf2/install/learning_tf2_cpp/share/learning_tf2_cpp/local_setup.sh
[1.347s] -- Up-to-date: /home/gargie/tf2/install/learning_tf2_cpp/share/learning_tf2_cpp/local_setup.zsh
[1.349s] -- Installing: /home/gargie/tf2/install/learning_tf2_cpp/share/learning_tf2_cpp/local_setup.dsv
[1.351s] -- Installing: /home/gargie/tf2/install/learning_tf2_cpp/share/learning_tf2_cpp/package.dsv
[1.352s] -- Up-to-date: /home/gargie/tf2/install/learning_tf2_cpp/share/ament_index/resource_index/packages/learning_tf2_cpp
[1.354s] -- Up-to-date: /home/gargie/tf2/install/learning_tf2_cpp/share/learning_tf2_cpp/cmake/learning_tf2_cppConfig.cmake
[1.355s] -- Up-to-date: /home/gargie/tf2/install/learning_tf2_cpp/share/learning_tf2_cpp/cmake/learning_tf2_cppConfig-version.cmake
[1.356s] -- Up-to-date: /home/gargie/tf2/install/learning_tf2_cpp/share/learning_tf2_cpp/package.xml
[1.358s] Invoked command in '/home/gargie/tf2/build/learning_tf2_cpp' returned '0': CMAKE_PREFIX_PATH=${CMAKE_PREFIX_PATH}:/home/gargie/tf2/install/learning_tf2_py:/home/gargie/service/install/py_srvcli:/home/gargie/service/install/py_parameter:/home/gargie/key_ws/install/key1_pkg:/opt/ros/humble /usr/bin/cmake --install /home/gargie/tf2/build/learning_tf2_cpp
