[0.061s] Invoking command in '/home/gargie/launch_ws/build/launch_tutorial': CMAKE_PREFIX_PATH=${CMAKE_PREFIX_PATH}:/home/gargie/service/install/py_srvcli:/home/gargie/service/install/py_parameter:/home/gargie/key_ws/install/key1_pkg:/opt/ros/humble /usr/bin/cmake --build /home/gargie/launch_ws/build/launch_tutorial -- -j4 -l4
[0.302s] Invoked command in '/home/gargie/launch_ws/build/launch_tutorial' returned '0': CMAKE_PREFIX_PATH=${CMAKE_PREFIX_PATH}:/home/gargie/service/install/py_srvcli:/home/gargie/service/install/py_parameter:/home/gargie/key_ws/install/key1_pkg:/opt/ros/humble /usr/bin/cmake --build /home/gargie/launch_ws/build/launch_tutorial -- -j4 -l4
[0.347s] Invoking command in '/home/gargie/launch_ws/build/launch_tutorial': CMAKE_PREFIX_PATH=${CMAKE_PREFIX_PATH}:/home/gargie/service/install/py_srvcli:/home/gargie/service/install/py_parameter:/home/gargie/key_ws/install/key1_pkg:/opt/ros/humble /usr/bin/cmake --install /home/gargie/launch_ws/build/launch_tutorial
[0.375s] -- Install configuration: ""
[0.378s] -- Up-to-date: /home/gargie/launch_ws/install/launch_tutorial/share/launch_tutorial//launch
[0.379s] -- Installing: /home/gargie/launch_ws/install/launch_tutorial/share/launch_tutorial//launch/fixed_broadcaster.launch.py
[0.380s] -- Installing: /home/gargie/launch_ws/install/launch_tutorial/share/launch_tutorial//launch/broadcaster_listener.launch.py
[0.381s] -- Installing: /home/gargie/launch_ws/install/launch_tutorial/share/launch_tutorial//launch/turtlesim_rviz.launch.py
[0.382s] -- Installing: /home/gargie/launch_ws/install/launch_tutorial/share/launch_tutorial//launch/launch_turtlesim.launch.py
[0.382s] -- Installing: /home/gargie/launch_ws/install/launch_tutorial/share/launch_tutorial//launch/turtlesim_world_1.launch.py
[0.384s] -- Up-to-date: /home/gargie/launch_ws/install/launch_tutorial/share/launch_tutorial//launch/example_main_launch.yaml
[0.385s] -- Up-to-date: /home/gargie/launch_ws/install/launch_tutorial/share/launch_tutorial//launch/example_event_handler.launch.py
[0.386s] -- Installing: /home/gargie/launch_ws/install/launch_tutorial/share/launch_tutorial//launch/turtlesim_world_2.launch.py
[0.386s] -- Up-to-date: /home/gargie/launch_ws/install/launch_tutorial/share/launch_tutorial//launch/example_subs_launch.yaml
[0.387s] -- Installing: /home/gargie/launch_ws/install/launch_tutorial/share/launch_tutorial//launch/turtlesim_world_3.launch.py
[0.388s] -- Installing: /home/gargie/launch_ws/install/launch_tutorial/share/launch_tutorial//launch/mimic.launch.py
[0.389s] -- Up-to-date: /home/gargie/launch_ws/install/launch_tutorial/share/ament_index/resource_index/package_run_dependencies/launch_tutorial
[0.390s] -- Up-to-date: /home/gargie/launch_ws/install/launch_tutorial/share/ament_index/resource_index/parent_prefix_path/launch_tutorial
[0.390s] -- Up-to-date: /home/gargie/launch_ws/install/launch_tutorial/share/launch_tutorial/environment/ament_prefix_path.sh
[0.391s] -- Up-to-date: /home/gargie/launch_ws/install/launch_tutorial/share/launch_tutorial/environment/ament_prefix_path.dsv
[0.393s] -- Up-to-date: /home/gargie/launch_ws/install/launch_tutorial/share/launch_tutorial/environment/path.sh
[0.396s] -- Up-to-date: /home/gargie/launch_ws/install/launch_tutorial/share/launch_tutorial/environment/path.dsv
[0.399s] -- Up-to-date: /home/gargie/launch_ws/install/launch_tutorial/share/launch_tutorial/local_setup.bash
[0.400s] -- Up-to-date: /home/gargie/launch_ws/install/launch_tutorial/share/launch_tutorial/local_setup.sh
[0.401s] -- Up-to-date: /home/gargie/launch_ws/install/launch_tutorial/share/launch_tutorial/local_setup.zsh
[0.402s] -- Up-to-date: /home/gargie/launch_ws/install/launch_tutorial/share/launch_tutorial/local_setup.dsv
[0.403s] -- Installing: /home/gargie/launch_ws/install/launch_tutorial/share/launch_tutorial/package.dsv
[0.404s] -- Up-to-date: /home/gargie/launch_ws/install/launch_tutorial/share/ament_index/resource_index/packages/launch_tutorial
[0.406s] -- Up-to-date: /home/gargie/launch_ws/install/launch_tutorial/share/launch_tutorial/cmake/launch_tutorialConfig.cmake
[0.407s] -- Up-to-date: /home/gargie/launch_ws/install/launch_tutorial/share/launch_tutorial/cmake/launch_tutorialConfig-version.cmake
[0.410s] -- Up-to-date: /home/gargie/launch_ws/install/launch_tutorial/share/launch_tutorial/package.xml
[0.412s] Invoked command in '/home/gargie/launch_ws/build/launch_tutorial' returned '0': CMAKE_PREFIX_PATH=${CMAKE_PREFIX_PATH}:/home/gargie/service/install/py_srvcli:/home/gargie/service/install/py_parameter:/home/gargie/key_ws/install/key1_pkg:/opt/ros/humble /usr/bin/cmake --install /home/gargie/launch_ws/build/launch_tutorial
