[0.516s] DEBUG:colcon:Command line arguments: ['/usr/bin/colcon', 'build']
[0.516s] DEBUG:colcon:Parsed command line arguments: Namespace(log_base=None, log_level=None, verb_name='build', build_base='build', install_base='install', merge_install=False, symlink_install=False, test_result_base=None, continue_on_error=False, executor='parallel', parallel_workers=4, event_handlers=None, ignore_user_meta=False, metas=['./colcon.meta'], base_paths=['.'], packages_ignore=None, packages_ignore_regex=None, paths=None, packages_up_to=None, packages_up_to_regex=None, packages_above=None, packages_above_and_dependencies=None, packages_above_depth=None, packages_select_by_dep=None, packages_skip_by_dep=None, packages_skip_up_to=None, packages_select_build_failed=False, packages_skip_build_finished=False, packages_select_test_failures=False, packages_skip_test_passed=False, packages_select=None, packages_skip=None, packages_select_regex=None, packages_skip_regex=None, packages_start=None, packages_end=None, allow_overriding=[], cmake_args=None, cmake_target=None, cmake_target_skip_unavailable=False, cmake_clean_cache=False, cmake_clean_first=False, cmake_force_configure=False, ament_cmake_args=None, catkin_cmake_args=None, catkin_skip_building_tests=False, mixin_files=None, mixin=None, verb_parser=<colcon_mixin.mixin.mixin_argument.MixinArgumentDecorator object at 0x79970f0d19f0>, verb_extension=<colcon_core.verb.build.BuildVerb object at 0x79970f0d1540>, main=<bound method BuildVerb.main of <colcon_core.verb.build.BuildVerb object at 0x79970f0d1540>>, mixin_verb=('build',))
[1.336s] Level 1:colcon.colcon_core.package_discovery:discover_packages(colcon_meta) check parameters
[1.336s] Level 1:colcon.colcon_core.package_discovery:discover_packages(recursive) check parameters
[1.336s] Level 1:colcon.colcon_core.package_discovery:discover_packages(ignore) check parameters
[1.336s] Level 1:colcon.colcon_core.package_discovery:discover_packages(path) check parameters
[1.337s] Level 1:colcon.colcon_core.package_discovery:discover_packages(colcon_meta) discover
[1.337s] Level 1:colcon.colcon_core.package_discovery:discover_packages(recursive) discover
[1.337s] INFO:colcon.colcon_core.package_discovery:Crawling recursively for packages in '/home/gargie/key_ws'
[1.337s] Level 1:colcon.colcon_core.package_identification:_identify(.) by extensions ['ignore', 'ignore_ament_install']
[1.338s] Level 1:colcon.colcon_core.package_identification:_identify(.) by extension 'ignore'
[1.338s] Level 1:colcon.colcon_core.package_identification:_identify(.) by extension 'ignore_ament_install'
[1.338s] Level 1:colcon.colcon_core.package_identification:_identify(.) by extensions ['colcon_pkg']
[1.339s] Level 1:colcon.colcon_core.package_identification:_identify(.) by extension 'colcon_pkg'
[1.339s] Level 1:colcon.colcon_core.package_identification:_identify(.) by extensions ['colcon_meta']
[1.339s] Level 1:colcon.colcon_core.package_identification:_identify(.) by extension 'colcon_meta'
[1.339s] Level 1:colcon.colcon_core.package_identification:_identify(.) by extensions ['ros']
[1.339s] Level 1:colcon.colcon_core.package_identification:_identify(.) by extension 'ros'
[1.389s] Level 1:colcon.colcon_core.package_identification:_identify(.) by extensions ['cmake', 'python']
[1.389s] Level 1:colcon.colcon_core.package_identification:_identify(.) by extension 'cmake'
[1.389s] Level 1:colcon.colcon_core.package_identification:_identify(.) by extension 'python'
[1.390s] Level 1:colcon.colcon_core.package_identification:_identify(.) by extensions ['python_setup_py']
[1.390s] Level 1:colcon.colcon_core.package_identification:_identify(.) by extension 'python_setup_py'
[1.390s] Level 1:colcon.colcon_core.package_identification:_identify(build) by extensions ['ignore', 'ignore_ament_install']
[1.391s] Level 1:colcon.colcon_core.package_identification:_identify(build) by extension 'ignore'
[1.391s] Level 1:colcon.colcon_core.package_identification:_identify(build) ignored
[1.391s] Level 1:colcon.colcon_core.package_identification:_identify(install) by extensions ['ignore', 'ignore_ament_install']
[1.392s] Level 1:colcon.colcon_core.package_identification:_identify(install) by extension 'ignore'
[1.392s] Level 1:colcon.colcon_core.package_identification:_identify(install) ignored
[1.393s] Level 1:colcon.colcon_core.package_identification:_identify(log) by extensions ['ignore', 'ignore_ament_install']
[1.393s] Level 1:colcon.colcon_core.package_identification:_identify(log) by extension 'ignore'
[1.393s] Level 1:colcon.colcon_core.package_identification:_identify(log) ignored
[1.393s] Level 1:colcon.colcon_core.package_identification:_identify(src) by extensions ['ignore', 'ignore_ament_install']
[1.394s] Level 1:colcon.colcon_core.package_identification:_identify(src) by extension 'ignore'
[1.394s] Level 1:colcon.colcon_core.package_identification:_identify(src) by extension 'ignore_ament_install'
[1.394s] Level 1:colcon.colcon_core.package_identification:_identify(src) by extensions ['colcon_pkg']
[1.394s] Level 1:colcon.colcon_core.package_identification:_identify(src) by extension 'colcon_pkg'
[1.395s] Level 1:colcon.colcon_core.package_identification:_identify(src) by extensions ['colcon_meta']
[1.395s] Level 1:colcon.colcon_core.package_identification:_identify(src) by extension 'colcon_meta'
[1.395s] Level 1:colcon.colcon_core.package_identification:_identify(src) by extensions ['ros']
[1.395s] Level 1:colcon.colcon_core.package_identification:_identify(src) by extension 'ros'
[1.395s] Level 1:colcon.colcon_core.package_identification:_identify(src) by extensions ['cmake', 'python']
[1.396s] Level 1:colcon.colcon_core.package_identification:_identify(src) by extension 'cmake'
[1.396s] Level 1:colcon.colcon_core.package_identification:_identify(src) by extension 'python'
[1.396s] Level 1:colcon.colcon_core.package_identification:_identify(src) by extensions ['python_setup_py']
[1.396s] Level 1:colcon.colcon_core.package_identification:_identify(src) by extension 'python_setup_py'
[1.397s] Level 1:colcon.colcon_core.package_identification:_identify(src/key1_pkg) by extensions ['ignore', 'ignore_ament_install']
[1.397s] Level 1:colcon.colcon_core.package_identification:_identify(src/key1_pkg) by extension 'ignore'
[1.397s] Level 1:colcon.colcon_core.package_identification:_identify(src/key1_pkg) by extension 'ignore_ament_install'
[1.397s] Level 1:colcon.colcon_core.package_identification:_identify(src/key1_pkg) by extensions ['colcon_pkg']
[1.398s] Level 1:colcon.colcon_core.package_identification:_identify(src/key1_pkg) by extension 'colcon_pkg'
[1.398s] Level 1:colcon.colcon_core.package_identification:_identify(src/key1_pkg) by extensions ['colcon_meta']
[1.398s] Level 1:colcon.colcon_core.package_identification:_identify(src/key1_pkg) by extension 'colcon_meta'
[1.398s] Level 1:colcon.colcon_core.package_identification:_identify(src/key1_pkg) by extensions ['ros']
[1.398s] Level 1:colcon.colcon_core.package_identification:_identify(src/key1_pkg) by extension 'ros'
[1.408s] DEBUG:colcon.colcon_core.package_identification:Package 'src/key1_pkg' with type 'ros.ament_python' and name 'key1_pkg'
[1.409s] Level 1:colcon.colcon_core.package_identification:_identify(src/key_pkg) by extensions ['ignore', 'ignore_ament_install']
[1.409s] Level 1:colcon.colcon_core.package_identification:_identify(src/key_pkg) by extension 'ignore'
[1.410s] Level 1:colcon.colcon_core.package_identification:_identify(src/key_pkg) by extension 'ignore_ament_install'
[1.410s] Level 1:colcon.colcon_core.package_identification:_identify(src/key_pkg) by extensions ['colcon_pkg']
[1.410s] Level 1:colcon.colcon_core.package_identification:_identify(src/key_pkg) by extension 'colcon_pkg'
[1.410s] Level 1:colcon.colcon_core.package_identification:_identify(src/key_pkg) by extensions ['colcon_meta']
[1.410s] Level 1:colcon.colcon_core.package_identification:_identify(src/key_pkg) by extension 'colcon_meta'
[1.410s] Level 1:colcon.colcon_core.package_identification:_identify(src/key_pkg) by extensions ['ros']
[1.411s] Level 1:colcon.colcon_core.package_identification:_identify(src/key_pkg) by extension 'ros'
[1.413s] DEBUG:colcon.colcon_core.package_identification:Package 'src/key_pkg' with type 'ros.ament_cmake' and name 'key_pkg'
[1.413s] Level 1:colcon.colcon_core.package_discovery:discover_packages(recursive) using defaults
[1.413s] Level 1:colcon.colcon_core.package_discovery:discover_packages(ignore) discover
[1.414s] Level 1:colcon.colcon_core.package_discovery:discover_packages(ignore) using defaults
[1.414s] Level 1:colcon.colcon_core.package_discovery:discover_packages(path) discover
[1.414s] Level 1:colcon.colcon_core.package_discovery:discover_packages(path) using defaults
[1.542s] Level 1:colcon.colcon_core.package_discovery:discover_packages(prefix_path) check parameters
[1.543s] Level 1:colcon.colcon_core.package_discovery:discover_packages(prefix_path) discover
[1.552s] DEBUG:colcon.colcon_installed_package_information.package_discovery:Found 1 installed packages in /home/gargie/project/install
[1.554s] DEBUG:colcon.colcon_installed_package_information.package_discovery:Found 1 installed packages in /home/gargie/key_ws/install
[1.556s] DEBUG:colcon.colcon_installed_package_information.package_discovery:Found 1 installed packages in /home/gargie/chem_ws/install
[1.564s] DEBUG:colcon.colcon_installed_package_information.package_discovery:Found 295 installed packages in /opt/ros/humble
[1.573s] Level 1:colcon.colcon_core.package_discovery:discover_packages(prefix_path) using defaults
[1.779s] Level 5:colcon.colcon_core.verb:set package 'key1_pkg' build argument 'cmake_args' from command line to 'None'
[1.779s] Level 5:colcon.colcon_core.verb:set package 'key1_pkg' build argument 'cmake_target' from command line to 'None'
[1.779s] Level 5:colcon.colcon_core.verb:set package 'key1_pkg' build argument 'cmake_target_skip_unavailable' from command line to 'False'
[1.780s] Level 5:colcon.colcon_core.verb:set package 'key1_pkg' build argument 'cmake_clean_cache' from command line to 'False'
[1.780s] Level 5:colcon.colcon_core.verb:set package 'key1_pkg' build argument 'cmake_clean_first' from command line to 'False'
[1.780s] Level 5:colcon.colcon_core.verb:set package 'key1_pkg' build argument 'cmake_force_configure' from command line to 'False'
[1.780s] Level 5:colcon.colcon_core.verb:set package 'key1_pkg' build argument 'ament_cmake_args' from command line to 'None'
[1.780s] Level 5:colcon.colcon_core.verb:set package 'key1_pkg' build argument 'catkin_cmake_args' from command line to 'None'
[1.780s] Level 5:colcon.colcon_core.verb:set package 'key1_pkg' build argument 'catkin_skip_building_tests' from command line to 'False'
[1.780s] DEBUG:colcon.colcon_core.verb:Building package 'key1_pkg' with the following arguments: {'ament_cmake_args': None, 'build_base': '/home/gargie/key_ws/build/key1_pkg', 'catkin_cmake_args': None, 'catkin_skip_building_tests': False, 'cmake_args': None, 'cmake_clean_cache': False, 'cmake_clean_first': False, 'cmake_force_configure': False, 'cmake_target': None, 'cmake_target_skip_unavailable': False, 'install_base': '/home/gargie/key_ws/install/key1_pkg', 'merge_install': False, 'path': '/home/gargie/key_ws/src/key1_pkg', 'symlink_install': False, 'test_result_base': None}
[1.782s] Level 5:colcon.colcon_core.verb:set package 'key_pkg' build argument 'cmake_args' from command line to 'None'
[1.782s] Level 5:colcon.colcon_core.verb:set package 'key_pkg' build argument 'cmake_target' from command line to 'None'
[1.782s] Level 5:colcon.colcon_core.verb:set package 'key_pkg' build argument 'cmake_target_skip_unavailable' from command line to 'False'
[1.783s] Level 5:colcon.colcon_core.verb:set package 'key_pkg' build argument 'cmake_clean_cache' from command line to 'False'
[1.783s] Level 5:colcon.colcon_core.verb:set package 'key_pkg' build argument 'cmake_clean_first' from command line to 'False'
[1.783s] Level 5:colcon.colcon_core.verb:set package 'key_pkg' build argument 'cmake_force_configure' from command line to 'False'
[1.783s] Level 5:colcon.colcon_core.verb:set package 'key_pkg' build argument 'ament_cmake_args' from command line to 'None'
[1.783s] Level 5:colcon.colcon_core.verb:set package 'key_pkg' build argument 'catkin_cmake_args' from command line to 'None'
[1.783s] Level 5:colcon.colcon_core.verb:set package 'key_pkg' build argument 'catkin_skip_building_tests' from command line to 'False'
[1.783s] DEBUG:colcon.colcon_core.verb:Building package 'key_pkg' with the following arguments: {'ament_cmake_args': None, 'build_base': '/home/gargie/key_ws/build/key_pkg', 'catkin_cmake_args': None, 'catkin_skip_building_tests': False, 'cmake_args': None, 'cmake_clean_cache': False, 'cmake_clean_first': False, 'cmake_force_configure': False, 'cmake_target': None, 'cmake_target_skip_unavailable': False, 'install_base': '/home/gargie/key_ws/install/key_pkg', 'merge_install': False, 'path': '/home/gargie/key_ws/src/key_pkg', 'symlink_install': False, 'test_result_base': None}
[1.784s] INFO:colcon.colcon_core.executor:Executing jobs using 'parallel' executor
[1.788s] DEBUG:colcon.colcon_parallel_executor.executor.parallel:run_until_complete
[1.789s] INFO:colcon.colcon_ros.task.ament_python.build:Building ROS package in '/home/gargie/key_ws/src/key1_pkg' with build type 'ament_python'
[1.790s] Level 1:colcon.colcon_core.shell:create_environment_hook('key1_pkg', 'ament_prefix_path')
[1.800s] INFO:colcon.colcon_core.plugin_system:Skipping extension 'colcon_core.shell.bat': Not used on non-Windows systems
[1.801s] INFO:colcon.colcon_core.shell:Creating environment hook '/home/gargie/key_ws/install/key1_pkg/share/key1_pkg/hook/ament_prefix_path.ps1'
[1.804s] INFO:colcon.colcon_core.shell:Creating environment descriptor '/home/gargie/key_ws/install/key1_pkg/share/key1_pkg/hook/ament_prefix_path.dsv'
[1.807s] INFO:colcon.colcon_core.shell:Creating environment hook '/home/gargie/key_ws/install/key1_pkg/share/key1_pkg/hook/ament_prefix_path.sh'
[1.811s] INFO:colcon.colcon_core.shell:Skip shell extension 'powershell' for command environment: Not usable outside of PowerShell
[1.811s] DEBUG:colcon.colcon_core.shell:Skip shell extension 'dsv' for command environment
[1.832s] INFO:colcon.colcon_ros.task.ament_cmake.build:Building ROS package in '/home/gargie/key_ws/src/key_pkg' with build type 'ament_cmake'
[1.833s] INFO:colcon.colcon_cmake.task.cmake.build:Building CMake package in '/home/gargie/key_ws/src/key_pkg'
[1.834s] INFO:colcon.colcon_core.shell:Skip shell extension 'powershell' for command environment: Not usable outside of PowerShell
[1.834s] DEBUG:colcon.colcon_core.shell:Skip shell extension 'dsv' for command environment
[3.119s] INFO:colcon.colcon_core.task.python.build:Building Python package in '/home/gargie/key_ws/src/key1_pkg'
[3.120s] INFO:colcon.colcon_core.shell:Skip shell extension 'powershell' for command environment: Not usable outside of PowerShell
[3.121s] DEBUG:colcon.colcon_core.shell:Skip shell extension 'dsv' for command environment
[3.157s] DEBUG:colcon.colcon_core.event_handler.log_command:Invoking command in '/home/gargie/key_ws/build/key_pkg': CMAKE_PREFIX_PATH=${CMAKE_PREFIX_PATH}:/opt/ros/humble /usr/bin/cmake --build /home/gargie/key_ws/build/key_pkg -- -j4 -l4
[3.416s] DEBUG:colcon.colcon_core.event_handler.log_command:Invoked command in '/home/gargie/key_ws/build/key_pkg' returned '2': CMAKE_PREFIX_PATH=${CMAKE_PREFIX_PATH}:/opt/ros/humble /usr/bin/cmake --build /home/gargie/key_ws/build/key_pkg -- -j4 -l4
[3.418s] Level 1:colcon.colcon_core.environment:create_environment_scripts_only(key_pkg)
[3.429s] Level 1:colcon.colcon_core.environment:checking '/home/gargie/key_ws/install/key_pkg' for CMake module files
[3.431s] Level 1:colcon.colcon_core.environment:checking '/home/gargie/key_ws/install/key_pkg' for CMake config files
[3.433s] Level 1:colcon.colcon_core.shell:create_environment_hook('key_pkg', 'cmake_prefix_path')
[3.434s] INFO:colcon.colcon_core.shell:Creating environment hook '/home/gargie/key_ws/install/key_pkg/share/key_pkg/hook/cmake_prefix_path.ps1'
[3.436s] INFO:colcon.colcon_core.shell:Creating environment descriptor '/home/gargie/key_ws/install/key_pkg/share/key_pkg/hook/cmake_prefix_path.dsv'
[3.437s] INFO:colcon.colcon_core.shell:Creating environment hook '/home/gargie/key_ws/install/key_pkg/share/key_pkg/hook/cmake_prefix_path.sh'
[3.441s] Level 1:colcon.colcon_core.environment:checking '/home/gargie/key_ws/install/key_pkg/lib'
[3.442s] Level 1:colcon.colcon_core.environment:checking '/home/gargie/key_ws/install/key_pkg/bin'
[3.443s] Level 1:colcon.colcon_core.environment:checking '/home/gargie/key_ws/install/key_pkg/lib/pkgconfig/key_pkg.pc'
[3.444s] Level 1:colcon.colcon_core.environment:checking '/home/gargie/key_ws/install/key_pkg/lib/python3.10/site-packages'
[3.445s] Level 1:colcon.colcon_core.environment:checking '/home/gargie/key_ws/install/key_pkg/bin'
[3.446s] INFO:colcon.colcon_core.shell:Creating package script '/home/gargie/key_ws/install/key_pkg/share/key_pkg/package.ps1'
[3.451s] INFO:colcon.colcon_core.shell:Creating package descriptor '/home/gargie/key_ws/install/key_pkg/share/key_pkg/package.dsv'
[3.455s] INFO:colcon.colcon_core.shell:Creating package script '/home/gargie/key_ws/install/key_pkg/share/key_pkg/package.sh'
[3.459s] INFO:colcon.colcon_core.shell:Creating package script '/home/gargie/key_ws/install/key_pkg/share/key_pkg/package.bash'
[3.463s] INFO:colcon.colcon_core.shell:Creating package script '/home/gargie/key_ws/install/key_pkg/share/key_pkg/package.zsh'
[3.466s] Level 1:colcon.colcon_core.environment:create_file_with_runtime_dependencies(/home/gargie/key_ws/install/key_pkg/share/colcon-core/packages/key_pkg)
[4.894s] DEBUG:colcon.colcon_parallel_executor.executor.parallel:closing loop
[4.894s] DEBUG:colcon.colcon_parallel_executor.executor.parallel:loop closed
[4.895s] DEBUG:colcon.colcon_parallel_executor.executor.parallel:run_until_complete finished with '2'
[4.895s] DEBUG:colcon.colcon_core.event_reactor:joining thread
[4.943s] INFO:colcon.colcon_core.plugin_system:Skipping extension 'colcon_notification.desktop_notification.terminal_notifier': Not used on non-Darwin systems
[4.944s] INFO:colcon.colcon_core.plugin_system:Skipping extension 'colcon_notification.desktop_notification.win32': Not used on non-Windows systems
[4.944s] INFO:colcon.colcon_notification.desktop_notification:Sending desktop notification using 'notify2'
[5.090s] DEBUG:colcon.colcon_core.event_reactor:joined thread
[5.092s] INFO:colcon.colcon_core.shell:Creating prefix script '/home/gargie/key_ws/install/local_setup.ps1'
[5.099s] INFO:colcon.colcon_core.shell:Creating prefix util module '/home/gargie/key_ws/install/_local_setup_util_ps1.py'
[5.110s] INFO:colcon.colcon_core.shell:Creating prefix chain script '/home/gargie/key_ws/install/setup.ps1'
[5.117s] INFO:colcon.colcon_core.shell:Creating prefix script '/home/gargie/key_ws/install/local_setup.sh'
[5.122s] INFO:colcon.colcon_core.shell:Creating prefix util module '/home/gargie/key_ws/install/_local_setup_util_sh.py'
[5.126s] INFO:colcon.colcon_core.shell:Creating prefix chain script '/home/gargie/key_ws/install/setup.sh'
[5.134s] INFO:colcon.colcon_core.shell:Creating prefix script '/home/gargie/key_ws/install/local_setup.bash'
[5.140s] INFO:colcon.colcon_core.shell:Creating prefix chain script '/home/gargie/key_ws/install/setup.bash'
[5.147s] INFO:colcon.colcon_core.shell:Creating prefix script '/home/gargie/key_ws/install/local_setup.zsh'
[5.152s] INFO:colcon.colcon_core.shell:Creating prefix chain script '/home/gargie/key_ws/install/setup.zsh'
