[0.054s] Invoking command in '/home/gargie/key_ws/build/key_pkg': CMAKE_PREFIX_PATH=/opt/ros/humble /usr/bin/cmake /home/gargie/key_ws/src/key_pkg -DCMAKE_INSTALL_PREFIX=/home/gargie/key_ws/install/key_pkg
[0.097s] -- Found ament_cmake: 1.3.11 (/opt/ros/humble/share/ament_cmake/cmake)
[0.727s] -- Found rclcpp: 16.0.12 (/opt/ros/humble/share/rclcpp/cmake)
[0.855s] -- Found rosidl_generator_c: 3.1.6 (/opt/ros/humble/share/rosidl_generator_c/cmake)
[0.868s] -- Found rosidl_adapter: 3.1.6 (/opt/ros/humble/share/rosidl_adapter/cmake)
[0.895s] -- Found rosidl_generator_cpp: 3.1.6 (/opt/ros/humble/share/rosidl_generator_cpp/cmake)
[0.943s] -- Using all available rosidl_typesupport_c: rosidl_typesupport_fastrtps_c;rosidl_typesupport_introspection_c
[1.003s] -- Using all available rosidl_typesupport_cpp: rosidl_typesupport_fastrtps_cpp;rosidl_typesupport_introspection_cpp
[1.154s] -- Found rmw_implementation_cmake: 6.1.2 (/opt/ros/humble/share/rmw_implementation_cmake/cmake)
[1.160s] -- Found rmw_fastrtps_cpp: 6.2.7 (/opt/ros/humble/share/rmw_fastrtps_cpp/cmake)
[1.508s] -- Using RMW implementation 'rmw_fastrtps_cpp' as default
[1.736s] -- Found ament_lint_auto: 0.12.12 (/opt/ros/humble/share/ament_lint_auto/cmake)
[2.051s] -- Added test 'lint_cmake' to check CMake code style
[2.055s] -- Added test 'xmllint' to check XML markup files
[2.058s] -- Configuring done
[2.081s] [0mCMake Error: Cannot determine link language for target "pub_key".[0m
[2.082s] [0mCMake Error: CMake can not determine linker language for target: pub_key[0m
[2.082s] [0mCMake Error: Cannot determine link language for target "sub_key".[0m
[2.083s] [0mCMake Error: CMake can not determine linker language for target: sub_key[0m
[2.085s] -- Generating done
[2.090s] [0mCMake Generate step failed.  Build files cannot be regenerated correctly.[0m
[2.121s] Invoked command in '/home/gargie/key_ws/build/key_pkg' returned '1': CMAKE_PREFIX_PATH=/opt/ros/humble /usr/bin/cmake /home/gargie/key_ws/src/key_pkg -DCMAKE_INSTALL_PREFIX=/home/gargie/key_ws/install/key_pkg
