[3.748s] Invoking command in '/home/gargie/service/src/py_srvcli': PYTHONPATH=/home/gargie/service/build/py_srvcli/prefix_override:/usr/lib/python3/dist-packages/colcon_core/task/python/colcon_distutils_commands:/home/gargie/service/install/py_srvcli/lib/python3.10/site-packages:${PYTHONPATH} /usr/bin/python3 -W ignore:setup.py install is deprecated -W ignore:easy_install command is deprecated setup.py egg_info --egg-base ../../build/py_srvcli build --build-base /home/gargie/service/build/py_srvcli/build install --record /home/gargie/service/build/py_srvcli/install.log --single-version-externally-managed install_data
[4.983s] running egg_info
[4.985s] writing ../../build/py_srvcli/py_srvcli.egg-info/PKG-INFO
[4.986s] writing dependency_links to ../../build/py_srvcli/py_srvcli.egg-info/dependency_links.txt
[4.987s] writing entry points to ../../build/py_srvcli/py_srvcli.egg-info/entry_points.txt
[4.989s] writing requirements to ../../build/py_srvcli/py_srvcli.egg-info/requires.txt
[4.989s] writing top-level names to ../../build/py_srvcli/py_srvcli.egg-info/top_level.txt
[4.997s] reading manifest file '../../build/py_srvcli/py_srvcli.egg-info/SOURCES.txt'
[4.998s] adding license file 'LICENSE'
[5.001s] writing manifest file '../../build/py_srvcli/py_srvcli.egg-info/SOURCES.txt'
[5.002s] running build
[5.003s] running build_py
[5.009s] running install
[5.011s] running install_lib
[5.018s] running install_data
[5.019s] running install_egg_info
[5.027s] removing '/home/gargie/service/install/py_srvcli/lib/python3.10/site-packages/py_srvcli-0.0.0-py3.10.egg-info' (and everything under it)
[5.029s] Copying ../../build/py_srvcli/py_srvcli.egg-info to /home/gargie/service/install/py_srvcli/lib/python3.10/site-packages/py_srvcli-0.0.0-py3.10.egg-info
[5.033s] running install_scripts
[5.125s] Installing client script to /home/gargie/service/install/py_srvcli/lib/py_srvcli
[5.125s] Installing service script to /home/gargie/service/install/py_srvcli/lib/py_srvcli
[5.127s] writing list of installed files to '/home/gargie/service/build/py_srvcli/install.log'
[5.262s] Invoked command in '/home/gargie/service/src/py_srvcli' returned '0': PYTHONPATH=/home/gargie/service/build/py_srvcli/prefix_override:/usr/lib/python3/dist-packages/colcon_core/task/python/colcon_distutils_commands:/home/gargie/service/install/py_srvcli/lib/python3.10/site-packages:${PYTHONPATH} /usr/bin/python3 -W ignore:setup.py install is deprecated -W ignore:easy_install command is deprecated setup.py egg_info --egg-base ../../build/py_srvcli build --build-base /home/gargie/service/build/py_srvcli/build install --record /home/gargie/service/build/py_srvcli/install.log --single-version-externally-managed install_data
