[0.516s] DEBUG:colcon:Command line arguments: ['/usr/bin/colcon', 'build']
[0.517s] DEBUG:colcon:Parsed command line arguments: Namespace(log_base=None, log_level=None, verb_name='build', build_base='build', install_base='install', merge_install=False, symlink_install=False, test_result_base=None, continue_on_error=False, executor='parallel', parallel_workers=4, event_handlers=None, ignore_user_meta=False, metas=['./colcon.meta'], base_paths=['.'], packages_ignore=None, packages_ignore_regex=None, paths=None, packages_up_to=None, packages_up_to_regex=None, packages_above=None, packages_above_and_dependencies=None, packages_above_depth=None, packages_select_by_dep=None, packages_skip_by_dep=None, packages_skip_up_to=None, packages_select_build_failed=False, packages_skip_build_finished=False, packages_select_test_failures=False, packages_skip_test_passed=False, packages_select=None, packages_skip=None, packages_select_regex=None, packages_skip_regex=None, packages_start=None, packages_end=None, allow_overriding=[], cmake_args=None, cmake_target=None, cmake_target_skip_unavailable=False, cmake_clean_cache=False, cmake_clean_first=False, cmake_force_configure=False, ament_cmake_args=None, catkin_cmake_args=None, catkin_skip_building_tests=False, mixin_files=None, mixin=None, verb_parser=<colcon_mixin.mixin.mixin_argument.MixinArgumentDecorator object at 0x708e817665f0>, verb_extension=<colcon_core.verb.build.BuildVerb object at 0x708e81766140>, main=<bound method BuildVerb.main of <colcon_core.verb.build.BuildVerb object at 0x708e81766140>>, mixin_verb=('build',))
[1.342s] Level 1:colcon.colcon_core.package_discovery:discover_packages(colcon_meta) check parameters
[1.343s] Level 1:colcon.colcon_core.package_discovery:discover_packages(recursive) check parameters
[1.343s] Level 1:colcon.colcon_core.package_discovery:discover_packages(ignore) check parameters
[1.343s] Level 1:colcon.colcon_core.package_discovery:discover_packages(path) check parameters
[1.343s] Level 1:colcon.colcon_core.package_discovery:discover_packages(colcon_meta) discover
[1.343s] Level 1:colcon.colcon_core.package_discovery:discover_packages(recursive) discover
[1.344s] INFO:colcon.colcon_core.package_discovery:Crawling recursively for packages in '/home/gargie/service'
[1.344s] Level 1:colcon.colcon_core.package_identification:_identify(.) by extensions ['ignore', 'ignore_ament_install']
[1.344s] Level 1:colcon.colcon_core.package_identification:_identify(.) by extension 'ignore'
[1.345s] Level 1:colcon.colcon_core.package_identification:_identify(.) by extension 'ignore_ament_install'
[1.345s] Level 1:colcon.colcon_core.package_identification:_identify(.) by extensions ['colcon_pkg']
[1.345s] Level 1:colcon.colcon_core.package_identification:_identify(.) by extension 'colcon_pkg'
[1.345s] Level 1:colcon.colcon_core.package_identification:_identify(.) by extensions ['colcon_meta']
[1.345s] Level 1:colcon.colcon_core.package_identification:_identify(.) by extension 'colcon_meta'
[1.345s] Level 1:colcon.colcon_core.package_identification:_identify(.) by extensions ['ros']
[1.346s] Level 1:colcon.colcon_core.package_identification:_identify(.) by extension 'ros'
[1.395s] Level 1:colcon.colcon_core.package_identification:_identify(.) by extensions ['cmake', 'python']
[1.396s] Level 1:colcon.colcon_core.package_identification:_identify(.) by extension 'cmake'
[1.396s] Level 1:colcon.colcon_core.package_identification:_identify(.) by extension 'python'
[1.396s] Level 1:colcon.colcon_core.package_identification:_identify(.) by extensions ['python_setup_py']
[1.396s] Level 1:colcon.colcon_core.package_identification:_identify(.) by extension 'python_setup_py'
[1.397s] Level 1:colcon.colcon_core.package_identification:_identify(build) by extensions ['ignore', 'ignore_ament_install']
[1.397s] Level 1:colcon.colcon_core.package_identification:_identify(build) by extension 'ignore'
[1.397s] Level 1:colcon.colcon_core.package_identification:_identify(build) ignored
[1.398s] Level 1:colcon.colcon_core.package_identification:_identify(install) by extensions ['ignore', 'ignore_ament_install']
[1.398s] Level 1:colcon.colcon_core.package_identification:_identify(install) by extension 'ignore'
[1.398s] Level 1:colcon.colcon_core.package_identification:_identify(install) ignored
[1.399s] Level 1:colcon.colcon_core.package_identification:_identify(log) by extensions ['ignore', 'ignore_ament_install']
[1.399s] Level 1:colcon.colcon_core.package_identification:_identify(log) by extension 'ignore'
[1.399s] Level 1:colcon.colcon_core.package_identification:_identify(log) ignored
[1.400s] Level 1:colcon.colcon_core.package_identification:_identify(src) by extensions ['ignore', 'ignore_ament_install']
[1.400s] Level 1:colcon.colcon_core.package_identification:_identify(src) by extension 'ignore'
[1.400s] Level 1:colcon.colcon_core.package_identification:_identify(src) by extension 'ignore_ament_install'
[1.401s] Level 1:colcon.colcon_core.package_identification:_identify(src) by extensions ['colcon_pkg']
[1.401s] Level 1:colcon.colcon_core.package_identification:_identify(src) by extension 'colcon_pkg'
[1.401s] Level 1:colcon.colcon_core.package_identification:_identify(src) by extensions ['colcon_meta']
[1.401s] Level 1:colcon.colcon_core.package_identification:_identify(src) by extension 'colcon_meta'
[1.401s] Level 1:colcon.colcon_core.package_identification:_identify(src) by extensions ['ros']
[1.401s] Level 1:colcon.colcon_core.package_identification:_identify(src) by extension 'ros'
[1.402s] Level 1:colcon.colcon_core.package_identification:_identify(src) by extensions ['cmake', 'python']
[1.402s] Level 1:colcon.colcon_core.package_identification:_identify(src) by extension 'cmake'
[1.402s] Level 1:colcon.colcon_core.package_identification:_identify(src) by extension 'python'
[1.402s] Level 1:colcon.colcon_core.package_identification:_identify(src) by extensions ['python_setup_py']
[1.402s] Level 1:colcon.colcon_core.package_identification:_identify(src) by extension 'python_setup_py'
[1.403s] Level 1:colcon.colcon_core.package_identification:_identify(src/cpp_srvcli) by extensions ['ignore', 'ignore_ament_install']
[1.403s] Level 1:colcon.colcon_core.package_identification:_identify(src/cpp_srvcli) by extension 'ignore'
[1.403s] Level 1:colcon.colcon_core.package_identification:_identify(src/cpp_srvcli) by extension 'ignore_ament_install'
[1.404s] Level 1:colcon.colcon_core.package_identification:_identify(src/cpp_srvcli) by extensions ['colcon_pkg']
[1.404s] Level 1:colcon.colcon_core.package_identification:_identify(src/cpp_srvcli) by extension 'colcon_pkg'
[1.404s] Level 1:colcon.colcon_core.package_identification:_identify(src/cpp_srvcli) by extensions ['colcon_meta']
[1.404s] Level 1:colcon.colcon_core.package_identification:_identify(src/cpp_srvcli) by extension 'colcon_meta'
[1.404s] Level 1:colcon.colcon_core.package_identification:_identify(src/cpp_srvcli) by extensions ['ros']
[1.404s] Level 1:colcon.colcon_core.package_identification:_identify(src/cpp_srvcli) by extension 'ros'
[1.415s] DEBUG:colcon.colcon_core.package_identification:Package 'src/cpp_srvcli' with type 'ros.ament_cmake' and name 'cpp_srvcli'
[1.415s] Level 1:colcon.colcon_core.package_identification:_identify(src/py_srvcli) by extensions ['ignore', 'ignore_ament_install']
[1.416s] Level 1:colcon.colcon_core.package_identification:_identify(src/py_srvcli) by extension 'ignore'
[1.416s] Level 1:colcon.colcon_core.package_identification:_identify(src/py_srvcli) by extension 'ignore_ament_install'
[1.417s] Level 1:colcon.colcon_core.package_identification:_identify(src/py_srvcli) by extensions ['colcon_pkg']
[1.417s] Level 1:colcon.colcon_core.package_identification:_identify(src/py_srvcli) by extension 'colcon_pkg'
[1.417s] Level 1:colcon.colcon_core.package_identification:_identify(src/py_srvcli) by extensions ['colcon_meta']
[1.417s] Level 1:colcon.colcon_core.package_identification:_identify(src/py_srvcli) by extension 'colcon_meta'
[1.417s] Level 1:colcon.colcon_core.package_identification:_identify(src/py_srvcli) by extensions ['ros']
[1.417s] Level 1:colcon.colcon_core.package_identification:_identify(src/py_srvcli) by extension 'ros'
[1.420s] DEBUG:colcon.colcon_core.package_identification:Package 'src/py_srvcli' with type 'ros.ament_python' and name 'py_srvcli'
[1.421s] Level 1:colcon.colcon_core.package_identification:_identify(src/tutorial_interface) by extensions ['ignore', 'ignore_ament_install']
[1.421s] Level 1:colcon.colcon_core.package_identification:_identify(src/tutorial_interface) by extension 'ignore'
[1.422s] Level 1:colcon.colcon_core.package_identification:_identify(src/tutorial_interface) by extension 'ignore_ament_install'
[1.422s] Level 1:colcon.colcon_core.package_identification:_identify(src/tutorial_interface) by extensions ['colcon_pkg']
[1.422s] Level 1:colcon.colcon_core.package_identification:_identify(src/tutorial_interface) by extension 'colcon_pkg'
[1.422s] Level 1:colcon.colcon_core.package_identification:_identify(src/tutorial_interface) by extensions ['colcon_meta']
[1.422s] Level 1:colcon.colcon_core.package_identification:_identify(src/tutorial_interface) by extension 'colcon_meta'
[1.423s] Level 1:colcon.colcon_core.package_identification:_identify(src/tutorial_interface) by extensions ['ros']
[1.423s] Level 1:colcon.colcon_core.package_identification:_identify(src/tutorial_interface) by extension 'ros'
[1.425s] DEBUG:colcon.colcon_core.package_identification:Package 'src/tutorial_interface' with type 'ros.ament_cmake' and name 'tutorial_interface'
[1.426s] Level 1:colcon.colcon_core.package_discovery:discover_packages(recursive) using defaults
[1.426s] Level 1:colcon.colcon_core.package_discovery:discover_packages(ignore) discover
[1.426s] Level 1:colcon.colcon_core.package_discovery:discover_packages(ignore) using defaults
[1.426s] Level 1:colcon.colcon_core.package_discovery:discover_packages(path) discover
[1.426s] Level 1:colcon.colcon_core.package_discovery:discover_packages(path) using defaults
[1.559s] Level 1:colcon.colcon_core.package_discovery:discover_packages(prefix_path) check parameters
[1.559s] Level 1:colcon.colcon_core.package_discovery:discover_packages(prefix_path) discover
[1.568s] DEBUG:colcon.colcon_installed_package_information.package_discovery:Found 3 installed packages in /home/gargie/service/install
[1.571s] DEBUG:colcon.colcon_installed_package_information.package_discovery:Found 1 installed packages in /home/gargie/project/install
[1.573s] DEBUG:colcon.colcon_installed_package_information.package_discovery:Found 2 installed packages in /home/gargie/key_ws/install
[1.575s] DEBUG:colcon.colcon_installed_package_information.package_discovery:Found 1 installed packages in /home/gargie/chem_ws/install
[1.583s] DEBUG:colcon.colcon_installed_package_information.package_discovery:Found 295 installed packages in /opt/ros/humble
[1.592s] Level 1:colcon.colcon_core.package_discovery:discover_packages(prefix_path) using defaults
[1.802s] Level 5:colcon.colcon_core.verb:set package 'cpp_srvcli' build argument 'cmake_args' from command line to 'None'
[1.802s] Level 5:colcon.colcon_core.verb:set package 'cpp_srvcli' build argument 'cmake_target' from command line to 'None'
[1.802s] Level 5:colcon.colcon_core.verb:set package 'cpp_srvcli' build argument 'cmake_target_skip_unavailable' from command line to 'False'
[1.802s] Level 5:colcon.colcon_core.verb:set package 'cpp_srvcli' build argument 'cmake_clean_cache' from command line to 'False'
[1.802s] Level 5:colcon.colcon_core.verb:set package 'cpp_srvcli' build argument 'cmake_clean_first' from command line to 'False'
[1.802s] Level 5:colcon.colcon_core.verb:set package 'cpp_srvcli' build argument 'cmake_force_configure' from command line to 'False'
[1.802s] Level 5:colcon.colcon_core.verb:set package 'cpp_srvcli' build argument 'ament_cmake_args' from command line to 'None'
[1.803s] Level 5:colcon.colcon_core.verb:set package 'cpp_srvcli' build argument 'catkin_cmake_args' from command line to 'None'
[1.803s] Level 5:colcon.colcon_core.verb:set package 'cpp_srvcli' build argument 'catkin_skip_building_tests' from command line to 'False'
[1.803s] DEBUG:colcon.colcon_core.verb:Building package 'cpp_srvcli' with the following arguments: {'ament_cmake_args': None, 'build_base': '/home/gargie/service/build/cpp_srvcli', 'catkin_cmake_args': None, 'catkin_skip_building_tests': False, 'cmake_args': None, 'cmake_clean_cache': False, 'cmake_clean_first': False, 'cmake_force_configure': False, 'cmake_target': None, 'cmake_target_skip_unavailable': False, 'install_base': '/home/gargie/service/install/cpp_srvcli', 'merge_install': False, 'path': '/home/gargie/service/src/cpp_srvcli', 'symlink_install': False, 'test_result_base': None}
[1.805s] Level 5:colcon.colcon_core.verb:set package 'py_srvcli' build argument 'cmake_args' from command line to 'None'
[1.805s] Level 5:colcon.colcon_core.verb:set package 'py_srvcli' build argument 'cmake_target' from command line to 'None'
[1.805s] Level 5:colcon.colcon_core.verb:set package 'py_srvcli' build argument 'cmake_target_skip_unavailable' from command line to 'False'
[1.805s] Level 5:colcon.colcon_core.verb:set package 'py_srvcli' build argument 'cmake_clean_cache' from command line to 'False'
[1.805s] Level 5:colcon.colcon_core.verb:set package 'py_srvcli' build argument 'cmake_clean_first' from command line to 'False'
[1.806s] Level 5:colcon.colcon_core.verb:set package 'py_srvcli' build argument 'cmake_force_configure' from command line to 'False'
[1.806s] Level 5:colcon.colcon_core.verb:set package 'py_srvcli' build argument 'ament_cmake_args' from command line to 'None'
[1.806s] Level 5:colcon.colcon_core.verb:set package 'py_srvcli' build argument 'catkin_cmake_args' from command line to 'None'
[1.806s] Level 5:colcon.colcon_core.verb:set package 'py_srvcli' build argument 'catkin_skip_building_tests' from command line to 'False'
[1.806s] DEBUG:colcon.colcon_core.verb:Building package 'py_srvcli' with the following arguments: {'ament_cmake_args': None, 'build_base': '/home/gargie/service/build/py_srvcli', 'catkin_cmake_args': None, 'catkin_skip_building_tests': False, 'cmake_args': None, 'cmake_clean_cache': False, 'cmake_clean_first': False, 'cmake_force_configure': False, 'cmake_target': None, 'cmake_target_skip_unavailable': False, 'install_base': '/home/gargie/service/install/py_srvcli', 'merge_install': False, 'path': '/home/gargie/service/src/py_srvcli', 'symlink_install': False, 'test_result_base': None}
[1.808s] Level 5:colcon.colcon_core.verb:set package 'tutorial_interface' build argument 'cmake_args' from command line to 'None'
[1.808s] Level 5:colcon.colcon_core.verb:set package 'tutorial_interface' build argument 'cmake_target' from command line to 'None'
[1.808s] Level 5:colcon.colcon_core.verb:set package 'tutorial_interface' build argument 'cmake_target_skip_unavailable' from command line to 'False'
[1.809s] Level 5:colcon.colcon_core.verb:set package 'tutorial_interface' build argument 'cmake_clean_cache' from command line to 'False'
[1.809s] Level 5:colcon.colcon_core.verb:set package 'tutorial_interface' build argument 'cmake_clean_first' from command line to 'False'
[1.809s] Level 5:colcon.colcon_core.verb:set package 'tutorial_interface' build argument 'cmake_force_configure' from command line to 'False'
[1.809s] Level 5:colcon.colcon_core.verb:set package 'tutorial_interface' build argument 'ament_cmake_args' from command line to 'None'
[1.809s] Level 5:colcon.colcon_core.verb:set package 'tutorial_interface' build argument 'catkin_cmake_args' from command line to 'None'
[1.809s] Level 5:colcon.colcon_core.verb:set package 'tutorial_interface' build argument 'catkin_skip_building_tests' from command line to 'False'
[1.809s] DEBUG:colcon.colcon_core.verb:Building package 'tutorial_interface' with the following arguments: {'ament_cmake_args': None, 'build_base': '/home/gargie/service/build/tutorial_interface', 'catkin_cmake_args': None, 'catkin_skip_building_tests': False, 'cmake_args': None, 'cmake_clean_cache': False, 'cmake_clean_first': False, 'cmake_force_configure': False, 'cmake_target': None, 'cmake_target_skip_unavailable': False, 'install_base': '/home/gargie/service/install/tutorial_interface', 'merge_install': False, 'path': '/home/gargie/service/src/tutorial_interface', 'symlink_install': False, 'test_result_base': None}
[1.810s] INFO:colcon.colcon_core.executor:Executing jobs using 'parallel' executor
[1.815s] DEBUG:colcon.colcon_parallel_executor.executor.parallel:run_until_complete
[1.816s] INFO:colcon.colcon_ros.task.ament_cmake.build:Building ROS package in '/home/gargie/service/src/cpp_srvcli' with build type 'ament_cmake'
[1.817s] INFO:colcon.colcon_cmake.task.cmake.build:Building CMake package in '/home/gargie/service/src/cpp_srvcli'
[1.827s] INFO:colcon.colcon_core.plugin_system:Skipping extension 'colcon_core.shell.bat': Not used on non-Windows systems
[1.828s] INFO:colcon.colcon_core.shell:Skip shell extension 'powershell' for command environment: Not usable outside of PowerShell
[1.828s] DEBUG:colcon.colcon_core.shell:Skip shell extension 'dsv' for command environment
[1.852s] INFO:colcon.colcon_ros.task.ament_python.build:Building ROS package in '/home/gargie/service/src/py_srvcli' with build type 'ament_python'
[1.853s] Level 1:colcon.colcon_core.shell:create_environment_hook('py_srvcli', 'ament_prefix_path')
[1.855s] INFO:colcon.colcon_core.shell:Creating environment hook '/home/gargie/service/install/py_srvcli/share/py_srvcli/hook/ament_prefix_path.ps1'
[1.858s] INFO:colcon.colcon_core.shell:Creating environment descriptor '/home/gargie/service/install/py_srvcli/share/py_srvcli/hook/ament_prefix_path.dsv'
[1.861s] INFO:colcon.colcon_core.shell:Creating environment hook '/home/gargie/service/install/py_srvcli/share/py_srvcli/hook/ament_prefix_path.sh'
[1.865s] INFO:colcon.colcon_core.shell:Skip shell extension 'powershell' for command environment: Not usable outside of PowerShell
[1.866s] DEBUG:colcon.colcon_core.shell:Skip shell extension 'dsv' for command environment
[1.889s] INFO:colcon.colcon_ros.task.ament_cmake.build:Building ROS package in '/home/gargie/service/src/tutorial_interface' with build type 'ament_cmake'
[1.889s] INFO:colcon.colcon_cmake.task.cmake.build:Building CMake package in '/home/gargie/service/src/tutorial_interface'
[1.891s] INFO:colcon.colcon_core.shell:Skip shell extension 'powershell' for command environment: Not usable outside of PowerShell
[1.892s] DEBUG:colcon.colcon_core.shell:Skip shell extension 'dsv' for command environment
[1.935s] DEBUG:colcon.colcon_core.event_handler.log_command:Invoking command in '/home/gargie/service/build/cpp_srvcli': CMAKE_PREFIX_PATH=${CMAKE_PREFIX_PATH}:/home/gargie/service/install/py_srvcli:/home/gargie/key_ws/install/key1_pkg:/opt/ros/humble /usr/bin/cmake --build /home/gargie/service/build/cpp_srvcli -- -j4 -l4
[3.194s] INFO:colcon.colcon_core.task.python.build:Building Python package in '/home/gargie/service/src/py_srvcli'
[3.195s] INFO:colcon.colcon_core.shell:Skip shell extension 'powershell' for command environment: Not usable outside of PowerShell
[3.195s] DEBUG:colcon.colcon_core.shell:Skip shell extension 'dsv' for command environment
[3.241s] DEBUG:colcon.colcon_core.event_handler.log_command:Invoking command in '/home/gargie/service/build/tutorial_interface': CMAKE_PREFIX_PATH=${CMAKE_PREFIX_PATH}:/home/gargie/service/install/py_srvcli:/home/gargie/key_ws/install/key1_pkg:/opt/ros/humble /usr/bin/cmake /home/gargie/service/src/tutorial_interface -DCMAKE_INSTALL_PREFIX=/home/gargie/service/install/tutorial_interface
[3.245s] DEBUG:colcon.colcon_core.event_handler.log_command:Invoked command in '/home/gargie/service/build/cpp_srvcli' returned '0': CMAKE_PREFIX_PATH=${CMAKE_PREFIX_PATH}:/home/gargie/service/install/py_srvcli:/home/gargie/key_ws/install/key1_pkg:/opt/ros/humble /usr/bin/cmake --build /home/gargie/service/build/cpp_srvcli -- -j4 -l4
[3.280s] DEBUG:colcon.colcon_core.event_handler.log_command:Invoking command in '/home/gargie/service/build/cpp_srvcli': CMAKE_PREFIX_PATH=${CMAKE_PREFIX_PATH}:/home/gargie/service/install/py_srvcli:/home/gargie/key_ws/install/key1_pkg:/opt/ros/humble /usr/bin/cmake --install /home/gargie/service/build/cpp_srvcli
[3.325s] Level 1:colcon.colcon_core.environment:create_environment_scripts_only(cpp_srvcli)
[3.327s] DEBUG:colcon.colcon_core.event_handler.log_command:Invoked command in '/home/gargie/service/build/cpp_srvcli' returned '0': CMAKE_PREFIX_PATH=${CMAKE_PREFIX_PATH}:/home/gargie/service/install/py_srvcli:/home/gargie/key_ws/install/key1_pkg:/opt/ros/humble /usr/bin/cmake --install /home/gargie/service/build/cpp_srvcli
[3.338s] Level 1:colcon.colcon_core.environment:checking '/home/gargie/service/install/cpp_srvcli' for CMake module files
[3.341s] Level 1:colcon.colcon_core.environment:checking '/home/gargie/service/install/cpp_srvcli' for CMake config files
[3.342s] Level 1:colcon.colcon_core.shell:create_environment_hook('cpp_srvcli', 'cmake_prefix_path')
[3.344s] INFO:colcon.colcon_core.shell:Creating environment hook '/home/gargie/service/install/cpp_srvcli/share/cpp_srvcli/hook/cmake_prefix_path.ps1'
[3.348s] INFO:colcon.colcon_core.shell:Creating environment descriptor '/home/gargie/service/install/cpp_srvcli/share/cpp_srvcli/hook/cmake_prefix_path.dsv'
[3.350s] INFO:colcon.colcon_core.shell:Creating environment hook '/home/gargie/service/install/cpp_srvcli/share/cpp_srvcli/hook/cmake_prefix_path.sh'
[3.354s] Level 1:colcon.colcon_core.environment:checking '/home/gargie/service/install/cpp_srvcli/lib'
[3.355s] Level 1:colcon.colcon_core.environment:checking '/home/gargie/service/install/cpp_srvcli/bin'
[3.356s] Level 1:colcon.colcon_core.environment:checking '/home/gargie/service/install/cpp_srvcli/lib/pkgconfig/cpp_srvcli.pc'
[3.357s] Level 1:colcon.colcon_core.environment:checking '/home/gargie/service/install/cpp_srvcli/lib/python3.10/site-packages'
[3.358s] Level 1:colcon.colcon_core.environment:checking '/home/gargie/service/install/cpp_srvcli/bin'
[3.360s] INFO:colcon.colcon_core.shell:Creating package script '/home/gargie/service/install/cpp_srvcli/share/cpp_srvcli/package.ps1'
[3.363s] INFO:colcon.colcon_core.shell:Creating package descriptor '/home/gargie/service/install/cpp_srvcli/share/cpp_srvcli/package.dsv'
[3.366s] INFO:colcon.colcon_core.shell:Creating package script '/home/gargie/service/install/cpp_srvcli/share/cpp_srvcli/package.sh'
[3.370s] INFO:colcon.colcon_core.shell:Creating package script '/home/gargie/service/install/cpp_srvcli/share/cpp_srvcli/package.bash'
[3.375s] INFO:colcon.colcon_core.shell:Creating package script '/home/gargie/service/install/cpp_srvcli/share/cpp_srvcli/package.zsh'
[3.380s] Level 1:colcon.colcon_core.environment:create_file_with_runtime_dependencies(/home/gargie/service/install/cpp_srvcli/share/colcon-core/packages/cpp_srvcli)
[3.385s] Level 1:colcon.colcon_core.environment:create_environment_scripts_only(cpp_srvcli)
[3.386s] Level 1:colcon.colcon_core.environment:checking '/home/gargie/service/install/cpp_srvcli' for CMake module files
[3.389s] Level 1:colcon.colcon_core.environment:checking '/home/gargie/service/install/cpp_srvcli' for CMake config files
[3.391s] Level 1:colcon.colcon_core.shell:create_environment_hook('cpp_srvcli', 'cmake_prefix_path')
[3.392s] INFO:colcon.colcon_core.shell:Creating environment hook '/home/gargie/service/install/cpp_srvcli/share/cpp_srvcli/hook/cmake_prefix_path.ps1'
[3.394s] INFO:colcon.colcon_core.shell:Creating environment descriptor '/home/gargie/service/install/cpp_srvcli/share/cpp_srvcli/hook/cmake_prefix_path.dsv'
[3.397s] INFO:colcon.colcon_core.shell:Creating environment hook '/home/gargie/service/install/cpp_srvcli/share/cpp_srvcli/hook/cmake_prefix_path.sh'
[3.400s] Level 1:colcon.colcon_core.environment:checking '/home/gargie/service/install/cpp_srvcli/lib'
[3.400s] Level 1:colcon.colcon_core.environment:checking '/home/gargie/service/install/cpp_srvcli/bin'
[3.400s] Level 1:colcon.colcon_core.environment:checking '/home/gargie/service/install/cpp_srvcli/lib/pkgconfig/cpp_srvcli.pc'
[3.401s] Level 1:colcon.colcon_core.environment:checking '/home/gargie/service/install/cpp_srvcli/lib/python3.10/site-packages'
[3.402s] Level 1:colcon.colcon_core.environment:checking '/home/gargie/service/install/cpp_srvcli/bin'
[3.404s] INFO:colcon.colcon_core.shell:Creating package script '/home/gargie/service/install/cpp_srvcli/share/cpp_srvcli/package.ps1'
[3.407s] INFO:colcon.colcon_core.shell:Creating package descriptor '/home/gargie/service/install/cpp_srvcli/share/cpp_srvcli/package.dsv'
[3.409s] INFO:colcon.colcon_core.shell:Creating package script '/home/gargie/service/install/cpp_srvcli/share/cpp_srvcli/package.sh'
[3.412s] INFO:colcon.colcon_core.shell:Creating package script '/home/gargie/service/install/cpp_srvcli/share/cpp_srvcli/package.bash'
[3.415s] INFO:colcon.colcon_core.shell:Creating package script '/home/gargie/service/install/cpp_srvcli/share/cpp_srvcli/package.zsh'
[3.417s] Level 1:colcon.colcon_core.environment:create_file_with_runtime_dependencies(/home/gargie/service/install/cpp_srvcli/share/colcon-core/packages/cpp_srvcli)
[4.737s] DEBUG:colcon.colcon_core.event_handler.log_command:Invoked command in '/home/gargie/service/build/tutorial_interface' returned '1': CMAKE_PREFIX_PATH=${CMAKE_PREFIX_PATH}:/home/gargie/service/install/py_srvcli:/home/gargie/key_ws/install/key1_pkg:/opt/ros/humble /usr/bin/cmake /home/gargie/service/src/tutorial_interface -DCMAKE_INSTALL_PREFIX=/home/gargie/service/install/tutorial_interface
[4.788s] Level 1:colcon.colcon_core.environment:create_environment_scripts_only(tutorial_interface)
[4.790s] Level 1:colcon.colcon_core.environment:checking '/home/gargie/service/install/tutorial_interface' for CMake module files
[4.793s] Level 1:colcon.colcon_core.environment:checking '/home/gargie/service/install/tutorial_interface' for CMake config files
[4.794s] Level 1:colcon.colcon_core.environment:checking '/home/gargie/service/install/tutorial_interface/bin'
[4.795s] Level 1:colcon.colcon_core.environment:checking '/home/gargie/service/install/tutorial_interface/lib/pkgconfig/tutorial_interface.pc'
[4.796s] Level 1:colcon.colcon_core.environment:checking '/home/gargie/service/install/tutorial_interface/lib/python3.10/site-packages'
[4.797s] Level 1:colcon.colcon_core.environment:checking '/home/gargie/service/install/tutorial_interface/bin'
[4.798s] INFO:colcon.colcon_core.shell:Creating package script '/home/gargie/service/install/tutorial_interface/share/tutorial_interface/package.ps1'
[4.800s] INFO:colcon.colcon_core.shell:Creating package descriptor '/home/gargie/service/install/tutorial_interface/share/tutorial_interface/package.dsv'
[4.802s] INFO:colcon.colcon_core.shell:Creating package script '/home/gargie/service/install/tutorial_interface/share/tutorial_interface/package.sh'
[4.804s] INFO:colcon.colcon_core.shell:Creating package script '/home/gargie/service/install/tutorial_interface/share/tutorial_interface/package.bash'
[4.807s] INFO:colcon.colcon_core.shell:Creating package script '/home/gargie/service/install/tutorial_interface/share/tutorial_interface/package.zsh'
[4.810s] Level 1:colcon.colcon_core.environment:create_file_with_runtime_dependencies(/home/gargie/service/install/tutorial_interface/share/colcon-core/packages/tutorial_interface)
[4.947s] DEBUG:colcon.colcon_parallel_executor.executor.parallel:closing loop
[4.948s] DEBUG:colcon.colcon_parallel_executor.executor.parallel:loop closed
[4.949s] DEBUG:colcon.colcon_parallel_executor.executor.parallel:run_until_complete finished with '1'
[4.949s] DEBUG:colcon.colcon_core.event_reactor:joining thread
[4.985s] INFO:colcon.colcon_core.plugin_system:Skipping extension 'colcon_notification.desktop_notification.terminal_notifier': Not used on non-Darwin systems
[4.986s] INFO:colcon.colcon_core.plugin_system:Skipping extension 'colcon_notification.desktop_notification.win32': Not used on non-Windows systems
[4.986s] INFO:colcon.colcon_notification.desktop_notification:Sending desktop notification using 'notify2'
[5.075s] DEBUG:colcon.colcon_core.event_reactor:joined thread
[5.078s] INFO:colcon.colcon_core.shell:Creating prefix script '/home/gargie/service/install/local_setup.ps1'
[5.089s] INFO:colcon.colcon_core.shell:Creating prefix util module '/home/gargie/service/install/_local_setup_util_ps1.py'
[5.112s] INFO:colcon.colcon_core.shell:Creating prefix chain script '/home/gargie/service/install/setup.ps1'
[5.127s] INFO:colcon.colcon_core.shell:Creating prefix script '/home/gargie/service/install/local_setup.sh'
[5.133s] INFO:colcon.colcon_core.shell:Creating prefix util module '/home/gargie/service/install/_local_setup_util_sh.py'
[5.139s] INFO:colcon.colcon_core.shell:Creating prefix chain script '/home/gargie/service/install/setup.sh'
[5.151s] INFO:colcon.colcon_core.shell:Creating prefix script '/home/gargie/service/install/local_setup.bash'
[5.155s] INFO:colcon.colcon_core.shell:Creating prefix chain script '/home/gargie/service/install/setup.bash'
[5.163s] INFO:colcon.colcon_core.shell:Creating prefix script '/home/gargie/service/install/local_setup.zsh'
[5.167s] INFO:colcon.colcon_core.shell:Creating prefix chain script '/home/gargie/service/install/setup.zsh'
