[0.530s] DEBUG:colcon:Command line arguments: ['/usr/bin/colcon', 'build']
[0.531s] DEBUG:colcon:Parsed command line arguments: Namespace(log_base=None, log_level=None, verb_name='build', build_base='build', install_base='install', merge_install=False, symlink_install=False, test_result_base=None, continue_on_error=False, executor='parallel', parallel_workers=4, event_handlers=None, ignore_user_meta=False, metas=['./colcon.meta'], base_paths=['.'], packages_ignore=None, packages_ignore_regex=None, paths=None, packages_up_to=None, packages_up_to_regex=None, packages_above=None, packages_above_and_dependencies=None, packages_above_depth=None, packages_select_by_dep=None, packages_skip_by_dep=None, packages_skip_up_to=None, packages_select_build_failed=False, packages_skip_build_finished=False, packages_select_test_failures=False, packages_skip_test_passed=False, packages_select=None, packages_skip=None, packages_select_regex=None, packages_skip_regex=None, packages_start=None, packages_end=None, allow_overriding=[], cmake_args=None, cmake_target=None, cmake_target_skip_unavailable=False, cmake_clean_cache=False, cmake_clean_first=False, cmake_force_configure=False, ament_cmake_args=None, catkin_cmake_args=None, catkin_skip_building_tests=False, mixin_files=None, mixin=None, verb_parser=<colcon_mixin.mixin.mixin_argument.MixinArgumentDecorator object at 0x70a8324d19c0>, verb_extension=<colcon_core.verb.build.BuildVerb object at 0x70a8324d1510>, main=<bound method BuildVerb.main of <colcon_core.verb.build.BuildVerb object at 0x70a8324d1510>>, mixin_verb=('build',))
[1.432s] Level 1:colcon.colcon_core.package_discovery:discover_packages(colcon_meta) check parameters
[1.432s] Level 1:colcon.colcon_core.package_discovery:discover_packages(recursive) check parameters
[1.432s] Level 1:colcon.colcon_core.package_discovery:discover_packages(ignore) check parameters
[1.432s] Level 1:colcon.colcon_core.package_discovery:discover_packages(path) check parameters
[1.433s] Level 1:colcon.colcon_core.package_discovery:discover_packages(colcon_meta) discover
[1.433s] Level 1:colcon.colcon_core.package_discovery:discover_packages(recursive) discover
[1.433s] INFO:colcon.colcon_core.package_discovery:Crawling recursively for packages in '/home/gargie/project'
[1.433s] Level 1:colcon.colcon_core.package_identification:_identify(.) by extensions ['ignore', 'ignore_ament_install']
[1.434s] Level 1:colcon.colcon_core.package_identification:_identify(.) by extension 'ignore'
[1.434s] Level 1:colcon.colcon_core.package_identification:_identify(.) by extension 'ignore_ament_install'
[1.434s] Level 1:colcon.colcon_core.package_identification:_identify(.) by extensions ['colcon_pkg']
[1.434s] Level 1:colcon.colcon_core.package_identification:_identify(.) by extension 'colcon_pkg'
[1.435s] Level 1:colcon.colcon_core.package_identification:_identify(.) by extensions ['colcon_meta']
[1.435s] Level 1:colcon.colcon_core.package_identification:_identify(.) by extension 'colcon_meta'
[1.435s] Level 1:colcon.colcon_core.package_identification:_identify(.) by extensions ['ros']
[1.435s] Level 1:colcon.colcon_core.package_identification:_identify(.) by extension 'ros'
[1.487s] Level 1:colcon.colcon_core.package_identification:_identify(.) by extensions ['cmake', 'python']
[1.488s] Level 1:colcon.colcon_core.package_identification:_identify(.) by extension 'cmake'
[1.488s] Level 1:colcon.colcon_core.package_identification:_identify(.) by extension 'python'
[1.488s] Level 1:colcon.colcon_core.package_identification:_identify(.) by extensions ['python_setup_py']
[1.488s] Level 1:colcon.colcon_core.package_identification:_identify(.) by extension 'python_setup_py'
[1.489s] Level 1:colcon.colcon_core.package_identification:_identify(build) by extensions ['ignore', 'ignore_ament_install']
[1.489s] Level 1:colcon.colcon_core.package_identification:_identify(build) by extension 'ignore'
[1.490s] Level 1:colcon.colcon_core.package_identification:_identify(build) ignored
[1.490s] Level 1:colcon.colcon_core.package_identification:_identify(install) by extensions ['ignore', 'ignore_ament_install']
[1.491s] Level 1:colcon.colcon_core.package_identification:_identify(install) by extension 'ignore'
[1.491s] Level 1:colcon.colcon_core.package_identification:_identify(install) ignored
[1.491s] Level 1:colcon.colcon_core.package_identification:_identify(log) by extensions ['ignore', 'ignore_ament_install']
[1.492s] Level 1:colcon.colcon_core.package_identification:_identify(log) by extension 'ignore'
[1.492s] Level 1:colcon.colcon_core.package_identification:_identify(log) ignored
[1.492s] Level 1:colcon.colcon_core.package_identification:_identify(src) by extensions ['ignore', 'ignore_ament_install']
[1.493s] Level 1:colcon.colcon_core.package_identification:_identify(src) by extension 'ignore'
[1.493s] Level 1:colcon.colcon_core.package_identification:_identify(src) by extension 'ignore_ament_install'
[1.493s] Level 1:colcon.colcon_core.package_identification:_identify(src) by extensions ['colcon_pkg']
[1.493s] Level 1:colcon.colcon_core.package_identification:_identify(src) by extension 'colcon_pkg'
[1.493s] Level 1:colcon.colcon_core.package_identification:_identify(src) by extensions ['colcon_meta']
[1.494s] Level 1:colcon.colcon_core.package_identification:_identify(src) by extension 'colcon_meta'
[1.494s] Level 1:colcon.colcon_core.package_identification:_identify(src) by extensions ['ros']
[1.494s] Level 1:colcon.colcon_core.package_identification:_identify(src) by extension 'ros'
[1.494s] Level 1:colcon.colcon_core.package_identification:_identify(src) by extensions ['cmake', 'python']
[1.494s] Level 1:colcon.colcon_core.package_identification:_identify(src) by extension 'cmake'
[1.495s] Level 1:colcon.colcon_core.package_identification:_identify(src) by extension 'python'
[1.495s] Level 1:colcon.colcon_core.package_identification:_identify(src) by extensions ['python_setup_py']
[1.495s] Level 1:colcon.colcon_core.package_identification:_identify(src) by extension 'python_setup_py'
[1.495s] Level 1:colcon.colcon_core.package_identification:_identify(src/project_pkg) by extensions ['ignore', 'ignore_ament_install']
[1.496s] Level 1:colcon.colcon_core.package_identification:_identify(src/project_pkg) by extension 'ignore'
[1.496s] Level 1:colcon.colcon_core.package_identification:_identify(src/project_pkg) by extension 'ignore_ament_install'
[1.496s] Level 1:colcon.colcon_core.package_identification:_identify(src/project_pkg) by extensions ['colcon_pkg']
[1.496s] Level 1:colcon.colcon_core.package_identification:_identify(src/project_pkg) by extension 'colcon_pkg'
[1.497s] Level 1:colcon.colcon_core.package_identification:_identify(src/project_pkg) by extensions ['colcon_meta']
[1.497s] Level 1:colcon.colcon_core.package_identification:_identify(src/project_pkg) by extension 'colcon_meta'
[1.497s] Level 1:colcon.colcon_core.package_identification:_identify(src/project_pkg) by extensions ['ros']
[1.497s] Level 1:colcon.colcon_core.package_identification:_identify(src/project_pkg) by extension 'ros'
[1.507s] DEBUG:colcon.colcon_core.package_identification:Package 'src/project_pkg' with type 'ros.ament_cmake' and name 'project_pkg'
[1.507s] Level 1:colcon.colcon_core.package_discovery:discover_packages(recursive) using defaults
[1.508s] Level 1:colcon.colcon_core.package_discovery:discover_packages(ignore) discover
[1.508s] Level 1:colcon.colcon_core.package_discovery:discover_packages(ignore) using defaults
[1.508s] Level 1:colcon.colcon_core.package_discovery:discover_packages(path) discover
[1.508s] Level 1:colcon.colcon_core.package_discovery:discover_packages(path) using defaults
[1.642s] Level 1:colcon.colcon_core.package_discovery:discover_packages(prefix_path) check parameters
[1.642s] Level 1:colcon.colcon_core.package_discovery:discover_packages(prefix_path) discover
[1.651s] DEBUG:colcon.colcon_installed_package_information.package_discovery:Found 1 installed packages in /home/gargie/project/install
[1.654s] DEBUG:colcon.colcon_installed_package_information.package_discovery:Found 1 installed packages in /home/gargie/key_ws/install
[1.656s] DEBUG:colcon.colcon_installed_package_information.package_discovery:Found 1 installed packages in /home/gargie/chem_ws/install
[1.664s] DEBUG:colcon.colcon_installed_package_information.package_discovery:Found 295 installed packages in /opt/ros/humble
[1.674s] Level 1:colcon.colcon_core.package_discovery:discover_packages(prefix_path) using defaults
[1.898s] Level 5:colcon.colcon_core.verb:set package 'project_pkg' build argument 'cmake_args' from command line to 'None'
[1.899s] Level 5:colcon.colcon_core.verb:set package 'project_pkg' build argument 'cmake_target' from command line to 'None'
[1.899s] Level 5:colcon.colcon_core.verb:set package 'project_pkg' build argument 'cmake_target_skip_unavailable' from command line to 'False'
[1.899s] Level 5:colcon.colcon_core.verb:set package 'project_pkg' build argument 'cmake_clean_cache' from command line to 'False'
[1.899s] Level 5:colcon.colcon_core.verb:set package 'project_pkg' build argument 'cmake_clean_first' from command line to 'False'
[1.899s] Level 5:colcon.colcon_core.verb:set package 'project_pkg' build argument 'cmake_force_configure' from command line to 'False'
[1.899s] Level 5:colcon.colcon_core.verb:set package 'project_pkg' build argument 'ament_cmake_args' from command line to 'None'
[1.899s] Level 5:colcon.colcon_core.verb:set package 'project_pkg' build argument 'catkin_cmake_args' from command line to 'None'
[1.900s] Level 5:colcon.colcon_core.verb:set package 'project_pkg' build argument 'catkin_skip_building_tests' from command line to 'False'
[1.900s] DEBUG:colcon.colcon_core.verb:Building package 'project_pkg' with the following arguments: {'ament_cmake_args': None, 'build_base': '/home/gargie/project/build/project_pkg', 'catkin_cmake_args': None, 'catkin_skip_building_tests': False, 'cmake_args': None, 'cmake_clean_cache': False, 'cmake_clean_first': False, 'cmake_force_configure': False, 'cmake_target': None, 'cmake_target_skip_unavailable': False, 'install_base': '/home/gargie/project/install/project_pkg', 'merge_install': False, 'path': '/home/gargie/project/src/project_pkg', 'symlink_install': False, 'test_result_base': None}
[1.900s] INFO:colcon.colcon_core.executor:Executing jobs using 'parallel' executor
[1.905s] DEBUG:colcon.colcon_parallel_executor.executor.parallel:run_until_complete
[1.906s] INFO:colcon.colcon_ros.task.ament_cmake.build:Building ROS package in '/home/gargie/project/src/project_pkg' with build type 'ament_cmake'
[1.906s] INFO:colcon.colcon_cmake.task.cmake.build:Building CMake package in '/home/gargie/project/src/project_pkg'
[1.917s] INFO:colcon.colcon_core.plugin_system:Skipping extension 'colcon_core.shell.bat': Not used on non-Windows systems
[1.917s] INFO:colcon.colcon_core.shell:Skip shell extension 'powershell' for command environment: Not usable outside of PowerShell
[1.918s] DEBUG:colcon.colcon_core.shell:Skip shell extension 'dsv' for command environment
[1.957s] DEBUG:colcon.colcon_core.event_handler.log_command:Invoking command in '/home/gargie/project/build/project_pkg': CMAKE_PREFIX_PATH=${CMAKE_PREFIX_PATH}:/opt/ros/humble /usr/bin/cmake --build /home/gargie/project/build/project_pkg -- -j4 -l4
[23.762s] DEBUG:colcon.colcon_core.event_handler.log_command:Invoked command in '/home/gargie/project/build/project_pkg' returned '0': CMAKE_PREFIX_PATH=${CMAKE_PREFIX_PATH}:/opt/ros/humble /usr/bin/cmake --build /home/gargie/project/build/project_pkg -- -j4 -l4
[23.812s] DEBUG:colcon.colcon_core.event_handler.log_command:Invoking command in '/home/gargie/project/build/project_pkg': CMAKE_PREFIX_PATH=${CMAKE_PREFIX_PATH}:/opt/ros/humble /usr/bin/cmake --install /home/gargie/project/build/project_pkg
[23.863s] Level 1:colcon.colcon_core.environment:create_environment_scripts_only(project_pkg)
[23.899s] DEBUG:colcon.colcon_core.event_handler.log_command:Invoked command in '/home/gargie/project/build/project_pkg' returned '0': CMAKE_PREFIX_PATH=${CMAKE_PREFIX_PATH}:/opt/ros/humble /usr/bin/cmake --install /home/gargie/project/build/project_pkg
[23.922s] Level 1:colcon.colcon_core.environment:checking '/home/gargie/project/install/project_pkg' for CMake module files
[23.930s] Level 1:colcon.colcon_core.environment:checking '/home/gargie/project/install/project_pkg' for CMake config files
[23.934s] Level 1:colcon.colcon_core.shell:create_environment_hook('project_pkg', 'cmake_prefix_path')
[23.936s] INFO:colcon.colcon_core.shell:Creating environment hook '/home/gargie/project/install/project_pkg/share/project_pkg/hook/cmake_prefix_path.ps1'
[23.942s] INFO:colcon.colcon_core.shell:Creating environment descriptor '/home/gargie/project/install/project_pkg/share/project_pkg/hook/cmake_prefix_path.dsv'
[23.947s] INFO:colcon.colcon_core.shell:Creating environment hook '/home/gargie/project/install/project_pkg/share/project_pkg/hook/cmake_prefix_path.sh'
[23.953s] Level 1:colcon.colcon_core.environment:checking '/home/gargie/project/install/project_pkg/lib'
[23.954s] Level 1:colcon.colcon_core.environment:checking '/home/gargie/project/install/project_pkg/bin'
[23.954s] Level 1:colcon.colcon_core.environment:checking '/home/gargie/project/install/project_pkg/lib/pkgconfig/project_pkg.pc'
[23.956s] Level 1:colcon.colcon_core.environment:checking '/home/gargie/project/install/project_pkg/lib/python3.10/site-packages'
[23.957s] Level 1:colcon.colcon_core.environment:checking '/home/gargie/project/install/project_pkg/bin'
[23.959s] INFO:colcon.colcon_core.shell:Creating package script '/home/gargie/project/install/project_pkg/share/project_pkg/package.ps1'
[23.964s] INFO:colcon.colcon_core.shell:Creating package descriptor '/home/gargie/project/install/project_pkg/share/project_pkg/package.dsv'
[23.968s] INFO:colcon.colcon_core.shell:Creating package script '/home/gargie/project/install/project_pkg/share/project_pkg/package.sh'
[23.972s] INFO:colcon.colcon_core.shell:Creating package script '/home/gargie/project/install/project_pkg/share/project_pkg/package.bash'
[23.977s] INFO:colcon.colcon_core.shell:Creating package script '/home/gargie/project/install/project_pkg/share/project_pkg/package.zsh'
[23.980s] Level 1:colcon.colcon_core.environment:create_file_with_runtime_dependencies(/home/gargie/project/install/project_pkg/share/colcon-core/packages/project_pkg)
[23.984s] Level 1:colcon.colcon_core.environment:create_environment_scripts_only(project_pkg)
[23.985s] Level 1:colcon.colcon_core.environment:checking '/home/gargie/project/install/project_pkg' for CMake module files
[23.988s] Level 1:colcon.colcon_core.environment:checking '/home/gargie/project/install/project_pkg' for CMake config files
[23.989s] Level 1:colcon.colcon_core.shell:create_environment_hook('project_pkg', 'cmake_prefix_path')
[23.990s] INFO:colcon.colcon_core.shell:Creating environment hook '/home/gargie/project/install/project_pkg/share/project_pkg/hook/cmake_prefix_path.ps1'
[23.994s] INFO:colcon.colcon_core.shell:Creating environment descriptor '/home/gargie/project/install/project_pkg/share/project_pkg/hook/cmake_prefix_path.dsv'
[23.996s] INFO:colcon.colcon_core.shell:Creating environment hook '/home/gargie/project/install/project_pkg/share/project_pkg/hook/cmake_prefix_path.sh'
[23.999s] Level 1:colcon.colcon_core.environment:checking '/home/gargie/project/install/project_pkg/lib'
[24.000s] Level 1:colcon.colcon_core.environment:checking '/home/gargie/project/install/project_pkg/bin'
[24.000s] Level 1:colcon.colcon_core.environment:checking '/home/gargie/project/install/project_pkg/lib/pkgconfig/project_pkg.pc'
[24.001s] Level 1:colcon.colcon_core.environment:checking '/home/gargie/project/install/project_pkg/lib/python3.10/site-packages'
[24.002s] Level 1:colcon.colcon_core.environment:checking '/home/gargie/project/install/project_pkg/bin'
[24.004s] INFO:colcon.colcon_core.shell:Creating package script '/home/gargie/project/install/project_pkg/share/project_pkg/package.ps1'
[24.006s] INFO:colcon.colcon_core.shell:Creating package descriptor '/home/gargie/project/install/project_pkg/share/project_pkg/package.dsv'
[24.009s] INFO:colcon.colcon_core.shell:Creating package script '/home/gargie/project/install/project_pkg/share/project_pkg/package.sh'
[24.012s] INFO:colcon.colcon_core.shell:Creating package script '/home/gargie/project/install/project_pkg/share/project_pkg/package.bash'
[24.015s] INFO:colcon.colcon_core.shell:Creating package script '/home/gargie/project/install/project_pkg/share/project_pkg/package.zsh'
[24.018s] Level 1:colcon.colcon_core.environment:create_file_with_runtime_dependencies(/home/gargie/project/install/project_pkg/share/colcon-core/packages/project_pkg)
[24.019s] DEBUG:colcon.colcon_parallel_executor.executor.parallel:closing loop
[24.021s] DEBUG:colcon.colcon_parallel_executor.executor.parallel:loop closed
[24.022s] DEBUG:colcon.colcon_parallel_executor.executor.parallel:run_until_complete finished with '0'
[24.022s] DEBUG:colcon.colcon_core.event_reactor:joining thread
[24.049s] INFO:colcon.colcon_core.plugin_system:Skipping extension 'colcon_notification.desktop_notification.terminal_notifier': Not used on non-Darwin systems
[24.050s] INFO:colcon.colcon_core.plugin_system:Skipping extension 'colcon_notification.desktop_notification.win32': Not used on non-Windows systems
[24.050s] INFO:colcon.colcon_notification.desktop_notification:Sending desktop notification using 'notify2'
[24.118s] DEBUG:colcon.colcon_core.event_reactor:joined thread
[24.120s] INFO:colcon.colcon_core.shell:Creating prefix script '/home/gargie/project/install/local_setup.ps1'
[24.124s] INFO:colcon.colcon_core.shell:Creating prefix util module '/home/gargie/project/install/_local_setup_util_ps1.py'
[24.133s] INFO:colcon.colcon_core.shell:Creating prefix chain script '/home/gargie/project/install/setup.ps1'
[24.139s] INFO:colcon.colcon_core.shell:Creating prefix script '/home/gargie/project/install/local_setup.sh'
[24.144s] INFO:colcon.colcon_core.shell:Creating prefix util module '/home/gargie/project/install/_local_setup_util_sh.py'
[24.150s] INFO:colcon.colcon_core.shell:Creating prefix chain script '/home/gargie/project/install/setup.sh'
[24.157s] INFO:colcon.colcon_core.shell:Creating prefix script '/home/gargie/project/install/local_setup.bash'
[24.160s] INFO:colcon.colcon_core.shell:Creating prefix chain script '/home/gargie/project/install/setup.bash'
[24.166s] INFO:colcon.colcon_core.shell:Creating prefix script '/home/gargie/project/install/local_setup.zsh'
[24.169s] INFO:colcon.colcon_core.shell:Creating prefix chain script '/home/gargie/project/install/setup.zsh'
