[0.046s] Invoking command in '/home/gargie/service/build/cpp_srvcli': CMAKE_PREFIX_PATH=${CMAKE_PREFIX_PATH}:/home/gargie/key_ws/install/key1_pkg:/opt/ros/humble /usr/bin/cmake /home/gargie/service/src/cpp_srvcli -DCMAKE_INSTALL_PREFIX=/home/gargie/service/install/cpp_srvcli
[0.099s] -- Found ament_cmake: 1.3.11 (/opt/ros/humble/share/ament_cmake/cmake)
[0.709s] -- Found rclcpp: 16.0.12 (/opt/ros/humble/share/rclcpp/cmake)
[0.834s] -- Found rosidl_generator_c: 3.1.6 (/opt/ros/humble/share/rosidl_generator_c/cmake)
[0.847s] -- Found rosidl_adapter: 3.1.6 (/opt/ros/humble/share/rosidl_adapter/cmake)
[0.874s] -- Found rosidl_generator_cpp: 3.1.6 (/opt/ros/humble/share/rosidl_generator_cpp/cmake)
[0.920s] -- Using all available rosidl_typesupport_c: rosidl_typesupport_fastrtps_c;rosidl_typesupport_introspection_c
[0.980s] -- Using all available rosidl_typesupport_cpp: rosidl_typesupport_fastrtps_cpp;rosidl_typesupport_introspection_cpp
[1.127s] -- Found rmw_implementation_cmake: 6.1.2 (/opt/ros/humble/share/rmw_implementation_cmake/cmake)
[1.133s] -- Found rmw_fastrtps_cpp: 6.2.7 (/opt/ros/humble/share/rmw_fastrtps_cpp/cmake)
[1.478s] -- Using RMW implementation 'rmw_fastrtps_cpp' as default
[1.702s] -- Found example_interfaces: 0.9.3 (/opt/ros/humble/share/example_interfaces/cmake)
[1.879s] -- Found ament_lint_auto: 0.12.12 (/opt/ros/humble/share/ament_lint_auto/cmake)
[2.208s] -- Added test 'cppcheck' to perform static code analysis on C / C++ code
[2.209s] -- Configured cppcheck include dirs: 
[2.211s] -- Configured cppcheck exclude dirs and/or files: 
[2.213s] -- Added test 'lint_cmake' to check CMake code style
[2.216s] -- Added test 'uncrustify' to check C / C++ code style
[2.218s] -- Configured uncrustify additional arguments: 
[2.220s] -- Added test 'xmllint' to check XML markup files
[2.221s] -- Configuring done
[2.230s] [31mCMake Error at CMakeLists.txt:13 (add_executable):
[2.231s]   Cannot find source file:
[2.233s] 
[2.235s]     src/add_two_ints_server.cpp
[2.236s] 
[2.238s]   Tried extensions .c .C .c++ .cc .cpp .cxx .cu .mpp .m .M .mm .ixx .cppm .h
[2.239s]   .hh .h++ .hm .hpp .hxx .in .txx .f .F .for .f77 .f90 .f95 .f03 .hip .ispc
[2.241s] 
[2.242s] [0m
[2.244s] [31mCMake Error at CMakeLists.txt:13 (add_executable):
[2.246s]   No SOURCES given to target: server
[2.249s] 
[2.251s] [0m
[2.253s] [0mCMake Generate step failed.  Build files cannot be regenerated correctly.[0m
[2.273s] Invoked command in '/home/gargie/service/build/cpp_srvcli' returned '1': CMAKE_PREFIX_PATH=${CMAKE_PREFIX_PATH}:/home/gargie/key_ws/install/key1_pkg:/opt/ros/humble /usr/bin/cmake /home/gargie/service/src/cpp_srvcli -DCMAKE_INSTALL_PREFIX=/home/gargie/service/install/cpp_srvcli
