[0.529s] DEBUG:colcon:Command line arguments: ['/usr/bin/colcon', 'build', '--packages-select', 'cpp_eventhandle']
[0.529s] DEBUG:colcon:Parsed command line arguments: Namespace(log_base=None, log_level=None, verb_name='build', build_base='build', install_base='install', merge_install=False, symlink_install=False, test_result_base=None, continue_on_error=False, executor='parallel', parallel_workers=4, event_handlers=None, ignore_user_meta=False, metas=['./colcon.meta'], base_paths=['.'], packages_ignore=None, packages_ignore_regex=None, paths=None, packages_up_to=None, packages_up_to_regex=None, packages_above=None, packages_above_and_dependencies=None, packages_above_depth=None, packages_select_by_dep=None, packages_skip_by_dep=None, packages_skip_up_to=None, packages_select_build_failed=False, packages_skip_build_finished=False, packages_select_test_failures=False, packages_skip_test_passed=False, packages_select=['cpp_eventhandle'], packages_skip=None, packages_select_regex=None, packages_skip_regex=None, packages_start=None, packages_end=None, allow_overriding=[], cmake_args=None, cmake_target=None, cmake_target_skip_unavailable=False, cmake_clean_cache=False, cmake_clean_first=False, cmake_force_configure=False, ament_cmake_args=None, catkin_cmake_args=None, catkin_skip_building_tests=False, mixin_files=None, mixin=None, verb_parser=<colcon_mixin.mixin.mixin_argument.MixinArgumentDecorator object at 0x7535a39cf040>, verb_extension=<colcon_core.verb.build.BuildVerb object at 0x7535a39ceb90>, main=<bound method BuildVerb.main of <colcon_core.verb.build.BuildVerb object at 0x7535a39ceb90>>, mixin_verb=('build',))
[1.365s] Level 1:colcon.colcon_core.package_discovery:discover_packages(colcon_meta) check parameters
[1.366s] Level 1:colcon.colcon_core.package_discovery:discover_packages(recursive) check parameters
[1.366s] Level 1:colcon.colcon_core.package_discovery:discover_packages(ignore) check parameters
[1.366s] Level 1:colcon.colcon_core.package_discovery:discover_packages(path) check parameters
[1.366s] Level 1:colcon.colcon_core.package_discovery:discover_packages(colcon_meta) discover
[1.367s] Level 1:colcon.colcon_core.package_discovery:discover_packages(recursive) discover
[1.367s] INFO:colcon.colcon_core.package_discovery:Crawling recursively for packages in '/home/gargie/interfaces'
[1.367s] Level 1:colcon.colcon_core.package_identification:_identify(.) by extensions ['ignore', 'ignore_ament_install']
[1.368s] Level 1:colcon.colcon_core.package_identification:_identify(.) by extension 'ignore'
[1.368s] Level 1:colcon.colcon_core.package_identification:_identify(.) by extension 'ignore_ament_install'
[1.368s] Level 1:colcon.colcon_core.package_identification:_identify(.) by extensions ['colcon_pkg']
[1.368s] Level 1:colcon.colcon_core.package_identification:_identify(.) by extension 'colcon_pkg'
[1.368s] Level 1:colcon.colcon_core.package_identification:_identify(.) by extensions ['colcon_meta']
[1.369s] Level 1:colcon.colcon_core.package_identification:_identify(.) by extension 'colcon_meta'
[1.369s] Level 1:colcon.colcon_core.package_identification:_identify(.) by extensions ['ros']
[1.369s] Level 1:colcon.colcon_core.package_identification:_identify(.) by extension 'ros'
[1.419s] Level 1:colcon.colcon_core.package_identification:_identify(.) by extensions ['cmake', 'python']
[1.419s] Level 1:colcon.colcon_core.package_identification:_identify(.) by extension 'cmake'
[1.419s] Level 1:colcon.colcon_core.package_identification:_identify(.) by extension 'python'
[1.419s] Level 1:colcon.colcon_core.package_identification:_identify(.) by extensions ['python_setup_py']
[1.419s] Level 1:colcon.colcon_core.package_identification:_identify(.) by extension 'python_setup_py'
[1.420s] Level 1:colcon.colcon_core.package_identification:_identify(build) by extensions ['ignore', 'ignore_ament_install']
[1.420s] Level 1:colcon.colcon_core.package_identification:_identify(build) by extension 'ignore'
[1.421s] Level 1:colcon.colcon_core.package_identification:_identify(build) ignored
[1.421s] Level 1:colcon.colcon_core.package_identification:_identify(install) by extensions ['ignore', 'ignore_ament_install']
[1.422s] Level 1:colcon.colcon_core.package_identification:_identify(install) by extension 'ignore'
[1.422s] Level 1:colcon.colcon_core.package_identification:_identify(install) ignored
[1.422s] Level 1:colcon.colcon_core.package_identification:_identify(log) by extensions ['ignore', 'ignore_ament_install']
[1.423s] Level 1:colcon.colcon_core.package_identification:_identify(log) by extension 'ignore'
[1.423s] Level 1:colcon.colcon_core.package_identification:_identify(log) ignored
[1.423s] Level 1:colcon.colcon_core.package_identification:_identify(src) by extensions ['ignore', 'ignore_ament_install']
[1.423s] Level 1:colcon.colcon_core.package_identification:_identify(src) by extension 'ignore'
[1.424s] Level 1:colcon.colcon_core.package_identification:_identify(src) by extension 'ignore_ament_install'
[1.424s] Level 1:colcon.colcon_core.package_identification:_identify(src) by extensions ['colcon_pkg']
[1.424s] Level 1:colcon.colcon_core.package_identification:_identify(src) by extension 'colcon_pkg'
[1.424s] Level 1:colcon.colcon_core.package_identification:_identify(src) by extensions ['colcon_meta']
[1.424s] Level 1:colcon.colcon_core.package_identification:_identify(src) by extension 'colcon_meta'
[1.425s] Level 1:colcon.colcon_core.package_identification:_identify(src) by extensions ['ros']
[1.425s] Level 1:colcon.colcon_core.package_identification:_identify(src) by extension 'ros'
[1.425s] Level 1:colcon.colcon_core.package_identification:_identify(src) by extensions ['cmake', 'python']
[1.425s] Level 1:colcon.colcon_core.package_identification:_identify(src) by extension 'cmake'
[1.425s] Level 1:colcon.colcon_core.package_identification:_identify(src) by extension 'python'
[1.426s] Level 1:colcon.colcon_core.package_identification:_identify(src) by extensions ['python_setup_py']
[1.426s] Level 1:colcon.colcon_core.package_identification:_identify(src) by extension 'python_setup_py'
[1.426s] Level 1:colcon.colcon_core.package_identification:_identify(src/cpp_eventhandle) by extensions ['ignore', 'ignore_ament_install']
[1.427s] Level 1:colcon.colcon_core.package_identification:_identify(src/cpp_eventhandle) by extension 'ignore'
[1.427s] Level 1:colcon.colcon_core.package_identification:_identify(src/cpp_eventhandle) by extension 'ignore_ament_install'
[1.427s] Level 1:colcon.colcon_core.package_identification:_identify(src/cpp_eventhandle) by extensions ['colcon_pkg']
[1.427s] Level 1:colcon.colcon_core.package_identification:_identify(src/cpp_eventhandle) by extension 'colcon_pkg'
[1.427s] Level 1:colcon.colcon_core.package_identification:_identify(src/cpp_eventhandle) by extensions ['colcon_meta']
[1.427s] Level 1:colcon.colcon_core.package_identification:_identify(src/cpp_eventhandle) by extension 'colcon_meta'
[1.428s] Level 1:colcon.colcon_core.package_identification:_identify(src/cpp_eventhandle) by extensions ['ros']
[1.428s] Level 1:colcon.colcon_core.package_identification:_identify(src/cpp_eventhandle) by extension 'ros'
[1.438s] DEBUG:colcon.colcon_core.package_identification:Package 'src/cpp_eventhandle' with type 'ros.ament_cmake' and name 'cpp_eventhandle'
[1.439s] Level 1:colcon.colcon_core.package_identification:_identify(src/inter_pkg) by extensions ['ignore', 'ignore_ament_install']
[1.439s] Level 1:colcon.colcon_core.package_identification:_identify(src/inter_pkg) by extension 'ignore'
[1.439s] Level 1:colcon.colcon_core.package_identification:_identify(src/inter_pkg) by extension 'ignore_ament_install'
[1.440s] Level 1:colcon.colcon_core.package_identification:_identify(src/inter_pkg) by extensions ['colcon_pkg']
[1.440s] Level 1:colcon.colcon_core.package_identification:_identify(src/inter_pkg) by extension 'colcon_pkg'
[1.440s] Level 1:colcon.colcon_core.package_identification:_identify(src/inter_pkg) by extensions ['colcon_meta']
[1.440s] Level 1:colcon.colcon_core.package_identification:_identify(src/inter_pkg) by extension 'colcon_meta'
[1.440s] Level 1:colcon.colcon_core.package_identification:_identify(src/inter_pkg) by extensions ['ros']
[1.440s] Level 1:colcon.colcon_core.package_identification:_identify(src/inter_pkg) by extension 'ros'
[1.444s] DEBUG:colcon.colcon_core.package_identification:Package 'src/inter_pkg' with type 'ros.ament_cmake' and name 'inter_pkg'
[1.444s] Level 1:colcon.colcon_core.package_discovery:discover_packages(recursive) using defaults
[1.444s] Level 1:colcon.colcon_core.package_discovery:discover_packages(ignore) discover
[1.444s] Level 1:colcon.colcon_core.package_discovery:discover_packages(ignore) using defaults
[1.444s] Level 1:colcon.colcon_core.package_discovery:discover_packages(path) discover
[1.444s] Level 1:colcon.colcon_core.package_discovery:discover_packages(path) using defaults
[1.575s] INFO:colcon.colcon_core.package_selection:Skipping not selected package 'inter_pkg' in 'src/inter_pkg'
[1.577s] Level 1:colcon.colcon_core.package_discovery:discover_packages(prefix_path) check parameters
[1.577s] Level 1:colcon.colcon_core.package_discovery:discover_packages(prefix_path) discover
[1.588s] DEBUG:colcon.colcon_installed_package_information.package_discovery:Found 2 installed packages in /home/gargie/interfaces/install
[1.591s] DEBUG:colcon.colcon_installed_package_information.package_discovery:Found 2 installed packages in /home/gargie/tf2/install
[1.593s] DEBUG:colcon.colcon_installed_package_information.package_discovery:Found 1 installed packages in /home/gargie/interm_ws/install
[1.596s] DEBUG:colcon.colcon_installed_package_information.package_discovery:Found 5 installed packages in /home/gargie/service/install
[1.598s] DEBUG:colcon.colcon_installed_package_information.package_discovery:Found 1 installed packages in /home/gargie/project/install
[1.600s] DEBUG:colcon.colcon_installed_package_information.package_discovery:Found 2 installed packages in /home/gargie/key_ws/install
[1.602s] DEBUG:colcon.colcon_installed_package_information.package_discovery:Found 1 installed packages in /home/gargie/chem_ws/install
[1.610s] DEBUG:colcon.colcon_installed_package_information.package_discovery:Found 296 installed packages in /opt/ros/humble
[1.620s] Level 1:colcon.colcon_core.package_discovery:discover_packages(prefix_path) using defaults
[1.835s] Level 5:colcon.colcon_core.verb:set package 'cpp_eventhandle' build argument 'cmake_args' from command line to 'None'
[1.835s] Level 5:colcon.colcon_core.verb:set package 'cpp_eventhandle' build argument 'cmake_target' from command line to 'None'
[1.835s] Level 5:colcon.colcon_core.verb:set package 'cpp_eventhandle' build argument 'cmake_target_skip_unavailable' from command line to 'False'
[1.835s] Level 5:colcon.colcon_core.verb:set package 'cpp_eventhandle' build argument 'cmake_clean_cache' from command line to 'False'
[1.835s] Level 5:colcon.colcon_core.verb:set package 'cpp_eventhandle' build argument 'cmake_clean_first' from command line to 'False'
[1.835s] Level 5:colcon.colcon_core.verb:set package 'cpp_eventhandle' build argument 'cmake_force_configure' from command line to 'False'
[1.836s] Level 5:colcon.colcon_core.verb:set package 'cpp_eventhandle' build argument 'ament_cmake_args' from command line to 'None'
[1.836s] Level 5:colcon.colcon_core.verb:set package 'cpp_eventhandle' build argument 'catkin_cmake_args' from command line to 'None'
[1.836s] Level 5:colcon.colcon_core.verb:set package 'cpp_eventhandle' build argument 'catkin_skip_building_tests' from command line to 'False'
[1.836s] DEBUG:colcon.colcon_core.verb:Building package 'cpp_eventhandle' with the following arguments: {'ament_cmake_args': None, 'build_base': '/home/gargie/interfaces/build/cpp_eventhandle', 'catkin_cmake_args': None, 'catkin_skip_building_tests': False, 'cmake_args': None, 'cmake_clean_cache': False, 'cmake_clean_first': False, 'cmake_force_configure': False, 'cmake_target': None, 'cmake_target_skip_unavailable': False, 'install_base': '/home/gargie/interfaces/install/cpp_eventhandle', 'merge_install': False, 'path': '/home/gargie/interfaces/src/cpp_eventhandle', 'symlink_install': False, 'test_result_base': None}
[1.837s] INFO:colcon.colcon_core.executor:Executing jobs using 'parallel' executor
[1.842s] DEBUG:colcon.colcon_parallel_executor.executor.parallel:run_until_complete
[1.842s] INFO:colcon.colcon_ros.task.ament_cmake.build:Building ROS package in '/home/gargie/interfaces/src/cpp_eventhandle' with build type 'ament_cmake'
[1.843s] INFO:colcon.colcon_cmake.task.cmake.build:Building CMake package in '/home/gargie/interfaces/src/cpp_eventhandle'
[1.854s] INFO:colcon.colcon_core.plugin_system:Skipping extension 'colcon_core.shell.bat': Not used on non-Windows systems
[1.854s] INFO:colcon.colcon_core.shell:Skip shell extension 'powershell' for command environment: Not usable outside of PowerShell
[1.854s] DEBUG:colcon.colcon_core.shell:Skip shell extension 'dsv' for command environment
[1.903s] DEBUG:colcon.colcon_core.event_handler.log_command:Invoking command in '/home/gargie/interfaces/build/cpp_eventhandle': CMAKE_PREFIX_PATH=${CMAKE_PREFIX_PATH}:/home/gargie/tf2/install/learning_tf2_py:/home/gargie/service/install/py_srvcli:/home/gargie/service/install/py_parameter:/home/gargie/key_ws/install/key1_pkg:/opt/ros/humble /usr/bin/cmake --build /home/gargie/interfaces/build/cpp_eventhandle -- -j4 -l4
[41.146s] DEBUG:colcon.colcon_core.event_handler.log_command:Invoked command in '/home/gargie/interfaces/build/cpp_eventhandle' returned '0': CMAKE_PREFIX_PATH=${CMAKE_PREFIX_PATH}:/home/gargie/tf2/install/learning_tf2_py:/home/gargie/service/install/py_srvcli:/home/gargie/service/install/py_parameter:/home/gargie/key_ws/install/key1_pkg:/opt/ros/humble /usr/bin/cmake --build /home/gargie/interfaces/build/cpp_eventhandle -- -j4 -l4
[41.189s] DEBUG:colcon.colcon_core.event_handler.log_command:Invoking command in '/home/gargie/interfaces/build/cpp_eventhandle': CMAKE_PREFIX_PATH=${CMAKE_PREFIX_PATH}:/home/gargie/tf2/install/learning_tf2_py:/home/gargie/service/install/py_srvcli:/home/gargie/service/install/py_parameter:/home/gargie/key_ws/install/key1_pkg:/opt/ros/humble /usr/bin/cmake --install /home/gargie/interfaces/build/cpp_eventhandle
[41.250s] Level 1:colcon.colcon_core.environment:create_environment_scripts_only(cpp_eventhandle)
[41.254s] DEBUG:colcon.colcon_core.event_handler.log_command:Invoked command in '/home/gargie/interfaces/build/cpp_eventhandle' returned '0': CMAKE_PREFIX_PATH=${CMAKE_PREFIX_PATH}:/home/gargie/tf2/install/learning_tf2_py:/home/gargie/service/install/py_srvcli:/home/gargie/service/install/py_parameter:/home/gargie/key_ws/install/key1_pkg:/opt/ros/humble /usr/bin/cmake --install /home/gargie/interfaces/build/cpp_eventhandle
[41.269s] Level 1:colcon.colcon_core.environment:checking '/home/gargie/interfaces/install/cpp_eventhandle' for CMake module files
[41.274s] Level 1:colcon.colcon_core.environment:checking '/home/gargie/interfaces/install/cpp_eventhandle' for CMake config files
[41.276s] Level 1:colcon.colcon_core.shell:create_environment_hook('cpp_eventhandle', 'cmake_prefix_path')
[41.277s] INFO:colcon.colcon_core.shell:Creating environment hook '/home/gargie/interfaces/install/cpp_eventhandle/share/cpp_eventhandle/hook/cmake_prefix_path.ps1'
[41.282s] INFO:colcon.colcon_core.shell:Creating environment descriptor '/home/gargie/interfaces/install/cpp_eventhandle/share/cpp_eventhandle/hook/cmake_prefix_path.dsv'
[41.285s] INFO:colcon.colcon_core.shell:Creating environment hook '/home/gargie/interfaces/install/cpp_eventhandle/share/cpp_eventhandle/hook/cmake_prefix_path.sh'
[41.290s] Level 1:colcon.colcon_core.environment:checking '/home/gargie/interfaces/install/cpp_eventhandle/lib'
[41.292s] Level 1:colcon.colcon_core.environment:checking '/home/gargie/interfaces/install/cpp_eventhandle/bin'
[41.292s] Level 1:colcon.colcon_core.environment:checking '/home/gargie/interfaces/install/cpp_eventhandle/lib/pkgconfig/cpp_eventhandle.pc'
[41.294s] Level 1:colcon.colcon_core.environment:checking '/home/gargie/interfaces/install/cpp_eventhandle/lib/python3.10/site-packages'
[41.295s] Level 1:colcon.colcon_core.environment:checking '/home/gargie/interfaces/install/cpp_eventhandle/bin'
[41.297s] INFO:colcon.colcon_core.shell:Creating package script '/home/gargie/interfaces/install/cpp_eventhandle/share/cpp_eventhandle/package.ps1'
[41.302s] INFO:colcon.colcon_core.shell:Creating package descriptor '/home/gargie/interfaces/install/cpp_eventhandle/share/cpp_eventhandle/package.dsv'
[41.305s] INFO:colcon.colcon_core.shell:Creating package script '/home/gargie/interfaces/install/cpp_eventhandle/share/cpp_eventhandle/package.sh'
[41.310s] INFO:colcon.colcon_core.shell:Creating package script '/home/gargie/interfaces/install/cpp_eventhandle/share/cpp_eventhandle/package.bash'
[41.314s] INFO:colcon.colcon_core.shell:Creating package script '/home/gargie/interfaces/install/cpp_eventhandle/share/cpp_eventhandle/package.zsh'
[41.318s] Level 1:colcon.colcon_core.environment:create_file_with_runtime_dependencies(/home/gargie/interfaces/install/cpp_eventhandle/share/colcon-core/packages/cpp_eventhandle)
[41.321s] Level 1:colcon.colcon_core.environment:create_environment_scripts_only(cpp_eventhandle)
[41.323s] Level 1:colcon.colcon_core.environment:checking '/home/gargie/interfaces/install/cpp_eventhandle' for CMake module files
[41.327s] Level 1:colcon.colcon_core.environment:checking '/home/gargie/interfaces/install/cpp_eventhandle' for CMake config files
[41.329s] Level 1:colcon.colcon_core.shell:create_environment_hook('cpp_eventhandle', 'cmake_prefix_path')
[41.330s] INFO:colcon.colcon_core.shell:Creating environment hook '/home/gargie/interfaces/install/cpp_eventhandle/share/cpp_eventhandle/hook/cmake_prefix_path.ps1'
[41.333s] INFO:colcon.colcon_core.shell:Creating environment descriptor '/home/gargie/interfaces/install/cpp_eventhandle/share/cpp_eventhandle/hook/cmake_prefix_path.dsv'
[41.335s] INFO:colcon.colcon_core.shell:Creating environment hook '/home/gargie/interfaces/install/cpp_eventhandle/share/cpp_eventhandle/hook/cmake_prefix_path.sh'
[41.338s] Level 1:colcon.colcon_core.environment:checking '/home/gargie/interfaces/install/cpp_eventhandle/lib'
[41.338s] Level 1:colcon.colcon_core.environment:checking '/home/gargie/interfaces/install/cpp_eventhandle/bin'
[41.339s] Level 1:colcon.colcon_core.environment:checking '/home/gargie/interfaces/install/cpp_eventhandle/lib/pkgconfig/cpp_eventhandle.pc'
[41.340s] Level 1:colcon.colcon_core.environment:checking '/home/gargie/interfaces/install/cpp_eventhandle/lib/python3.10/site-packages'
[41.341s] Level 1:colcon.colcon_core.environment:checking '/home/gargie/interfaces/install/cpp_eventhandle/bin'
[41.342s] INFO:colcon.colcon_core.shell:Creating package script '/home/gargie/interfaces/install/cpp_eventhandle/share/cpp_eventhandle/package.ps1'
[41.345s] INFO:colcon.colcon_core.shell:Creating package descriptor '/home/gargie/interfaces/install/cpp_eventhandle/share/cpp_eventhandle/package.dsv'
[41.348s] INFO:colcon.colcon_core.shell:Creating package script '/home/gargie/interfaces/install/cpp_eventhandle/share/cpp_eventhandle/package.sh'
[41.350s] INFO:colcon.colcon_core.shell:Creating package script '/home/gargie/interfaces/install/cpp_eventhandle/share/cpp_eventhandle/package.bash'
[41.353s] INFO:colcon.colcon_core.shell:Creating package script '/home/gargie/interfaces/install/cpp_eventhandle/share/cpp_eventhandle/package.zsh'
[41.355s] Level 1:colcon.colcon_core.environment:create_file_with_runtime_dependencies(/home/gargie/interfaces/install/cpp_eventhandle/share/colcon-core/packages/cpp_eventhandle)
[41.357s] DEBUG:colcon.colcon_parallel_executor.executor.parallel:closing loop
[41.360s] DEBUG:colcon.colcon_parallel_executor.executor.parallel:loop closed
[41.360s] DEBUG:colcon.colcon_parallel_executor.executor.parallel:run_until_complete finished with '0'
[41.361s] DEBUG:colcon.colcon_core.event_reactor:joining thread
[41.429s] INFO:colcon.colcon_core.plugin_system:Skipping extension 'colcon_notification.desktop_notification.terminal_notifier': Not used on non-Darwin systems
[41.430s] INFO:colcon.colcon_core.plugin_system:Skipping extension 'colcon_notification.desktop_notification.win32': Not used on non-Windows systems
[41.430s] INFO:colcon.colcon_notification.desktop_notification:Sending desktop notification using 'notify2'
[41.520s] DEBUG:colcon.colcon_core.event_reactor:joined thread
[41.521s] INFO:colcon.colcon_core.shell:Creating prefix script '/home/gargie/interfaces/install/local_setup.ps1'
[41.527s] INFO:colcon.colcon_core.shell:Creating prefix util module '/home/gargie/interfaces/install/_local_setup_util_ps1.py'
[41.537s] INFO:colcon.colcon_core.shell:Creating prefix chain script '/home/gargie/interfaces/install/setup.ps1'
[41.549s] INFO:colcon.colcon_core.shell:Creating prefix script '/home/gargie/interfaces/install/local_setup.sh'
[41.553s] INFO:colcon.colcon_core.shell:Creating prefix util module '/home/gargie/interfaces/install/_local_setup_util_sh.py'
[41.558s] INFO:colcon.colcon_core.shell:Creating prefix chain script '/home/gargie/interfaces/install/setup.sh'
[41.570s] INFO:colcon.colcon_core.shell:Creating prefix script '/home/gargie/interfaces/install/local_setup.bash'
[41.574s] INFO:colcon.colcon_core.shell:Creating prefix chain script '/home/gargie/interfaces/install/setup.bash'
[41.584s] INFO:colcon.colcon_core.shell:Creating prefix script '/home/gargie/interfaces/install/local_setup.zsh'
[41.587s] INFO:colcon.colcon_core.shell:Creating prefix chain script '/home/gargie/interfaces/install/setup.zsh'
