[0.063s] Invoking command in '/home/nihit/servcli/build/cpp_pubsub': CMAKE_PREFIX_PATH=${CMAKE_PREFIX_PATH}:/home/nihit/servcli/install/py_srvcli:/opt/ros/humble /usr/bin/cmake /home/nihit/servcli/src/cpp_pubsub -DCMAKE_INSTALL_PREFIX=/home/nihit/servcli/install/cpp_pubsub
[2.119s] -- The C compiler identification is GNU 11.4.0
[2.119s] -- The CXX compiler identification is GNU 11.4.0
[2.119s] -- Detecting C compiler ABI info
[2.119s] -- Detecting C compiler ABI info - done
[2.119s] -- Check for working C compiler: /usr/bin/cc - skipped
[2.120s] -- Detecting C compile features
[2.120s] -- Detecting C compile features - done
[2.120s] -- Detecting CXX compiler ABI info
[2.120s] -- Detecting CXX compiler ABI info - done
[2.120s] -- Check for working CXX compiler: /usr/bin/c++ - skipped
[2.120s] -- Detecting CXX compile features
[2.120s] -- Detecting CXX compile features - done
[2.121s] -- Found ament_cmake: 1.3.11 (/opt/ros/humble/share/ament_cmake/cmake)
[2.121s] -- Found Python3: /usr/bin/python3 (found version "3.10.12") found components: Interpreter 
[2.121s] -- Found rclcpp: 16.0.12 (/opt/ros/humble/share/rclcpp/cmake)
[2.121s] -- Found rosidl_generator_c: 3.1.6 (/opt/ros/humble/share/rosidl_generator_c/cmake)
[2.122s] -- Found rosidl_adapter: 3.1.6 (/opt/ros/humble/share/rosidl_adapter/cmake)
[2.122s] -- Found rosidl_generator_cpp: 3.1.6 (/opt/ros/humble/share/rosidl_generator_cpp/cmake)
[2.122s] -- Using all available rosidl_typesupport_c: rosidl_typesupport_fastrtps_c;rosidl_typesupport_introspection_c
[2.122s] -- Using all available rosidl_typesupport_cpp: rosidl_typesupport_fastrtps_cpp;rosidl_typesupport_introspection_cpp
[2.123s] -- Found rmw_implementation_cmake: 6.1.2 (/opt/ros/humble/share/rmw_implementation_cmake/cmake)
[2.123s] -- Found rmw_fastrtps_cpp: 6.2.7 (/opt/ros/humble/share/rmw_fastrtps_cpp/cmake)
[2.123s] -- Found OpenSSL: /usr/lib/x86_64-linux-gnu/libcrypto.so (found version "3.0.2")  
[2.123s] -- Found FastRTPS: /opt/ros/humble/include  
[2.123s] -- Using RMW implementation 'rmw_fastrtps_cpp' as default
[2.123s] -- Looking for pthread.h
[2.123s] -- Looking for pthread.h - found
[2.123s] -- Performing Test CMAKE_HAVE_LIBC_PTHREAD
[2.124s] -- Performing Test CMAKE_HAVE_LIBC_PTHREAD - Success
[2.124s] -- Found Threads: TRUE  
[2.537s] -- Configuring done
[2.565s] -- Generating done
[2.578s] -- Build files have been written to: /home/nihit/servcli/build/cpp_pubsub
[2.606s] Invoked command in '/home/nihit/servcli/build/cpp_pubsub' returned '0': CMAKE_PREFIX_PATH=${CMAKE_PREFIX_PATH}:/home/nihit/servcli/install/py_srvcli:/opt/ros/humble /usr/bin/cmake /home/nihit/servcli/src/cpp_pubsub -DCMAKE_INSTALL_PREFIX=/home/nihit/servcli/install/cpp_pubsub
[2.607s] Invoking command in '/home/nihit/servcli/build/cpp_pubsub': CMAKE_PREFIX_PATH=${CMAKE_PREFIX_PATH}:/home/nihit/servcli/install/py_srvcli:/opt/ros/humble /usr/bin/cmake --build /home/nihit/servcli/build/cpp_pubsub -- -j8 -l8
[2.731s] [ 25%] [32mBuilding CXX object CMakeFiles/listener.dir/src/cpp_sub.cpp.o[0m
[2.743s] [ 50%] [32mBuilding CXX object CMakeFiles/talker.dir/src/cpp_pub.cpp.o[0m
[11.985s] [ 75%] [32m[1mLinking CXX executable talker[0m
[12.366s] [ 75%] Built target talker
[18.593s] [100%] [32m[1mLinking CXX executable listener[0m
[19.305s] [100%] Built target listener
