[0.087s] Invoking command in '/home/gargie/interfaces/build/cpp_eventhandle': CMAKE_PREFIX_PATH=${CMAKE_PREFIX_PATH}:/home/gargie/service/install/py_srvcli:/home/gargie/service/install/py_parameter:/home/gargie/key_ws/install/key1_pkg:/opt/ros/humble /usr/bin/cmake --build /home/gargie/interfaces/build/cpp_eventhandle -- -j4 -l4
[0.332s] [ 50%] [32mBuilding CXX object CMakeFiles/parameter.dir/src/parameter.cpp.o[0m
[11.428s] [01m[K/home/gargie/interfaces/src/cpp_eventhandle/src/parameter.cpp:41:2:[m[K [01;31m[Kerror: [m[Kexpected ‘[01m[K}[m[K’ at end of input
[11.430s]    41 | }
[11.431s]       |  [01;31m[K^[m[K
[11.433s] [01m[K/home/gargie/interfaces/src/cpp_eventhandle/src/parameter.cpp:6:1:[m[K [01;36m[Knote: [m[Kto match this ‘[01m[K{[m[K’
[11.436s]     6 | [01;36m[K{[m[K
[11.438s]       | [01;36m[K^[m[K
[11.475s] [01m[K/home/gargie/interfaces/src/cpp_eventhandle/src/parameter.cpp:[m[K In constructor ‘[01m[KSampleNodeWithParameters::SampleNodeWithParameters()[m[K’:
[11.477s] [01m[K/home/gargie/interfaces/src/cpp_eventhandle/src/parameter.cpp:13:7:[m[K [01;31m[Kerror: [m[K‘[01m[Kparam_subscriber_[m[K’ was not declared in this scope
[11.478s]    13 |       [01;31m[Kparam_subscriber_[m[K = std::make_shared<rclcpp::ParameterEventHandler>(this);
[11.480s]       |       [01;31m[K^~~~~~~~~~~~~~~~~[m[K
[11.526s] [01m[K/home/gargie/interfaces/src/cpp_eventhandle/src/parameter.cpp:27:1:[m[K [01;31m[Kerror: [m[K‘[01m[Kevent_cb_handle_[m[K’ was not declared in this scope
[11.528s]    27 | [01;31m[Kevent_cb_handle_[m[K = param_subscriber_->add_parameter_event_callback(event_cb);
[11.530s]       | [01;31m[K^~~~~~~~~~~~~~~~[m[K
[11.531s] [01m[K/home/gargie/interfaces/src/cpp_eventhandle/src/parameter.cpp:29:1:[m[K [01;31m[Kerror: [m[Kexpected primary-expression before ‘[01m[Kprivate[m[K’
[11.533s]    29 | [01;31m[Kprivate[m[K:
[11.535s]       | [01;31m[K^~~~~~~[m[K
[11.544s] [01m[K/home/gargie/interfaces/src/cpp_eventhandle/src/parameter.cpp:[m[K At global scope:
[11.545s] [01m[K/home/gargie/interfaces/src/cpp_eventhandle/src/parameter.cpp:41:2:[m[K [01;31m[Kerror: [m[Kexpected unqualified-id at end of input
[11.547s]    41 | }
[11.549s]       |  [01;31m[K^[m[K
[21.306s] gmake[2]: *** [CMakeFiles/parameter.dir/build.make:76: CMakeFiles/parameter.dir/src/parameter.cpp.o] Error 1
[21.307s] gmake[1]: *** [CMakeFiles/Makefile2:137: CMakeFiles/parameter.dir/all] Error 2
[21.310s] gmake: *** [Makefile:146: all] Error 2
[21.315s] Invoked command in '/home/gargie/interfaces/build/cpp_eventhandle' returned '2': CMAKE_PREFIX_PATH=${CMAKE_PREFIX_PATH}:/home/gargie/service/install/py_srvcli:/home/gargie/service/install/py_parameter:/home/gargie/key_ws/install/key1_pkg:/opt/ros/humble /usr/bin/cmake --build /home/gargie/interfaces/build/cpp_eventhandle -- -j4 -l4
