[0.119s] Invoking command in '/home/gargie/service/build/cpp_parameter': CMAKE_PREFIX_PATH=${CMAKE_PREFIX_PATH}:/home/gargie/service/install/py_srvcli:/home/gargie/key_ws/install/key1_pkg:/opt/ros/humble /usr/bin/cmake --build /home/gargie/service/build/cpp_parameter -- -j4 -l4
[0.424s] [35m[1mConsolidate compiler generated dependencies of target parameter_node[0m
[0.614s] [100%] Built target parameter_node
[1.788s] Invoked command in '/home/gargie/service/build/cpp_parameter' returned '0': CMAKE_PREFIX_PATH=${CMAKE_PREFIX_PATH}:/home/gargie/service/install/py_srvcli:/home/gargie/key_ws/install/key1_pkg:/opt/ros/humble /usr/bin/cmake --build /home/gargie/service/build/cpp_parameter -- -j4 -l4
[1.837s] Invoking command in '/home/gargie/service/build/cpp_parameter': CMAKE_PREFIX_PATH=${CMAKE_PREFIX_PATH}:/home/gargie/service/install/py_srvcli:/home/gargie/key_ws/install/key1_pkg:/opt/ros/humble /usr/bin/cmake --install /home/gargie/service/build/cpp_parameter
[1.873s] -- Install configuration: ""
[1.877s] -- Up-to-date: /home/gargie/service/install/cpp_parameter/lib/cpp_parameter/parameter_node
[1.879s] -- Up-to-date: /home/gargie/service/install/cpp_parameter/share/ament_index/resource_index/package_run_dependencies/cpp_parameter
[1.880s] -- Up-to-date: /home/gargie/service/install/cpp_parameter/share/ament_index/resource_index/parent_prefix_path/cpp_parameter
[1.881s] -- Up-to-date: /home/gargie/service/install/cpp_parameter/share/cpp_parameter/environment/ament_prefix_path.sh
[1.881s] -- Up-to-date: /home/gargie/service/install/cpp_parameter/share/cpp_parameter/environment/ament_prefix_path.dsv
[1.882s] -- Up-to-date: /home/gargie/service/install/cpp_parameter/share/cpp_parameter/environment/path.sh
[1.883s] -- Up-to-date: /home/gargie/service/install/cpp_parameter/share/cpp_parameter/environment/path.dsv
[1.884s] -- Up-to-date: /home/gargie/service/install/cpp_parameter/share/cpp_parameter/local_setup.bash
[1.885s] -- Up-to-date: /home/gargie/service/install/cpp_parameter/share/cpp_parameter/local_setup.sh
[1.885s] -- Up-to-date: /home/gargie/service/install/cpp_parameter/share/cpp_parameter/local_setup.zsh
[1.886s] -- Up-to-date: /home/gargie/service/install/cpp_parameter/share/cpp_parameter/local_setup.dsv
[1.886s] -- Installing: /home/gargie/service/install/cpp_parameter/share/cpp_parameter/package.dsv
[1.887s] -- Up-to-date: /home/gargie/service/install/cpp_parameter/share/ament_index/resource_index/packages/cpp_parameter
[1.887s] -- Up-to-date: /home/gargie/service/install/cpp_parameter/share/cpp_parameter/cmake/cpp_parameterConfig.cmake
[1.888s] -- Up-to-date: /home/gargie/service/install/cpp_parameter/share/cpp_parameter/cmake/cpp_parameterConfig-version.cmake
[1.888s] -- Up-to-date: /home/gargie/service/install/cpp_parameter/share/cpp_parameter/package.xml
[1.897s] Invoked command in '/home/gargie/service/build/cpp_parameter' returned '0': CMAKE_PREFIX_PATH=${CMAKE_PREFIX_PATH}:/home/gargie/service/install/py_srvcli:/home/gargie/key_ws/install/key1_pkg:/opt/ros/humble /usr/bin/cmake --install /home/gargie/service/build/cpp_parameter
