-- Found ament_cmake: 1.3.11 (/opt/ros/humble/share/ament_cmake/cmake)
-- Found rclcpp: 16.0.12 (/opt/ros/humble/share/rclcpp/cmake)
-- Found rosidl_generator_c: 3.1.6 (/opt/ros/humble/share/rosidl_generator_c/cmake)
-- Found rosidl_adapter: 3.1.6 (/opt/ros/humble/share/rosidl_adapter/cmake)
-- Found rosidl_generator_cpp: 3.1.6 (/opt/ros/humble/share/rosidl_generator_cpp/cmake)
-- Using all available rosidl_typesupport_c: rosidl_typesupport_fastrtps_c;rosidl_typesupport_introspection_c
-- Using all available rosidl_typesupport_cpp: rosidl_typesupport_fastrtps_cpp;rosidl_typesupport_introspection_cpp
-- Found rmw_implementation_cmake: 6.1.2 (/opt/ros/humble/share/rmw_implementation_cmake/cmake)
-- Found rmw_fastrtps_cpp: 6.2.7 (/opt/ros/humble/share/rmw_fastrtps_cpp/cmake)
-- Using RMW implementation 'rmw_fastrtps_cpp' as default
-- Found ament_lint_auto: 0.12.12 (/opt/ros/humble/share/ament_lint_auto/cmake)
-- Added test 'cppcheck' to perform static code analysis on C / C++ code
-- Configured cppcheck include dirs: 
-- Configured cppcheck exclude dirs and/or files: 
-- Added test 'lint_cmake' to check CMake code style
-- Added test 'uncrustify' to check C / C++ code style
-- Configured uncrustify additional arguments: 
-- Added test 'xmllint' to check XML markup files
-- Configuring done
-- Generating done
-- Build files have been written to: /home/gargie/interfaces/build/cpp_eventhandle
[ 50%] [32mBuilding CXX object CMakeFiles/parameter.dir/src/parameter.cpp.o[0m
[100%] [32m[1mLinking CXX executable parameter[0m
[100%] Built target parameter
-- Install configuration: ""
-- Installing: /home/gargie/interfaces/install/cpp_eventhandle/lib/cpp_eventhandle/parameter
-- Set runtime path of "/home/gargie/interfaces/install/cpp_eventhandle/lib/cpp_eventhandle/parameter" to ""
-- Installing: /home/gargie/interfaces/install/cpp_eventhandle/share/ament_index/resource_index/package_run_dependencies/cpp_eventhandle
-- Installing: /home/gargie/interfaces/install/cpp_eventhandle/share/ament_index/resource_index/parent_prefix_path/cpp_eventhandle
-- Installing: /home/gargie/interfaces/install/cpp_eventhandle/share/cpp_eventhandle/environment/ament_prefix_path.sh
-- Installing: /home/gargie/interfaces/install/cpp_eventhandle/share/cpp_eventhandle/environment/ament_prefix_path.dsv
-- Installing: /home/gargie/interfaces/install/cpp_eventhandle/share/cpp_eventhandle/environment/path.sh
-- Installing: /home/gargie/interfaces/install/cpp_eventhandle/share/cpp_eventhandle/environment/path.dsv
-- Installing: /home/gargie/interfaces/install/cpp_eventhandle/share/cpp_eventhandle/local_setup.bash
-- Installing: /home/gargie/interfaces/install/cpp_eventhandle/share/cpp_eventhandle/local_setup.sh
-- Installing: /home/gargie/interfaces/install/cpp_eventhandle/share/cpp_eventhandle/local_setup.zsh
-- Installing: /home/gargie/interfaces/install/cpp_eventhandle/share/cpp_eventhandle/local_setup.dsv
-- Installing: /home/gargie/interfaces/install/cpp_eventhandle/share/cpp_eventhandle/package.dsv
-- Installing: /home/gargie/interfaces/install/cpp_eventhandle/share/ament_index/resource_index/packages/cpp_eventhandle
-- Installing: /home/gargie/interfaces/install/cpp_eventhandle/share/cpp_eventhandle/cmake/cpp_eventhandleConfig.cmake
-- Installing: /home/gargie/interfaces/install/cpp_eventhandle/share/cpp_eventhandle/cmake/cpp_eventhandleConfig-version.cmake
-- Installing: /home/gargie/interfaces/install/cpp_eventhandle/share/cpp_eventhandle/package.xml
