[0.081s] Invoking command in '/home/gargie/interfaces/build/cpp_eventhandle': CMAKE_PREFIX_PATH=${CMAKE_PREFIX_PATH}:/home/gargie/service/install/py_srvcli:/home/gargie/service/install/py_parameter:/home/gargie/key_ws/install/key1_pkg:/opt/ros/humble /usr/bin/cmake /home/gargie/interfaces/src/cpp_eventhandle -DCMAKE_INSTALL_PREFIX=/home/gargie/interfaces/install/cpp_eventhandle
[0.146s] -- Found ament_cmake: 1.3.11 (/opt/ros/humble/share/ament_cmake/cmake)
[0.781s] -- Found rclcpp: 16.0.12 (/opt/ros/humble/share/rclcpp/cmake)
[0.895s] -- Found rosidl_generator_c: 3.1.6 (/opt/ros/humble/share/rosidl_generator_c/cmake)
[0.909s] -- Found rosidl_adapter: 3.1.6 (/opt/ros/humble/share/rosidl_adapter/cmake)
[0.938s] -- Found rosidl_generator_cpp: 3.1.6 (/opt/ros/humble/share/rosidl_generator_cpp/cmake)
[0.986s] -- Using all available rosidl_typesupport_c: rosidl_typesupport_fastrtps_c;rosidl_typesupport_introspection_c
[1.050s] -- Using all available rosidl_typesupport_cpp: rosidl_typesupport_fastrtps_cpp;rosidl_typesupport_introspection_cpp
[1.199s] -- Found rmw_implementation_cmake: 6.1.2 (/opt/ros/humble/share/rmw_implementation_cmake/cmake)
[1.207s] -- Found rmw_fastrtps_cpp: 6.2.7 (/opt/ros/humble/share/rmw_fastrtps_cpp/cmake)
[1.584s] -- Using RMW implementation 'rmw_fastrtps_cpp' as default
[1.813s] -- Found ament_lint_auto: 0.12.12 (/opt/ros/humble/share/ament_lint_auto/cmake)
[2.188s] -- Added test 'cppcheck' to perform static code analysis on C / C++ code
[2.189s] -- Configured cppcheck include dirs: 
[2.189s] -- Configured cppcheck exclude dirs and/or files: 
[2.192s] -- Added test 'lint_cmake' to check CMake code style
[2.197s] -- Added test 'uncrustify' to check C / C++ code style
[2.198s] -- Configured uncrustify additional arguments: 
[2.201s] -- Added test 'xmllint' to check XML markup files
[2.207s] -- Configuring done
[2.243s] -- Generating done
[2.255s] -- Build files have been written to: /home/gargie/interfaces/build/cpp_eventhandle
[2.284s] Invoked command in '/home/gargie/interfaces/build/cpp_eventhandle' returned '0': CMAKE_PREFIX_PATH=${CMAKE_PREFIX_PATH}:/home/gargie/service/install/py_srvcli:/home/gargie/service/install/py_parameter:/home/gargie/key_ws/install/key1_pkg:/opt/ros/humble /usr/bin/cmake /home/gargie/interfaces/src/cpp_eventhandle -DCMAKE_INSTALL_PREFIX=/home/gargie/interfaces/install/cpp_eventhandle
[2.292s] Invoking command in '/home/gargie/interfaces/build/cpp_eventhandle': CMAKE_PREFIX_PATH=${CMAKE_PREFIX_PATH}:/home/gargie/service/install/py_srvcli:/home/gargie/service/install/py_parameter:/home/gargie/key_ws/install/key1_pkg:/opt/ros/humble /usr/bin/cmake --build /home/gargie/interfaces/build/cpp_eventhandle -- -j4 -l4
[2.479s] [ 50%] [32mBuilding CXX object CMakeFiles/parameter.dir/src/parameter.cpp.o[0m
[39.351s] [100%] [32m[1mLinking CXX executable parameter[0m
[41.337s] [100%] Built target parameter
[41.378s] Invoked command in '/home/gargie/interfaces/build/cpp_eventhandle' returned '0': CMAKE_PREFIX_PATH=${CMAKE_PREFIX_PATH}:/home/gargie/service/install/py_srvcli:/home/gargie/service/install/py_parameter:/home/gargie/key_ws/install/key1_pkg:/opt/ros/humble /usr/bin/cmake --build /home/gargie/interfaces/build/cpp_eventhandle -- -j4 -l4
[41.385s] Invoking command in '/home/gargie/interfaces/build/cpp_eventhandle': CMAKE_PREFIX_PATH=${CMAKE_PREFIX_PATH}:/home/gargie/service/install/py_srvcli:/home/gargie/service/install/py_parameter:/home/gargie/key_ws/install/key1_pkg:/opt/ros/humble /usr/bin/cmake --install /home/gargie/interfaces/build/cpp_eventhandle
[41.413s] -- Install configuration: ""
[41.413s] -- Installing: /home/gargie/interfaces/install/cpp_eventhandle/lib/cpp_eventhandle/parameter
[41.431s] -- Set runtime path of "/home/gargie/interfaces/install/cpp_eventhandle/lib/cpp_eventhandle/parameter" to ""
[41.432s] -- Installing: /home/gargie/interfaces/install/cpp_eventhandle/share/ament_index/resource_index/package_run_dependencies/cpp_eventhandle
[41.433s] -- Installing: /home/gargie/interfaces/install/cpp_eventhandle/share/ament_index/resource_index/parent_prefix_path/cpp_eventhandle
[41.434s] -- Installing: /home/gargie/interfaces/install/cpp_eventhandle/share/cpp_eventhandle/environment/ament_prefix_path.sh
[41.435s] -- Installing: /home/gargie/interfaces/install/cpp_eventhandle/share/cpp_eventhandle/environment/ament_prefix_path.dsv
[41.436s] -- Installing: /home/gargie/interfaces/install/cpp_eventhandle/share/cpp_eventhandle/environment/path.sh
[41.437s] -- Installing: /home/gargie/interfaces/install/cpp_eventhandle/share/cpp_eventhandle/environment/path.dsv
[41.437s] -- Installing: /home/gargie/interfaces/install/cpp_eventhandle/share/cpp_eventhandle/local_setup.bash
[41.438s] -- Installing: /home/gargie/interfaces/install/cpp_eventhandle/share/cpp_eventhandle/local_setup.sh
[41.439s] -- Installing: /home/gargie/interfaces/install/cpp_eventhandle/share/cpp_eventhandle/local_setup.zsh
[41.440s] -- Installing: /home/gargie/interfaces/install/cpp_eventhandle/share/cpp_eventhandle/local_setup.dsv
[41.440s] -- Installing: /home/gargie/interfaces/install/cpp_eventhandle/share/cpp_eventhandle/package.dsv
[41.441s] -- Installing: /home/gargie/interfaces/install/cpp_eventhandle/share/ament_index/resource_index/packages/cpp_eventhandle
[41.442s] -- Installing: /home/gargie/interfaces/install/cpp_eventhandle/share/cpp_eventhandle/cmake/cpp_eventhandleConfig.cmake
[41.442s] -- Installing: /home/gargie/interfaces/install/cpp_eventhandle/share/cpp_eventhandle/cmake/cpp_eventhandleConfig-version.cmake
[41.443s] -- Installing: /home/gargie/interfaces/install/cpp_eventhandle/share/cpp_eventhandle/package.xml
[41.451s] Invoked command in '/home/gargie/interfaces/build/cpp_eventhandle' returned '0': CMAKE_PREFIX_PATH=${CMAKE_PREFIX_PATH}:/home/gargie/service/install/py_srvcli:/home/gargie/service/install/py_parameter:/home/gargie/key_ws/install/key1_pkg:/opt/ros/humble /usr/bin/cmake --install /home/gargie/interfaces/build/cpp_eventhandle
