[0.517s] DEBUG:colcon:Command line arguments: ['/usr/bin/colcon', 'build']
[0.518s] DEBUG:colcon:Parsed command line arguments: Namespace(log_base=None, log_level=None, verb_name='build', build_base='build', install_base='install', merge_install=False, symlink_install=False, test_result_base=None, continue_on_error=False, executor='parallel', parallel_workers=4, event_handlers=None, ignore_user_meta=False, metas=['./colcon.meta'], base_paths=['.'], packages_ignore=None, packages_ignore_regex=None, paths=None, packages_up_to=None, packages_up_to_regex=None, packages_above=None, packages_above_and_dependencies=None, packages_above_depth=None, packages_select_by_dep=None, packages_skip_by_dep=None, packages_skip_up_to=None, packages_select_build_failed=False, packages_skip_build_finished=False, packages_select_test_failures=False, packages_skip_test_passed=False, packages_select=None, packages_skip=None, packages_select_regex=None, packages_skip_regex=None, packages_start=None, packages_end=None, allow_overriding=[], cmake_args=None, cmake_target=None, cmake_target_skip_unavailable=False, cmake_clean_cache=False, cmake_clean_first=False, cmake_force_configure=False, ament_cmake_args=None, catkin_cmake_args=None, catkin_skip_building_tests=False, mixin_files=None, mixin=None, verb_parser=<colcon_mixin.mixin.mixin_argument.MixinArgumentDecorator object at 0x761170966830>, verb_extension=<colcon_core.verb.build.BuildVerb object at 0x761170966380>, main=<bound method BuildVerb.main of <colcon_core.verb.build.BuildVerb object at 0x761170966380>>, mixin_verb=('build',))
[1.339s] Level 1:colcon.colcon_core.package_discovery:discover_packages(colcon_meta) check parameters
[1.339s] Level 1:colcon.colcon_core.package_discovery:discover_packages(recursive) check parameters
[1.340s] Level 1:colcon.colcon_core.package_discovery:discover_packages(ignore) check parameters
[1.340s] Level 1:colcon.colcon_core.package_discovery:discover_packages(path) check parameters
[1.340s] Level 1:colcon.colcon_core.package_discovery:discover_packages(colcon_meta) discover
[1.340s] Level 1:colcon.colcon_core.package_discovery:discover_packages(recursive) discover
[1.340s] INFO:colcon.colcon_core.package_discovery:Crawling recursively for packages in '/home/gargie/service'
[1.341s] Level 1:colcon.colcon_core.package_identification:_identify(.) by extensions ['ignore', 'ignore_ament_install']
[1.341s] Level 1:colcon.colcon_core.package_identification:_identify(.) by extension 'ignore'
[1.341s] Level 1:colcon.colcon_core.package_identification:_identify(.) by extension 'ignore_ament_install'
[1.342s] Level 1:colcon.colcon_core.package_identification:_identify(.) by extensions ['colcon_pkg']
[1.342s] Level 1:colcon.colcon_core.package_identification:_identify(.) by extension 'colcon_pkg'
[1.342s] Level 1:colcon.colcon_core.package_identification:_identify(.) by extensions ['colcon_meta']
[1.342s] Level 1:colcon.colcon_core.package_identification:_identify(.) by extension 'colcon_meta'
[1.342s] Level 1:colcon.colcon_core.package_identification:_identify(.) by extensions ['ros']
[1.342s] Level 1:colcon.colcon_core.package_identification:_identify(.) by extension 'ros'
[1.392s] Level 1:colcon.colcon_core.package_identification:_identify(.) by extensions ['cmake', 'python']
[1.392s] Level 1:colcon.colcon_core.package_identification:_identify(.) by extension 'cmake'
[1.392s] Level 1:colcon.colcon_core.package_identification:_identify(.) by extension 'python'
[1.393s] Level 1:colcon.colcon_core.package_identification:_identify(.) by extensions ['python_setup_py']
[1.393s] Level 1:colcon.colcon_core.package_identification:_identify(.) by extension 'python_setup_py'
[1.393s] Level 1:colcon.colcon_core.package_identification:_identify(build) by extensions ['ignore', 'ignore_ament_install']
[1.394s] Level 1:colcon.colcon_core.package_identification:_identify(build) by extension 'ignore'
[1.394s] Level 1:colcon.colcon_core.package_identification:_identify(build) ignored
[1.394s] Level 1:colcon.colcon_core.package_identification:_identify(install) by extensions ['ignore', 'ignore_ament_install']
[1.395s] Level 1:colcon.colcon_core.package_identification:_identify(install) by extension 'ignore'
[1.395s] Level 1:colcon.colcon_core.package_identification:_identify(install) ignored
[1.396s] Level 1:colcon.colcon_core.package_identification:_identify(log) by extensions ['ignore', 'ignore_ament_install']
[1.396s] Level 1:colcon.colcon_core.package_identification:_identify(log) by extension 'ignore'
[1.396s] Level 1:colcon.colcon_core.package_identification:_identify(log) ignored
[1.397s] Level 1:colcon.colcon_core.package_identification:_identify(src) by extensions ['ignore', 'ignore_ament_install']
[1.397s] Level 1:colcon.colcon_core.package_identification:_identify(src) by extension 'ignore'
[1.397s] Level 1:colcon.colcon_core.package_identification:_identify(src) by extension 'ignore_ament_install'
[1.397s] Level 1:colcon.colcon_core.package_identification:_identify(src) by extensions ['colcon_pkg']
[1.398s] Level 1:colcon.colcon_core.package_identification:_identify(src) by extension 'colcon_pkg'
[1.398s] Level 1:colcon.colcon_core.package_identification:_identify(src) by extensions ['colcon_meta']
[1.398s] Level 1:colcon.colcon_core.package_identification:_identify(src) by extension 'colcon_meta'
[1.398s] Level 1:colcon.colcon_core.package_identification:_identify(src) by extensions ['ros']
[1.398s] Level 1:colcon.colcon_core.package_identification:_identify(src) by extension 'ros'
[1.399s] Level 1:colcon.colcon_core.package_identification:_identify(src) by extensions ['cmake', 'python']
[1.399s] Level 1:colcon.colcon_core.package_identification:_identify(src) by extension 'cmake'
[1.399s] Level 1:colcon.colcon_core.package_identification:_identify(src) by extension 'python'
[1.399s] Level 1:colcon.colcon_core.package_identification:_identify(src) by extensions ['python_setup_py']
[1.399s] Level 1:colcon.colcon_core.package_identification:_identify(src) by extension 'python_setup_py'
[1.400s] Level 1:colcon.colcon_core.package_identification:_identify(src/cpp_parameter) by extensions ['ignore', 'ignore_ament_install']
[1.400s] Level 1:colcon.colcon_core.package_identification:_identify(src/cpp_parameter) by extension 'ignore'
[1.400s] Level 1:colcon.colcon_core.package_identification:_identify(src/cpp_parameter) by extension 'ignore_ament_install'
[1.400s] Level 1:colcon.colcon_core.package_identification:_identify(src/cpp_parameter) by extensions ['colcon_pkg']
[1.401s] Level 1:colcon.colcon_core.package_identification:_identify(src/cpp_parameter) by extension 'colcon_pkg'
[1.401s] Level 1:colcon.colcon_core.package_identification:_identify(src/cpp_parameter) by extensions ['colcon_meta']
[1.401s] Level 1:colcon.colcon_core.package_identification:_identify(src/cpp_parameter) by extension 'colcon_meta'
[1.401s] Level 1:colcon.colcon_core.package_identification:_identify(src/cpp_parameter) by extensions ['ros']
[1.401s] Level 1:colcon.colcon_core.package_identification:_identify(src/cpp_parameter) by extension 'ros'
[1.411s] DEBUG:colcon.colcon_core.package_identification:Package 'src/cpp_parameter' with type 'ros.ament_cmake' and name 'cpp_parameter'
[1.412s] Level 1:colcon.colcon_core.package_identification:_identify(src/cpp_srvcli) by extensions ['ignore', 'ignore_ament_install']
[1.412s] Level 1:colcon.colcon_core.package_identification:_identify(src/cpp_srvcli) by extension 'ignore'
[1.413s] Level 1:colcon.colcon_core.package_identification:_identify(src/cpp_srvcli) by extension 'ignore_ament_install'
[1.413s] Level 1:colcon.colcon_core.package_identification:_identify(src/cpp_srvcli) by extensions ['colcon_pkg']
[1.413s] Level 1:colcon.colcon_core.package_identification:_identify(src/cpp_srvcli) by extension 'colcon_pkg'
[1.413s] Level 1:colcon.colcon_core.package_identification:_identify(src/cpp_srvcli) by extensions ['colcon_meta']
[1.413s] Level 1:colcon.colcon_core.package_identification:_identify(src/cpp_srvcli) by extension 'colcon_meta'
[1.414s] Level 1:colcon.colcon_core.package_identification:_identify(src/cpp_srvcli) by extensions ['ros']
[1.414s] Level 1:colcon.colcon_core.package_identification:_identify(src/cpp_srvcli) by extension 'ros'
[1.417s] DEBUG:colcon.colcon_core.package_identification:Package 'src/cpp_srvcli' with type 'ros.ament_cmake' and name 'cpp_srvcli'
[1.417s] Level 1:colcon.colcon_core.package_identification:_identify(src/py_srvcli) by extensions ['ignore', 'ignore_ament_install']
[1.418s] Level 1:colcon.colcon_core.package_identification:_identify(src/py_srvcli) by extension 'ignore'
[1.418s] Level 1:colcon.colcon_core.package_identification:_identify(src/py_srvcli) by extension 'ignore_ament_install'
[1.418s] Level 1:colcon.colcon_core.package_identification:_identify(src/py_srvcli) by extensions ['colcon_pkg']
[1.418s] Level 1:colcon.colcon_core.package_identification:_identify(src/py_srvcli) by extension 'colcon_pkg'
[1.418s] Level 1:colcon.colcon_core.package_identification:_identify(src/py_srvcli) by extensions ['colcon_meta']
[1.419s] Level 1:colcon.colcon_core.package_identification:_identify(src/py_srvcli) by extension 'colcon_meta'
[1.419s] Level 1:colcon.colcon_core.package_identification:_identify(src/py_srvcli) by extensions ['ros']
[1.419s] Level 1:colcon.colcon_core.package_identification:_identify(src/py_srvcli) by extension 'ros'
[1.422s] DEBUG:colcon.colcon_core.package_identification:Package 'src/py_srvcli' with type 'ros.ament_python' and name 'py_srvcli'
[1.422s] Level 1:colcon.colcon_core.package_identification:_identify(src/tutorial_interface) by extensions ['ignore', 'ignore_ament_install']
[1.423s] Level 1:colcon.colcon_core.package_identification:_identify(src/tutorial_interface) by extension 'ignore'
[1.423s] Level 1:colcon.colcon_core.package_identification:_identify(src/tutorial_interface) by extension 'ignore_ament_install'
[1.423s] Level 1:colcon.colcon_core.package_identification:_identify(src/tutorial_interface) by extensions ['colcon_pkg']
[1.423s] Level 1:colcon.colcon_core.package_identification:_identify(src/tutorial_interface) by extension 'colcon_pkg'
[1.424s] Level 1:colcon.colcon_core.package_identification:_identify(src/tutorial_interface) by extensions ['colcon_meta']
[1.424s] Level 1:colcon.colcon_core.package_identification:_identify(src/tutorial_interface) by extension 'colcon_meta'
[1.424s] Level 1:colcon.colcon_core.package_identification:_identify(src/tutorial_interface) by extensions ['ros']
[1.424s] Level 1:colcon.colcon_core.package_identification:_identify(src/tutorial_interface) by extension 'ros'
[1.427s] DEBUG:colcon.colcon_core.package_identification:Package 'src/tutorial_interface' with type 'ros.ament_cmake' and name 'tutorial_interface'
[1.427s] Level 1:colcon.colcon_core.package_discovery:discover_packages(recursive) using defaults
[1.427s] Level 1:colcon.colcon_core.package_discovery:discover_packages(ignore) discover
[1.427s] Level 1:colcon.colcon_core.package_discovery:discover_packages(ignore) using defaults
[1.428s] Level 1:colcon.colcon_core.package_discovery:discover_packages(path) discover
[1.428s] Level 1:colcon.colcon_core.package_discovery:discover_packages(path) using defaults
[1.562s] Level 1:colcon.colcon_core.package_discovery:discover_packages(prefix_path) check parameters
[1.562s] Level 1:colcon.colcon_core.package_discovery:discover_packages(prefix_path) discover
[1.571s] DEBUG:colcon.colcon_installed_package_information.package_discovery:Found 4 installed packages in /home/gargie/service/install
[1.574s] DEBUG:colcon.colcon_installed_package_information.package_discovery:Found 1 installed packages in /home/gargie/project/install
[1.576s] DEBUG:colcon.colcon_installed_package_information.package_discovery:Found 2 installed packages in /home/gargie/key_ws/install
[1.578s] DEBUG:colcon.colcon_installed_package_information.package_discovery:Found 1 installed packages in /home/gargie/chem_ws/install
[1.586s] DEBUG:colcon.colcon_installed_package_information.package_discovery:Found 295 installed packages in /opt/ros/humble
[1.596s] Level 1:colcon.colcon_core.package_discovery:discover_packages(prefix_path) using defaults
[1.805s] Level 5:colcon.colcon_core.verb:set package 'cpp_parameter' build argument 'cmake_args' from command line to 'None'
[1.806s] Level 5:colcon.colcon_core.verb:set package 'cpp_parameter' build argument 'cmake_target' from command line to 'None'
[1.806s] Level 5:colcon.colcon_core.verb:set package 'cpp_parameter' build argument 'cmake_target_skip_unavailable' from command line to 'False'
[1.806s] Level 5:colcon.colcon_core.verb:set package 'cpp_parameter' build argument 'cmake_clean_cache' from command line to 'False'
[1.806s] Level 5:colcon.colcon_core.verb:set package 'cpp_parameter' build argument 'cmake_clean_first' from command line to 'False'
[1.806s] Level 5:colcon.colcon_core.verb:set package 'cpp_parameter' build argument 'cmake_force_configure' from command line to 'False'
[1.806s] Level 5:colcon.colcon_core.verb:set package 'cpp_parameter' build argument 'ament_cmake_args' from command line to 'None'
[1.806s] Level 5:colcon.colcon_core.verb:set package 'cpp_parameter' build argument 'catkin_cmake_args' from command line to 'None'
[1.806s] Level 5:colcon.colcon_core.verb:set package 'cpp_parameter' build argument 'catkin_skip_building_tests' from command line to 'False'
[1.806s] DEBUG:colcon.colcon_core.verb:Building package 'cpp_parameter' with the following arguments: {'ament_cmake_args': None, 'build_base': '/home/gargie/service/build/cpp_parameter', 'catkin_cmake_args': None, 'catkin_skip_building_tests': False, 'cmake_args': None, 'cmake_clean_cache': False, 'cmake_clean_first': False, 'cmake_force_configure': False, 'cmake_target': None, 'cmake_target_skip_unavailable': False, 'install_base': '/home/gargie/service/install/cpp_parameter', 'merge_install': False, 'path': '/home/gargie/service/src/cpp_parameter', 'symlink_install': False, 'test_result_base': None}
[1.808s] Level 5:colcon.colcon_core.verb:set package 'py_srvcli' build argument 'cmake_args' from command line to 'None'
[1.809s] Level 5:colcon.colcon_core.verb:set package 'py_srvcli' build argument 'cmake_target' from command line to 'None'
[1.809s] Level 5:colcon.colcon_core.verb:set package 'py_srvcli' build argument 'cmake_target_skip_unavailable' from command line to 'False'
[1.809s] Level 5:colcon.colcon_core.verb:set package 'py_srvcli' build argument 'cmake_clean_cache' from command line to 'False'
[1.809s] Level 5:colcon.colcon_core.verb:set package 'py_srvcli' build argument 'cmake_clean_first' from command line to 'False'
[1.809s] Level 5:colcon.colcon_core.verb:set package 'py_srvcli' build argument 'cmake_force_configure' from command line to 'False'
[1.809s] Level 5:colcon.colcon_core.verb:set package 'py_srvcli' build argument 'ament_cmake_args' from command line to 'None'
[1.809s] Level 5:colcon.colcon_core.verb:set package 'py_srvcli' build argument 'catkin_cmake_args' from command line to 'None'
[1.809s] Level 5:colcon.colcon_core.verb:set package 'py_srvcli' build argument 'catkin_skip_building_tests' from command line to 'False'
[1.810s] DEBUG:colcon.colcon_core.verb:Building package 'py_srvcli' with the following arguments: {'ament_cmake_args': None, 'build_base': '/home/gargie/service/build/py_srvcli', 'catkin_cmake_args': None, 'catkin_skip_building_tests': False, 'cmake_args': None, 'cmake_clean_cache': False, 'cmake_clean_first': False, 'cmake_force_configure': False, 'cmake_target': None, 'cmake_target_skip_unavailable': False, 'install_base': '/home/gargie/service/install/py_srvcli', 'merge_install': False, 'path': '/home/gargie/service/src/py_srvcli', 'symlink_install': False, 'test_result_base': None}
[1.811s] Level 5:colcon.colcon_core.verb:set package 'tutorial_interface' build argument 'cmake_args' from command line to 'None'
[1.812s] Level 5:colcon.colcon_core.verb:set package 'tutorial_interface' build argument 'cmake_target' from command line to 'None'
[1.812s] Level 5:colcon.colcon_core.verb:set package 'tutorial_interface' build argument 'cmake_target_skip_unavailable' from command line to 'False'
[1.812s] Level 5:colcon.colcon_core.verb:set package 'tutorial_interface' build argument 'cmake_clean_cache' from command line to 'False'
[1.812s] Level 5:colcon.colcon_core.verb:set package 'tutorial_interface' build argument 'cmake_clean_first' from command line to 'False'
[1.812s] Level 5:colcon.colcon_core.verb:set package 'tutorial_interface' build argument 'cmake_force_configure' from command line to 'False'
[1.812s] Level 5:colcon.colcon_core.verb:set package 'tutorial_interface' build argument 'ament_cmake_args' from command line to 'None'
[1.812s] Level 5:colcon.colcon_core.verb:set package 'tutorial_interface' build argument 'catkin_cmake_args' from command line to 'None'
[1.812s] Level 5:colcon.colcon_core.verb:set package 'tutorial_interface' build argument 'catkin_skip_building_tests' from command line to 'False'
[1.813s] DEBUG:colcon.colcon_core.verb:Building package 'tutorial_interface' with the following arguments: {'ament_cmake_args': None, 'build_base': '/home/gargie/service/build/tutorial_interface', 'catkin_cmake_args': None, 'catkin_skip_building_tests': False, 'cmake_args': None, 'cmake_clean_cache': False, 'cmake_clean_first': False, 'cmake_force_configure': False, 'cmake_target': None, 'cmake_target_skip_unavailable': False, 'install_base': '/home/gargie/service/install/tutorial_interface', 'merge_install': False, 'path': '/home/gargie/service/src/tutorial_interface', 'symlink_install': False, 'test_result_base': None}
[1.814s] Level 5:colcon.colcon_core.verb:set package 'cpp_srvcli' build argument 'cmake_args' from command line to 'None'
[1.815s] Level 5:colcon.colcon_core.verb:set package 'cpp_srvcli' build argument 'cmake_target' from command line to 'None'
[1.815s] Level 5:colcon.colcon_core.verb:set package 'cpp_srvcli' build argument 'cmake_target_skip_unavailable' from command line to 'False'
[1.815s] Level 5:colcon.colcon_core.verb:set package 'cpp_srvcli' build argument 'cmake_clean_cache' from command line to 'False'
[1.815s] Level 5:colcon.colcon_core.verb:set package 'cpp_srvcli' build argument 'cmake_clean_first' from command line to 'False'
[1.815s] Level 5:colcon.colcon_core.verb:set package 'cpp_srvcli' build argument 'cmake_force_configure' from command line to 'False'
[1.815s] Level 5:colcon.colcon_core.verb:set package 'cpp_srvcli' build argument 'ament_cmake_args' from command line to 'None'
[1.815s] Level 5:colcon.colcon_core.verb:set package 'cpp_srvcli' build argument 'catkin_cmake_args' from command line to 'None'
[1.815s] Level 5:colcon.colcon_core.verb:set package 'cpp_srvcli' build argument 'catkin_skip_building_tests' from command line to 'False'
[1.815s] DEBUG:colcon.colcon_core.verb:Building package 'cpp_srvcli' with the following arguments: {'ament_cmake_args': None, 'build_base': '/home/gargie/service/build/cpp_srvcli', 'catkin_cmake_args': None, 'catkin_skip_building_tests': False, 'cmake_args': None, 'cmake_clean_cache': False, 'cmake_clean_first': False, 'cmake_force_configure': False, 'cmake_target': None, 'cmake_target_skip_unavailable': False, 'install_base': '/home/gargie/service/install/cpp_srvcli', 'merge_install': False, 'path': '/home/gargie/service/src/cpp_srvcli', 'symlink_install': False, 'test_result_base': None}
[1.816s] INFO:colcon.colcon_core.executor:Executing jobs using 'parallel' executor
[1.820s] DEBUG:colcon.colcon_parallel_executor.executor.parallel:run_until_complete
[1.821s] INFO:colcon.colcon_ros.task.ament_cmake.build:Building ROS package in '/home/gargie/service/src/tutorial_interface' with build type 'ament_cmake'
[1.822s] INFO:colcon.colcon_cmake.task.cmake.build:Building CMake package in '/home/gargie/service/src/tutorial_interface'
[1.833s] INFO:colcon.colcon_core.plugin_system:Skipping extension 'colcon_core.shell.bat': Not used on non-Windows systems
[1.834s] INFO:colcon.colcon_core.shell:Skip shell extension 'powershell' for command environment: Not usable outside of PowerShell
[1.834s] DEBUG:colcon.colcon_core.shell:Skip shell extension 'dsv' for command environment
[1.858s] INFO:colcon.colcon_ros.task.ament_cmake.build:Building ROS package in '/home/gargie/service/src/cpp_parameter' with build type 'ament_cmake'
[1.859s] INFO:colcon.colcon_cmake.task.cmake.build:Building CMake package in '/home/gargie/service/src/cpp_parameter'
[1.860s] INFO:colcon.colcon_core.shell:Skip shell extension 'powershell' for command environment: Not usable outside of PowerShell
[1.861s] DEBUG:colcon.colcon_core.shell:Skip shell extension 'dsv' for command environment
[1.886s] INFO:colcon.colcon_ros.task.ament_python.build:Building ROS package in '/home/gargie/service/src/py_srvcli' with build type 'ament_python'
[1.887s] Level 1:colcon.colcon_core.shell:create_environment_hook('py_srvcli', 'ament_prefix_path')
[1.888s] INFO:colcon.colcon_core.shell:Creating environment hook '/home/gargie/service/install/py_srvcli/share/py_srvcli/hook/ament_prefix_path.ps1'
[1.891s] INFO:colcon.colcon_core.shell:Creating environment descriptor '/home/gargie/service/install/py_srvcli/share/py_srvcli/hook/ament_prefix_path.dsv'
[1.894s] INFO:colcon.colcon_core.shell:Creating environment hook '/home/gargie/service/install/py_srvcli/share/py_srvcli/hook/ament_prefix_path.sh'
[1.898s] INFO:colcon.colcon_core.shell:Skip shell extension 'powershell' for command environment: Not usable outside of PowerShell
[1.898s] DEBUG:colcon.colcon_core.shell:Skip shell extension 'dsv' for command environment
[1.945s] DEBUG:colcon.colcon_core.event_handler.log_command:Invoking command in '/home/gargie/service/build/tutorial_interface': CMAKE_PREFIX_PATH=${CMAKE_PREFIX_PATH}:/home/gargie/service/install/py_srvcli:/home/gargie/key_ws/install/key1_pkg:/opt/ros/humble /usr/bin/cmake --build /home/gargie/service/build/tutorial_interface -- -j4 -l4
[1.963s] DEBUG:colcon.colcon_core.event_handler.log_command:Invoking command in '/home/gargie/service/build/cpp_parameter': CMAKE_PREFIX_PATH=${CMAKE_PREFIX_PATH}:/home/gargie/service/install/py_srvcli:/home/gargie/key_ws/install/key1_pkg:/opt/ros/humble /usr/bin/cmake --build /home/gargie/service/build/cpp_parameter -- -j4 -l4
[3.662s] INFO:colcon.colcon_core.task.python.build:Building Python package in '/home/gargie/service/src/py_srvcli'
[3.664s] INFO:colcon.colcon_core.shell:Skip shell extension 'powershell' for command environment: Not usable outside of PowerShell
[3.664s] DEBUG:colcon.colcon_core.shell:Skip shell extension 'dsv' for command environment
[4.277s] DEBUG:colcon.colcon_core.event_handler.log_command:Invoked command in '/home/gargie/service/build/tutorial_interface' returned '0': CMAKE_PREFIX_PATH=${CMAKE_PREFIX_PATH}:/home/gargie/service/install/py_srvcli:/home/gargie/key_ws/install/key1_pkg:/opt/ros/humble /usr/bin/cmake --build /home/gargie/service/build/tutorial_interface -- -j4 -l4
[4.327s] DEBUG:colcon.colcon_core.event_handler.log_command:Invoking command in '/home/gargie/service/build/tutorial_interface': CMAKE_PREFIX_PATH=${CMAKE_PREFIX_PATH}:/home/gargie/service/install/py_srvcli:/home/gargie/key_ws/install/key1_pkg:/opt/ros/humble /usr/bin/cmake --install /home/gargie/service/build/tutorial_interface
[4.661s] Level 1:colcon.colcon_core.environment:create_environment_scripts_only(tutorial_interface)
[4.675s] DEBUG:colcon.colcon_core.event_handler.log_command:Invoked command in '/home/gargie/service/build/tutorial_interface' returned '0': CMAKE_PREFIX_PATH=${CMAKE_PREFIX_PATH}:/home/gargie/service/install/py_srvcli:/home/gargie/key_ws/install/key1_pkg:/opt/ros/humble /usr/bin/cmake --install /home/gargie/service/build/tutorial_interface
[4.687s] Level 1:colcon.colcon_core.environment:checking '/home/gargie/service/install/tutorial_interface' for CMake module files
[4.691s] Level 1:colcon.colcon_core.environment:checking '/home/gargie/service/install/tutorial_interface' for CMake config files
[4.694s] Level 1:colcon.colcon_core.shell:create_environment_hook('tutorial_interface', 'cmake_prefix_path')
[4.696s] INFO:colcon.colcon_core.shell:Creating environment hook '/home/gargie/service/install/tutorial_interface/share/tutorial_interface/hook/cmake_prefix_path.ps1'
[4.699s] INFO:colcon.colcon_core.shell:Creating environment descriptor '/home/gargie/service/install/tutorial_interface/share/tutorial_interface/hook/cmake_prefix_path.dsv'
[4.701s] INFO:colcon.colcon_core.shell:Creating environment hook '/home/gargie/service/install/tutorial_interface/share/tutorial_interface/hook/cmake_prefix_path.sh'
[4.705s] Level 1:colcon.colcon_core.environment:checking '/home/gargie/service/install/tutorial_interface/lib'
[4.707s] Level 1:colcon.colcon_core.shell:create_environment_hook('tutorial_interface', 'ld_library_path_lib')
[4.708s] INFO:colcon.colcon_core.shell:Creating environment hook '/home/gargie/service/install/tutorial_interface/share/tutorial_interface/hook/ld_library_path_lib.ps1'
[4.710s] INFO:colcon.colcon_core.shell:Creating environment descriptor '/home/gargie/service/install/tutorial_interface/share/tutorial_interface/hook/ld_library_path_lib.dsv'
[4.713s] INFO:colcon.colcon_core.shell:Creating environment hook '/home/gargie/service/install/tutorial_interface/share/tutorial_interface/hook/ld_library_path_lib.sh'
[4.715s] Level 1:colcon.colcon_core.environment:checking '/home/gargie/service/install/tutorial_interface/bin'
[4.716s] Level 1:colcon.colcon_core.environment:checking '/home/gargie/service/install/tutorial_interface/lib/pkgconfig/tutorial_interface.pc'
[4.717s] Level 1:colcon.colcon_core.environment:checking '/home/gargie/service/install/tutorial_interface/lib/python3.10/site-packages'
[4.718s] Level 1:colcon.colcon_core.environment:checking '/home/gargie/service/install/tutorial_interface/bin'
[4.720s] INFO:colcon.colcon_core.shell:Creating package script '/home/gargie/service/install/tutorial_interface/share/tutorial_interface/package.ps1'
[4.725s] INFO:colcon.colcon_core.shell:Creating package descriptor '/home/gargie/service/install/tutorial_interface/share/tutorial_interface/package.dsv'
[4.728s] INFO:colcon.colcon_core.shell:Creating package script '/home/gargie/service/install/tutorial_interface/share/tutorial_interface/package.sh'
[4.732s] INFO:colcon.colcon_core.shell:Creating package script '/home/gargie/service/install/tutorial_interface/share/tutorial_interface/package.bash'
[4.737s] INFO:colcon.colcon_core.shell:Creating package script '/home/gargie/service/install/tutorial_interface/share/tutorial_interface/package.zsh'
[4.740s] Level 1:colcon.colcon_core.environment:create_file_with_runtime_dependencies(/home/gargie/service/install/tutorial_interface/share/colcon-core/packages/tutorial_interface)
[4.744s] Level 1:colcon.colcon_core.environment:create_environment_scripts_only(tutorial_interface)
[4.746s] Level 1:colcon.colcon_core.environment:checking '/home/gargie/service/install/tutorial_interface' for CMake module files
[4.751s] Level 1:colcon.colcon_core.environment:checking '/home/gargie/service/install/tutorial_interface' for CMake config files
[4.754s] Level 1:colcon.colcon_core.shell:create_environment_hook('tutorial_interface', 'cmake_prefix_path')
[4.755s] INFO:colcon.colcon_core.shell:Creating environment hook '/home/gargie/service/install/tutorial_interface/share/tutorial_interface/hook/cmake_prefix_path.ps1'
[4.758s] INFO:colcon.colcon_core.shell:Creating environment descriptor '/home/gargie/service/install/tutorial_interface/share/tutorial_interface/hook/cmake_prefix_path.dsv'
[4.761s] INFO:colcon.colcon_core.shell:Creating environment hook '/home/gargie/service/install/tutorial_interface/share/tutorial_interface/hook/cmake_prefix_path.sh'
[4.764s] Level 1:colcon.colcon_core.environment:checking '/home/gargie/service/install/tutorial_interface/lib'
[4.765s] Level 1:colcon.colcon_core.shell:create_environment_hook('tutorial_interface', 'ld_library_path_lib')
[4.766s] INFO:colcon.colcon_core.shell:Creating environment hook '/home/gargie/service/install/tutorial_interface/share/tutorial_interface/hook/ld_library_path_lib.ps1'
[4.769s] INFO:colcon.colcon_core.shell:Creating environment descriptor '/home/gargie/service/install/tutorial_interface/share/tutorial_interface/hook/ld_library_path_lib.dsv'
[4.771s] INFO:colcon.colcon_core.shell:Creating environment hook '/home/gargie/service/install/tutorial_interface/share/tutorial_interface/hook/ld_library_path_lib.sh'
[4.774s] Level 1:colcon.colcon_core.environment:checking '/home/gargie/service/install/tutorial_interface/bin'
[4.775s] Level 1:colcon.colcon_core.environment:checking '/home/gargie/service/install/tutorial_interface/lib/pkgconfig/tutorial_interface.pc'
[4.776s] Level 1:colcon.colcon_core.environment:checking '/home/gargie/service/install/tutorial_interface/lib/python3.10/site-packages'
[4.778s] Level 1:colcon.colcon_core.environment:checking '/home/gargie/service/install/tutorial_interface/bin'
[4.780s] INFO:colcon.colcon_core.shell:Creating package script '/home/gargie/service/install/tutorial_interface/share/tutorial_interface/package.ps1'
[4.784s] INFO:colcon.colcon_core.shell:Creating package descriptor '/home/gargie/service/install/tutorial_interface/share/tutorial_interface/package.dsv'
[4.788s] INFO:colcon.colcon_core.shell:Creating package script '/home/gargie/service/install/tutorial_interface/share/tutorial_interface/package.sh'
[4.791s] INFO:colcon.colcon_core.shell:Creating package script '/home/gargie/service/install/tutorial_interface/share/tutorial_interface/package.bash'
[4.794s] INFO:colcon.colcon_core.shell:Creating package script '/home/gargie/service/install/tutorial_interface/share/tutorial_interface/package.zsh'
[4.797s] Level 1:colcon.colcon_core.environment:create_file_with_runtime_dependencies(/home/gargie/service/install/tutorial_interface/share/colcon-core/packages/tutorial_interface)
[4.801s] INFO:colcon.colcon_ros.task.ament_cmake.build:Building ROS package in '/home/gargie/service/src/cpp_srvcli' with build type 'ament_cmake'
[4.802s] INFO:colcon.colcon_cmake.task.cmake.build:Building CMake package in '/home/gargie/service/src/cpp_srvcli'
[4.803s] INFO:colcon.colcon_core.shell:Skip shell extension 'powershell' for command environment: Not usable outside of PowerShell
[4.804s] DEBUG:colcon.colcon_core.shell:Skip shell extension 'dsv' for command environment
[4.874s] DEBUG:colcon.colcon_core.event_handler.log_command:Invoking command in '/home/gargie/service/build/cpp_srvcli': CMAKE_PREFIX_PATH=/home/gargie/service/install/tutorial_interface:/home/gargie/service/install/cpp_srvcli:/home/gargie/service/install/cpp_parameter:/home/gargie/key_ws/install/key_pkg:/home/gargie/project/install/project_pkg:/home/gargie/service/install/py_srvcli:/home/gargie/key_ws/install/key1_pkg:/opt/ros/humble /usr/bin/cmake --build /home/gargie/service/build/cpp_srvcli -- -j4 -l4
[5.210s] DEBUG:colcon.colcon_core.event_handler.log_command:Invoked command in '/home/gargie/service/build/cpp_srvcli' returned '0': CMAKE_PREFIX_PATH=/home/gargie/service/install/tutorial_interface:/home/gargie/service/install/cpp_srvcli:/home/gargie/service/install/cpp_parameter:/home/gargie/key_ws/install/key_pkg:/home/gargie/project/install/project_pkg:/home/gargie/service/install/py_srvcli:/home/gargie/key_ws/install/key1_pkg:/opt/ros/humble /usr/bin/cmake --build /home/gargie/service/build/cpp_srvcli -- -j4 -l4
[5.213s] DEBUG:colcon.colcon_core.event_handler.log_command:Invoking command in '/home/gargie/service/build/cpp_srvcli': CMAKE_PREFIX_PATH=/home/gargie/service/install/tutorial_interface:/home/gargie/service/install/cpp_srvcli:/home/gargie/service/install/cpp_parameter:/home/gargie/key_ws/install/key_pkg:/home/gargie/project/install/project_pkg:/home/gargie/service/install/py_srvcli:/home/gargie/key_ws/install/key1_pkg:/opt/ros/humble /usr/bin/cmake --install /home/gargie/service/build/cpp_srvcli
[5.267s] Level 1:colcon.colcon_core.environment:create_environment_scripts_only(cpp_srvcli)
[5.268s] Level 1:colcon.colcon_core.environment:checking '/home/gargie/service/install/cpp_srvcli' for CMake module files
[5.276s] DEBUG:colcon.colcon_core.event_handler.log_command:Invoked command in '/home/gargie/service/build/cpp_srvcli' returned '0': CMAKE_PREFIX_PATH=/home/gargie/service/install/tutorial_interface:/home/gargie/service/install/cpp_srvcli:/home/gargie/service/install/cpp_parameter:/home/gargie/key_ws/install/key_pkg:/home/gargie/project/install/project_pkg:/home/gargie/service/install/py_srvcli:/home/gargie/key_ws/install/key1_pkg:/opt/ros/humble /usr/bin/cmake --install /home/gargie/service/build/cpp_srvcli
[5.278s] Level 1:colcon.colcon_core.environment:checking '/home/gargie/service/install/cpp_srvcli' for CMake config files
[5.280s] Level 1:colcon.colcon_core.shell:create_environment_hook('cpp_srvcli', 'cmake_prefix_path')
[5.287s] INFO:colcon.colcon_core.shell:Creating environment hook '/home/gargie/service/install/cpp_srvcli/share/cpp_srvcli/hook/cmake_prefix_path.ps1'
[5.291s] INFO:colcon.colcon_core.shell:Creating environment descriptor '/home/gargie/service/install/cpp_srvcli/share/cpp_srvcli/hook/cmake_prefix_path.dsv'
[5.294s] INFO:colcon.colcon_core.shell:Creating environment hook '/home/gargie/service/install/cpp_srvcli/share/cpp_srvcli/hook/cmake_prefix_path.sh'
[5.299s] Level 1:colcon.colcon_core.environment:checking '/home/gargie/service/install/cpp_srvcli/lib'
[5.299s] Level 1:colcon.colcon_core.environment:checking '/home/gargie/service/install/cpp_srvcli/bin'
[5.300s] Level 1:colcon.colcon_core.environment:checking '/home/gargie/service/install/cpp_srvcli/lib/pkgconfig/cpp_srvcli.pc'
[5.301s] Level 1:colcon.colcon_core.environment:checking '/home/gargie/service/install/cpp_srvcli/lib/python3.10/site-packages'
[5.302s] Level 1:colcon.colcon_core.environment:checking '/home/gargie/service/install/cpp_srvcli/bin'
[5.304s] INFO:colcon.colcon_core.shell:Creating package script '/home/gargie/service/install/cpp_srvcli/share/cpp_srvcli/package.ps1'
[5.307s] INFO:colcon.colcon_core.shell:Creating package descriptor '/home/gargie/service/install/cpp_srvcli/share/cpp_srvcli/package.dsv'
[5.309s] INFO:colcon.colcon_core.shell:Creating package script '/home/gargie/service/install/cpp_srvcli/share/cpp_srvcli/package.sh'
[5.312s] INFO:colcon.colcon_core.shell:Creating package script '/home/gargie/service/install/cpp_srvcli/share/cpp_srvcli/package.bash'
[5.315s] INFO:colcon.colcon_core.shell:Creating package script '/home/gargie/service/install/cpp_srvcli/share/cpp_srvcli/package.zsh'
[5.317s] Level 1:colcon.colcon_core.environment:create_file_with_runtime_dependencies(/home/gargie/service/install/cpp_srvcli/share/colcon-core/packages/cpp_srvcli)
[5.321s] Level 1:colcon.colcon_core.environment:create_environment_scripts_only(cpp_srvcli)
[5.322s] Level 1:colcon.colcon_core.environment:checking '/home/gargie/service/install/cpp_srvcli' for CMake module files
[5.326s] Level 1:colcon.colcon_core.environment:checking '/home/gargie/service/install/cpp_srvcli' for CMake config files
[5.327s] Level 1:colcon.colcon_core.shell:create_environment_hook('cpp_srvcli', 'cmake_prefix_path')
[5.329s] INFO:colcon.colcon_core.shell:Creating environment hook '/home/gargie/service/install/cpp_srvcli/share/cpp_srvcli/hook/cmake_prefix_path.ps1'
[5.332s] INFO:colcon.colcon_core.shell:Creating environment descriptor '/home/gargie/service/install/cpp_srvcli/share/cpp_srvcli/hook/cmake_prefix_path.dsv'
[5.334s] INFO:colcon.colcon_core.shell:Creating environment hook '/home/gargie/service/install/cpp_srvcli/share/cpp_srvcli/hook/cmake_prefix_path.sh'
[5.338s] Level 1:colcon.colcon_core.environment:checking '/home/gargie/service/install/cpp_srvcli/lib'
[5.338s] Level 1:colcon.colcon_core.environment:checking '/home/gargie/service/install/cpp_srvcli/bin'
[5.339s] Level 1:colcon.colcon_core.environment:checking '/home/gargie/service/install/cpp_srvcli/lib/pkgconfig/cpp_srvcli.pc'
[5.340s] Level 1:colcon.colcon_core.environment:checking '/home/gargie/service/install/cpp_srvcli/lib/python3.10/site-packages'
[5.341s] Level 1:colcon.colcon_core.environment:checking '/home/gargie/service/install/cpp_srvcli/bin'
[5.343s] INFO:colcon.colcon_core.shell:Creating package script '/home/gargie/service/install/cpp_srvcli/share/cpp_srvcli/package.ps1'
[5.346s] INFO:colcon.colcon_core.shell:Creating package descriptor '/home/gargie/service/install/cpp_srvcli/share/cpp_srvcli/package.dsv'
[5.350s] INFO:colcon.colcon_core.shell:Creating package script '/home/gargie/service/install/cpp_srvcli/share/cpp_srvcli/package.sh'
[5.353s] INFO:colcon.colcon_core.shell:Creating package script '/home/gargie/service/install/cpp_srvcli/share/cpp_srvcli/package.bash'
[5.356s] INFO:colcon.colcon_core.shell:Creating package script '/home/gargie/service/install/cpp_srvcli/share/cpp_srvcli/package.zsh'
[5.360s] Level 1:colcon.colcon_core.environment:create_file_with_runtime_dependencies(/home/gargie/service/install/cpp_srvcli/share/colcon-core/packages/cpp_srvcli)
[5.581s] DEBUG:colcon.colcon_core.event_handler.log_command:Invoking command in '/home/gargie/service/src/py_srvcli': PYTHONPATH=/home/gargie/service/build/py_srvcli/prefix_override:/usr/lib/python3/dist-packages/colcon_core/task/python/colcon_distutils_commands:/home/gargie/service/install/py_srvcli/lib/python3.10/site-packages:${PYTHONPATH} /usr/bin/python3 -W ignore:setup.py install is deprecated -W ignore:easy_install command is deprecated setup.py egg_info --egg-base ../../build/py_srvcli build --build-base /home/gargie/service/build/py_srvcli/build install --record /home/gargie/service/build/py_srvcli/install.log --single-version-externally-managed install_data
[7.056s] Level 1:colcon.colcon_core.environment:checking '/home/gargie/service/install/py_srvcli' for CMake module files
[7.060s] DEBUG:colcon.colcon_core.event_handler.log_command:Invoked command in '/home/gargie/service/src/py_srvcli' returned '0': PYTHONPATH=/home/gargie/service/build/py_srvcli/prefix_override:/usr/lib/python3/dist-packages/colcon_core/task/python/colcon_distutils_commands:/home/gargie/service/install/py_srvcli/lib/python3.10/site-packages:${PYTHONPATH} /usr/bin/python3 -W ignore:setup.py install is deprecated -W ignore:easy_install command is deprecated setup.py egg_info --egg-base ../../build/py_srvcli build --build-base /home/gargie/service/build/py_srvcli/build install --record /home/gargie/service/build/py_srvcli/install.log --single-version-externally-managed install_data
[7.062s] Level 1:colcon.colcon_core.environment:checking '/home/gargie/service/install/py_srvcli' for CMake config files
[7.065s] Level 1:colcon.colcon_core.environment:checking '/home/gargie/service/install/py_srvcli/lib'
[7.066s] Level 1:colcon.colcon_core.environment:checking '/home/gargie/service/install/py_srvcli/bin'
[7.066s] Level 1:colcon.colcon_core.environment:checking '/home/gargie/service/install/py_srvcli/lib/pkgconfig/py_srvcli.pc'
[7.067s] Level 1:colcon.colcon_core.environment:checking '/home/gargie/service/install/py_srvcli/lib/python3.10/site-packages'
[7.068s] Level 1:colcon.colcon_core.shell:create_environment_hook('py_srvcli', 'pythonpath')
[7.069s] INFO:colcon.colcon_core.shell:Creating environment hook '/home/gargie/service/install/py_srvcli/share/py_srvcli/hook/pythonpath.ps1'
[7.073s] INFO:colcon.colcon_core.shell:Creating environment descriptor '/home/gargie/service/install/py_srvcli/share/py_srvcli/hook/pythonpath.dsv'
[7.077s] INFO:colcon.colcon_core.shell:Creating environment hook '/home/gargie/service/install/py_srvcli/share/py_srvcli/hook/pythonpath.sh'
[7.081s] Level 1:colcon.colcon_core.environment:checking '/home/gargie/service/install/py_srvcli/bin'
[7.081s] Level 1:colcon.colcon_core.environment:create_environment_scripts_only(py_srvcli)
[7.083s] INFO:colcon.colcon_core.shell:Creating package script '/home/gargie/service/install/py_srvcli/share/py_srvcli/package.ps1'
[7.086s] INFO:colcon.colcon_core.shell:Creating package descriptor '/home/gargie/service/install/py_srvcli/share/py_srvcli/package.dsv'
[7.089s] INFO:colcon.colcon_core.shell:Creating package script '/home/gargie/service/install/py_srvcli/share/py_srvcli/package.sh'
[7.092s] INFO:colcon.colcon_core.shell:Creating package script '/home/gargie/service/install/py_srvcli/share/py_srvcli/package.bash'
[7.094s] INFO:colcon.colcon_core.shell:Creating package script '/home/gargie/service/install/py_srvcli/share/py_srvcli/package.zsh'
[7.097s] Level 1:colcon.colcon_core.environment:create_file_with_runtime_dependencies(/home/gargie/service/install/py_srvcli/share/colcon-core/packages/py_srvcli)
[17.105s] DEBUG:colcon.colcon_core.event_handler.log_command:Invoked command in '/home/gargie/service/build/cpp_parameter' returned '2': CMAKE_PREFIX_PATH=${CMAKE_PREFIX_PATH}:/home/gargie/service/install/py_srvcli:/home/gargie/key_ws/install/key1_pkg:/opt/ros/humble /usr/bin/cmake --build /home/gargie/service/build/cpp_parameter -- -j4 -l4
[17.108s] Level 1:colcon.colcon_core.environment:create_environment_scripts_only(cpp_parameter)
[17.109s] Level 1:colcon.colcon_core.environment:checking '/home/gargie/service/install/cpp_parameter' for CMake module files
[17.113s] Level 1:colcon.colcon_core.environment:checking '/home/gargie/service/install/cpp_parameter' for CMake config files
[17.115s] Level 1:colcon.colcon_core.shell:create_environment_hook('cpp_parameter', 'cmake_prefix_path')
[17.117s] INFO:colcon.colcon_core.shell:Creating environment hook '/home/gargie/service/install/cpp_parameter/share/cpp_parameter/hook/cmake_prefix_path.ps1'
[17.119s] INFO:colcon.colcon_core.shell:Creating environment descriptor '/home/gargie/service/install/cpp_parameter/share/cpp_parameter/hook/cmake_prefix_path.dsv'
[17.121s] INFO:colcon.colcon_core.shell:Creating environment hook '/home/gargie/service/install/cpp_parameter/share/cpp_parameter/hook/cmake_prefix_path.sh'
[17.124s] Level 1:colcon.colcon_core.environment:checking '/home/gargie/service/install/cpp_parameter/lib'
[17.125s] Level 1:colcon.colcon_core.environment:checking '/home/gargie/service/install/cpp_parameter/bin'
[17.125s] Level 1:colcon.colcon_core.environment:checking '/home/gargie/service/install/cpp_parameter/lib/pkgconfig/cpp_parameter.pc'
[17.126s] Level 1:colcon.colcon_core.environment:checking '/home/gargie/service/install/cpp_parameter/lib/python3.10/site-packages'
[17.127s] Level 1:colcon.colcon_core.environment:checking '/home/gargie/service/install/cpp_parameter/bin'
[17.129s] INFO:colcon.colcon_core.shell:Creating package script '/home/gargie/service/install/cpp_parameter/share/cpp_parameter/package.ps1'
[17.132s] INFO:colcon.colcon_core.shell:Creating package descriptor '/home/gargie/service/install/cpp_parameter/share/cpp_parameter/package.dsv'
[17.135s] INFO:colcon.colcon_core.shell:Creating package script '/home/gargie/service/install/cpp_parameter/share/cpp_parameter/package.sh'
[17.138s] INFO:colcon.colcon_core.shell:Creating package script '/home/gargie/service/install/cpp_parameter/share/cpp_parameter/package.bash'
[17.140s] INFO:colcon.colcon_core.shell:Creating package script '/home/gargie/service/install/cpp_parameter/share/cpp_parameter/package.zsh'
[17.143s] Level 1:colcon.colcon_core.environment:create_file_with_runtime_dependencies(/home/gargie/service/install/cpp_parameter/share/colcon-core/packages/cpp_parameter)
[17.155s] DEBUG:colcon.colcon_parallel_executor.executor.parallel:closing loop
[17.156s] DEBUG:colcon.colcon_parallel_executor.executor.parallel:loop closed
[17.156s] DEBUG:colcon.colcon_parallel_executor.executor.parallel:run_until_complete finished with '2'
[17.156s] DEBUG:colcon.colcon_core.event_reactor:joining thread
[17.187s] INFO:colcon.colcon_core.plugin_system:Skipping extension 'colcon_notification.desktop_notification.terminal_notifier': Not used on non-Darwin systems
[17.188s] INFO:colcon.colcon_core.plugin_system:Skipping extension 'colcon_notification.desktop_notification.win32': Not used on non-Windows systems
[17.188s] INFO:colcon.colcon_notification.desktop_notification:Sending desktop notification using 'notify2'
[17.296s] DEBUG:colcon.colcon_core.event_reactor:joined thread
[17.298s] INFO:colcon.colcon_core.shell:Creating prefix script '/home/gargie/service/install/local_setup.ps1'
[17.304s] INFO:colcon.colcon_core.shell:Creating prefix util module '/home/gargie/service/install/_local_setup_util_ps1.py'
[17.313s] INFO:colcon.colcon_core.shell:Creating prefix chain script '/home/gargie/service/install/setup.ps1'
[17.323s] INFO:colcon.colcon_core.shell:Creating prefix script '/home/gargie/service/install/local_setup.sh'
[17.326s] INFO:colcon.colcon_core.shell:Creating prefix util module '/home/gargie/service/install/_local_setup_util_sh.py'
[17.330s] INFO:colcon.colcon_core.shell:Creating prefix chain script '/home/gargie/service/install/setup.sh'
[17.339s] INFO:colcon.colcon_core.shell:Creating prefix script '/home/gargie/service/install/local_setup.bash'
[17.342s] INFO:colcon.colcon_core.shell:Creating prefix chain script '/home/gargie/service/install/setup.bash'
[17.350s] INFO:colcon.colcon_core.shell:Creating prefix script '/home/gargie/service/install/local_setup.zsh'
[17.353s] INFO:colcon.colcon_core.shell:Creating prefix chain script '/home/gargie/service/install/setup.zsh'
