[0.268s] [34mcolcon[0m [1;30mDEBUG[0m [32mCommand line arguments: ['/usr/bin/colcon', 'build'][0m
[0.268s] [34mcolcon[0m [1;30mDEBUG[0m [32mParsed command line arguments: Namespace(log_base=None, log_level=None, verb_name='build', build_base='build', install_base='install', merge_install=False, symlink_install=False, test_result_base=None, continue_on_error=False, executor='parallel', parallel_workers=8, event_handlers=None, ignore_user_meta=False, metas=['./colcon.meta'], base_paths=['.'], packages_ignore=None, packages_ignore_regex=None, paths=None, packages_up_to=None, packages_up_to_regex=None, packages_above=None, packages_above_and_dependencies=None, packages_above_depth=None, packages_select_by_dep=None, packages_skip_by_dep=None, packages_skip_up_to=None, packages_select_build_failed=False, packages_skip_build_finished=False, packages_select_test_failures=False, packages_skip_test_passed=False, packages_select=None, packages_skip=None, packages_select_regex=None, packages_skip_regex=None, packages_start=None, packages_end=None, allow_overriding=[], cmake_args=None, cmake_target=None, cmake_target_skip_unavailable=False, cmake_clean_cache=False, cmake_clean_first=False, cmake_force_configure=False, ament_cmake_args=None, catkin_cmake_args=None, catkin_skip_building_tests=False, verb_parser=<colcon_defaults.argument_parser.defaults.DefaultArgumentsDecorator object at 0x70bc99301840>, verb_extension=<colcon_core.verb.build.BuildVerb object at 0x70bc99301270>, main=<bound method BuildVerb.main of <colcon_core.verb.build.BuildVerb object at 0x70bc99301270>>)[0m
[0.821s] [34mcolcon.colcon_core.package_discovery[0m [1;30mLevel 1[0m discover_packages(colcon_meta) check parameters
[0.821s] [34mcolcon.colcon_core.package_discovery[0m [1;30mLevel 1[0m discover_packages(recursive) check parameters
[0.822s] [34mcolcon.colcon_core.package_discovery[0m [1;30mLevel 1[0m discover_packages(ignore) check parameters
[0.822s] [34mcolcon.colcon_core.package_discovery[0m [1;30mLevel 1[0m discover_packages(path) check parameters
[0.822s] [34mcolcon.colcon_core.package_discovery[0m [1;30mLevel 1[0m discover_packages(colcon_meta) discover
[0.822s] [34mcolcon.colcon_core.package_discovery[0m [1;30mLevel 1[0m discover_packages(recursive) discover
[0.822s] [34mcolcon.colcon_core.package_discovery[0m [1;30mINFO[0m Crawling recursively for packages in '/home/nihit/servcli'
[0.822s] [34mcolcon.colcon_core.package_identification[0m [1;30mLevel 1[0m _identify(.) by extensions ['ignore', 'ignore_ament_install']
[0.822s] [34mcolcon.colcon_core.package_identification[0m [1;30mLevel 1[0m _identify(.) by extension 'ignore'
[0.822s] [34mcolcon.colcon_core.package_identification[0m [1;30mLevel 1[0m _identify(.) by extension 'ignore_ament_install'
[0.822s] [34mcolcon.colcon_core.package_identification[0m [1;30mLevel 1[0m _identify(.) by extensions ['colcon_pkg']
[0.823s] [34mcolcon.colcon_core.package_identification[0m [1;30mLevel 1[0m _identify(.) by extension 'colcon_pkg'
[0.823s] [34mcolcon.colcon_core.package_identification[0m [1;30mLevel 1[0m _identify(.) by extensions ['colcon_meta']
[0.823s] [34mcolcon.colcon_core.package_identification[0m [1;30mLevel 1[0m _identify(.) by extension 'colcon_meta'
[0.823s] [34mcolcon.colcon_core.package_identification[0m [1;30mLevel 1[0m _identify(.) by extensions ['ros']
[0.823s] [34mcolcon.colcon_core.package_identification[0m [1;30mLevel 1[0m _identify(.) by extension 'ros'
[0.871s] [34mcolcon.colcon_core.package_identification[0m [1;30mLevel 1[0m _identify(.) by extensions ['cmake', 'python']
[0.871s] [34mcolcon.colcon_core.package_identification[0m [1;30mLevel 1[0m _identify(.) by extension 'cmake'
[0.871s] [34mcolcon.colcon_core.package_identification[0m [1;30mLevel 1[0m _identify(.) by extension 'python'
[0.871s] [34mcolcon.colcon_core.package_identification[0m [1;30mLevel 1[0m _identify(.) by extensions ['python_setup_py']
[0.871s] [34mcolcon.colcon_core.package_identification[0m [1;30mLevel 1[0m _identify(.) by extension 'python_setup_py'
[0.871s] [34mcolcon.colcon_core.package_identification[0m [1;30mLevel 1[0m _identify(build) by extensions ['ignore', 'ignore_ament_install']
[0.872s] [34mcolcon.colcon_core.package_identification[0m [1;30mLevel 1[0m _identify(build) by extension 'ignore'
[0.872s] [34mcolcon.colcon_core.package_identification[0m [1;30mLevel 1[0m _identify(build) ignored
[0.872s] [34mcolcon.colcon_core.package_identification[0m [1;30mLevel 1[0m _identify(install) by extensions ['ignore', 'ignore_ament_install']
[0.872s] [34mcolcon.colcon_core.package_identification[0m [1;30mLevel 1[0m _identify(install) by extension 'ignore'
[0.872s] [34mcolcon.colcon_core.package_identification[0m [1;30mLevel 1[0m _identify(install) ignored
[0.872s] [34mcolcon.colcon_core.package_identification[0m [1;30mLevel 1[0m _identify(log) by extensions ['ignore', 'ignore_ament_install']
[0.873s] [34mcolcon.colcon_core.package_identification[0m [1;30mLevel 1[0m _identify(log) by extension 'ignore'
[0.873s] [34mcolcon.colcon_core.package_identification[0m [1;30mLevel 1[0m _identify(log) ignored
[0.873s] [34mcolcon.colcon_core.package_identification[0m [1;30mLevel 1[0m _identify(src) by extensions ['ignore', 'ignore_ament_install']
[0.873s] [34mcolcon.colcon_core.package_identification[0m [1;30mLevel 1[0m _identify(src) by extension 'ignore'
[0.873s] [34mcolcon.colcon_core.package_identification[0m [1;30mLevel 1[0m _identify(src) by extension 'ignore_ament_install'
[0.873s] [34mcolcon.colcon_core.package_identification[0m [1;30mLevel 1[0m _identify(src) by extensions ['colcon_pkg']
[0.873s] [34mcolcon.colcon_core.package_identification[0m [1;30mLevel 1[0m _identify(src) by extension 'colcon_pkg'
[0.873s] [34mcolcon.colcon_core.package_identification[0m [1;30mLevel 1[0m _identify(src) by extensions ['colcon_meta']
[0.873s] [34mcolcon.colcon_core.package_identification[0m [1;30mLevel 1[0m _identify(src) by extension 'colcon_meta'
[0.873s] [34mcolcon.colcon_core.package_identification[0m [1;30mLevel 1[0m _identify(src) by extensions ['ros']
[0.873s] [34mcolcon.colcon_core.package_identification[0m [1;30mLevel 1[0m _identify(src) by extension 'ros'
[0.874s] [34mcolcon.colcon_core.package_identification[0m [1;30mLevel 1[0m _identify(src) by extensions ['cmake', 'python']
[0.874s] [34mcolcon.colcon_core.package_identification[0m [1;30mLevel 1[0m _identify(src) by extension 'cmake'
[0.874s] [34mcolcon.colcon_core.package_identification[0m [1;30mLevel 1[0m _identify(src) by extension 'python'
[0.874s] [34mcolcon.colcon_core.package_identification[0m [1;30mLevel 1[0m _identify(src) by extensions ['python_setup_py']
[0.874s] [34mcolcon.colcon_core.package_identification[0m [1;30mLevel 1[0m _identify(src) by extension 'python_setup_py'
[0.874s] [34mcolcon.colcon_core.package_identification[0m [1;30mLevel 1[0m _identify(src/action_tutorials_interfaces) by extensions ['ignore', 'ignore_ament_install']
[0.874s] [34mcolcon.colcon_core.package_identification[0m [1;30mLevel 1[0m _identify(src/action_tutorials_interfaces) by extension 'ignore'
[0.874s] [34mcolcon.colcon_core.package_identification[0m [1;30mLevel 1[0m _identify(src/action_tutorials_interfaces) by extension 'ignore_ament_install'
[0.874s] [34mcolcon.colcon_core.package_identification[0m [1;30mLevel 1[0m _identify(src/action_tutorials_interfaces) by extensions ['colcon_pkg']
[0.874s] [34mcolcon.colcon_core.package_identification[0m [1;30mLevel 1[0m _identify(src/action_tutorials_interfaces) by extension 'colcon_pkg'
[0.875s] [34mcolcon.colcon_core.package_identification[0m [1;30mLevel 1[0m _identify(src/action_tutorials_interfaces) by extensions ['colcon_meta']
[0.875s] [34mcolcon.colcon_core.package_identification[0m [1;30mLevel 1[0m _identify(src/action_tutorials_interfaces) by extension 'colcon_meta'
[0.875s] [34mcolcon.colcon_core.package_identification[0m [1;30mLevel 1[0m _identify(src/action_tutorials_interfaces) by extensions ['ros']
[0.875s] [34mcolcon.colcon_core.package_identification[0m [1;30mLevel 1[0m _identify(src/action_tutorials_interfaces) by extension 'ros'
[0.881s] [34mcolcon.colcon_core.package_identification[0m [1;30mDEBUG[0m [32mPackage 'src/action_tutorials_interfaces' with type 'ros.ament_cmake' and name 'action_tutorials_interfaces'[0m
[0.882s] [34mcolcon.colcon_core.package_identification[0m [1;30mLevel 1[0m _identify(src/cpp_pubsub) by extensions ['ignore', 'ignore_ament_install']
[0.882s] [34mcolcon.colcon_core.package_identification[0m [1;30mLevel 1[0m _identify(src/cpp_pubsub) by extension 'ignore'
[0.882s] [34mcolcon.colcon_core.package_identification[0m [1;30mLevel 1[0m _identify(src/cpp_pubsub) by extension 'ignore_ament_install'
[0.882s] [34mcolcon.colcon_core.package_identification[0m [1;30mLevel 1[0m _identify(src/cpp_pubsub) by extensions ['colcon_pkg']
[0.882s] [34mcolcon.colcon_core.package_identification[0m [1;30mLevel 1[0m _identify(src/cpp_pubsub) by extension 'colcon_pkg'
[0.882s] [34mcolcon.colcon_core.package_identification[0m [1;30mLevel 1[0m _identify(src/cpp_pubsub) by extensions ['colcon_meta']
[0.882s] [34mcolcon.colcon_core.package_identification[0m [1;30mLevel 1[0m _identify(src/cpp_pubsub) by extension 'colcon_meta'
[0.882s] [34mcolcon.colcon_core.package_identification[0m [1;30mLevel 1[0m _identify(src/cpp_pubsub) by extensions ['ros']
[0.882s] [34mcolcon.colcon_core.package_identification[0m [1;30mLevel 1[0m _identify(src/cpp_pubsub) by extension 'ros'
[0.884s] [34mcolcon.colcon_core.package_identification[0m [1;30mDEBUG[0m [32mPackage 'src/cpp_pubsub' with type 'ros.ament_cmake' and name 'cpp_pubsub'[0m
[0.884s] [34mcolcon.colcon_core.package_identification[0m [1;30mLevel 1[0m _identify(src/py_srvcli) by extensions ['ignore', 'ignore_ament_install']
[0.885s] [34mcolcon.colcon_core.package_identification[0m [1;30mLevel 1[0m _identify(src/py_srvcli) by extension 'ignore'
[0.885s] [34mcolcon.colcon_core.package_identification[0m [1;30mLevel 1[0m _identify(src/py_srvcli) by extension 'ignore_ament_install'
[0.885s] [34mcolcon.colcon_core.package_identification[0m [1;30mLevel 1[0m _identify(src/py_srvcli) by extensions ['colcon_pkg']
[0.885s] [34mcolcon.colcon_core.package_identification[0m [1;30mLevel 1[0m _identify(src/py_srvcli) by extension 'colcon_pkg'
[0.885s] [34mcolcon.colcon_core.package_identification[0m [1;30mLevel 1[0m _identify(src/py_srvcli) by extensions ['colcon_meta']
[0.885s] [34mcolcon.colcon_core.package_identification[0m [1;30mLevel 1[0m _identify(src/py_srvcli) by extension 'colcon_meta'
[0.885s] [34mcolcon.colcon_core.package_identification[0m [1;30mLevel 1[0m _identify(src/py_srvcli) by extensions ['ros']
[0.885s] [34mcolcon.colcon_core.package_identification[0m [1;30mLevel 1[0m _identify(src/py_srvcli) by extension 'ros'
[0.886s] [34mcolcon.colcon_core.package_identification[0m [1;30mDEBUG[0m [32mPackage 'src/py_srvcli' with type 'ros.ament_python' and name 'py_srvcli'[0m
[0.887s] [34mcolcon.colcon_core.package_identification[0m [1;30mLevel 1[0m _identify(src/python_parameters) by extensions ['ignore', 'ignore_ament_install']
[0.887s] [34mcolcon.colcon_core.package_identification[0m [1;30mLevel 1[0m _identify(src/python_parameters) by extension 'ignore'
[0.887s] [34mcolcon.colcon_core.package_identification[0m [1;30mLevel 1[0m _identify(src/python_parameters) by extension 'ignore_ament_install'
[0.887s] [34mcolcon.colcon_core.package_identification[0m [1;30mLevel 1[0m _identify(src/python_parameters) by extensions ['colcon_pkg']
[0.887s] [34mcolcon.colcon_core.package_identification[0m [1;30mLevel 1[0m _identify(src/python_parameters) by extension 'colcon_pkg'
[0.887s] [34mcolcon.colcon_core.package_identification[0m [1;30mLevel 1[0m _identify(src/python_parameters) by extensions ['colcon_meta']
[0.887s] [34mcolcon.colcon_core.package_identification[0m [1;30mLevel 1[0m _identify(src/python_parameters) by extension 'colcon_meta'
[0.887s] [34mcolcon.colcon_core.package_identification[0m [1;30mLevel 1[0m _identify(src/python_parameters) by extensions ['ros']
[0.887s] [34mcolcon.colcon_core.package_identification[0m [1;30mLevel 1[0m _identify(src/python_parameters) by extension 'ros'
[0.888s] [34mcolcon.colcon_core.package_identification[0m [1;30mDEBUG[0m [32mPackage 'src/python_parameters' with type 'ros.ament_python' and name 'python_parameters'[0m
[0.889s] [34mcolcon.colcon_core.package_identification[0m [1;30mLevel 1[0m _identify(src/shapes) by extensions ['ignore', 'ignore_ament_install']
[0.889s] [34mcolcon.colcon_core.package_identification[0m [1;30mLevel 1[0m _identify(src/shapes) by extension 'ignore'
[0.889s] [34mcolcon.colcon_core.package_identification[0m [1;30mLevel 1[0m _identify(src/shapes) by extension 'ignore_ament_install'
[0.889s] [34mcolcon.colcon_core.package_identification[0m [1;30mLevel 1[0m _identify(src/shapes) by extensions ['colcon_pkg']
[0.889s] [34mcolcon.colcon_core.package_identification[0m [1;30mLevel 1[0m _identify(src/shapes) by extension 'colcon_pkg'
[0.889s] [34mcolcon.colcon_core.package_identification[0m [1;30mLevel 1[0m _identify(src/shapes) by extensions ['colcon_meta']
[0.889s] [34mcolcon.colcon_core.package_identification[0m [1;30mLevel 1[0m _identify(src/shapes) by extension 'colcon_meta'
[0.889s] [34mcolcon.colcon_core.package_identification[0m [1;30mLevel 1[0m _identify(src/shapes) by extensions ['ros']
[0.889s] [34mcolcon.colcon_core.package_identification[0m [1;30mLevel 1[0m _identify(src/shapes) by extension 'ros'
[0.891s] [34mcolcon.colcon_core.package_identification[0m [1;30mDEBUG[0m [32mPackage 'src/shapes' with type 'ros.ament_cmake' and name 'shapes'[0m
[0.891s] [34mcolcon.colcon_core.package_identification[0m [1;30mLevel 1[0m _identify(src/turtlebounds) by extensions ['ignore', 'ignore_ament_install']
[0.891s] [34mcolcon.colcon_core.package_identification[0m [1;30mLevel 1[0m _identify(src/turtlebounds) by extension 'ignore'
[0.891s] [34mcolcon.colcon_core.package_identification[0m [1;30mLevel 1[0m _identify(src/turtlebounds) by extension 'ignore_ament_install'
[0.891s] [34mcolcon.colcon_core.package_identification[0m [1;30mLevel 1[0m _identify(src/turtlebounds) by extensions ['colcon_pkg']
[0.891s] [34mcolcon.colcon_core.package_identification[0m [1;30mLevel 1[0m _identify(src/turtlebounds) by extension 'colcon_pkg'
[0.891s] [34mcolcon.colcon_core.package_identification[0m [1;30mLevel 1[0m _identify(src/turtlebounds) by extensions ['colcon_meta']
[0.891s] [34mcolcon.colcon_core.package_identification[0m [1;30mLevel 1[0m _identify(src/turtlebounds) by extension 'colcon_meta'
[0.891s] [34mcolcon.colcon_core.package_identification[0m [1;30mLevel 1[0m _identify(src/turtlebounds) by extensions ['ros']
[0.892s] [34mcolcon.colcon_core.package_identification[0m [1;30mLevel 1[0m _identify(src/turtlebounds) by extension 'ros'
[0.892s] [34mcolcon.colcon_core.package_identification[0m [1;30mDEBUG[0m [32mPackage 'src/turtlebounds' with type 'ros.ament_python' and name 'turtlebounds'[0m
[0.893s] [34mcolcon.colcon_core.package_identification[0m [1;30mLevel 1[0m _identify(src/tutorial_interfaces) by extensions ['ignore', 'ignore_ament_install']
[0.893s] [34mcolcon.colcon_core.package_identification[0m [1;30mLevel 1[0m _identify(src/tutorial_interfaces) by extension 'ignore'
[0.893s] [34mcolcon.colcon_core.package_identification[0m [1;30mLevel 1[0m _identify(src/tutorial_interfaces) by extension 'ignore_ament_install'
[0.893s] [34mcolcon.colcon_core.package_identification[0m [1;30mLevel 1[0m _identify(src/tutorial_interfaces) by extensions ['colcon_pkg']
[0.893s] [34mcolcon.colcon_core.package_identification[0m [1;30mLevel 1[0m _identify(src/tutorial_interfaces) by extension 'colcon_pkg'
[0.893s] [34mcolcon.colcon_core.package_identification[0m [1;30mLevel 1[0m _identify(src/tutorial_interfaces) by extensions ['colcon_meta']
[0.893s] [34mcolcon.colcon_core.package_identification[0m [1;30mLevel 1[0m _identify(src/tutorial_interfaces) by extension 'colcon_meta'
[0.893s] [34mcolcon.colcon_core.package_identification[0m [1;30mLevel 1[0m _identify(src/tutorial_interfaces) by extensions ['ros']
[0.893s] [34mcolcon.colcon_core.package_identification[0m [1;30mLevel 1[0m _identify(src/tutorial_interfaces) by extension 'ros'
[0.895s] [34mcolcon.colcon_core.package_identification[0m [1;30mDEBUG[0m [32mFound ROS schema reference in package manifest in 'src/tutorial_interfaces'[0m
[0.895s] [34mcolcon.colcon_core.package_identification[0m [1;30mWARNING[0m [33mFailed to parse ROS package manifest in 'src/tutorial_interfaces': Error(s) in package 'src/tutorial_interfaces/package.xml':
Error(s):
- The generic dependency on 'action_msgs' is redundant with: build_depend, build_export_depend, exec_depend[0m
[0.895s] [34mcolcon.colcon_core.package_identification[0m [1;30mLevel 1[0m _identify(src/tutorial_interfaces) by extensions ['cmake', 'python']
[0.895s] [34mcolcon.colcon_core.package_identification[0m [1;30mLevel 1[0m _identify(src/tutorial_interfaces) by extension 'cmake'
[0.898s] [34mcolcon.colcon_core.package_identification[0m [1;30mLevel 1[0m _identify(src/tutorial_interfaces) by extension 'python'
[0.898s] [34mcolcon.colcon_core.package_identification[0m [1;30mDEBUG[0m [32mPackage 'src/tutorial_interfaces' with type 'cmake' and name 'tutorial_interfaces'[0m
[0.898s] [34mcolcon.colcon_core.package_discovery[0m [1;30mLevel 1[0m discover_packages(recursive) using defaults
[0.899s] [34mcolcon.colcon_core.package_discovery[0m [1;30mLevel 1[0m discover_packages(ignore) discover
[0.899s] [34mcolcon.colcon_core.package_discovery[0m [1;30mLevel 1[0m discover_packages(ignore) using defaults
[0.899s] [34mcolcon.colcon_core.package_discovery[0m [1;30mLevel 1[0m discover_packages(path) discover
[0.899s] [34mcolcon.colcon_core.package_discovery[0m [1;30mLevel 1[0m discover_packages(path) using defaults
[0.939s] [34mcolcon.colcon_core.package_discovery[0m [1;30mLevel 1[0m discover_packages(prefix_path) check parameters
[0.939s] [34mcolcon.colcon_core.package_discovery[0m [1;30mLevel 1[0m discover_packages(prefix_path) discover
[0.943s] [34mcolcon.colcon_installed_package_information.package_discovery[0m [1;30mDEBUG[0m [32mFound 1 installed packages in /home/nihit/servcli/install[0m
[0.944s] [34mcolcon.colcon_installed_package_information.package_discovery[0m [1;30mDEBUG[0m [32mFound 1 installed packages in /home/nihit/dev_ws/install[0m
[0.946s] [34mcolcon.colcon_installed_package_information.package_discovery[0m [1;30mDEBUG[0m [32mFound 296 installed packages in /opt/ros/humble[0m
[0.949s] [34mcolcon.colcon_core.package_discovery[0m [1;30mLevel 1[0m discover_packages(prefix_path) using defaults
[1.018s] [34mcolcon.colcon_core.package_selection[0m [1;30mWARNING[0m [33mSome selected packages are already built in one or more underlay workspaces:
	'action_tutorials_interfaces' is in: /opt/ros/humble
If a package in a merged underlay workspace is overridden and it installs headers, then all packages in the overlay must sort their include directories by workspace order. Failure to do so may result in build failures or undefined behavior at run time.
If the overridden package is used by another package in any underlay, then the overriding package in the overlay must be API and ABI compatible or undefined behavior at run time may occur.

If you understand the risks and want to override a package anyways, add the following to the command line:
	--allow-overriding action_tutorials_interfaces

This may be promoted to an error in a future release of colcon-override-check.[0m
[1.020s] [34mcolcon.colcon_core.verb[0m [1;30mLevel 5[0m set package 'action_tutorials_interfaces' build argument 'cmake_args' from command line to 'None'
[1.020s] [34mcolcon.colcon_core.verb[0m [1;30mLevel 5[0m set package 'action_tutorials_interfaces' build argument 'cmake_target' from command line to 'None'
[1.020s] [34mcolcon.colcon_core.verb[0m [1;30mLevel 5[0m set package 'action_tutorials_interfaces' build argument 'cmake_target_skip_unavailable' from command line to 'False'
[1.020s] [34mcolcon.colcon_core.verb[0m [1;30mLevel 5[0m set package 'action_tutorials_interfaces' build argument 'cmake_clean_cache' from command line to 'False'
[1.020s] [34mcolcon.colcon_core.verb[0m [1;30mLevel 5[0m set package 'action_tutorials_interfaces' build argument 'cmake_clean_first' from command line to 'False'
[1.020s] [34mcolcon.colcon_core.verb[0m [1;30mLevel 5[0m set package 'action_tutorials_interfaces' build argument 'cmake_force_configure' from command line to 'False'
[1.020s] [34mcolcon.colcon_core.verb[0m [1;30mLevel 5[0m set package 'action_tutorials_interfaces' build argument 'ament_cmake_args' from command line to 'None'
[1.020s] [34mcolcon.colcon_core.verb[0m [1;30mLevel 5[0m set package 'action_tutorials_interfaces' build argument 'catkin_cmake_args' from command line to 'None'
[1.020s] [34mcolcon.colcon_core.verb[0m [1;30mLevel 5[0m set package 'action_tutorials_interfaces' build argument 'catkin_skip_building_tests' from command line to 'False'
[1.020s] [34mcolcon.colcon_core.verb[0m [1;30mDEBUG[0m [32mBuilding package 'action_tutorials_interfaces' with the following arguments: {'ament_cmake_args': None, 'build_base': '/home/nihit/servcli/build/action_tutorials_interfaces', 'catkin_cmake_args': None, 'catkin_skip_building_tests': False, 'cmake_args': None, 'cmake_clean_cache': False, 'cmake_clean_first': False, 'cmake_force_configure': False, 'cmake_target': None, 'cmake_target_skip_unavailable': False, 'install_base': '/home/nihit/servcli/install/action_tutorials_interfaces', 'merge_install': False, 'path': '/home/nihit/servcli/src/action_tutorials_interfaces', 'symlink_install': False, 'test_result_base': None}[0m
[1.021s] [34mcolcon.colcon_core.verb[0m [1;30mLevel 5[0m set package 'cpp_pubsub' build argument 'cmake_args' from command line to 'None'
[1.021s] [34mcolcon.colcon_core.verb[0m [1;30mLevel 5[0m set package 'cpp_pubsub' build argument 'cmake_target' from command line to 'None'
[1.021s] [34mcolcon.colcon_core.verb[0m [1;30mLevel 5[0m set package 'cpp_pubsub' build argument 'cmake_target_skip_unavailable' from command line to 'False'
[1.021s] [34mcolcon.colcon_core.verb[0m [1;30mLevel 5[0m set package 'cpp_pubsub' build argument 'cmake_clean_cache' from command line to 'False'
[1.021s] [34mcolcon.colcon_core.verb[0m [1;30mLevel 5[0m set package 'cpp_pubsub' build argument 'cmake_clean_first' from command line to 'False'
[1.021s] [34mcolcon.colcon_core.verb[0m [1;30mLevel 5[0m set package 'cpp_pubsub' build argument 'cmake_force_configure' from command line to 'False'
[1.021s] [34mcolcon.colcon_core.verb[0m [1;30mLevel 5[0m set package 'cpp_pubsub' build argument 'ament_cmake_args' from command line to 'None'
[1.021s] [34mcolcon.colcon_core.verb[0m [1;30mLevel 5[0m set package 'cpp_pubsub' build argument 'catkin_cmake_args' from command line to 'None'
[1.021s] [34mcolcon.colcon_core.verb[0m [1;30mLevel 5[0m set package 'cpp_pubsub' build argument 'catkin_skip_building_tests' from command line to 'False'
[1.021s] [34mcolcon.colcon_core.verb[0m [1;30mDEBUG[0m [32mBuilding package 'cpp_pubsub' with the following arguments: {'ament_cmake_args': None, 'build_base': '/home/nihit/servcli/build/cpp_pubsub', 'catkin_cmake_args': None, 'catkin_skip_building_tests': False, 'cmake_args': None, 'cmake_clean_cache': False, 'cmake_clean_first': False, 'cmake_force_configure': False, 'cmake_target': None, 'cmake_target_skip_unavailable': False, 'install_base': '/home/nihit/servcli/install/cpp_pubsub', 'merge_install': False, 'path': '/home/nihit/servcli/src/cpp_pubsub', 'symlink_install': False, 'test_result_base': None}[0m
[1.022s] [34mcolcon.colcon_core.verb[0m [1;30mLevel 5[0m set package 'py_srvcli' build argument 'cmake_args' from command line to 'None'
[1.022s] [34mcolcon.colcon_core.verb[0m [1;30mLevel 5[0m set package 'py_srvcli' build argument 'cmake_target' from command line to 'None'
[1.022s] [34mcolcon.colcon_core.verb[0m [1;30mLevel 5[0m set package 'py_srvcli' build argument 'cmake_target_skip_unavailable' from command line to 'False'
[1.022s] [34mcolcon.colcon_core.verb[0m [1;30mLevel 5[0m set package 'py_srvcli' build argument 'cmake_clean_cache' from command line to 'False'
[1.022s] [34mcolcon.colcon_core.verb[0m [1;30mLevel 5[0m set package 'py_srvcli' build argument 'cmake_clean_first' from command line to 'False'
[1.022s] [34mcolcon.colcon_core.verb[0m [1;30mLevel 5[0m set package 'py_srvcli' build argument 'cmake_force_configure' from command line to 'False'
[1.022s] [34mcolcon.colcon_core.verb[0m [1;30mLevel 5[0m set package 'py_srvcli' build argument 'ament_cmake_args' from command line to 'None'
[1.022s] [34mcolcon.colcon_core.verb[0m [1;30mLevel 5[0m set package 'py_srvcli' build argument 'catkin_cmake_args' from command line to 'None'
[1.022s] [34mcolcon.colcon_core.verb[0m [1;30mLevel 5[0m set package 'py_srvcli' build argument 'catkin_skip_building_tests' from command line to 'False'
[1.022s] [34mcolcon.colcon_core.verb[0m [1;30mDEBUG[0m [32mBuilding package 'py_srvcli' with the following arguments: {'ament_cmake_args': None, 'build_base': '/home/nihit/servcli/build/py_srvcli', 'catkin_cmake_args': None, 'catkin_skip_building_tests': False, 'cmake_args': None, 'cmake_clean_cache': False, 'cmake_clean_first': False, 'cmake_force_configure': False, 'cmake_target': None, 'cmake_target_skip_unavailable': False, 'install_base': '/home/nihit/servcli/install/py_srvcli', 'merge_install': False, 'path': '/home/nihit/servcli/src/py_srvcli', 'symlink_install': False, 'test_result_base': None}[0m
[1.023s] [34mcolcon.colcon_core.verb[0m [1;30mLevel 5[0m set package 'python_parameters' build argument 'cmake_args' from command line to 'None'
[1.023s] [34mcolcon.colcon_core.verb[0m [1;30mLevel 5[0m set package 'python_parameters' build argument 'cmake_target' from command line to 'None'
[1.023s] [34mcolcon.colcon_core.verb[0m [1;30mLevel 5[0m set package 'python_parameters' build argument 'cmake_target_skip_unavailable' from command line to 'False'
[1.023s] [34mcolcon.colcon_core.verb[0m [1;30mLevel 5[0m set package 'python_parameters' build argument 'cmake_clean_cache' from command line to 'False'
[1.023s] [34mcolcon.colcon_core.verb[0m [1;30mLevel 5[0m set package 'python_parameters' build argument 'cmake_clean_first' from command line to 'False'
[1.023s] [34mcolcon.colcon_core.verb[0m [1;30mLevel 5[0m set package 'python_parameters' build argument 'cmake_force_configure' from command line to 'False'
[1.023s] [34mcolcon.colcon_core.verb[0m [1;30mLevel 5[0m set package 'python_parameters' build argument 'ament_cmake_args' from command line to 'None'
[1.023s] [34mcolcon.colcon_core.verb[0m [1;30mLevel 5[0m set package 'python_parameters' build argument 'catkin_cmake_args' from command line to 'None'
[1.023s] [34mcolcon.colcon_core.verb[0m [1;30mLevel 5[0m set package 'python_parameters' build argument 'catkin_skip_building_tests' from command line to 'False'
[1.023s] [34mcolcon.colcon_core.verb[0m [1;30mDEBUG[0m [32mBuilding package 'python_parameters' with the following arguments: {'ament_cmake_args': None, 'build_base': '/home/nihit/servcli/build/python_parameters', 'catkin_cmake_args': None, 'catkin_skip_building_tests': False, 'cmake_args': None, 'cmake_clean_cache': False, 'cmake_clean_first': False, 'cmake_force_configure': False, 'cmake_target': None, 'cmake_target_skip_unavailable': False, 'install_base': '/home/nihit/servcli/install/python_parameters', 'merge_install': False, 'path': '/home/nihit/servcli/src/python_parameters', 'symlink_install': False, 'test_result_base': None}[0m
[1.024s] [34mcolcon.colcon_core.verb[0m [1;30mLevel 5[0m set package 'shapes' build argument 'cmake_args' from command line to 'None'
[1.024s] [34mcolcon.colcon_core.verb[0m [1;30mLevel 5[0m set package 'shapes' build argument 'cmake_target' from command line to 'None'
[1.024s] [34mcolcon.colcon_core.verb[0m [1;30mLevel 5[0m set package 'shapes' build argument 'cmake_target_skip_unavailable' from command line to 'False'
[1.024s] [34mcolcon.colcon_core.verb[0m [1;30mLevel 5[0m set package 'shapes' build argument 'cmake_clean_cache' from command line to 'False'
[1.024s] [34mcolcon.colcon_core.verb[0m [1;30mLevel 5[0m set package 'shapes' build argument 'cmake_clean_first' from command line to 'False'
[1.024s] [34mcolcon.colcon_core.verb[0m [1;30mLevel 5[0m set package 'shapes' build argument 'cmake_force_configure' from command line to 'False'
[1.024s] [34mcolcon.colcon_core.verb[0m [1;30mLevel 5[0m set package 'shapes' build argument 'ament_cmake_args' from command line to 'None'
[1.024s] [34mcolcon.colcon_core.verb[0m [1;30mLevel 5[0m set package 'shapes' build argument 'catkin_cmake_args' from command line to 'None'
[1.024s] [34mcolcon.colcon_core.verb[0m [1;30mLevel 5[0m set package 'shapes' build argument 'catkin_skip_building_tests' from command line to 'False'
[1.024s] [34mcolcon.colcon_core.verb[0m [1;30mDEBUG[0m [32mBuilding package 'shapes' with the following arguments: {'ament_cmake_args': None, 'build_base': '/home/nihit/servcli/build/shapes', 'catkin_cmake_args': None, 'catkin_skip_building_tests': False, 'cmake_args': None, 'cmake_clean_cache': False, 'cmake_clean_first': False, 'cmake_force_configure': False, 'cmake_target': None, 'cmake_target_skip_unavailable': False, 'install_base': '/home/nihit/servcli/install/shapes', 'merge_install': False, 'path': '/home/nihit/servcli/src/shapes', 'symlink_install': False, 'test_result_base': None}[0m
[1.025s] [34mcolcon.colcon_core.verb[0m [1;30mLevel 5[0m set package 'turtlebounds' build argument 'cmake_args' from command line to 'None'
[1.025s] [34mcolcon.colcon_core.verb[0m [1;30mLevel 5[0m set package 'turtlebounds' build argument 'cmake_target' from command line to 'None'
[1.025s] [34mcolcon.colcon_core.verb[0m [1;30mLevel 5[0m set package 'turtlebounds' build argument 'cmake_target_skip_unavailable' from command line to 'False'
[1.025s] [34mcolcon.colcon_core.verb[0m [1;30mLevel 5[0m set package 'turtlebounds' build argument 'cmake_clean_cache' from command line to 'False'
[1.025s] [34mcolcon.colcon_core.verb[0m [1;30mLevel 5[0m set package 'turtlebounds' build argument 'cmake_clean_first' from command line to 'False'
[1.025s] [34mcolcon.colcon_core.verb[0m [1;30mLevel 5[0m set package 'turtlebounds' build argument 'cmake_force_configure' from command line to 'False'
[1.025s] [34mcolcon.colcon_core.verb[0m [1;30mLevel 5[0m set package 'turtlebounds' build argument 'ament_cmake_args' from command line to 'None'
[1.025s] [34mcolcon.colcon_core.verb[0m [1;30mLevel 5[0m set package 'turtlebounds' build argument 'catkin_cmake_args' from command line to 'None'
[1.025s] [34mcolcon.colcon_core.verb[0m [1;30mLevel 5[0m set package 'turtlebounds' build argument 'catkin_skip_building_tests' from command line to 'False'
[1.025s] [34mcolcon.colcon_core.verb[0m [1;30mDEBUG[0m [32mBuilding package 'turtlebounds' with the following arguments: {'ament_cmake_args': None, 'build_base': '/home/nihit/servcli/build/turtlebounds', 'catkin_cmake_args': None, 'catkin_skip_building_tests': False, 'cmake_args': None, 'cmake_clean_cache': False, 'cmake_clean_first': False, 'cmake_force_configure': False, 'cmake_target': None, 'cmake_target_skip_unavailable': False, 'install_base': '/home/nihit/servcli/install/turtlebounds', 'merge_install': False, 'path': '/home/nihit/servcli/src/turtlebounds', 'symlink_install': False, 'test_result_base': None}[0m
[1.026s] [34mcolcon.colcon_core.verb[0m [1;30mLevel 5[0m set package 'tutorial_interfaces' build argument 'cmake_args' from command line to 'None'
[1.026s] [34mcolcon.colcon_core.verb[0m [1;30mLevel 5[0m set package 'tutorial_interfaces' build argument 'cmake_target' from command line to 'None'
[1.026s] [34mcolcon.colcon_core.verb[0m [1;30mLevel 5[0m set package 'tutorial_interfaces' build argument 'cmake_target_skip_unavailable' from command line to 'False'
[1.026s] [34mcolcon.colcon_core.verb[0m [1;30mLevel 5[0m set package 'tutorial_interfaces' build argument 'cmake_clean_cache' from command line to 'False'
[1.027s] [34mcolcon.colcon_core.verb[0m [1;30mLevel 5[0m set package 'tutorial_interfaces' build argument 'cmake_clean_first' from command line to 'False'
[1.027s] [34mcolcon.colcon_core.verb[0m [1;30mLevel 5[0m set package 'tutorial_interfaces' build argument 'cmake_force_configure' from command line to 'False'
[1.027s] [34mcolcon.colcon_core.verb[0m [1;30mLevel 5[0m set package 'tutorial_interfaces' build argument 'ament_cmake_args' from command line to 'None'
[1.027s] [34mcolcon.colcon_core.verb[0m [1;30mLevel 5[0m set package 'tutorial_interfaces' build argument 'catkin_cmake_args' from command line to 'None'
[1.027s] [34mcolcon.colcon_core.verb[0m [1;30mLevel 5[0m set package 'tutorial_interfaces' build argument 'catkin_skip_building_tests' from command line to 'False'
[1.027s] [34mcolcon.colcon_core.verb[0m [1;30mDEBUG[0m [32mBuilding package 'tutorial_interfaces' with the following arguments: {'ament_cmake_args': None, 'build_base': '/home/nihit/servcli/build/tutorial_interfaces', 'catkin_cmake_args': None, 'catkin_skip_building_tests': False, 'cmake_args': None, 'cmake_clean_cache': False, 'cmake_clean_first': False, 'cmake_force_configure': False, 'cmake_target': None, 'cmake_target_skip_unavailable': False, 'install_base': '/home/nihit/servcli/install/tutorial_interfaces', 'merge_install': False, 'path': '/home/nihit/servcli/src/tutorial_interfaces', 'symlink_install': False, 'test_result_base': None}[0m
[1.027s] [34mcolcon.colcon_core.executor[0m [1;30mINFO[0m Executing jobs using 'parallel' executor
[1.029s] [34mcolcon.colcon_parallel_executor.executor.parallel[0m [1;30mDEBUG[0m [32mrun_until_complete[0m
[1.029s] [34mcolcon.colcon_ros.task.ament_cmake.build[0m [1;30mINFO[0m Building ROS package in '/home/nihit/servcli/src/action_tutorials_interfaces' with build type 'ament_cmake'
[1.029s] [34mcolcon.colcon_cmake.task.cmake.build[0m [1;30mINFO[0m Building CMake package in '/home/nihit/servcli/src/action_tutorials_interfaces'
[1.035s] [34mcolcon.colcon_core.plugin_system[0m [1;30mINFO[0m Skipping extension 'colcon_core.shell.bat': Not used on non-Windows systems
[1.035s] [34mcolcon.colcon_core.shell[0m [1;30mINFO[0m Skip shell extension 'powershell' for command environment: Not usable outside of PowerShell
[1.035s] [34mcolcon.colcon_core.shell[0m [1;30mDEBUG[0m [32mSkip shell extension 'dsv' for command environment[0m
[1.042s] [34mcolcon.colcon_ros.task.ament_cmake.build[0m [1;30mINFO[0m Building ROS package in '/home/nihit/servcli/src/cpp_pubsub' with build type 'ament_cmake'
[1.042s] [34mcolcon.colcon_cmake.task.cmake.build[0m [1;30mINFO[0m Building CMake package in '/home/nihit/servcli/src/cpp_pubsub'
[1.043s] [34mcolcon.colcon_core.shell[0m [1;30mINFO[0m Skip shell extension 'powershell' for command environment: Not usable outside of PowerShell
[1.043s] [34mcolcon.colcon_core.shell[0m [1;30mDEBUG[0m [32mSkip shell extension 'dsv' for command environment[0m
[1.049s] [34mcolcon.colcon_ros.task.ament_python.build[0m [1;30mINFO[0m Building ROS package in '/home/nihit/servcli/src/py_srvcli' with build type 'ament_python'
[1.049s] [34mcolcon.colcon_core.shell[0m [1;30mLevel 1[0m create_environment_hook('py_srvcli', 'ament_prefix_path')
[1.050s] [34mcolcon.colcon_core.shell[0m [1;30mINFO[0m Creating environment hook '/home/nihit/servcli/install/py_srvcli/share/py_srvcli/hook/ament_prefix_path.ps1'
[1.051s] [34mcolcon.colcon_core.shell[0m [1;30mINFO[0m Creating environment descriptor '/home/nihit/servcli/install/py_srvcli/share/py_srvcli/hook/ament_prefix_path.dsv'
[1.052s] [34mcolcon.colcon_core.shell[0m [1;30mINFO[0m Creating environment hook '/home/nihit/servcli/install/py_srvcli/share/py_srvcli/hook/ament_prefix_path.sh'
[1.054s] [34mcolcon.colcon_core.shell[0m [1;30mINFO[0m Skip shell extension 'powershell' for command environment: Not usable outside of PowerShell
[1.054s] [34mcolcon.colcon_core.shell[0m [1;30mDEBUG[0m [32mSkip shell extension 'dsv' for command environment[0m
[1.059s] [34mcolcon.colcon_ros.task.ament_python.build[0m [1;30mINFO[0m Building ROS package in '/home/nihit/servcli/src/python_parameters' with build type 'ament_python'
[1.060s] [34mcolcon.colcon_core.shell[0m [1;30mLevel 1[0m create_environment_hook('python_parameters', 'ament_prefix_path')
[1.060s] [34mcolcon.colcon_core.shell[0m [1;30mINFO[0m Creating environment hook '/home/nihit/servcli/install/python_parameters/share/python_parameters/hook/ament_prefix_path.ps1'
[1.061s] [34mcolcon.colcon_core.shell[0m [1;30mINFO[0m Creating environment descriptor '/home/nihit/servcli/install/python_parameters/share/python_parameters/hook/ament_prefix_path.dsv'
[1.062s] [34mcolcon.colcon_core.shell[0m [1;30mINFO[0m Creating environment hook '/home/nihit/servcli/install/python_parameters/share/python_parameters/hook/ament_prefix_path.sh'
[1.063s] [34mcolcon.colcon_core.shell[0m [1;30mINFO[0m Skip shell extension 'powershell' for command environment: Not usable outside of PowerShell
[1.063s] [34mcolcon.colcon_core.shell[0m [1;30mDEBUG[0m [32mSkip shell extension 'dsv' for command environment[0m
[1.068s] [34mcolcon.colcon_ros.task.ament_cmake.build[0m [1;30mINFO[0m Building ROS package in '/home/nihit/servcli/src/shapes' with build type 'ament_cmake'
[1.068s] [34mcolcon.colcon_cmake.task.cmake.build[0m [1;30mINFO[0m Building CMake package in '/home/nihit/servcli/src/shapes'
[1.069s] [34mcolcon.colcon_core.shell[0m [1;30mINFO[0m Skip shell extension 'powershell' for command environment: Not usable outside of PowerShell
[1.069s] [34mcolcon.colcon_core.shell[0m [1;30mDEBUG[0m [32mSkip shell extension 'dsv' for command environment[0m
[1.075s] [34mcolcon.colcon_ros.task.ament_python.build[0m [1;30mINFO[0m Building ROS package in '/home/nihit/servcli/src/turtlebounds' with build type 'ament_python'
[1.075s] [34mcolcon.colcon_core.shell[0m [1;30mLevel 1[0m create_environment_hook('turtlebounds', 'ament_prefix_path')
[1.075s] [34mcolcon.colcon_core.shell[0m [1;30mINFO[0m Creating environment hook '/home/nihit/servcli/install/turtlebounds/share/turtlebounds/hook/ament_prefix_path.ps1'
[1.077s] [34mcolcon.colcon_core.shell[0m [1;30mINFO[0m Creating environment descriptor '/home/nihit/servcli/install/turtlebounds/share/turtlebounds/hook/ament_prefix_path.dsv'
[1.078s] [34mcolcon.colcon_core.shell[0m [1;30mINFO[0m Creating environment hook '/home/nihit/servcli/install/turtlebounds/share/turtlebounds/hook/ament_prefix_path.sh'
[1.079s] [34mcolcon.colcon_core.shell[0m [1;30mINFO[0m Skip shell extension 'powershell' for command environment: Not usable outside of PowerShell
[1.079s] [34mcolcon.colcon_core.shell[0m [1;30mDEBUG[0m [32mSkip shell extension 'dsv' for command environment[0m
[1.087s] [34mcolcon.colcon_cmake.task.cmake.build[0m [1;30mINFO[0m Building CMake package in '/home/nihit/servcli/src/tutorial_interfaces'
[1.087s] [34mcolcon.colcon_core.shell[0m [1;30mINFO[0m Skip shell extension 'powershell' for command environment: Not usable outside of PowerShell
[1.087s] [34mcolcon.colcon_core.shell[0m [1;30mDEBUG[0m [32mSkip shell extension 'dsv' for command environment[0m
[1.101s] [34mcolcon.colcon_core.event_handler.log_command[0m [1;30mDEBUG[0m [32mInvoking command in '/home/nihit/servcli/build/action_tutorials_interfaces': CMAKE_PREFIX_PATH=${CMAKE_PREFIX_PATH}:/home/nihit/servcli/install/py_srvcli:/opt/ros/humble /usr/bin/cmake /home/nihit/servcli/src/action_tutorials_interfaces -DCMAKE_INSTALL_PREFIX=/home/nihit/servcli/install/action_tutorials_interfaces[0m
[1.106s] [34mcolcon.colcon_core.event_handler.log_command[0m [1;30mDEBUG[0m [32mInvoking command in '/home/nihit/servcli/build/cpp_pubsub': CMAKE_PREFIX_PATH=${CMAKE_PREFIX_PATH}:/home/nihit/servcli/install/py_srvcli:/opt/ros/humble /usr/bin/cmake /home/nihit/servcli/src/cpp_pubsub -DCMAKE_INSTALL_PREFIX=/home/nihit/servcli/install/cpp_pubsub[0m
[1.767s] [34mcolcon.colcon_core.task.python.build[0m [1;30mINFO[0m Building Python package in '/home/nihit/servcli/src/py_srvcli'
[1.768s] [34mcolcon.colcon_core.shell[0m [1;30mINFO[0m Skip shell extension 'powershell' for command environment: Not usable outside of PowerShell
[1.769s] [34mcolcon.colcon_core.shell[0m [1;30mDEBUG[0m [32mSkip shell extension 'dsv' for command environment[0m
[2.434s] [34mcolcon.colcon_core.task.python.build[0m [1;30mINFO[0m Building Python package in '/home/nihit/servcli/src/python_parameters'
[2.435s] [34mcolcon.colcon_core.shell[0m [1;30mINFO[0m Skip shell extension 'powershell' for command environment: Not usable outside of PowerShell
[2.435s] [34mcolcon.colcon_core.shell[0m [1;30mDEBUG[0m [32mSkip shell extension 'dsv' for command environment[0m
[2.453s] [34mcolcon.colcon_core.event_handler.log_command[0m [1;30mDEBUG[0m [32mInvoking command in '/home/nihit/servcli/build/shapes': CMAKE_PREFIX_PATH=${CMAKE_PREFIX_PATH}:/home/nihit/servcli/install/py_srvcli:/opt/ros/humble /usr/bin/cmake /home/nihit/servcli/src/shapes -DCMAKE_INSTALL_PREFIX=/home/nihit/servcli/install/shapes[0m
[3.140s] [34mcolcon.colcon_core.task.python.build[0m [1;30mINFO[0m Building Python package in '/home/nihit/servcli/src/turtlebounds'
[3.141s] [34mcolcon.colcon_core.shell[0m [1;30mINFO[0m Skip shell extension 'powershell' for command environment: Not usable outside of PowerShell
[3.141s] [34mcolcon.colcon_core.shell[0m [1;30mDEBUG[0m [32mSkip shell extension 'dsv' for command environment[0m
[3.173s] [34mcolcon.colcon_core.event_handler.log_command[0m [1;30mDEBUG[0m [32mInvoking command in '/home/nihit/servcli/build/tutorial_interfaces': /usr/bin/cmake /home/nihit/servcli/src/tutorial_interfaces -DCMAKE_INSTALL_PREFIX=/home/nihit/servcli/install/tutorial_interfaces[0m
[3.649s] [34mcolcon.colcon_core.event_handler.log_command[0m [1;30mDEBUG[0m [32mInvoked command in '/home/nihit/servcli/build/cpp_pubsub' returned '0': CMAKE_PREFIX_PATH=${CMAKE_PREFIX_PATH}:/home/nihit/servcli/install/py_srvcli:/opt/ros/humble /usr/bin/cmake /home/nihit/servcli/src/cpp_pubsub -DCMAKE_INSTALL_PREFIX=/home/nihit/servcli/install/cpp_pubsub[0m
[3.650s] [34mcolcon.colcon_core.event_handler.log_command[0m [1;30mDEBUG[0m [32mInvoking command in '/home/nihit/servcli/build/cpp_pubsub': CMAKE_PREFIX_PATH=${CMAKE_PREFIX_PATH}:/home/nihit/servcli/install/py_srvcli:/opt/ros/humble /usr/bin/cmake --build /home/nihit/servcli/build/cpp_pubsub -- -j8 -l8[0m
[4.113s] [34mcolcon.colcon_core.event_handler.log_command[0m [1;30mDEBUG[0m [32mInvoked command in '/home/nihit/servcli/build/shapes' returned '0': CMAKE_PREFIX_PATH=${CMAKE_PREFIX_PATH}:/home/nihit/servcli/install/py_srvcli:/opt/ros/humble /usr/bin/cmake /home/nihit/servcli/src/shapes -DCMAKE_INSTALL_PREFIX=/home/nihit/servcli/install/shapes[0m
[4.116s] [34mcolcon.colcon_core.event_handler.log_command[0m [1;30mDEBUG[0m [32mInvoking command in '/home/nihit/servcli/build/shapes': CMAKE_PREFIX_PATH=${CMAKE_PREFIX_PATH}:/home/nihit/servcli/install/py_srvcli:/opt/ros/humble /usr/bin/cmake --build /home/nihit/servcli/build/shapes -- -j8 -l8[0m
[4.221s] [34mcolcon.colcon_core.event_handler.log_command[0m [1;30mDEBUG[0m [32mInvoked command in '/home/nihit/servcli/build/shapes' returned '0': CMAKE_PREFIX_PATH=${CMAKE_PREFIX_PATH}:/home/nihit/servcli/install/py_srvcli:/opt/ros/humble /usr/bin/cmake --build /home/nihit/servcli/build/shapes -- -j8 -l8[0m
[4.247s] [34mcolcon.colcon_core.event_handler.log_command[0m [1;30mDEBUG[0m [32mInvoking command in '/home/nihit/servcli/build/shapes': CMAKE_PREFIX_PATH=${CMAKE_PREFIX_PATH}:/home/nihit/servcli/install/py_srvcli:/opt/ros/humble /usr/bin/cmake --install /home/nihit/servcli/build/shapes[0m
[4.283s] [34mcolcon.colcon_core.environment[0m [1;30mLevel 1[0m create_environment_scripts_only(shapes)
[4.285s] [34mcolcon.colcon_core.event_handler.log_command[0m [1;30mDEBUG[0m [32mInvoked command in '/home/nihit/servcli/build/shapes' returned '0': CMAKE_PREFIX_PATH=${CMAKE_PREFIX_PATH}:/home/nihit/servcli/install/py_srvcli:/opt/ros/humble /usr/bin/cmake --install /home/nihit/servcli/build/shapes[0m
[4.300s] [34mcolcon.colcon_core.environment[0m [1;30mLevel 1[0m checking '/home/nihit/servcli/install/shapes' for CMake module files
[4.303s] [34mcolcon.colcon_core.environment[0m [1;30mLevel 1[0m checking '/home/nihit/servcli/install/shapes' for CMake config files
[4.304s] [34mcolcon.colcon_core.shell[0m [1;30mLevel 1[0m create_environment_hook('shapes', 'cmake_prefix_path')
[4.305s] [34mcolcon.colcon_core.shell[0m [1;30mINFO[0m Creating environment hook '/home/nihit/servcli/install/shapes/share/shapes/hook/cmake_prefix_path.ps1'
[4.307s] [34mcolcon.colcon_core.shell[0m [1;30mINFO[0m Creating environment descriptor '/home/nihit/servcli/install/shapes/share/shapes/hook/cmake_prefix_path.dsv'
[4.308s] [34mcolcon.colcon_core.shell[0m [1;30mINFO[0m Creating environment hook '/home/nihit/servcli/install/shapes/share/shapes/hook/cmake_prefix_path.sh'
[4.310s] [34mcolcon.colcon_core.environment[0m [1;30mLevel 1[0m checking '/home/nihit/servcli/install/shapes/bin'
[4.311s] [34mcolcon.colcon_core.environment[0m [1;30mLevel 1[0m checking '/home/nihit/servcli/install/shapes/lib/pkgconfig/shapes.pc'
[4.312s] [34mcolcon.colcon_core.environment[0m [1;30mLevel 1[0m checking '/home/nihit/servcli/install/shapes/lib/python3.10/site-packages'
[4.312s] [34mcolcon.colcon_core.environment[0m [1;30mLevel 1[0m checking '/home/nihit/servcli/install/shapes/bin'
[4.313s] [34mcolcon.colcon_core.shell[0m [1;30mINFO[0m Creating package script '/home/nihit/servcli/install/shapes/share/shapes/package.ps1'
[4.318s] [34mcolcon.colcon_core.shell[0m [1;30mINFO[0m Creating package descriptor '/home/nihit/servcli/install/shapes/share/shapes/package.dsv'
[4.320s] [34mcolcon.colcon_core.shell[0m [1;30mINFO[0m Creating package script '/home/nihit/servcli/install/shapes/share/shapes/package.sh'
[4.325s] [34mcolcon.colcon_core.shell[0m [1;30mINFO[0m Creating package script '/home/nihit/servcli/install/shapes/share/shapes/package.bash'
[4.328s] [34mcolcon.colcon_core.shell[0m [1;30mINFO[0m Creating package script '/home/nihit/servcli/install/shapes/share/shapes/package.zsh'
[4.331s] [34mcolcon.colcon_core.environment[0m [1;30mLevel 1[0m create_file_with_runtime_dependencies(/home/nihit/servcli/install/shapes/share/colcon-core/packages/shapes)
[4.333s] [34mcolcon.colcon_core.environment[0m [1;30mLevel 1[0m create_environment_scripts_only(shapes)
[4.333s] [34mcolcon.colcon_core.environment[0m [1;30mLevel 1[0m checking '/home/nihit/servcli/install/shapes' for CMake module files
[4.335s] [34mcolcon.colcon_core.environment[0m [1;30mLevel 1[0m checking '/home/nihit/servcli/install/shapes' for CMake config files
[4.335s] [34mcolcon.colcon_core.shell[0m [1;30mLevel 1[0m create_environment_hook('shapes', 'cmake_prefix_path')
[4.336s] [34mcolcon.colcon_core.shell[0m [1;30mINFO[0m Creating environment hook '/home/nihit/servcli/install/shapes/share/shapes/hook/cmake_prefix_path.ps1'
[4.337s] [34mcolcon.colcon_core.shell[0m [1;30mINFO[0m Creating environment descriptor '/home/nihit/servcli/install/shapes/share/shapes/hook/cmake_prefix_path.dsv'
[4.338s] [34mcolcon.colcon_core.shell[0m [1;30mINFO[0m Creating environment hook '/home/nihit/servcli/install/shapes/share/shapes/hook/cmake_prefix_path.sh'
[4.339s] [34mcolcon.colcon_core.environment[0m [1;30mLevel 1[0m checking '/home/nihit/servcli/install/shapes/bin'
[4.340s] [34mcolcon.colcon_core.environment[0m [1;30mLevel 1[0m checking '/home/nihit/servcli/install/shapes/lib/pkgconfig/shapes.pc'
[4.340s] [34mcolcon.colcon_core.environment[0m [1;30mLevel 1[0m checking '/home/nihit/servcli/install/shapes/lib/python3.10/site-packages'
[4.341s] [34mcolcon.colcon_core.environment[0m [1;30mLevel 1[0m checking '/home/nihit/servcli/install/shapes/bin'
[4.342s] [34mcolcon.colcon_core.shell[0m [1;30mINFO[0m Creating package script '/home/nihit/servcli/install/shapes/share/shapes/package.ps1'
[4.344s] [34mcolcon.colcon_core.shell[0m [1;30mINFO[0m Creating package descriptor '/home/nihit/servcli/install/shapes/share/shapes/package.dsv'
[4.345s] [34mcolcon.colcon_core.shell[0m [1;30mINFO[0m Creating package script '/home/nihit/servcli/install/shapes/share/shapes/package.sh'
[4.346s] [34mcolcon.colcon_core.shell[0m [1;30mINFO[0m Creating package script '/home/nihit/servcli/install/shapes/share/shapes/package.bash'
[4.347s] [34mcolcon.colcon_core.shell[0m [1;30mINFO[0m Creating package script '/home/nihit/servcli/install/shapes/share/shapes/package.zsh'
[4.348s] [34mcolcon.colcon_core.environment[0m [1;30mLevel 1[0m create_file_with_runtime_dependencies(/home/nihit/servcli/install/shapes/share/colcon-core/packages/shapes)
[4.568s] [34mcolcon.colcon_core.event_handler.log_command[0m [1;30mDEBUG[0m [32mInvoking command in '/home/nihit/servcli/src/python_parameters': PYTHONPATH=/home/nihit/servcli/build/python_parameters/prefix_override:/usr/lib/python3/dist-packages/colcon_core/task/python/colcon_distutils_commands:/home/nihit/servcli/install/python_parameters/lib/python3.10/site-packages:${PYTHONPATH} /usr/bin/python3 -W ignore:setup.py install is deprecated -W ignore:easy_install command is deprecated setup.py egg_info --egg-base ../../build/python_parameters build --build-base /home/nihit/servcli/build/python_parameters/build install --record /home/nihit/servcli/build/python_parameters/install.log --single-version-externally-managed install_data[0m
[4.578s] [34mcolcon.colcon_core.event_handler.log_command[0m [1;30mDEBUG[0m [32mInvoking command in '/home/nihit/servcli/src/py_srvcli': PYTHONPATH=/home/nihit/servcli/build/py_srvcli/prefix_override:/usr/lib/python3/dist-packages/colcon_core/task/python/colcon_distutils_commands:/home/nihit/servcli/install/py_srvcli/lib/python3.10/site-packages:${PYTHONPATH} /usr/bin/python3 -W ignore:setup.py install is deprecated -W ignore:easy_install command is deprecated setup.py egg_info --egg-base ../../build/py_srvcli build --build-base /home/nihit/servcli/build/py_srvcli/build install --record /home/nihit/servcli/build/py_srvcli/install.log --single-version-externally-managed install_data[0m
[4.580s] [34mcolcon.colcon_core.event_handler.log_command[0m [1;30mDEBUG[0m [32mInvoking command in '/home/nihit/servcli/src/turtlebounds': PYTHONPATH=/home/nihit/servcli/build/turtlebounds/prefix_override:/usr/lib/python3/dist-packages/colcon_core/task/python/colcon_distutils_commands:/home/nihit/servcli/install/turtlebounds/lib/python3.10/site-packages:${PYTHONPATH} /usr/bin/python3 -W ignore:setup.py install is deprecated -W ignore:easy_install command is deprecated setup.py egg_info --egg-base ../../build/turtlebounds build --build-base /home/nihit/servcli/build/turtlebounds/build install --record /home/nihit/servcli/build/turtlebounds/install.log --single-version-externally-managed install_data[0m
[5.114s] [34mcolcon.colcon_core.event_handler.log_command[0m [1;30mDEBUG[0m [32mInvoked command in '/home/nihit/servcli/build/tutorial_interfaces' returned '1': /usr/bin/cmake /home/nihit/servcli/src/tutorial_interfaces -DCMAKE_INSTALL_PREFIX=/home/nihit/servcli/install/tutorial_interfaces[0m
[20.376s] [34mcolcon.colcon_parallel_executor.executor.parallel[0m [1;30mDEBUG[0m [32mclosing loop[0m
[20.376s] [34mcolcon.colcon_parallel_executor.executor.parallel[0m [1;30mDEBUG[0m [32mloop closed[0m
[20.376s] [34mcolcon.colcon_parallel_executor.executor.parallel[0m [1;30mDEBUG[0m [32mrun_until_complete finished with '1'[0m
[20.376s] [34mcolcon.colcon_core.event_reactor[0m [1;30mDEBUG[0m [32mjoining thread[0m
[20.387s] [34mcolcon.colcon_core.plugin_system[0m [1;30mINFO[0m Skipping extension 'colcon_notification.desktop_notification.terminal_notifier': Not used on non-Darwin systems
[20.388s] [34mcolcon.colcon_core.plugin_system[0m [1;30mINFO[0m Skipping extension 'colcon_notification.desktop_notification.win32': Not used on non-Windows systems
[20.388s] [34mcolcon.colcon_notification.desktop_notification[0m [1;30mINFO[0m Sending desktop notification using 'notify2'
[20.418s] [34mcolcon.colcon_core.event_reactor[0m [1;30mDEBUG[0m [32mjoined thread[0m
[20.419s] [34mcolcon.colcon_core.shell[0m [1;30mINFO[0m Creating prefix script '/home/nihit/servcli/install/local_setup.ps1'
[20.423s] [34mcolcon.colcon_core.shell[0m [1;30mINFO[0m Creating prefix util module '/home/nihit/servcli/install/_local_setup_util_ps1.py'
[20.428s] [34mcolcon.colcon_core.shell[0m [1;30mINFO[0m Creating prefix chain script '/home/nihit/servcli/install/setup.ps1'
[20.431s] [34mcolcon.colcon_core.shell[0m [1;30mINFO[0m Creating prefix script '/home/nihit/servcli/install/local_setup.sh'
[20.433s] [34mcolcon.colcon_core.shell[0m [1;30mINFO[0m Creating prefix util module '/home/nihit/servcli/install/_local_setup_util_sh.py'
[20.435s] [34mcolcon.colcon_core.shell[0m [1;30mINFO[0m Creating prefix chain script '/home/nihit/servcli/install/setup.sh'
[20.438s] [34mcolcon.colcon_core.shell[0m [1;30mINFO[0m Creating prefix script '/home/nihit/servcli/install/local_setup.bash'
[20.440s] [34mcolcon.colcon_core.shell[0m [1;30mINFO[0m Creating prefix chain script '/home/nihit/servcli/install/setup.bash'
[20.443s] [34mcolcon.colcon_core.shell[0m [1;30mINFO[0m Creating prefix script '/home/nihit/servcli/install/local_setup.zsh'
[20.445s] [34mcolcon.colcon_core.shell[0m [1;30mINFO[0m Creating prefix chain script '/home/nihit/servcli/install/setup.zsh'
