[0.131s] Invoking command in '/home/gargie/service/build/cpp_parameter': CMAKE_PREFIX_PATH=${CMAKE_PREFIX_PATH}:/home/gargie/service/install/py_parameter:/home/gargie/service/install/py_srvcli:/home/gargie/key_ws/install/key1_pkg:/opt/ros/humble /usr/bin/cmake --build /home/gargie/service/build/cpp_parameter -- -j4 -l4
[1.738s] [100%] Built target parameter_node
[3.077s] Invoked command in '/home/gargie/service/build/cpp_parameter' returned '0': CMAKE_PREFIX_PATH=${CMAKE_PREFIX_PATH}:/home/gargie/service/install/py_parameter:/home/gargie/service/install/py_srvcli:/home/gargie/key_ws/install/key1_pkg:/opt/ros/humble /usr/bin/cmake --build /home/gargie/service/build/cpp_parameter -- -j4 -l4
[3.118s] Invoking command in '/home/gargie/service/build/cpp_parameter': CMAKE_PREFIX_PATH=${CMAKE_PREFIX_PATH}:/home/gargie/service/install/py_parameter:/home/gargie/service/install/py_srvcli:/home/gargie/key_ws/install/key1_pkg:/opt/ros/humble /usr/bin/cmake --install /home/gargie/service/build/cpp_parameter
[3.156s] -- Install configuration: ""
[3.156s] -- Up-to-date: /home/gargie/service/install/cpp_parameter/lib/cpp_parameter/parameter_node
[3.157s] -- Up-to-date: /home/gargie/service/install/cpp_parameter/share/ament_index/resource_index/package_run_dependencies/cpp_parameter
[3.161s] -- Up-to-date: /home/gargie/service/install/cpp_parameter/share/ament_index/resource_index/parent_prefix_path/cpp_parameter
[3.175s] -- Up-to-date: /home/gargie/service/install/cpp_parameter/share/cpp_parameter/environment/ament_prefix_path.sh
[3.178s] -- Up-to-date: /home/gargie/service/install/cpp_parameter/share/cpp_parameter/environment/ament_prefix_path.dsv
[3.182s] -- Up-to-date: /home/gargie/service/install/cpp_parameter/share/cpp_parameter/environment/path.sh
[3.183s] -- Up-to-date: /home/gargie/service/install/cpp_parameter/share/cpp_parameter/environment/path.dsv
[3.186s] -- Up-to-date: /home/gargie/service/install/cpp_parameter/share/cpp_parameter/local_setup.bash
[3.186s] -- Up-to-date: /home/gargie/service/install/cpp_parameter/share/cpp_parameter/local_setup.sh
[3.189s] -- Up-to-date: /home/gargie/service/install/cpp_parameter/share/cpp_parameter/local_setup.zsh
[3.192s] -- Up-to-date: /home/gargie/service/install/cpp_parameter/share/cpp_parameter/local_setup.dsv
[3.193s] -- Installing: /home/gargie/service/install/cpp_parameter/share/cpp_parameter/package.dsv
[3.224s] -- Up-to-date: /home/gargie/service/install/cpp_parameter/share/ament_index/resource_index/packages/cpp_parameter
[3.225s] -- Up-to-date: /home/gargie/service/install/cpp_parameter/share/cpp_parameter/cmake/cpp_parameterConfig.cmake
[3.225s] -- Up-to-date: /home/gargie/service/install/cpp_parameter/share/cpp_parameter/cmake/cpp_parameterConfig-version.cmake
[3.225s] -- Up-to-date: /home/gargie/service/install/cpp_parameter/share/cpp_parameter/package.xml
[3.250s] Invoked command in '/home/gargie/service/build/cpp_parameter' returned '0': CMAKE_PREFIX_PATH=${CMAKE_PREFIX_PATH}:/home/gargie/service/install/py_parameter:/home/gargie/service/install/py_srvcli:/home/gargie/key_ws/install/key1_pkg:/opt/ros/humble /usr/bin/cmake --install /home/gargie/service/build/cpp_parameter
