[0.025s] Invoking command in '/home/nihit/servcli/build/tutorial_interfaces': CMAKE_PREFIX_PATH=${CMAKE_PREFIX_PATH}:/home/nihit/servcli/install/py_srvcli:/opt/ros/humble /usr/bin/cmake /home/nihit/servcli/src/tutorial_interfaces -DCMAKE_INSTALL_PREFIX=/home/nihit/servcli/install/tutorial_interfaces
[0.049s] -- Found ament_cmake: 1.3.11 (/opt/ros/humble/share/ament_cmake/cmake)
[0.294s] -- Found ament_lint_auto: 0.12.12 (/opt/ros/humble/share/ament_lint_auto/cmake)
[0.481s] -- Found geometry_msgs: 4.8.0 (/opt/ros/humble/share/geometry_msgs/cmake)
[0.545s] -- Found rosidl_generator_c: 3.1.6 (/opt/ros/humble/share/rosidl_generator_c/cmake)
[0.554s] -- Found rosidl_adapter: 3.1.6 (/opt/ros/humble/share/rosidl_adapter/cmake)
[0.570s] -- Found rosidl_generator_cpp: 3.1.6 (/opt/ros/humble/share/rosidl_generator_cpp/cmake)
[0.591s] -- Using all available rosidl_typesupport_c: rosidl_typesupport_fastrtps_c;rosidl_typesupport_introspection_c
[0.619s] -- Using all available rosidl_typesupport_cpp: rosidl_typesupport_fastrtps_cpp;rosidl_typesupport_introspection_cpp
[0.695s] -- Found rosidl_default_generators: 1.2.0 (/opt/ros/humble/share/rosidl_default_generators/cmake)
[1.126s] -- Found ament_cmake_ros: 0.10.0 (/opt/ros/humble/share/ament_cmake_ros/cmake)
[1.908s] -- Using all available rosidl_typesupport_c: rosidl_typesupport_fastrtps_c;rosidl_typesupport_introspection_c
[2.212s] -- Using all available rosidl_typesupport_cpp: rosidl_typesupport_fastrtps_cpp;rosidl_typesupport_introspection_cpp
[2.257s] -- Found PythonInterp: /usr/bin/python3 (found suitable version "3.10.12", minimum required is "3.6") 
[2.260s] -- Found python_cmake_module: 0.10.0 (/opt/ros/humble/share/python_cmake_module/cmake)
[2.308s] -- Found PythonLibs: /usr/lib/x86_64-linux-gnu/libpython3.10.so (found suitable version "3.10.12", minimum required is "3.5") 
[2.308s] -- Using PYTHON_EXECUTABLE: /usr/bin/python3
[2.308s] -- Using PYTHON_INCLUDE_DIRS: /usr/include/python3.10
[2.308s] -- Using PYTHON_LIBRARIES: /usr/lib/x86_64-linux-gnu/libpython3.10.so
[2.350s] -- Found PythonExtra: .so  
[2.457s] [31mCMake Error at /opt/ros/humble/share/rosidl_cmake/cmake/rosidl_generate_interfaces.cmake:93 (message):
[2.457s]   rosidl_generate_interfaces() the passed file 'action/CountUntill.action'
[2.457s]   doesn't exist relative to the CMAKE_CURRENT_SOURCE_DIR
[2.457s]   '/home/nihit/servcli/src/tutorial_interfaces'
[2.458s] Call Stack (most recent call first):
[2.458s]   CMakeLists.txt:36 (rosidl_generate_interfaces)
[2.458s] 
[2.458s] [0m
[2.458s] -- Configuring incomplete, errors occurred!
[2.458s] See also "/home/nihit/servcli/build/tutorial_interfaces/CMakeFiles/CMakeOutput.log".
[2.468s] Invoked command in '/home/nihit/servcli/build/tutorial_interfaces' returned '1': CMAKE_PREFIX_PATH=${CMAKE_PREFIX_PATH}:/home/nihit/servcli/install/py_srvcli:/opt/ros/humble /usr/bin/cmake /home/nihit/servcli/src/tutorial_interfaces -DCMAKE_INSTALL_PREFIX=/home/nihit/servcli/install/tutorial_interfaces
