[3.139s] Invoking command in '/home/gargie/tf2/src/learning_tf2_py': PYTHONPATH=/home/gargie/tf2/build/learning_tf2_py/prefix_override:/usr/lib/python3/dist-packages/colcon_core/task/python/colcon_distutils_commands:/home/gargie/tf2/install/learning_tf2_py/lib/python3.10/site-packages:${PYTHONPATH} /usr/bin/python3 -W ignore:setup.py install is deprecated -W ignore:easy_install command is deprecated setup.py egg_info --egg-base ../../build/learning_tf2_py build --build-base /home/gargie/tf2/build/learning_tf2_py/build install --record /home/gargie/tf2/build/learning_tf2_py/install.log --single-version-externally-managed install_data
[4.382s] running egg_info
[4.385s] writing ../../build/learning_tf2_py/learning_tf2_py.egg-info/PKG-INFO
[4.387s] writing dependency_links to ../../build/learning_tf2_py/learning_tf2_py.egg-info/dependency_links.txt
[4.389s] writing entry points to ../../build/learning_tf2_py/learning_tf2_py.egg-info/entry_points.txt
[4.392s] writing requirements to ../../build/learning_tf2_py/learning_tf2_py.egg-info/requires.txt
[4.394s] writing top-level names to ../../build/learning_tf2_py/learning_tf2_py.egg-info/top_level.txt
[4.396s] reading manifest file '../../build/learning_tf2_py/learning_tf2_py.egg-info/SOURCES.txt'
[4.398s] adding license file 'LICENSE'
[4.401s] writing manifest file '../../build/learning_tf2_py/learning_tf2_py.egg-info/SOURCES.txt'
[4.403s] running build
[4.404s] running build_py
[4.407s] running install
[4.409s] running install_lib
[4.414s] running install_data
[4.416s] running install_egg_info
[4.426s] removing '/home/gargie/tf2/install/learning_tf2_py/lib/python3.10/site-packages/learning_tf2_py-0.0.0-py3.10.egg-info' (and everything under it)
[4.428s] Copying ../../build/learning_tf2_py/learning_tf2_py.egg-info to /home/gargie/tf2/install/learning_tf2_py/lib/python3.10/site-packages/learning_tf2_py-0.0.0-py3.10.egg-info
[4.430s] running install_scripts
[4.517s] Installing static_turtle_tf2_broadcaster script to /home/gargie/tf2/install/learning_tf2_py/lib/learning_tf2_py
[4.520s] writing list of installed files to '/home/gargie/tf2/build/learning_tf2_py/install.log'
[4.647s] Invoked command in '/home/gargie/tf2/src/learning_tf2_py' returned '0': PYTHONPATH=/home/gargie/tf2/build/learning_tf2_py/prefix_override:/usr/lib/python3/dist-packages/colcon_core/task/python/colcon_distutils_commands:/home/gargie/tf2/install/learning_tf2_py/lib/python3.10/site-packages:${PYTHONPATH} /usr/bin/python3 -W ignore:setup.py install is deprecated -W ignore:easy_install command is deprecated setup.py egg_info --egg-base ../../build/learning_tf2_py build --build-base /home/gargie/tf2/build/learning_tf2_py/build install --record /home/gargie/tf2/build/learning_tf2_py/install.log --single-version-externally-managed install_data
