[3.036s] Invoking command in '/home/gargie/tf2/src/learning_tf2_py': PYTHONPATH=/home/gargie/tf2/build/learning_tf2_py/prefix_override:/usr/lib/python3/dist-packages/colcon_core/task/python/colcon_distutils_commands:/home/gargie/tf2/install/learning_tf2_py/lib/python3.10/site-packages:${PYTHONPATH} /usr/bin/python3 -W ignore:setup.py install is deprecated -W ignore:easy_install command is deprecated setup.py egg_info --egg-base ../../build/learning_tf2_py build --build-base /home/gargie/tf2/build/learning_tf2_py/build install --record /home/gargie/tf2/build/learning_tf2_py/install.log --single-version-externally-managed install_data
[4.248s] running egg_info
[4.251s] creating ../../build/learning_tf2_py/learning_tf2_py.egg-info
[4.253s] writing ../../build/learning_tf2_py/learning_tf2_py.egg-info/PKG-INFO
[4.254s] writing dependency_links to ../../build/learning_tf2_py/learning_tf2_py.egg-info/dependency_links.txt
[4.255s] writing entry points to ../../build/learning_tf2_py/learning_tf2_py.egg-info/entry_points.txt
[4.256s] writing requirements to ../../build/learning_tf2_py/learning_tf2_py.egg-info/requires.txt
[4.257s] writing top-level names to ../../build/learning_tf2_py/learning_tf2_py.egg-info/top_level.txt
[4.258s] writing manifest file '../../build/learning_tf2_py/learning_tf2_py.egg-info/SOURCES.txt'
[4.263s] reading manifest file '../../build/learning_tf2_py/learning_tf2_py.egg-info/SOURCES.txt'
[4.264s] adding license file 'LICENSE'
[4.272s] writing manifest file '../../build/learning_tf2_py/learning_tf2_py.egg-info/SOURCES.txt'
[4.273s] running build
[4.274s] running build_py
[4.275s] creating /home/gargie/tf2/build/learning_tf2_py/build
[4.276s] creating /home/gargie/tf2/build/learning_tf2_py/build/lib
[4.277s] creating /home/gargie/tf2/build/learning_tf2_py/build/lib/learning_tf2_py
[4.277s] copying learning_tf2_py/__init__.py -> /home/gargie/tf2/build/learning_tf2_py/build/lib/learning_tf2_py
[4.278s] copying learning_tf2_py/static_turtle_tf2_broadcaster.py -> /home/gargie/tf2/build/learning_tf2_py/build/lib/learning_tf2_py
[4.278s] running install
[4.279s] running install_lib
[4.281s] creating /home/gargie/tf2/install/learning_tf2_py/lib/python3.10/site-packages/learning_tf2_py
[4.282s] copying /home/gargie/tf2/build/learning_tf2_py/build/lib/learning_tf2_py/__init__.py -> /home/gargie/tf2/install/learning_tf2_py/lib/python3.10/site-packages/learning_tf2_py
[4.283s] copying /home/gargie/tf2/build/learning_tf2_py/build/lib/learning_tf2_py/static_turtle_tf2_broadcaster.py -> /home/gargie/tf2/install/learning_tf2_py/lib/python3.10/site-packages/learning_tf2_py
[4.286s] byte-compiling /home/gargie/tf2/install/learning_tf2_py/lib/python3.10/site-packages/learning_tf2_py/__init__.py to __init__.cpython-310.pyc
[4.287s] byte-compiling /home/gargie/tf2/install/learning_tf2_py/lib/python3.10/site-packages/learning_tf2_py/static_turtle_tf2_broadcaster.py to static_turtle_tf2_broadcaster.cpython-310.pyc
[4.291s] running install_data
[4.292s] creating /home/gargie/tf2/install/learning_tf2_py/share/ament_index
[4.293s] creating /home/gargie/tf2/install/learning_tf2_py/share/ament_index/resource_index
[4.294s] creating /home/gargie/tf2/install/learning_tf2_py/share/ament_index/resource_index/packages
[4.294s] copying resource/learning_tf2_py -> /home/gargie/tf2/install/learning_tf2_py/share/ament_index/resource_index/packages
[4.295s] copying package.xml -> /home/gargie/tf2/install/learning_tf2_py/share/learning_tf2_py
[4.296s] running install_egg_info
[4.302s] Copying ../../build/learning_tf2_py/learning_tf2_py.egg-info to /home/gargie/tf2/install/learning_tf2_py/lib/python3.10/site-packages/learning_tf2_py-0.0.0-py3.10.egg-info
[4.307s] running install_scripts
[4.394s] Installing static_turtle_tf2_broadcaster script to /home/gargie/tf2/install/learning_tf2_py/lib/learning_tf2_py
[4.396s] writing list of installed files to '/home/gargie/tf2/build/learning_tf2_py/install.log'
[4.522s] Invoked command in '/home/gargie/tf2/src/learning_tf2_py' returned '0': PYTHONPATH=/home/gargie/tf2/build/learning_tf2_py/prefix_override:/usr/lib/python3/dist-packages/colcon_core/task/python/colcon_distutils_commands:/home/gargie/tf2/install/learning_tf2_py/lib/python3.10/site-packages:${PYTHONPATH} /usr/bin/python3 -W ignore:setup.py install is deprecated -W ignore:easy_install command is deprecated setup.py egg_info --egg-base ../../build/learning_tf2_py build --build-base /home/gargie/tf2/build/learning_tf2_py/build install --record /home/gargie/tf2/build/learning_tf2_py/install.log --single-version-externally-managed install_data
