[2.923s] Invoking command in '/home/gargie/service/src/py_srvcli': PYTHONPATH=/home/gargie/service/build/py_srvcli/prefix_override:/usr/lib/python3/dist-packages/colcon_core/task/python/colcon_distutils_commands:/home/gargie/service/install/py_srvcli/lib/python3.10/site-packages:${PYTHONPATH} /usr/bin/python3 -W ignore:setup.py install is deprecated -W ignore:easy_install command is deprecated setup.py egg_info --egg-base ../../build/py_srvcli build --build-base /home/gargie/service/build/py_srvcli/build install --record /home/gargie/service/build/py_srvcli/install.log --single-version-externally-managed install_data
[4.081s] running egg_info
[4.084s] writing ../../build/py_srvcli/py_srvcli.egg-info/PKG-INFO
[4.086s] writing dependency_links to ../../build/py_srvcli/py_srvcli.egg-info/dependency_links.txt
[4.087s] writing entry points to ../../build/py_srvcli/py_srvcli.egg-info/entry_points.txt
[4.088s] writing requirements to ../../build/py_srvcli/py_srvcli.egg-info/requires.txt
[4.088s] writing top-level names to ../../build/py_srvcli/py_srvcli.egg-info/top_level.txt
[4.096s] reading manifest file '../../build/py_srvcli/py_srvcli.egg-info/SOURCES.txt'
[4.097s] adding license file 'LICENSE'
[4.100s] writing manifest file '../../build/py_srvcli/py_srvcli.egg-info/SOURCES.txt'
[4.101s] running build
[4.102s] running build_py
[4.103s] copying py_srvcli/client.py -> /home/gargie/service/build/py_srvcli/build/lib/py_srvcli
[4.104s] running install
[4.105s] running install_lib
[4.108s] copying /home/gargie/service/build/py_srvcli/build/lib/py_srvcli/client.py -> /home/gargie/service/install/py_srvcli/lib/python3.10/site-packages/py_srvcli
[4.111s] byte-compiling /home/gargie/service/install/py_srvcli/lib/python3.10/site-packages/py_srvcli/service.py to service.cpython-310.pyc
[4.113s] byte-compiling /home/gargie/service/install/py_srvcli/lib/python3.10/site-packages/py_srvcli/client.py to client.cpython-310.pyc
[4.114s] running install_data
[4.115s] Sorry: IndentationError: expected an indented block after function definition on line 8 (service.py, line 9)
[4.116s] Sorry: TabError: inconsistent use of tabs and spaces in indentation (client.py, line 9)
[4.116s] running install_egg_info
[4.127s] removing '/home/gargie/service/install/py_srvcli/lib/python3.10/site-packages/py_srvcli-0.0.0-py3.10.egg-info' (and everything under it)
[4.128s] Copying ../../build/py_srvcli/py_srvcli.egg-info to /home/gargie/service/install/py_srvcli/lib/python3.10/site-packages/py_srvcli-0.0.0-py3.10.egg-info
[4.133s] running install_scripts
[4.217s] Installing client script to /home/gargie/service/install/py_srvcli/lib/py_srvcli
[4.219s] Installing service script to /home/gargie/service/install/py_srvcli/lib/py_srvcli
[4.220s] writing list of installed files to '/home/gargie/service/build/py_srvcli/install.log'
[4.345s] Invoked command in '/home/gargie/service/src/py_srvcli' returned '0': PYTHONPATH=/home/gargie/service/build/py_srvcli/prefix_override:/usr/lib/python3/dist-packages/colcon_core/task/python/colcon_distutils_commands:/home/gargie/service/install/py_srvcli/lib/python3.10/site-packages:${PYTHONPATH} /usr/bin/python3 -W ignore:setup.py install is deprecated -W ignore:easy_install command is deprecated setup.py egg_info --egg-base ../../build/py_srvcli build --build-base /home/gargie/service/build/py_srvcli/build install --record /home/gargie/service/build/py_srvcli/install.log --single-version-externally-managed install_data
