[4.965s] Invoking command in '/home/gargie/service/src/py_srvcli': PYTHONPATH=/home/gargie/service/build/py_srvcli/prefix_override:/usr/lib/python3/dist-packages/colcon_core/task/python/colcon_distutils_commands:/home/gargie/service/install/py_srvcli/lib/python3.10/site-packages:${PYTHONPATH} /usr/bin/python3 -W ignore:setup.py install is deprecated -W ignore:easy_install command is deprecated setup.py egg_info --egg-base ../../build/py_srvcli build --build-base /home/gargie/service/build/py_srvcli/build install --record /home/gargie/service/build/py_srvcli/install.log --single-version-externally-managed install_data
[6.199s] running egg_info
[6.202s] writing ../../build/py_srvcli/py_srvcli.egg-info/PKG-INFO
[6.203s] writing dependency_links to ../../build/py_srvcli/py_srvcli.egg-info/dependency_links.txt
[6.204s] writing entry points to ../../build/py_srvcli/py_srvcli.egg-info/entry_points.txt
[6.206s] writing requirements to ../../build/py_srvcli/py_srvcli.egg-info/requires.txt
[6.206s] writing top-level names to ../../build/py_srvcli/py_srvcli.egg-info/top_level.txt
[6.214s] reading manifest file '../../build/py_srvcli/py_srvcli.egg-info/SOURCES.txt'
[6.217s] adding license file 'LICENSE'
[6.220s] writing manifest file '../../build/py_srvcli/py_srvcli.egg-info/SOURCES.txt'
[6.221s] running build
[6.221s] running build_py
[6.230s] running install
[6.231s] running install_lib
[6.236s] running install_data
[6.236s] running install_egg_info
[6.244s] removing '/home/gargie/service/install/py_srvcli/lib/python3.10/site-packages/py_srvcli-0.0.0-py3.10.egg-info' (and everything under it)
[6.245s] Copying ../../build/py_srvcli/py_srvcli.egg-info to /home/gargie/service/install/py_srvcli/lib/python3.10/site-packages/py_srvcli-0.0.0-py3.10.egg-info
[6.250s] running install_scripts
[6.344s] Installing client script to /home/gargie/service/install/py_srvcli/lib/py_srvcli
[6.345s] Installing service script to /home/gargie/service/install/py_srvcli/lib/py_srvcli
[6.347s] writing list of installed files to '/home/gargie/service/build/py_srvcli/install.log'
[6.490s] Invoked command in '/home/gargie/service/src/py_srvcli' returned '0': PYTHONPATH=/home/gargie/service/build/py_srvcli/prefix_override:/usr/lib/python3/dist-packages/colcon_core/task/python/colcon_distutils_commands:/home/gargie/service/install/py_srvcli/lib/python3.10/site-packages:${PYTHONPATH} /usr/bin/python3 -W ignore:setup.py install is deprecated -W ignore:easy_install command is deprecated setup.py egg_info --egg-base ../../build/py_srvcli build --build-base /home/gargie/service/build/py_srvcli/build install --record /home/gargie/service/build/py_srvcli/install.log --single-version-externally-managed install_data
