[0.096s] Invoking command in '/home/gargie/tf2/build/learning_tf2_cpp': CMAKE_PREFIX_PATH=${CMAKE_PREFIX_PATH}:/home/gargie/tf2/install/learning_tf2_py:/home/gargie/service/install/py_srvcli:/home/gargie/service/install/py_parameter:/home/gargie/key_ws/install/key1_pkg:/opt/ros/humble /usr/bin/cmake /home/gargie/tf2/src/learning_tf2_cpp -DCMAKE_INSTALL_PREFIX=/home/gargie/tf2/install/learning_tf2_cpp
[0.463s] -- The C compiler identification is GNU 11.4.0
[0.836s] -- The CXX compiler identification is GNU 11.4.0
[0.896s] -- Detecting C compiler ABI info
[1.225s] -- Detecting C compiler ABI info - done
[1.267s] -- Check for working C compiler: /usr/bin/cc - skipped
[1.270s] -- Detecting C compile features
[1.273s] -- Detecting C compile features - done
[1.288s] -- Detecting CXX compiler ABI info
[1.647s] -- Detecting CXX compiler ABI info - done
[1.710s] -- Check for working CXX compiler: /usr/bin/c++ - skipped
[1.711s] -- Detecting CXX compile features
[1.714s] -- Detecting CXX compile features - done
[1.736s] -- Found ament_cmake: 1.3.11 (/opt/ros/humble/share/ament_cmake/cmake)
[2.509s] -- Found Python3: /usr/bin/python3 (found version "3.10.12") found components: Interpreter 
[3.096s] -- Found ament_lint_auto: 0.12.12 (/opt/ros/humble/share/ament_lint_auto/cmake)
[3.530s] -- Added test 'lint_cmake' to check CMake code style
[3.537s] -- Added test 'xmllint' to check XML markup files
[3.544s] -- Configuring done
[3.556s] -- Generating done
[3.565s] -- Build files have been written to: /home/gargie/tf2/build/learning_tf2_cpp
[3.583s] Invoked command in '/home/gargie/tf2/build/learning_tf2_cpp' returned '0': CMAKE_PREFIX_PATH=${CMAKE_PREFIX_PATH}:/home/gargie/tf2/install/learning_tf2_py:/home/gargie/service/install/py_srvcli:/home/gargie/service/install/py_parameter:/home/gargie/key_ws/install/key1_pkg:/opt/ros/humble /usr/bin/cmake /home/gargie/tf2/src/learning_tf2_cpp -DCMAKE_INSTALL_PREFIX=/home/gargie/tf2/install/learning_tf2_cpp
[3.594s] Invoking command in '/home/gargie/tf2/build/learning_tf2_cpp': CMAKE_PREFIX_PATH=${CMAKE_PREFIX_PATH}:/home/gargie/tf2/install/learning_tf2_py:/home/gargie/service/install/py_srvcli:/home/gargie/service/install/py_parameter:/home/gargie/key_ws/install/key1_pkg:/opt/ros/humble /usr/bin/cmake --build /home/gargie/tf2/build/learning_tf2_cpp -- -j4 -l4
[3.747s] Invoked command in '/home/gargie/tf2/build/learning_tf2_cpp' returned '0': CMAKE_PREFIX_PATH=${CMAKE_PREFIX_PATH}:/home/gargie/tf2/install/learning_tf2_py:/home/gargie/service/install/py_srvcli:/home/gargie/service/install/py_parameter:/home/gargie/key_ws/install/key1_pkg:/opt/ros/humble /usr/bin/cmake --build /home/gargie/tf2/build/learning_tf2_cpp -- -j4 -l4
[3.789s] Invoking command in '/home/gargie/tf2/build/learning_tf2_cpp': CMAKE_PREFIX_PATH=${CMAKE_PREFIX_PATH}:/home/gargie/tf2/install/learning_tf2_py:/home/gargie/service/install/py_srvcli:/home/gargie/service/install/py_parameter:/home/gargie/key_ws/install/key1_pkg:/opt/ros/humble /usr/bin/cmake --install /home/gargie/tf2/build/learning_tf2_cpp
[3.816s] -- Install configuration: ""
[3.817s] -- Installing: /home/gargie/tf2/install/learning_tf2_cpp/share/ament_index/resource_index/package_run_dependencies/learning_tf2_cpp
[3.819s] -- Installing: /home/gargie/tf2/install/learning_tf2_cpp/share/ament_index/resource_index/parent_prefix_path/learning_tf2_cpp
[3.820s] -- Installing: /home/gargie/tf2/install/learning_tf2_cpp/share/learning_tf2_cpp/environment/ament_prefix_path.sh
[3.821s] -- Installing: /home/gargie/tf2/install/learning_tf2_cpp/share/learning_tf2_cpp/environment/ament_prefix_path.dsv
[3.821s] -- Installing: /home/gargie/tf2/install/learning_tf2_cpp/share/learning_tf2_cpp/environment/path.sh
[3.822s] -- Installing: /home/gargie/tf2/install/learning_tf2_cpp/share/learning_tf2_cpp/environment/path.dsv
[3.823s] -- Installing: /home/gargie/tf2/install/learning_tf2_cpp/share/learning_tf2_cpp/local_setup.bash
[3.824s] -- Installing: /home/gargie/tf2/install/learning_tf2_cpp/share/learning_tf2_cpp/local_setup.sh
[3.825s] -- Installing: /home/gargie/tf2/install/learning_tf2_cpp/share/learning_tf2_cpp/local_setup.zsh
[3.826s] -- Installing: /home/gargie/tf2/install/learning_tf2_cpp/share/learning_tf2_cpp/local_setup.dsv
[3.826s] -- Installing: /home/gargie/tf2/install/learning_tf2_cpp/share/learning_tf2_cpp/package.dsv
[3.828s] -- Installing: /home/gargie/tf2/install/learning_tf2_cpp/share/ament_index/resource_index/packages/learning_tf2_cpp
[3.829s] -- Installing: /home/gargie/tf2/install/learning_tf2_cpp/share/learning_tf2_cpp/cmake/learning_tf2_cppConfig.cmake
[3.830s] -- Installing: /home/gargie/tf2/install/learning_tf2_cpp/share/learning_tf2_cpp/cmake/learning_tf2_cppConfig-version.cmake
[3.830s] -- Installing: /home/gargie/tf2/install/learning_tf2_cpp/share/learning_tf2_cpp/package.xml
[3.838s] Invoked command in '/home/gargie/tf2/build/learning_tf2_cpp' returned '0': CMAKE_PREFIX_PATH=${CMAKE_PREFIX_PATH}:/home/gargie/tf2/install/learning_tf2_py:/home/gargie/service/install/py_srvcli:/home/gargie/service/install/py_parameter:/home/gargie/key_ws/install/key1_pkg:/opt/ros/humble /usr/bin/cmake --install /home/gargie/tf2/build/learning_tf2_cpp
