[0.020s] Invoking command in '/home/nihit/servcli/build/tutorial_interfaces': /usr/bin/cmake --build /home/nihit/servcli/build/tutorial_interfaces -- -j8 -l8
[0.062s] -- Found ament_cmake: 1.3.11 (/opt/ros/humble/share/ament_cmake/cmake)
[0.307s] -- Found geometry_msgs: 4.8.0 (/opt/ros/humble/share/geometry_msgs/cmake)
[0.354s] -- Found rosidl_generator_c: 3.1.6 (/opt/ros/humble/share/rosidl_generator_c/cmake)
[0.360s] -- Found rosidl_adapter: 3.1.6 (/opt/ros/humble/share/rosidl_adapter/cmake)
[0.370s] -- Found rosidl_generator_cpp: 3.1.6 (/opt/ros/humble/share/rosidl_generator_cpp/cmake)
[0.388s] -- Using all available rosidl_typesupport_c: rosidl_typesupport_fastrtps_c;rosidl_typesupport_introspection_c
[0.411s] -- Using all available rosidl_typesupport_cpp: rosidl_typesupport_fastrtps_cpp;rosidl_typesupport_introspection_cpp
[0.479s] -- Found unique_identifier_msgs: 2.2.1 (/opt/ros/humble/share/unique_identifier_msgs/cmake)
[0.497s] -- Found action_msgs: 1.2.1 (/opt/ros/humble/share/action_msgs/cmake)
[0.521s] -- Found rosidl_default_generators: 1.2.0 (/opt/ros/humble/share/rosidl_default_generators/cmake)
[0.927s] Error parsing '/home/nihit/servcli/src/tutorial_interfaces/package.xml':
[1.004s] Traceback (most recent call last):
[1.004s]   File "/opt/ros/humble/share/ament_cmake_core/cmake/core/package_xml_2_cmake.py", line 150, in <module>
[1.004s]     main()
[1.005s]   File "/opt/ros/humble/share/ament_cmake_core/cmake/core/package_xml_2_cmake.py", line 53, in main
[1.005s]     raise e
[1.005s]   File "/opt/ros/humble/share/ament_cmake_core/cmake/core/package_xml_2_cmake.py", line 49, in main
[1.005s]     package = parse_package_string(
[1.005s]   File "/usr/lib/python3/dist-packages/catkin_pkg/package.py", line 786, in parse_package_string
[1.005s]     raise InvalidPackage('Error(s):%s' % (''.join(['\n- %s' % e for e in errors])), filename)
[1.005s] catkin_pkg.package.InvalidPackage: Error(s) in package '/home/nihit/servcli/src/tutorial_interfaces/package.xml':
[1.005s] Error(s):
[1.006s] - The generic dependency on 'action_msgs' is redundant with: build_depend, build_export_depend, exec_depend
[1.035s] [31mCMake Error at /opt/ros/humble/share/ament_cmake_core/cmake/core/ament_package_xml.cmake:95 (message):
[1.035s]   execute_process(/usr/bin/python3
[1.036s]   /opt/ros/humble/share/ament_cmake_core/cmake/core/package_xml_2_cmake.py
[1.036s]   /home/nihit/servcli/src/tutorial_interfaces/package.xml
[1.036s]   /home/nihit/servcli/build/tutorial_interfaces/ament_cmake_core/package.cmake)
[1.036s]   returned error code 1
[1.036s] Call Stack (most recent call first):
[1.036s]   /opt/ros/humble/share/ament_cmake_core/cmake/core/ament_package_xml.cmake:49 (_ament_package_xml)
[1.036s]   /opt/ros/humble/share/rosidl_cmake/cmake/rosidl_generate_interfaces.cmake:226 (ament_package_xml)
[1.036s]   CMakeLists.txt:16 (rosidl_generate_interfaces)
[1.036s] 
[1.037s] [0m
[1.037s] -- Configuring incomplete, errors occurred!
[1.037s] See also "/home/nihit/servcli/build/tutorial_interfaces/CMakeFiles/CMakeOutput.log".
[1.045s] gmake: *** [Makefile:1179: cmake_check_build_system] Error 1
[1.048s] Invoked command in '/home/nihit/servcli/build/tutorial_interfaces' returned '2': /usr/bin/cmake --build /home/nihit/servcli/build/tutorial_interfaces -- -j8 -l8
