[0.527s] DEBUG:colcon:Command line arguments: ['/usr/bin/colcon', 'build']
[0.527s] DEBUG:colcon:Parsed command line arguments: Namespace(log_base=None, log_level=None, verb_name='build', build_base='build', install_base='install', merge_install=False, symlink_install=False, test_result_base=None, continue_on_error=False, executor='parallel', parallel_workers=4, event_handlers=None, ignore_user_meta=False, metas=['./colcon.meta'], base_paths=['.'], packages_ignore=None, packages_ignore_regex=None, paths=None, packages_up_to=None, packages_up_to_regex=None, packages_above=None, packages_above_and_dependencies=None, packages_above_depth=None, packages_select_by_dep=None, packages_skip_by_dep=None, packages_skip_up_to=None, packages_select_build_failed=False, packages_skip_build_finished=False, packages_select_test_failures=False, packages_skip_test_passed=False, packages_select=None, packages_skip=None, packages_select_regex=None, packages_skip_regex=None, packages_start=None, packages_end=None, allow_overriding=[], cmake_args=None, cmake_target=None, cmake_target_skip_unavailable=False, cmake_clean_cache=False, cmake_clean_first=False, cmake_force_configure=False, ament_cmake_args=None, catkin_cmake_args=None, catkin_skip_building_tests=False, mixin_files=None, mixin=None, verb_parser=<colcon_mixin.mixin.mixin_argument.MixinArgumentDecorator object at 0x7d3a8bd6afe0>, verb_extension=<colcon_core.verb.build.BuildVerb object at 0x7d3a8bd6ab30>, main=<bound method BuildVerb.main of <colcon_core.verb.build.BuildVerb object at 0x7d3a8bd6ab30>>, mixin_verb=('build',))
[1.365s] Level 1:colcon.colcon_core.package_discovery:discover_packages(colcon_meta) check parameters
[1.366s] Level 1:colcon.colcon_core.package_discovery:discover_packages(recursive) check parameters
[1.366s] Level 1:colcon.colcon_core.package_discovery:discover_packages(ignore) check parameters
[1.366s] Level 1:colcon.colcon_core.package_discovery:discover_packages(path) check parameters
[1.366s] Level 1:colcon.colcon_core.package_discovery:discover_packages(colcon_meta) discover
[1.366s] Level 1:colcon.colcon_core.package_discovery:discover_packages(recursive) discover
[1.367s] INFO:colcon.colcon_core.package_discovery:Crawling recursively for packages in '/home/gargie/tf2'
[1.367s] Level 1:colcon.colcon_core.package_identification:_identify(.) by extensions ['ignore', 'ignore_ament_install']
[1.367s] Level 1:colcon.colcon_core.package_identification:_identify(.) by extension 'ignore'
[1.368s] Level 1:colcon.colcon_core.package_identification:_identify(.) by extension 'ignore_ament_install'
[1.368s] Level 1:colcon.colcon_core.package_identification:_identify(.) by extensions ['colcon_pkg']
[1.368s] Level 1:colcon.colcon_core.package_identification:_identify(.) by extension 'colcon_pkg'
[1.368s] Level 1:colcon.colcon_core.package_identification:_identify(.) by extensions ['colcon_meta']
[1.368s] Level 1:colcon.colcon_core.package_identification:_identify(.) by extension 'colcon_meta'
[1.368s] Level 1:colcon.colcon_core.package_identification:_identify(.) by extensions ['ros']
[1.369s] Level 1:colcon.colcon_core.package_identification:_identify(.) by extension 'ros'
[1.418s] Level 1:colcon.colcon_core.package_identification:_identify(.) by extensions ['cmake', 'python']
[1.418s] Level 1:colcon.colcon_core.package_identification:_identify(.) by extension 'cmake'
[1.419s] Level 1:colcon.colcon_core.package_identification:_identify(.) by extension 'python'
[1.419s] Level 1:colcon.colcon_core.package_identification:_identify(.) by extensions ['python_setup_py']
[1.419s] Level 1:colcon.colcon_core.package_identification:_identify(.) by extension 'python_setup_py'
[1.419s] Level 1:colcon.colcon_core.package_identification:_identify(build) by extensions ['ignore', 'ignore_ament_install']
[1.420s] Level 1:colcon.colcon_core.package_identification:_identify(build) by extension 'ignore'
[1.420s] Level 1:colcon.colcon_core.package_identification:_identify(build) ignored
[1.421s] Level 1:colcon.colcon_core.package_identification:_identify(install) by extensions ['ignore', 'ignore_ament_install']
[1.421s] Level 1:colcon.colcon_core.package_identification:_identify(install) by extension 'ignore'
[1.421s] Level 1:colcon.colcon_core.package_identification:_identify(install) ignored
[1.422s] Level 1:colcon.colcon_core.package_identification:_identify(log) by extensions ['ignore', 'ignore_ament_install']
[1.422s] Level 1:colcon.colcon_core.package_identification:_identify(log) by extension 'ignore'
[1.422s] Level 1:colcon.colcon_core.package_identification:_identify(log) ignored
[1.423s] Level 1:colcon.colcon_core.package_identification:_identify(src) by extensions ['ignore', 'ignore_ament_install']
[1.423s] Level 1:colcon.colcon_core.package_identification:_identify(src) by extension 'ignore'
[1.423s] Level 1:colcon.colcon_core.package_identification:_identify(src) by extension 'ignore_ament_install'
[1.423s] Level 1:colcon.colcon_core.package_identification:_identify(src) by extensions ['colcon_pkg']
[1.424s] Level 1:colcon.colcon_core.package_identification:_identify(src) by extension 'colcon_pkg'
[1.424s] Level 1:colcon.colcon_core.package_identification:_identify(src) by extensions ['colcon_meta']
[1.424s] Level 1:colcon.colcon_core.package_identification:_identify(src) by extension 'colcon_meta'
[1.424s] Level 1:colcon.colcon_core.package_identification:_identify(src) by extensions ['ros']
[1.424s] Level 1:colcon.colcon_core.package_identification:_identify(src) by extension 'ros'
[1.425s] Level 1:colcon.colcon_core.package_identification:_identify(src) by extensions ['cmake', 'python']
[1.425s] Level 1:colcon.colcon_core.package_identification:_identify(src) by extension 'cmake'
[1.425s] Level 1:colcon.colcon_core.package_identification:_identify(src) by extension 'python'
[1.425s] Level 1:colcon.colcon_core.package_identification:_identify(src) by extensions ['python_setup_py']
[1.425s] Level 1:colcon.colcon_core.package_identification:_identify(src) by extension 'python_setup_py'
[1.426s] Level 1:colcon.colcon_core.package_identification:_identify(src/learning_tf2_cpp) by extensions ['ignore', 'ignore_ament_install']
[1.426s] Level 1:colcon.colcon_core.package_identification:_identify(src/learning_tf2_cpp) by extension 'ignore'
[1.426s] Level 1:colcon.colcon_core.package_identification:_identify(src/learning_tf2_cpp) by extension 'ignore_ament_install'
[1.426s] Level 1:colcon.colcon_core.package_identification:_identify(src/learning_tf2_cpp) by extensions ['colcon_pkg']
[1.427s] Level 1:colcon.colcon_core.package_identification:_identify(src/learning_tf2_cpp) by extension 'colcon_pkg'
[1.427s] Level 1:colcon.colcon_core.package_identification:_identify(src/learning_tf2_cpp) by extensions ['colcon_meta']
[1.427s] Level 1:colcon.colcon_core.package_identification:_identify(src/learning_tf2_cpp) by extension 'colcon_meta'
[1.427s] Level 1:colcon.colcon_core.package_identification:_identify(src/learning_tf2_cpp) by extensions ['ros']
[1.427s] Level 1:colcon.colcon_core.package_identification:_identify(src/learning_tf2_cpp) by extension 'ros'
[1.437s] DEBUG:colcon.colcon_core.package_identification:Package 'src/learning_tf2_cpp' with type 'ros.ament_cmake' and name 'learning_tf2_cpp'
[1.438s] Level 1:colcon.colcon_core.package_identification:_identify(src/learning_tf2_py) by extensions ['ignore', 'ignore_ament_install']
[1.438s] Level 1:colcon.colcon_core.package_identification:_identify(src/learning_tf2_py) by extension 'ignore'
[1.438s] Level 1:colcon.colcon_core.package_identification:_identify(src/learning_tf2_py) by extension 'ignore_ament_install'
[1.438s] Level 1:colcon.colcon_core.package_identification:_identify(src/learning_tf2_py) by extensions ['colcon_pkg']
[1.439s] Level 1:colcon.colcon_core.package_identification:_identify(src/learning_tf2_py) by extension 'colcon_pkg'
[1.439s] Level 1:colcon.colcon_core.package_identification:_identify(src/learning_tf2_py) by extensions ['colcon_meta']
[1.439s] Level 1:colcon.colcon_core.package_identification:_identify(src/learning_tf2_py) by extension 'colcon_meta'
[1.439s] Level 1:colcon.colcon_core.package_identification:_identify(src/learning_tf2_py) by extensions ['ros']
[1.439s] Level 1:colcon.colcon_core.package_identification:_identify(src/learning_tf2_py) by extension 'ros'
[1.442s] DEBUG:colcon.colcon_core.package_identification:Package 'src/learning_tf2_py' with type 'ros.ament_python' and name 'learning_tf2_py'
[1.442s] Level 1:colcon.colcon_core.package_discovery:discover_packages(recursive) using defaults
[1.442s] Level 1:colcon.colcon_core.package_discovery:discover_packages(ignore) discover
[1.442s] Level 1:colcon.colcon_core.package_discovery:discover_packages(ignore) using defaults
[1.443s] Level 1:colcon.colcon_core.package_discovery:discover_packages(path) discover
[1.443s] Level 1:colcon.colcon_core.package_discovery:discover_packages(path) using defaults
[1.576s] Level 1:colcon.colcon_core.package_discovery:discover_packages(prefix_path) check parameters
[1.577s] Level 1:colcon.colcon_core.package_discovery:discover_packages(prefix_path) discover
[1.587s] DEBUG:colcon.colcon_installed_package_information.package_discovery:Found 1 installed packages in /home/gargie/tf2/install
[1.589s] DEBUG:colcon.colcon_installed_package_information.package_discovery:Found 1 installed packages in /home/gargie/interm_ws/install
[1.592s] DEBUG:colcon.colcon_installed_package_information.package_discovery:Found 5 installed packages in /home/gargie/service/install
[1.594s] DEBUG:colcon.colcon_installed_package_information.package_discovery:Found 1 installed packages in /home/gargie/project/install
[1.596s] DEBUG:colcon.colcon_installed_package_information.package_discovery:Found 2 installed packages in /home/gargie/key_ws/install
[1.598s] DEBUG:colcon.colcon_installed_package_information.package_discovery:Found 1 installed packages in /home/gargie/chem_ws/install
[1.606s] DEBUG:colcon.colcon_installed_package_information.package_discovery:Found 296 installed packages in /opt/ros/humble
[1.616s] Level 1:colcon.colcon_core.package_discovery:discover_packages(prefix_path) using defaults
[1.827s] Level 5:colcon.colcon_core.verb:set package 'learning_tf2_cpp' build argument 'cmake_args' from command line to 'None'
[1.827s] Level 5:colcon.colcon_core.verb:set package 'learning_tf2_cpp' build argument 'cmake_target' from command line to 'None'
[1.828s] Level 5:colcon.colcon_core.verb:set package 'learning_tf2_cpp' build argument 'cmake_target_skip_unavailable' from command line to 'False'
[1.828s] Level 5:colcon.colcon_core.verb:set package 'learning_tf2_cpp' build argument 'cmake_clean_cache' from command line to 'False'
[1.828s] Level 5:colcon.colcon_core.verb:set package 'learning_tf2_cpp' build argument 'cmake_clean_first' from command line to 'False'
[1.828s] Level 5:colcon.colcon_core.verb:set package 'learning_tf2_cpp' build argument 'cmake_force_configure' from command line to 'False'
[1.828s] Level 5:colcon.colcon_core.verb:set package 'learning_tf2_cpp' build argument 'ament_cmake_args' from command line to 'None'
[1.828s] Level 5:colcon.colcon_core.verb:set package 'learning_tf2_cpp' build argument 'catkin_cmake_args' from command line to 'None'
[1.828s] Level 5:colcon.colcon_core.verb:set package 'learning_tf2_cpp' build argument 'catkin_skip_building_tests' from command line to 'False'
[1.828s] DEBUG:colcon.colcon_core.verb:Building package 'learning_tf2_cpp' with the following arguments: {'ament_cmake_args': None, 'build_base': '/home/gargie/tf2/build/learning_tf2_cpp', 'catkin_cmake_args': None, 'catkin_skip_building_tests': False, 'cmake_args': None, 'cmake_clean_cache': False, 'cmake_clean_first': False, 'cmake_force_configure': False, 'cmake_target': None, 'cmake_target_skip_unavailable': False, 'install_base': '/home/gargie/tf2/install/learning_tf2_cpp', 'merge_install': False, 'path': '/home/gargie/tf2/src/learning_tf2_cpp', 'symlink_install': False, 'test_result_base': None}
[1.830s] Level 5:colcon.colcon_core.verb:set package 'learning_tf2_py' build argument 'cmake_args' from command line to 'None'
[1.830s] Level 5:colcon.colcon_core.verb:set package 'learning_tf2_py' build argument 'cmake_target' from command line to 'None'
[1.831s] Level 5:colcon.colcon_core.verb:set package 'learning_tf2_py' build argument 'cmake_target_skip_unavailable' from command line to 'False'
[1.831s] Level 5:colcon.colcon_core.verb:set package 'learning_tf2_py' build argument 'cmake_clean_cache' from command line to 'False'
[1.831s] Level 5:colcon.colcon_core.verb:set package 'learning_tf2_py' build argument 'cmake_clean_first' from command line to 'False'
[1.831s] Level 5:colcon.colcon_core.verb:set package 'learning_tf2_py' build argument 'cmake_force_configure' from command line to 'False'
[1.831s] Level 5:colcon.colcon_core.verb:set package 'learning_tf2_py' build argument 'ament_cmake_args' from command line to 'None'
[1.831s] Level 5:colcon.colcon_core.verb:set package 'learning_tf2_py' build argument 'catkin_cmake_args' from command line to 'None'
[1.831s] Level 5:colcon.colcon_core.verb:set package 'learning_tf2_py' build argument 'catkin_skip_building_tests' from command line to 'False'
[1.831s] DEBUG:colcon.colcon_core.verb:Building package 'learning_tf2_py' with the following arguments: {'ament_cmake_args': None, 'build_base': '/home/gargie/tf2/build/learning_tf2_py', 'catkin_cmake_args': None, 'catkin_skip_building_tests': False, 'cmake_args': None, 'cmake_clean_cache': False, 'cmake_clean_first': False, 'cmake_force_configure': False, 'cmake_target': None, 'cmake_target_skip_unavailable': False, 'install_base': '/home/gargie/tf2/install/learning_tf2_py', 'merge_install': False, 'path': '/home/gargie/tf2/src/learning_tf2_py', 'symlink_install': False, 'test_result_base': None}
[1.832s] INFO:colcon.colcon_core.executor:Executing jobs using 'parallel' executor
[1.837s] DEBUG:colcon.colcon_parallel_executor.executor.parallel:run_until_complete
[1.838s] INFO:colcon.colcon_ros.task.ament_cmake.build:Building ROS package in '/home/gargie/tf2/src/learning_tf2_cpp' with build type 'ament_cmake'
[1.838s] INFO:colcon.colcon_cmake.task.cmake.build:Building CMake package in '/home/gargie/tf2/src/learning_tf2_cpp'
[1.849s] INFO:colcon.colcon_core.plugin_system:Skipping extension 'colcon_core.shell.bat': Not used on non-Windows systems
[1.849s] INFO:colcon.colcon_core.shell:Skip shell extension 'powershell' for command environment: Not usable outside of PowerShell
[1.850s] DEBUG:colcon.colcon_core.shell:Skip shell extension 'dsv' for command environment
[1.885s] INFO:colcon.colcon_ros.task.ament_python.build:Building ROS package in '/home/gargie/tf2/src/learning_tf2_py' with build type 'ament_python'
[1.887s] Level 1:colcon.colcon_core.shell:create_environment_hook('learning_tf2_py', 'ament_prefix_path')
[1.888s] INFO:colcon.colcon_core.shell:Creating environment hook '/home/gargie/tf2/install/learning_tf2_py/share/learning_tf2_py/hook/ament_prefix_path.ps1'
[1.893s] INFO:colcon.colcon_core.shell:Creating environment descriptor '/home/gargie/tf2/install/learning_tf2_py/share/learning_tf2_py/hook/ament_prefix_path.dsv'
[1.895s] INFO:colcon.colcon_core.shell:Creating environment hook '/home/gargie/tf2/install/learning_tf2_py/share/learning_tf2_py/hook/ament_prefix_path.sh'
[1.899s] INFO:colcon.colcon_core.shell:Skip shell extension 'powershell' for command environment: Not usable outside of PowerShell
[1.899s] DEBUG:colcon.colcon_core.shell:Skip shell extension 'dsv' for command environment
[1.937s] DEBUG:colcon.colcon_core.event_handler.log_command:Invoking command in '/home/gargie/tf2/build/learning_tf2_cpp': CMAKE_PREFIX_PATH=${CMAKE_PREFIX_PATH}:/home/gargie/tf2/install/learning_tf2_py:/home/gargie/service/install/py_srvcli:/home/gargie/service/install/py_parameter:/home/gargie/key_ws/install/key1_pkg:/opt/ros/humble /usr/bin/cmake /home/gargie/tf2/src/learning_tf2_cpp -DCMAKE_INSTALL_PREFIX=/home/gargie/tf2/install/learning_tf2_cpp
[3.315s] INFO:colcon.colcon_core.task.python.build:Building Python package in '/home/gargie/tf2/src/learning_tf2_py'
[3.316s] INFO:colcon.colcon_core.shell:Skip shell extension 'powershell' for command environment: Not usable outside of PowerShell
[3.316s] DEBUG:colcon.colcon_core.shell:Skip shell extension 'dsv' for command environment
[5.025s] DEBUG:colcon.colcon_core.event_handler.log_command:Invoking command in '/home/gargie/tf2/src/learning_tf2_py': PYTHONPATH=/home/gargie/tf2/build/learning_tf2_py/prefix_override:/usr/lib/python3/dist-packages/colcon_core/task/python/colcon_distutils_commands:/home/gargie/tf2/install/learning_tf2_py/lib/python3.10/site-packages:${PYTHONPATH} /usr/bin/python3 -W ignore:setup.py install is deprecated -W ignore:easy_install command is deprecated setup.py egg_info --egg-base ../../build/learning_tf2_py build --build-base /home/gargie/tf2/build/learning_tf2_py/build install --record /home/gargie/tf2/build/learning_tf2_py/install.log --single-version-externally-managed install_data
[5.425s] DEBUG:colcon.colcon_core.event_handler.log_command:Invoked command in '/home/gargie/tf2/build/learning_tf2_cpp' returned '0': CMAKE_PREFIX_PATH=${CMAKE_PREFIX_PATH}:/home/gargie/tf2/install/learning_tf2_py:/home/gargie/service/install/py_srvcli:/home/gargie/service/install/py_parameter:/home/gargie/key_ws/install/key1_pkg:/opt/ros/humble /usr/bin/cmake /home/gargie/tf2/src/learning_tf2_cpp -DCMAKE_INSTALL_PREFIX=/home/gargie/tf2/install/learning_tf2_cpp
[5.436s] DEBUG:colcon.colcon_core.event_handler.log_command:Invoking command in '/home/gargie/tf2/build/learning_tf2_cpp': CMAKE_PREFIX_PATH=${CMAKE_PREFIX_PATH}:/home/gargie/tf2/install/learning_tf2_py:/home/gargie/service/install/py_srvcli:/home/gargie/service/install/py_parameter:/home/gargie/key_ws/install/key1_pkg:/opt/ros/humble /usr/bin/cmake --build /home/gargie/tf2/build/learning_tf2_cpp -- -j4 -l4
[5.588s] DEBUG:colcon.colcon_core.event_handler.log_command:Invoked command in '/home/gargie/tf2/build/learning_tf2_cpp' returned '0': CMAKE_PREFIX_PATH=${CMAKE_PREFIX_PATH}:/home/gargie/tf2/install/learning_tf2_py:/home/gargie/service/install/py_srvcli:/home/gargie/service/install/py_parameter:/home/gargie/key_ws/install/key1_pkg:/opt/ros/humble /usr/bin/cmake --build /home/gargie/tf2/build/learning_tf2_cpp -- -j4 -l4
[5.632s] DEBUG:colcon.colcon_core.event_handler.log_command:Invoking command in '/home/gargie/tf2/build/learning_tf2_cpp': CMAKE_PREFIX_PATH=${CMAKE_PREFIX_PATH}:/home/gargie/tf2/install/learning_tf2_py:/home/gargie/service/install/py_srvcli:/home/gargie/service/install/py_parameter:/home/gargie/key_ws/install/key1_pkg:/opt/ros/humble /usr/bin/cmake --install /home/gargie/tf2/build/learning_tf2_cpp
[5.677s] Level 1:colcon.colcon_core.environment:create_environment_scripts_only(learning_tf2_cpp)
[5.679s] DEBUG:colcon.colcon_core.event_handler.log_command:Invoked command in '/home/gargie/tf2/build/learning_tf2_cpp' returned '0': CMAKE_PREFIX_PATH=${CMAKE_PREFIX_PATH}:/home/gargie/tf2/install/learning_tf2_py:/home/gargie/service/install/py_srvcli:/home/gargie/service/install/py_parameter:/home/gargie/key_ws/install/key1_pkg:/opt/ros/humble /usr/bin/cmake --install /home/gargie/tf2/build/learning_tf2_cpp
[5.691s] Level 1:colcon.colcon_core.environment:checking '/home/gargie/tf2/install/learning_tf2_cpp' for CMake module files
[5.694s] Level 1:colcon.colcon_core.environment:checking '/home/gargie/tf2/install/learning_tf2_cpp' for CMake config files
[5.695s] Level 1:colcon.colcon_core.shell:create_environment_hook('learning_tf2_cpp', 'cmake_prefix_path')
[5.697s] INFO:colcon.colcon_core.shell:Creating environment hook '/home/gargie/tf2/install/learning_tf2_cpp/share/learning_tf2_cpp/hook/cmake_prefix_path.ps1'
[5.699s] INFO:colcon.colcon_core.shell:Creating environment descriptor '/home/gargie/tf2/install/learning_tf2_cpp/share/learning_tf2_cpp/hook/cmake_prefix_path.dsv'
[5.702s] INFO:colcon.colcon_core.shell:Creating environment hook '/home/gargie/tf2/install/learning_tf2_cpp/share/learning_tf2_cpp/hook/cmake_prefix_path.sh'
[5.706s] Level 1:colcon.colcon_core.environment:checking '/home/gargie/tf2/install/learning_tf2_cpp/bin'
[5.707s] Level 1:colcon.colcon_core.environment:checking '/home/gargie/tf2/install/learning_tf2_cpp/lib/pkgconfig/learning_tf2_cpp.pc'
[5.708s] Level 1:colcon.colcon_core.environment:checking '/home/gargie/tf2/install/learning_tf2_cpp/lib/python3.10/site-packages'
[5.709s] Level 1:colcon.colcon_core.environment:checking '/home/gargie/tf2/install/learning_tf2_cpp/bin'
[5.711s] INFO:colcon.colcon_core.shell:Creating package script '/home/gargie/tf2/install/learning_tf2_cpp/share/learning_tf2_cpp/package.ps1'
[5.715s] INFO:colcon.colcon_core.shell:Creating package descriptor '/home/gargie/tf2/install/learning_tf2_cpp/share/learning_tf2_cpp/package.dsv'
[5.718s] INFO:colcon.colcon_core.shell:Creating package script '/home/gargie/tf2/install/learning_tf2_cpp/share/learning_tf2_cpp/package.sh'
[5.722s] INFO:colcon.colcon_core.shell:Creating package script '/home/gargie/tf2/install/learning_tf2_cpp/share/learning_tf2_cpp/package.bash'
[5.725s] INFO:colcon.colcon_core.shell:Creating package script '/home/gargie/tf2/install/learning_tf2_cpp/share/learning_tf2_cpp/package.zsh'
[5.728s] Level 1:colcon.colcon_core.environment:create_file_with_runtime_dependencies(/home/gargie/tf2/install/learning_tf2_cpp/share/colcon-core/packages/learning_tf2_cpp)
[5.731s] Level 1:colcon.colcon_core.environment:create_environment_scripts_only(learning_tf2_cpp)
[5.732s] Level 1:colcon.colcon_core.environment:checking '/home/gargie/tf2/install/learning_tf2_cpp' for CMake module files
[5.735s] Level 1:colcon.colcon_core.environment:checking '/home/gargie/tf2/install/learning_tf2_cpp' for CMake config files
[5.735s] Level 1:colcon.colcon_core.shell:create_environment_hook('learning_tf2_cpp', 'cmake_prefix_path')
[5.736s] INFO:colcon.colcon_core.shell:Creating environment hook '/home/gargie/tf2/install/learning_tf2_cpp/share/learning_tf2_cpp/hook/cmake_prefix_path.ps1'
[5.738s] INFO:colcon.colcon_core.shell:Creating environment descriptor '/home/gargie/tf2/install/learning_tf2_cpp/share/learning_tf2_cpp/hook/cmake_prefix_path.dsv'
[5.740s] INFO:colcon.colcon_core.shell:Creating environment hook '/home/gargie/tf2/install/learning_tf2_cpp/share/learning_tf2_cpp/hook/cmake_prefix_path.sh'
[5.744s] Level 1:colcon.colcon_core.environment:checking '/home/gargie/tf2/install/learning_tf2_cpp/bin'
[5.744s] Level 1:colcon.colcon_core.environment:checking '/home/gargie/tf2/install/learning_tf2_cpp/lib/pkgconfig/learning_tf2_cpp.pc'
[5.745s] Level 1:colcon.colcon_core.environment:checking '/home/gargie/tf2/install/learning_tf2_cpp/lib/python3.10/site-packages'
[5.746s] Level 1:colcon.colcon_core.environment:checking '/home/gargie/tf2/install/learning_tf2_cpp/bin'
[5.748s] INFO:colcon.colcon_core.shell:Creating package script '/home/gargie/tf2/install/learning_tf2_cpp/share/learning_tf2_cpp/package.ps1'
[5.750s] INFO:colcon.colcon_core.shell:Creating package descriptor '/home/gargie/tf2/install/learning_tf2_cpp/share/learning_tf2_cpp/package.dsv'
[5.753s] INFO:colcon.colcon_core.shell:Creating package script '/home/gargie/tf2/install/learning_tf2_cpp/share/learning_tf2_cpp/package.sh'
[5.755s] INFO:colcon.colcon_core.shell:Creating package script '/home/gargie/tf2/install/learning_tf2_cpp/share/learning_tf2_cpp/package.bash'
[5.758s] INFO:colcon.colcon_core.shell:Creating package script '/home/gargie/tf2/install/learning_tf2_cpp/share/learning_tf2_cpp/package.zsh'
[5.760s] Level 1:colcon.colcon_core.environment:create_file_with_runtime_dependencies(/home/gargie/tf2/install/learning_tf2_cpp/share/colcon-core/packages/learning_tf2_cpp)
[6.531s] Level 1:colcon.colcon_core.environment:checking '/home/gargie/tf2/install/learning_tf2_py' for CMake module files
[6.533s] DEBUG:colcon.colcon_core.event_handler.log_command:Invoked command in '/home/gargie/tf2/src/learning_tf2_py' returned '0': PYTHONPATH=/home/gargie/tf2/build/learning_tf2_py/prefix_override:/usr/lib/python3/dist-packages/colcon_core/task/python/colcon_distutils_commands:/home/gargie/tf2/install/learning_tf2_py/lib/python3.10/site-packages:${PYTHONPATH} /usr/bin/python3 -W ignore:setup.py install is deprecated -W ignore:easy_install command is deprecated setup.py egg_info --egg-base ../../build/learning_tf2_py build --build-base /home/gargie/tf2/build/learning_tf2_py/build install --record /home/gargie/tf2/build/learning_tf2_py/install.log --single-version-externally-managed install_data
[6.535s] Level 1:colcon.colcon_core.environment:checking '/home/gargie/tf2/install/learning_tf2_py' for CMake config files
[6.537s] Level 1:colcon.colcon_core.environment:checking '/home/gargie/tf2/install/learning_tf2_py/lib'
[6.538s] Level 1:colcon.colcon_core.environment:checking '/home/gargie/tf2/install/learning_tf2_py/bin'
[6.538s] Level 1:colcon.colcon_core.environment:checking '/home/gargie/tf2/install/learning_tf2_py/lib/pkgconfig/learning_tf2_py.pc'
[6.539s] Level 1:colcon.colcon_core.environment:checking '/home/gargie/tf2/install/learning_tf2_py/lib/python3.10/site-packages'
[6.540s] Level 1:colcon.colcon_core.shell:create_environment_hook('learning_tf2_py', 'pythonpath')
[6.541s] INFO:colcon.colcon_core.shell:Creating environment hook '/home/gargie/tf2/install/learning_tf2_py/share/learning_tf2_py/hook/pythonpath.ps1'
[6.543s] INFO:colcon.colcon_core.shell:Creating environment descriptor '/home/gargie/tf2/install/learning_tf2_py/share/learning_tf2_py/hook/pythonpath.dsv'
[6.545s] INFO:colcon.colcon_core.shell:Creating environment hook '/home/gargie/tf2/install/learning_tf2_py/share/learning_tf2_py/hook/pythonpath.sh'
[6.548s] Level 1:colcon.colcon_core.environment:checking '/home/gargie/tf2/install/learning_tf2_py/bin'
[6.548s] Level 1:colcon.colcon_core.environment:create_environment_scripts_only(learning_tf2_py)
[6.549s] INFO:colcon.colcon_core.shell:Creating package script '/home/gargie/tf2/install/learning_tf2_py/share/learning_tf2_py/package.ps1'
[6.552s] INFO:colcon.colcon_core.shell:Creating package descriptor '/home/gargie/tf2/install/learning_tf2_py/share/learning_tf2_py/package.dsv'
[6.554s] INFO:colcon.colcon_core.shell:Creating package script '/home/gargie/tf2/install/learning_tf2_py/share/learning_tf2_py/package.sh'
[6.557s] INFO:colcon.colcon_core.shell:Creating package script '/home/gargie/tf2/install/learning_tf2_py/share/learning_tf2_py/package.bash'
[6.559s] INFO:colcon.colcon_core.shell:Creating package script '/home/gargie/tf2/install/learning_tf2_py/share/learning_tf2_py/package.zsh'
[6.561s] Level 1:colcon.colcon_core.environment:create_file_with_runtime_dependencies(/home/gargie/tf2/install/learning_tf2_py/share/colcon-core/packages/learning_tf2_py)
[6.562s] DEBUG:colcon.colcon_parallel_executor.executor.parallel:closing loop
[6.565s] DEBUG:colcon.colcon_parallel_executor.executor.parallel:loop closed
[6.565s] DEBUG:colcon.colcon_parallel_executor.executor.parallel:run_until_complete finished with '0'
[6.566s] DEBUG:colcon.colcon_core.event_reactor:joining thread
[6.594s] INFO:colcon.colcon_core.plugin_system:Skipping extension 'colcon_notification.desktop_notification.terminal_notifier': Not used on non-Darwin systems
[6.595s] INFO:colcon.colcon_core.plugin_system:Skipping extension 'colcon_notification.desktop_notification.win32': Not used on non-Windows systems
[6.595s] INFO:colcon.colcon_notification.desktop_notification:Sending desktop notification using 'notify2'
[6.728s] DEBUG:colcon.colcon_core.event_reactor:joined thread
[6.729s] INFO:colcon.colcon_core.shell:Creating prefix script '/home/gargie/tf2/install/local_setup.ps1'
[6.734s] INFO:colcon.colcon_core.shell:Creating prefix util module '/home/gargie/tf2/install/_local_setup_util_ps1.py'
[6.741s] INFO:colcon.colcon_core.shell:Creating prefix chain script '/home/gargie/tf2/install/setup.ps1'
[6.748s] INFO:colcon.colcon_core.shell:Creating prefix script '/home/gargie/tf2/install/local_setup.sh'
[6.751s] INFO:colcon.colcon_core.shell:Creating prefix util module '/home/gargie/tf2/install/_local_setup_util_sh.py'
[6.754s] INFO:colcon.colcon_core.shell:Creating prefix chain script '/home/gargie/tf2/install/setup.sh'
[6.761s] INFO:colcon.colcon_core.shell:Creating prefix script '/home/gargie/tf2/install/local_setup.bash'
[6.763s] INFO:colcon.colcon_core.shell:Creating prefix chain script '/home/gargie/tf2/install/setup.bash'
[6.770s] INFO:colcon.colcon_core.shell:Creating prefix script '/home/gargie/tf2/install/local_setup.zsh'
[6.773s] INFO:colcon.colcon_core.shell:Creating prefix chain script '/home/gargie/tf2/install/setup.zsh'
