[0.052s] Invoking command in '/home/gargie/project/build/project_pkg': CMAKE_PREFIX_PATH=${CMAKE_PREFIX_PATH}:/home/gargie/key_ws/install/key1_pkg:/opt/ros/humble /usr/bin/cmake --build /home/gargie/project/build/project_pkg -- -j4 -l4
[0.223s] [35m[1mConsolidate compiler generated dependencies of target shapes_node[0m
[0.291s] [ 50%] [32mBuilding CXX object CMakeFiles/shapes_node.dir/src/shapes_node.cpp.o[0m
[11.694s] [01m[K/home/gargie/project/src/project_pkg/src/shapes_node.cpp:115:44:[m[K [01;31m[Kerror: [m[K‘[01m[KSharedPtr[m[K’ is not a member of ‘[01m[Kstd_srvs::srv::Empty[m[K’
[11.694s]   115 |       rclcpp::Client<std_srvs::srv::Empty::[01;31m[KSharedPtr[m[K clear_client_;
[11.695s]       |                                            [01;31m[K^~~~~~~~~[m[K
[11.695s] [01m[K/home/gargie/project/src/project_pkg/src/shapes_node.cpp:115:54:[m[K [01;31m[Kerror: [m[Ktemplate argument 1 is invalid
[11.696s]   115 |       rclcpp::Client<std_srvs::srv::Empty::SharedPtr [01;31m[Kclear_client_[m[K;
[11.696s]       |                                                      [01;31m[K^~~~~~~~~~~~~[m[K
[11.969s] [01m[K/home/gargie/project/src/project_pkg/src/shapes_node.cpp:[m[K In constructor ‘[01m[KShape::Shape()[m[K’:
[11.970s] [01m[K/home/gargie/project/src/project_pkg/src/shapes_node.cpp:13:5:[m[K [01;31m[Kerror: [m[K‘[01m[Kclear_client_[m[K’ was not declared in this scope; did you mean ‘[01m[Kcreate_client[m[K’?
[11.970s]    13 |     [01;31m[Kclear_client_[m[K= this->create_client<std_srvs::srv::Empty>("/clear");
[11.971s]       |     [01;31m[K^~~~~~~~~~~~~[m[K
[11.971s]       |     [32m[Kcreate_client[m[K
[12.244s] [01m[K/home/gargie/project/src/project_pkg/src/shapes_node.cpp:98:31:[m[K [01;31m[Kerror: [m[K‘[01m[KEmpty[m[K’ is not a member of ‘[01m[Kstd_srvs[m[K’
[12.245s]    98 |     std::shared_ptr<std_srvs::[01;31m[KEmpty[m[K::Request> clear_req=std::make_shared<std_srvs::srv::Empty::Request>();
[12.246s]       |                               [01;31m[K^~~~~[m[K
[12.246s] [01m[K/home/gargie/project/src/project_pkg/src/shapes_node.cpp:98:31:[m[K [01;36m[Knote: [m[Ksuggested alternatives:
[12.247s] In file included from [01m[K/opt/ros/humble/include/rclcpp/rclcpp/wait_result.hpp:25[m[K,
[12.247s]                  from [01m[K/opt/ros/humble/include/rclcpp/rclcpp/wait_set_policies/sequential_synchronization.hpp:32[m[K,
[12.248s]                  from [01m[K/opt/ros/humble/include/rclcpp/rclcpp/wait_set.hpp:26[m[K,
[12.249s]                  from [01m[K/opt/ros/humble/include/rclcpp/rclcpp/rclcpp.hpp:168[m[K,
[12.249s]                  from [01m[K/home/gargie/project/src/project_pkg/src/shapes_node.cpp:2[m[K:
[12.249s] [01m[K/opt/ros/humble/include/rclcpp/rclcpp/wait_result_kind.hpp:28:3:[m[K [01;36m[Knote: [m[K  ‘[01m[Krclcpp::Empty[m[K’
[12.250s]    28 |   [01;36m[KEmpty[m[K,  //<! Kind used when trying to wait on an empty wait set.
[12.250s]       |   [01;36m[K^~~~~[m[K
[12.251s] In file included from [01m[K/opt/ros/humble/include/std_srvs/std_srvs/srv/empty.hpp:7[m[K,
[12.252s]                  from [01m[K/home/gargie/project/src/project_pkg/src/shapes_node.cpp:5[m[K:
[12.252s] [01m[K/opt/ros/humble/include/std_srvs/std_srvs/srv/detail/empty__struct.hpp:237:8:[m[K [01;36m[Knote: [m[K  ‘[01m[Kstd_srvs::srv::Empty[m[K’
[12.253s]   237 | struct [01;36m[KEmpty[m[K
[12.253s]       |        [01;36m[K^~~~~[m[K
[12.254s] [01m[K/home/gargie/project/src/project_pkg/src/shapes_node.cpp:98:45:[m[K [01;31m[Kerror: [m[Ktemplate argument 1 is invalid
[12.254s]    98 |     std::shared_ptr<std_srvs::Empty::Request[01;31m[K>[m[K clear_req=std::make_shared<std_srvs::srv::Empty::Request>();
[12.255s]       |                                             [01;31m[K^[m[K
[12.255s] [01m[K/home/gargie/project/src/project_pkg/src/shapes_node.cpp:98:104:[m[K [01;31m[Kerror: [m[Kcannot convert ‘[01m[Kstd::shared_ptr<std_srvs::srv::Empty_Request_<std::allocator<void> > >[m[K’ to ‘[01m[Kint[m[K’ in initialization
[12.256s]    98 | ::Request> clear_req=[01;31m[Kstd::make_shared<std_srvs::srv::Empty::Request>()[m[K;
[12.256s]       |                      [01;31m[K~~~~~~~~~~~~~~~~~~~~~~~~~~~~~~~~~~~~~~~~~~~~~~~^~[m[K
[12.257s]       |                                                                     [01;31m[K|[m[K
[12.257s]       |                                                                     [01;31m[Kstd::shared_ptr<std_srvs::srv::Empty_Request_<std::allocator<void> > >[m[K
[12.260s] 
[17.046s] gmake[2]: *** [CMakeFiles/shapes_node.dir/build.make:76: CMakeFiles/shapes_node.dir/src/shapes_node.cpp.o] Error 1
[17.047s] gmake[1]: *** [CMakeFiles/Makefile2:137: CMakeFiles/shapes_node.dir/all] Error 2
[17.049s] gmake: *** [Makefile:146: all] Error 2
[17.059s] Invoked command in '/home/gargie/project/build/project_pkg' returned '2': CMAKE_PREFIX_PATH=${CMAKE_PREFIX_PATH}:/home/gargie/key_ws/install/key1_pkg:/opt/ros/humble /usr/bin/cmake --build /home/gargie/project/build/project_pkg -- -j4 -l4
