[0.052s] Invoking command in '/home/gargie/project/build/project_pkg': CMAKE_PREFIX_PATH=${CMAKE_PREFIX_PATH}:/opt/ros/humble /usr/bin/cmake --build /home/gargie/project/build/project_pkg -- -j4 -l4
[0.237s] [35m[1mConsolidate compiler generated dependencies of target shapes_node[0m
[0.317s] [ 50%] [32mBuilding CXX object CMakeFiles/shapes_node.dir/src/shapes_node.cpp.o[0m
[20.240s] [100%] [32m[1mLinking CXX executable shapes_node[0m
[21.332s] [100%] Built target shapes_node
[21.377s] Invoked command in '/home/gargie/project/build/project_pkg' returned '0': CMAKE_PREFIX_PATH=${CMAKE_PREFIX_PATH}:/opt/ros/humble /usr/bin/cmake --build /home/gargie/project/build/project_pkg -- -j4 -l4
[21.420s] Invoking command in '/home/gargie/project/build/project_pkg': CMAKE_PREFIX_PATH=${CMAKE_PREFIX_PATH}:/opt/ros/humble /usr/bin/cmake --install /home/gargie/project/build/project_pkg
[21.454s] -- Install configuration: ""
[21.457s] -- Installing: /home/gargie/project/install/project_pkg/lib/project_pkg/shapes_node
[21.463s] -- Set runtime path of "/home/gargie/project/install/project_pkg/lib/project_pkg/shapes_node" to ""
[21.464s] -- Up-to-date: /home/gargie/project/install/project_pkg/share/ament_index/resource_index/package_run_dependencies/project_pkg
[21.465s] -- Up-to-date: /home/gargie/project/install/project_pkg/share/ament_index/resource_index/parent_prefix_path/project_pkg
[21.467s] -- Up-to-date: /home/gargie/project/install/project_pkg/share/project_pkg/environment/ament_prefix_path.sh
[21.468s] -- Up-to-date: /home/gargie/project/install/project_pkg/share/project_pkg/environment/ament_prefix_path.dsv
[21.469s] -- Up-to-date: /home/gargie/project/install/project_pkg/share/project_pkg/environment/path.sh
[21.470s] -- Up-to-date: /home/gargie/project/install/project_pkg/share/project_pkg/environment/path.dsv
[21.474s] -- Up-to-date: /home/gargie/project/install/project_pkg/share/project_pkg/local_setup.bash
[21.479s] -- Up-to-date: /home/gargie/project/install/project_pkg/share/project_pkg/local_setup.sh
[21.481s] -- Up-to-date: /home/gargie/project/install/project_pkg/share/project_pkg/local_setup.zsh
[21.484s] -- Up-to-date: /home/gargie/project/install/project_pkg/share/project_pkg/local_setup.dsv
[21.486s] -- Installing: /home/gargie/project/install/project_pkg/share/project_pkg/package.dsv
[21.493s] -- Up-to-date: /home/gargie/project/install/project_pkg/share/ament_index/resource_index/packages/project_pkg
[21.495s] -- Up-to-date: /home/gargie/project/install/project_pkg/share/project_pkg/cmake/project_pkgConfig.cmake
[21.498s] -- Up-to-date: /home/gargie/project/install/project_pkg/share/project_pkg/cmake/project_pkgConfig-version.cmake
[21.501s] -- Up-to-date: /home/gargie/project/install/project_pkg/share/project_pkg/package.xml
[21.504s] Invoked command in '/home/gargie/project/build/project_pkg' returned '0': CMAKE_PREFIX_PATH=${CMAKE_PREFIX_PATH}:/opt/ros/humble /usr/bin/cmake --install /home/gargie/project/build/project_pkg
