[1.390s] Invoking command in '/home/nihit/servcli/src/py_srvcli': PYTHONPATH=/home/nihit/servcli/build/py_srvcli/prefix_override:/usr/lib/python3/dist-packages/colcon_core/task/python/colcon_distutils_commands:/home/nihit/servcli/install/py_srvcli/lib/python3.10/site-packages:${PYTHONPATH} /usr/bin/python3 -W ignore:setup.py install is deprecated -W ignore:easy_install command is deprecated setup.py egg_info --egg-base ../../build/py_srvcli build --build-base /home/nihit/servcli/build/py_srvcli/build install --record /home/nihit/servcli/build/py_srvcli/install.log --single-version-externally-managed install_data
[1.926s] running egg_info
[1.927s] writing ../../build/py_srvcli/py_srvcli.egg-info/PKG-INFO
[1.927s] writing dependency_links to ../../build/py_srvcli/py_srvcli.egg-info/dependency_links.txt
[1.928s] writing entry points to ../../build/py_srvcli/py_srvcli.egg-info/entry_points.txt
[1.928s] writing requirements to ../../build/py_srvcli/py_srvcli.egg-info/requires.txt
[1.928s] writing top-level names to ../../build/py_srvcli/py_srvcli.egg-info/top_level.txt
[1.931s] reading manifest file '../../build/py_srvcli/py_srvcli.egg-info/SOURCES.txt'
[1.933s] writing manifest file '../../build/py_srvcli/py_srvcli.egg-info/SOURCES.txt'
[1.934s] running build
[1.934s] running build_py
[1.934s] running install
[1.935s] running install_lib
[1.938s] running install_data
[1.938s] running install_egg_info
[1.942s] removing '/home/nihit/servcli/install/py_srvcli/lib/python3.10/site-packages/py_srvcli-0.0.0-py3.10.egg-info' (and everything under it)
[1.942s] Copying ../../build/py_srvcli/py_srvcli.egg-info to /home/nihit/servcli/install/py_srvcli/lib/python3.10/site-packages/py_srvcli-0.0.0-py3.10.egg-info
[1.944s] running install_scripts
[1.982s] Installing actionserv script to /home/nihit/servcli/install/py_srvcli/lib/py_srvcli
[1.982s] Installing client script to /home/nihit/servcli/install/py_srvcli/lib/py_srvcli
[1.982s] Installing publish script to /home/nihit/servcli/install/py_srvcli/lib/py_srvcli
[1.982s] Installing service script to /home/nihit/servcli/install/py_srvcli/lib/py_srvcli
[1.982s] Installing subscribe script to /home/nihit/servcli/install/py_srvcli/lib/py_srvcli
[1.983s] writing list of installed files to '/home/nihit/servcli/build/py_srvcli/install.log'
[2.028s] Invoked command in '/home/nihit/servcli/src/py_srvcli' returned '0': PYTHONPATH=/home/nihit/servcli/build/py_srvcli/prefix_override:/usr/lib/python3/dist-packages/colcon_core/task/python/colcon_distutils_commands:/home/nihit/servcli/install/py_srvcli/lib/python3.10/site-packages:${PYTHONPATH} /usr/bin/python3 -W ignore:setup.py install is deprecated -W ignore:easy_install command is deprecated setup.py egg_info --egg-base ../../build/py_srvcli build --build-base /home/nihit/servcli/build/py_srvcli/build install --record /home/nihit/servcli/build/py_srvcli/install.log --single-version-externally-managed install_data
