[0.116s] Invoking command in '/home/gargie/service/build/cpp_srvcli': CMAKE_PREFIX_PATH=${CMAKE_PREFIX_PATH}:/home/gargie/service/install/py_srvcli:/home/gargie/key_ws/install/key1_pkg:/opt/ros/humble /usr/bin/cmake --build /home/gargie/service/build/cpp_srvcli -- -j4 -l4
[1.440s] [ 50%] Built target server
[1.441s] [100%] Built target client
[1.444s] Invoked command in '/home/gargie/service/build/cpp_srvcli' returned '0': CMAKE_PREFIX_PATH=${CMAKE_PREFIX_PATH}:/home/gargie/service/install/py_srvcli:/home/gargie/key_ws/install/key1_pkg:/opt/ros/humble /usr/bin/cmake --build /home/gargie/service/build/cpp_srvcli -- -j4 -l4
[1.487s] Invoking command in '/home/gargie/service/build/cpp_srvcli': CMAKE_PREFIX_PATH=${CMAKE_PREFIX_PATH}:/home/gargie/service/install/py_srvcli:/home/gargie/key_ws/install/key1_pkg:/opt/ros/humble /usr/bin/cmake --install /home/gargie/service/build/cpp_srvcli
[1.517s] -- Install configuration: ""
[1.518s] -- Up-to-date: /home/gargie/service/install/cpp_srvcli/lib/cpp_srvcli/server
[1.520s] -- Up-to-date: /home/gargie/service/install/cpp_srvcli/lib/cpp_srvcli/client
[1.521s] -- Up-to-date: /home/gargie/service/install/cpp_srvcli/share/ament_index/resource_index/package_run_dependencies/cpp_srvcli
[1.523s] -- Up-to-date: /home/gargie/service/install/cpp_srvcli/share/ament_index/resource_index/parent_prefix_path/cpp_srvcli
[1.524s] -- Up-to-date: /home/gargie/service/install/cpp_srvcli/share/cpp_srvcli/environment/ament_prefix_path.sh
[1.524s] -- Up-to-date: /home/gargie/service/install/cpp_srvcli/share/cpp_srvcli/environment/ament_prefix_path.dsv
[1.524s] -- Up-to-date: /home/gargie/service/install/cpp_srvcli/share/cpp_srvcli/environment/path.sh
[1.525s] -- Up-to-date: /home/gargie/service/install/cpp_srvcli/share/cpp_srvcli/environment/path.dsv
[1.526s] -- Up-to-date: /home/gargie/service/install/cpp_srvcli/share/cpp_srvcli/local_setup.bash
[1.527s] -- Up-to-date: /home/gargie/service/install/cpp_srvcli/share/cpp_srvcli/local_setup.sh
[1.527s] -- Up-to-date: /home/gargie/service/install/cpp_srvcli/share/cpp_srvcli/local_setup.zsh
[1.528s] -- Up-to-date: /home/gargie/service/install/cpp_srvcli/share/cpp_srvcli/local_setup.dsv
[1.528s] -- Installing: /home/gargie/service/install/cpp_srvcli/share/cpp_srvcli/package.dsv
[1.529s] -- Up-to-date: /home/gargie/service/install/cpp_srvcli/share/ament_index/resource_index/packages/cpp_srvcli
[1.529s] -- Up-to-date: /home/gargie/service/install/cpp_srvcli/share/cpp_srvcli/cmake/cpp_srvcliConfig.cmake
[1.530s] -- Up-to-date: /home/gargie/service/install/cpp_srvcli/share/cpp_srvcli/cmake/cpp_srvcliConfig-version.cmake
[1.532s] -- Up-to-date: /home/gargie/service/install/cpp_srvcli/share/cpp_srvcli/package.xml
[1.536s] Invoked command in '/home/gargie/service/build/cpp_srvcli' returned '0': CMAKE_PREFIX_PATH=${CMAKE_PREFIX_PATH}:/home/gargie/service/install/py_srvcli:/home/gargie/key_ws/install/key1_pkg:/opt/ros/humble /usr/bin/cmake --install /home/gargie/service/build/cpp_srvcli
