[0.090s] Invoking command in '/home/gargie/launch_ws/build/launch_tutorial': CMAKE_PREFIX_PATH=${CMAKE_PREFIX_PATH}:/home/gargie/service/install/py_srvcli:/home/gargie/service/install/py_parameter:/home/gargie/key_ws/install/key1_pkg:/opt/ros/humble /usr/bin/cmake --build /home/gargie/launch_ws/build/launch_tutorial -- -j4 -l4
[1.415s] Invoked command in '/home/gargie/launch_ws/build/launch_tutorial' returned '0': CMAKE_PREFIX_PATH=${CMAKE_PREFIX_PATH}:/home/gargie/service/install/py_srvcli:/home/gargie/service/install/py_parameter:/home/gargie/key_ws/install/key1_pkg:/opt/ros/humble /usr/bin/cmake --build /home/gargie/launch_ws/build/launch_tutorial -- -j4 -l4
[1.459s] Invoking command in '/home/gargie/launch_ws/build/launch_tutorial': CMAKE_PREFIX_PATH=${CMAKE_PREFIX_PATH}:/home/gargie/service/install/py_srvcli:/home/gargie/service/install/py_parameter:/home/gargie/key_ws/install/key1_pkg:/opt/ros/humble /usr/bin/cmake --install /home/gargie/launch_ws/build/launch_tutorial
[1.492s] -- Install configuration: ""
[1.493s] -- Up-to-date: /home/gargie/launch_ws/install/launch_tutorial/share/launch_tutorial//launch
[1.495s] -- Up-to-date: /home/gargie/launch_ws/install/launch_tutorial/share/launch_tutorial//launch/example_main_launch.yaml
[1.496s] -- Up-to-date: /home/gargie/launch_ws/install/launch_tutorial/share/launch_tutorial//launch/example_subs_launch.yaml
[1.497s] -- Up-to-date: /home/gargie/launch_ws/install/launch_tutorial/share/ament_index/resource_index/package_run_dependencies/launch_tutorial
[1.498s] -- Up-to-date: /home/gargie/launch_ws/install/launch_tutorial/share/ament_index/resource_index/parent_prefix_path/launch_tutorial
[1.498s] -- Up-to-date: /home/gargie/launch_ws/install/launch_tutorial/share/launch_tutorial/environment/ament_prefix_path.sh
[1.499s] -- Up-to-date: /home/gargie/launch_ws/install/launch_tutorial/share/launch_tutorial/environment/ament_prefix_path.dsv
[1.499s] -- Up-to-date: /home/gargie/launch_ws/install/launch_tutorial/share/launch_tutorial/environment/path.sh
[1.499s] -- Up-to-date: /home/gargie/launch_ws/install/launch_tutorial/share/launch_tutorial/environment/path.dsv
[1.500s] -- Up-to-date: /home/gargie/launch_ws/install/launch_tutorial/share/launch_tutorial/local_setup.bash
[1.500s] -- Up-to-date: /home/gargie/launch_ws/install/launch_tutorial/share/launch_tutorial/local_setup.sh
[1.501s] -- Up-to-date: /home/gargie/launch_ws/install/launch_tutorial/share/launch_tutorial/local_setup.zsh
[1.501s] -- Up-to-date: /home/gargie/launch_ws/install/launch_tutorial/share/launch_tutorial/local_setup.dsv
[1.504s] -- Installing: /home/gargie/launch_ws/install/launch_tutorial/share/launch_tutorial/package.dsv
[1.505s] -- Up-to-date: /home/gargie/launch_ws/install/launch_tutorial/share/ament_index/resource_index/packages/launch_tutorial
[1.509s] -- Up-to-date: /home/gargie/launch_ws/install/launch_tutorial/share/launch_tutorial/cmake/launch_tutorialConfig.cmake
[1.510s] -- Up-to-date: /home/gargie/launch_ws/install/launch_tutorial/share/launch_tutorial/cmake/launch_tutorialConfig-version.cmake
[1.510s] -- Up-to-date: /home/gargie/launch_ws/install/launch_tutorial/share/launch_tutorial/package.xml
[1.511s] Invoked command in '/home/gargie/launch_ws/build/launch_tutorial' returned '0': CMAKE_PREFIX_PATH=${CMAKE_PREFIX_PATH}:/home/gargie/service/install/py_srvcli:/home/gargie/service/install/py_parameter:/home/gargie/key_ws/install/key1_pkg:/opt/ros/humble /usr/bin/cmake --install /home/gargie/launch_ws/build/launch_tutorial
