[35m[1mConsolidate compiler generated dependencies of target pub_key[0m
[35m[1mConsolidate compiler generated dependencies of target sub_key[0m
[ 50%] Built target sub_key
[ 75%] [32mBuilding CXX object CMakeFiles/pub_key.dir/src/pub_key.cpp.o[0m
[100%] [32m[1mLinking CXX executable pub_key[0m
[100%] Built target pub_key
-- Install configuration: ""
-- Installing: /home/gargie/key_ws/install/key_pkg/lib/key_pkg/pub_key
-- Set runtime path of "/home/gargie/key_ws/install/key_pkg/lib/key_pkg/pub_key" to ""
-- Up-to-date: /home/gargie/key_ws/install/key_pkg/lib/key_pkg/sub_key
-- Up-to-date: /home/gargie/key_ws/install/key_pkg/share/ament_index/resource_index/package_run_dependencies/key_pkg
-- Up-to-date: /home/gargie/key_ws/install/key_pkg/share/ament_index/resource_index/parent_prefix_path/key_pkg
-- Up-to-date: /home/gargie/key_ws/install/key_pkg/share/key_pkg/environment/ament_prefix_path.sh
-- Up-to-date: /home/gargie/key_ws/install/key_pkg/share/key_pkg/environment/ament_prefix_path.dsv
-- Up-to-date: /home/gargie/key_ws/install/key_pkg/share/key_pkg/environment/path.sh
-- Up-to-date: /home/gargie/key_ws/install/key_pkg/share/key_pkg/environment/path.dsv
-- Up-to-date: /home/gargie/key_ws/install/key_pkg/share/key_pkg/local_setup.bash
-- Up-to-date: /home/gargie/key_ws/install/key_pkg/share/key_pkg/local_setup.sh
-- Up-to-date: /home/gargie/key_ws/install/key_pkg/share/key_pkg/local_setup.zsh
-- Up-to-date: /home/gargie/key_ws/install/key_pkg/share/key_pkg/local_setup.dsv
-- Installing: /home/gargie/key_ws/install/key_pkg/share/key_pkg/package.dsv
-- Up-to-date: /home/gargie/key_ws/install/key_pkg/share/ament_index/resource_index/packages/key_pkg
-- Up-to-date: /home/gargie/key_ws/install/key_pkg/share/key_pkg/cmake/key_pkgConfig.cmake
-- Up-to-date: /home/gargie/key_ws/install/key_pkg/share/key_pkg/cmake/key_pkgConfig-version.cmake
-- Up-to-date: /home/gargie/key_ws/install/key_pkg/share/key_pkg/package.xml
