[0.027s] Invoking command in '/home/nihit/servcli/build/tutorial_interfaces': CMAKE_PREFIX_PATH=${CMAKE_PREFIX_PATH}:/home/nihit/servcli/install/py_srvcli:/opt/ros/humble /usr/bin/cmake --build /home/nihit/servcli/build/tutorial_interfaces -- -j8 -l8
[0.071s] -- Found ament_cmake: 1.3.11 (/opt/ros/humble/share/ament_cmake/cmake)
[0.310s] -- Found geometry_msgs: 4.8.0 (/opt/ros/humble/share/geometry_msgs/cmake)
[0.354s] -- Found rosidl_generator_c: 3.1.6 (/opt/ros/humble/share/rosidl_generator_c/cmake)
[0.358s] -- Found rosidl_adapter: 3.1.6 (/opt/ros/humble/share/rosidl_adapter/cmake)
[0.368s] -- Found rosidl_generator_cpp: 3.1.6 (/opt/ros/humble/share/rosidl_generator_cpp/cmake)
[0.385s] -- Using all available rosidl_typesupport_c: rosidl_typesupport_fastrtps_c;rosidl_typesupport_introspection_c
[0.405s] -- Using all available rosidl_typesupport_cpp: rosidl_typesupport_fastrtps_cpp;rosidl_typesupport_introspection_cpp
[0.468s] -- Found unique_identifier_msgs: 2.2.1 (/opt/ros/humble/share/unique_identifier_msgs/cmake)
[0.483s] -- Found action_msgs: 1.2.1 (/opt/ros/humble/share/action_msgs/cmake)
[0.505s] -- Found rosidl_default_generators: 1.2.0 (/opt/ros/humble/share/rosidl_default_generators/cmake)
[1.093s] -- Found ament_cmake_ros: 0.10.0 (/opt/ros/humble/share/ament_cmake_ros/cmake)
[1.840s] -- Using all available rosidl_typesupport_c: rosidl_typesupport_fastrtps_c;rosidl_typesupport_introspection_c
[2.136s] -- Using all available rosidl_typesupport_cpp: rosidl_typesupport_fastrtps_cpp;rosidl_typesupport_introspection_cpp
[2.179s] -- Found python_cmake_module: 0.10.0 (/opt/ros/humble/share/python_cmake_module/cmake)
[2.223s] -- Using PYTHON_EXECUTABLE: /usr/bin/python3
[2.223s] -- Using PYTHON_INCLUDE_DIRS: /usr/include/python3.10
[2.223s] -- Using PYTHON_LIBRARIES: /usr/lib/x86_64-linux-gnu/libpython3.10.so
[2.293s] -- Configuring done
[2.351s] -- Generating done
[2.373s] -- Build files have been written to: /home/nihit/servcli/build/tutorial_interfaces
[2.413s] [35m[1mConsolidate compiler generated dependencies of target tutorial_interfaces__rosidl_generator_c[0m
[2.431s] [  2%] Built target tutorial_interfaces__cpp
[2.437s] [  4%] [32mBuilding C object CMakeFiles/tutorial_interfaces__rosidl_generator_c.dir/rosidl_generator_c/tutorial_interfaces/action/detail/count_untill__functions.c.o[0m
[2.449s] [  4%] Built target ament_cmake_python_copy_tutorial_interfaces
[2.454s] [35m[1mConsolidate compiler generated dependencies of target tutorial_interfaces__rosidl_typesupport_cpp[0m
[2.456s] [35m[1mConsolidate compiler generated dependencies of target tutorial_interfaces__rosidl_typesupport_fastrtps_cpp[0m
[2.459s] [35m[1mConsolidate compiler generated dependencies of target tutorial_interfaces__rosidl_typesupport_introspection_cpp[0m
[2.467s] In file included from [01m[K/home/nihit/servcli/build/tutorial_interfaces/rosidl_generator_c/tutorial_interfaces/action/detail/count_untill__functions.h:19[m[K,
[2.467s]                  from [01m[K/home/nihit/servcli/build/tutorial_interfaces/rosidl_generator_c/tutorial_interfaces/action/detail/count_untill__functions.c:4[m[K:
[2.467s] [01m[K/home/nihit/servcli/build/tutorial_interfaces/rosidl_generator_c/tutorial_interfaces/action/detail/count_untill__struct.h:88:10:[m[K [01;31m[Kfatal error: [m[Kunique_identifier_msgs/msg/detail/uuid__struct.h: No such file or directory
[2.468s]    88 | #include [01;31m[K"unique_identifier_msgs/msg/detail/uuid__struct.h"[m[K
[2.468s]       |          [01;31m[K^~~~~~~~~~~~~~~~~~~~~~~~~~~~~~~~~~~~~~~~~~~~~~~~~~[m[K
[2.468s] compilation terminated.
[2.468s] gmake[2]: *** [CMakeFiles/tutorial_interfaces__rosidl_generator_c.dir/build.make:225: CMakeFiles/tutorial_interfaces__rosidl_generator_c.dir/rosidl_generator_c/tutorial_interfaces/action/detail/count_untill__functions.c.o] Error 1
[2.468s] gmake[1]: *** [CMakeFiles/Makefile2:213: CMakeFiles/tutorial_interfaces__rosidl_generator_c.dir/all] Error 2
[2.468s] gmake[1]: *** Waiting for unfinished jobs....
[2.485s] [  6%] [32mBuilding CXX object CMakeFiles/tutorial_interfaces__rosidl_typesupport_fastrtps_cpp.dir/rosidl_typesupport_fastrtps_cpp/tutorial_interfaces/action/detail/dds_fastrtps/count_untill__type_support.cpp.o[0m
[2.487s] [  8%] [32mBuilding CXX object CMakeFiles/tutorial_interfaces__rosidl_typesupport_cpp.dir/rosidl_typesupport_cpp/tutorial_interfaces/action/count_untill__type_support.cpp.o[0m
[2.487s] [ 10%] [32mBuilding CXX object CMakeFiles/tutorial_interfaces__rosidl_typesupport_introspection_cpp.dir/rosidl_typesupport_introspection_cpp/tutorial_interfaces/action/detail/count_untill__type_support.cpp.o[0m
[2.581s] In file included from [01m[K/home/nihit/servcli/build/tutorial_interfaces/rosidl_typesupport_cpp/tutorial_interfaces/action/count_untill__type_support.cpp:7[m[K:
[2.581s] [01m[K/home/nihit/servcli/build/tutorial_interfaces/rosidl_generator_cpp/tutorial_interfaces/action/detail/count_untill__struct.hpp:346:10:[m[K [01;31m[Kfatal error: [m[Kunique_identifier_msgs/msg/detail/uuid__struct.hpp: No such file or directory
[2.581s]   346 | #include [01;31m[K"unique_identifier_msgs/msg/detail/uuid__struct.hpp"[m[K
[2.581s]       |          [01;31m[K^~~~~~~~~~~~~~~~~~~~~~~~~~~~~~~~~~~~~~~~~~~~~~~~~~~~[m[K
[2.582s] compilation terminated.
[2.582s] In file included from [01m[K/home/nihit/servcli/build/tutorial_interfaces/rosidl_typesupport_fastrtps_cpp/tutorial_interfaces/action/detail/count_untill__rosidl_typesupport_fastrtps_cpp.hpp:11[m[K,
[2.582s]                  from [01m[K/home/nihit/servcli/build/tutorial_interfaces/rosidl_typesupport_fastrtps_cpp/tutorial_interfaces/action/detail/dds_fastrtps/count_untill__type_support.cpp:4[m[K:
[2.582s] [01m[K/home/nihit/servcli/build/tutorial_interfaces/rosidl_generator_cpp/tutorial_interfaces/action/detail/count_untill__struct.hpp:346:10:[m[K [01;31m[Kfatal error: [m[Kunique_identifier_msgs/msg/detail/uuid__struct.hpp: No such file or directory
[2.582s]   346 | #include [01;31m[K"unique_identifier_msgs/msg/detail/uuid__struct.hpp"[m[K
[2.582s]       |          [01;31m[K^~~~~~~~~~~~~~~~~~~~~~~~~~~~~~~~~~~~~~~~~~~~~~~~~~~~[m[K
[2.583s] compilation terminated.
[2.583s] gmake[2]: *** [CMakeFiles/tutorial_interfaces__rosidl_typesupport_cpp.dir/build.make:182: CMakeFiles/tutorial_interfaces__rosidl_typesupport_cpp.dir/rosidl_typesupport_cpp/tutorial_interfaces/action/count_untill__type_support.cpp.o] Error 1
[2.583s] gmake[1]: *** [CMakeFiles/Makefile2:395: CMakeFiles/tutorial_interfaces__rosidl_typesupport_cpp.dir/all] Error 2
[2.584s] gmake[2]: *** [CMakeFiles/tutorial_interfaces__rosidl_typesupport_fastrtps_cpp.dir/build.make:193: CMakeFiles/tutorial_interfaces__rosidl_typesupport_fastrtps_cpp.dir/rosidl_typesupport_fastrtps_cpp/tutorial_interfaces/action/detail/dds_fastrtps/count_untill__type_support.cpp.o] Error 1
[2.584s] gmake[1]: *** [CMakeFiles/Makefile2:291: CMakeFiles/tutorial_interfaces__rosidl_typesupport_fastrtps_cpp.dir/all] Error 2
[2.650s] In file included from [01m[K/home/nihit/servcli/build/tutorial_interfaces/rosidl_typesupport_introspection_cpp/tutorial_interfaces/action/detail/count_untill__type_support.cpp:12[m[K:
[2.650s] [01m[K/home/nihit/servcli/build/tutorial_interfaces/rosidl_generator_cpp/tutorial_interfaces/action/detail/count_untill__struct.hpp:346:10:[m[K [01;31m[Kfatal error: [m[Kunique_identifier_msgs/msg/detail/uuid__struct.hpp: No such file or directory
[2.651s]   346 | #include [01;31m[K"unique_identifier_msgs/msg/detail/uuid__struct.hpp"[m[K
[2.651s]       |          [01;31m[K^~~~~~~~~~~~~~~~~~~~~~~~~~~~~~~~~~~~~~~~~~~~~~~~~~~~[m[K
[2.651s] compilation terminated.
[2.652s] gmake[2]: *** [CMakeFiles/tutorial_interfaces__rosidl_typesupport_introspection_cpp.dir/build.make:193: CMakeFiles/tutorial_interfaces__rosidl_typesupport_introspection_cpp.dir/rosidl_typesupport_introspection_cpp/tutorial_interfaces/action/detail/count_untill__type_support.cpp.o] Error 1
[2.653s] gmake[1]: *** [CMakeFiles/Makefile2:369: CMakeFiles/tutorial_interfaces__rosidl_typesupport_introspection_cpp.dir/all] Error 2
[3.038s] running egg_info
[3.040s] writing tutorial_interfaces.egg-info/PKG-INFO
[3.040s] writing dependency_links to tutorial_interfaces.egg-info/dependency_links.txt
[3.041s] writing top-level names to tutorial_interfaces.egg-info/top_level.txt
[3.046s] reading manifest file 'tutorial_interfaces.egg-info/SOURCES.txt'
[3.048s] writing manifest file 'tutorial_interfaces.egg-info/SOURCES.txt'
[3.095s] [ 10%] Built target ament_cmake_python_build_tutorial_interfaces_egg
[3.097s] gmake: *** [Makefile:146: all] Error 2
[3.101s] Invoked command in '/home/nihit/servcli/build/tutorial_interfaces' returned '2': CMAKE_PREFIX_PATH=${CMAKE_PREFIX_PATH}:/home/nihit/servcli/install/py_srvcli:/opt/ros/humble /usr/bin/cmake --build /home/nihit/servcli/build/tutorial_interfaces -- -j8 -l8
