[1.442s] Invoking command in '/home/nihit/servcli/src/py_srvcli': PYTHONPATH=/home/nihit/servcli/build/py_srvcli/prefix_override:/usr/lib/python3/dist-packages/colcon_core/task/python/colcon_distutils_commands:/home/nihit/servcli/install/py_srvcli/lib/python3.10/site-packages:${PYTHONPATH} /usr/bin/python3 -W ignore:setup.py install is deprecated -W ignore:easy_install command is deprecated setup.py egg_info --egg-base ../../build/py_srvcli build --build-base /home/nihit/servcli/build/py_srvcli/build install --record /home/nihit/servcli/build/py_srvcli/install.log --single-version-externally-managed install_data
[1.985s] running egg_info
[1.987s] writing ../../build/py_srvcli/py_srvcli.egg-info/PKG-INFO
[1.987s] writing dependency_links to ../../build/py_srvcli/py_srvcli.egg-info/dependency_links.txt
[1.988s] writing entry points to ../../build/py_srvcli/py_srvcli.egg-info/entry_points.txt
[1.988s] writing requirements to ../../build/py_srvcli/py_srvcli.egg-info/requires.txt
[1.988s] writing top-level names to ../../build/py_srvcli/py_srvcli.egg-info/top_level.txt
[1.992s] reading manifest file '../../build/py_srvcli/py_srvcli.egg-info/SOURCES.txt'
[1.994s] writing manifest file '../../build/py_srvcli/py_srvcli.egg-info/SOURCES.txt'
[1.994s] running build
[1.994s] running build_py
[1.994s] copying py_srvcli/fibonacci_action_server.py -> /home/nihit/servcli/build/py_srvcli/build/lib/py_srvcli
[1.995s] running install
[1.996s] running install_lib
[1.997s] copying /home/nihit/servcli/build/py_srvcli/build/lib/py_srvcli/fibonacci_action_server.py -> /home/nihit/servcli/install/py_srvcli/lib/python3.10/site-packages/py_srvcli
[1.998s] byte-compiling /home/nihit/servcli/install/py_srvcli/lib/python3.10/site-packages/py_srvcli/fibonacci_action_server.py to fibonacci_action_server.cpython-310.pyc
[1.999s] running install_data
[1.999s] running install_egg_info
[2.003s] removing '/home/nihit/servcli/install/py_srvcli/lib/python3.10/site-packages/py_srvcli-0.0.0-py3.10.egg-info' (and everything under it)
[2.003s] Copying ../../build/py_srvcli/py_srvcli.egg-info to /home/nihit/servcli/install/py_srvcli/lib/python3.10/site-packages/py_srvcli-0.0.0-py3.10.egg-info
[2.005s] running install_scripts
[2.045s] Installing client script to /home/nihit/servcli/install/py_srvcli/lib/py_srvcli
[2.045s] Installing publish script to /home/nihit/servcli/install/py_srvcli/lib/py_srvcli
[2.045s] Installing service script to /home/nihit/servcli/install/py_srvcli/lib/py_srvcli
[2.045s] Installing subscribe script to /home/nihit/servcli/install/py_srvcli/lib/py_srvcli
[2.046s] writing list of installed files to '/home/nihit/servcli/build/py_srvcli/install.log'
[2.091s] Invoked command in '/home/nihit/servcli/src/py_srvcli' returned '0': PYTHONPATH=/home/nihit/servcli/build/py_srvcli/prefix_override:/usr/lib/python3/dist-packages/colcon_core/task/python/colcon_distutils_commands:/home/nihit/servcli/install/py_srvcli/lib/python3.10/site-packages:${PYTHONPATH} /usr/bin/python3 -W ignore:setup.py install is deprecated -W ignore:easy_install command is deprecated setup.py egg_info --egg-base ../../build/py_srvcli build --build-base /home/nihit/servcli/build/py_srvcli/build install --record /home/nihit/servcli/build/py_srvcli/install.log --single-version-externally-managed install_data
