[3.766s] Invoking command in '/home/gargie/service/src/py_srvcli': PYTHONPATH=/home/gargie/service/build/py_srvcli/prefix_override:/usr/lib/python3/dist-packages/colcon_core/task/python/colcon_distutils_commands:/home/gargie/service/install/py_srvcli/lib/python3.10/site-packages:${PYTHONPATH} /usr/bin/python3 -W ignore:setup.py install is deprecated -W ignore:easy_install command is deprecated setup.py egg_info --egg-base ../../build/py_srvcli build --build-base /home/gargie/service/build/py_srvcli/build install --record /home/gargie/service/build/py_srvcli/install.log --single-version-externally-managed install_data
[4.985s] running egg_info
[4.989s] writing ../../build/py_srvcli/py_srvcli.egg-info/PKG-INFO
[4.990s] writing dependency_links to ../../build/py_srvcli/py_srvcli.egg-info/dependency_links.txt
[4.991s] writing entry points to ../../build/py_srvcli/py_srvcli.egg-info/entry_points.txt
[4.992s] writing requirements to ../../build/py_srvcli/py_srvcli.egg-info/requires.txt
[4.993s] writing top-level names to ../../build/py_srvcli/py_srvcli.egg-info/top_level.txt
[5.001s] reading manifest file '../../build/py_srvcli/py_srvcli.egg-info/SOURCES.txt'
[5.002s] adding license file 'LICENSE'
[5.005s] writing manifest file '../../build/py_srvcli/py_srvcli.egg-info/SOURCES.txt'
[5.006s] running build
[5.007s] running build_py
[5.014s] running install
[5.018s] running install_lib
[5.023s] running install_data
[5.024s] running install_egg_info
[5.032s] removing '/home/gargie/service/install/py_srvcli/lib/python3.10/site-packages/py_srvcli-0.0.0-py3.10.egg-info' (and everything under it)
[5.034s] Copying ../../build/py_srvcli/py_srvcli.egg-info to /home/gargie/service/install/py_srvcli/lib/python3.10/site-packages/py_srvcli-0.0.0-py3.10.egg-info
[5.039s] running install_scripts
[5.129s] Installing client script to /home/gargie/service/install/py_srvcli/lib/py_srvcli
[5.130s] Installing service script to /home/gargie/service/install/py_srvcli/lib/py_srvcli
[5.133s] writing list of installed files to '/home/gargie/service/build/py_srvcli/install.log'
[5.270s] Invoked command in '/home/gargie/service/src/py_srvcli' returned '0': PYTHONPATH=/home/gargie/service/build/py_srvcli/prefix_override:/usr/lib/python3/dist-packages/colcon_core/task/python/colcon_distutils_commands:/home/gargie/service/install/py_srvcli/lib/python3.10/site-packages:${PYTHONPATH} /usr/bin/python3 -W ignore:setup.py install is deprecated -W ignore:easy_install command is deprecated setup.py egg_info --egg-base ../../build/py_srvcli build --build-base /home/gargie/service/build/py_srvcli/build install --record /home/gargie/service/build/py_srvcli/install.log --single-version-externally-managed install_data
