[0.113s] Invoking command in '/home/gargie/service/build/tutorial_interface': CMAKE_PREFIX_PATH=${CMAKE_PREFIX_PATH}:/home/gargie/service/install/py_srvcli:/home/gargie/key_ws/install/key1_pkg:/opt/ros/humble /usr/bin/cmake --build /home/gargie/service/build/tutorial_interface -- -j4 -l4
[0.383s] [  2%] Built target tutorial_interface__cpp
[0.394s] [ 12%] Built target tutorial_interface__rosidl_generator_c
[0.488s] [ 12%] Built target ament_cmake_python_copy_tutorial_interface
[0.528s] [ 23%] Built target tutorial_interface__rosidl_typesupport_fastrtps_cpp
[0.589s] [ 34%] Built target tutorial_interface__rosidl_typesupport_introspection_cpp
[0.590s] [ 44%] Built target tutorial_interface__rosidl_typesupport_cpp
[0.683s] [ 55%] Built target tutorial_interface__rosidl_typesupport_fastrtps_c
[0.710s] [ 65%] Built target tutorial_interface__rosidl_typesupport_introspection_c
[0.743s] [ 76%] Built target tutorial_interface__rosidl_typesupport_c
[0.853s] [ 76%] Built target tutorial_interface
[0.961s] [ 78%] Built target tutorial_interface__py
[1.078s] [ 87%] Built target tutorial_interface__rosidl_generator_py
[1.300s] [ 93%] Built target tutorial_interface__rosidl_typesupport_introspection_c__pyext
[1.301s] [ 95%] Built target tutorial_interface__rosidl_typesupport_fastrtps_c__pyext
[1.310s] [100%] Built target tutorial_interface__rosidl_typesupport_c__pyext
[2.273s] running egg_info
[2.276s] writing tutorial_interface.egg-info/PKG-INFO
[2.277s] writing dependency_links to tutorial_interface.egg-info/dependency_links.txt
[2.279s] writing top-level names to tutorial_interface.egg-info/top_level.txt
[2.292s] reading manifest file 'tutorial_interface.egg-info/SOURCES.txt'
[2.296s] writing manifest file 'tutorial_interface.egg-info/SOURCES.txt'
[2.463s] [100%] Built target ament_cmake_python_build_tutorial_interface_egg
[2.517s] Invoked command in '/home/gargie/service/build/tutorial_interface' returned '0': CMAKE_PREFIX_PATH=${CMAKE_PREFIX_PATH}:/home/gargie/service/install/py_srvcli:/home/gargie/key_ws/install/key1_pkg:/opt/ros/humble /usr/bin/cmake --build /home/gargie/service/build/tutorial_interface -- -j4 -l4
[2.563s] Invoking command in '/home/gargie/service/build/tutorial_interface': CMAKE_PREFIX_PATH=${CMAKE_PREFIX_PATH}:/home/gargie/service/install/py_srvcli:/home/gargie/key_ws/install/key1_pkg:/opt/ros/humble /usr/bin/cmake --install /home/gargie/service/build/tutorial_interface
[2.603s] -- Install configuration: ""
[2.605s] -- Up-to-date: /home/gargie/service/install/tutorial_interface/share/ament_index/resource_index/rosidl_interfaces/tutorial_interface
[2.606s] -- Up-to-date: /home/gargie/service/install/tutorial_interface/include/tutorial_interface/tutorial_interface
[2.606s] -- Up-to-date: /home/gargie/service/install/tutorial_interface/include/tutorial_interface/tutorial_interface/srv
[2.606s] -- Up-to-date: /home/gargie/service/install/tutorial_interface/include/tutorial_interface/tutorial_interface/srv/detail
[2.607s] -- Up-to-date: /home/gargie/service/install/tutorial_interface/include/tutorial_interface/tutorial_interface/srv/detail/add_three_ints__type_support.h
[2.607s] -- Up-to-date: /home/gargie/service/install/tutorial_interface/include/tutorial_interface/tutorial_interface/srv/detail/add_three_ints__functions.h
[2.609s] -- Up-to-date: /home/gargie/service/install/tutorial_interface/include/tutorial_interface/tutorial_interface/srv/detail/add_three_ints__struct.h
[2.610s] -- Up-to-date: /home/gargie/service/install/tutorial_interface/include/tutorial_interface/tutorial_interface/srv/detail/add_three_ints__functions.c
[2.611s] -- Up-to-date: /home/gargie/service/install/tutorial_interface/include/tutorial_interface/tutorial_interface/srv/add_three_ints.h
[2.612s] -- Up-to-date: /home/gargie/service/install/tutorial_interface/include/tutorial_interface/tutorial_interface/msg
[2.612s] -- Up-to-date: /home/gargie/service/install/tutorial_interface/include/tutorial_interface/tutorial_interface/msg/num.h
[2.613s] -- Up-to-date: /home/gargie/service/install/tutorial_interface/include/tutorial_interface/tutorial_interface/msg/rosidl_generator_c__visibility_control.h
[2.614s] -- Up-to-date: /home/gargie/service/install/tutorial_interface/include/tutorial_interface/tutorial_interface/msg/sphere.h
[2.614s] -- Up-to-date: /home/gargie/service/install/tutorial_interface/include/tutorial_interface/tutorial_interface/msg/detail
[2.615s] -- Up-to-date: /home/gargie/service/install/tutorial_interface/include/tutorial_interface/tutorial_interface/msg/detail/sphere__struct.h
[2.615s] -- Up-to-date: /home/gargie/service/install/tutorial_interface/include/tutorial_interface/tutorial_interface/msg/detail/num__functions.h
[2.615s] -- Up-to-date: /home/gargie/service/install/tutorial_interface/include/tutorial_interface/tutorial_interface/msg/detail/num__functions.c
[2.617s] -- Up-to-date: /home/gargie/service/install/tutorial_interface/include/tutorial_interface/tutorial_interface/msg/detail/num__struct.h
[2.618s] -- Up-to-date: /home/gargie/service/install/tutorial_interface/include/tutorial_interface/tutorial_interface/msg/detail/sphere__functions.h
[2.619s] -- Up-to-date: /home/gargie/service/install/tutorial_interface/include/tutorial_interface/tutorial_interface/msg/detail/sphere__type_support.h
[2.620s] -- Up-to-date: /home/gargie/service/install/tutorial_interface/include/tutorial_interface/tutorial_interface/msg/detail/num__type_support.h
[2.621s] -- Up-to-date: /home/gargie/service/install/tutorial_interface/include/tutorial_interface/tutorial_interface/msg/detail/sphere__functions.c
[2.621s] -- Up-to-date: /home/gargie/service/install/tutorial_interface/share/tutorial_interface/environment/library_path.sh
[2.622s] -- Up-to-date: /home/gargie/service/install/tutorial_interface/share/tutorial_interface/environment/library_path.dsv
[2.622s] -- Up-to-date: /home/gargie/service/install/tutorial_interface/lib/libtutorial_interface__rosidl_generator_c.so
[2.622s] -- Up-to-date: /home/gargie/service/install/tutorial_interface/include/tutorial_interface/tutorial_interface
[2.623s] -- Up-to-date: /home/gargie/service/install/tutorial_interface/include/tutorial_interface/tutorial_interface/srv
[2.624s] -- Up-to-date: /home/gargie/service/install/tutorial_interface/include/tutorial_interface/tutorial_interface/srv/detail
[2.625s] -- Up-to-date: /home/gargie/service/install/tutorial_interface/include/tutorial_interface/tutorial_interface/srv/detail/add_three_ints__rosidl_typesupport_fastrtps_c.h
[2.626s] -- Up-to-date: /home/gargie/service/install/tutorial_interface/include/tutorial_interface/tutorial_interface/msg
[2.627s] -- Up-to-date: /home/gargie/service/install/tutorial_interface/include/tutorial_interface/tutorial_interface/msg/detail
[2.628s] -- Up-to-date: /home/gargie/service/install/tutorial_interface/include/tutorial_interface/tutorial_interface/msg/detail/sphere__rosidl_typesupport_fastrtps_c.h
[2.629s] -- Up-to-date: /home/gargie/service/install/tutorial_interface/include/tutorial_interface/tutorial_interface/msg/detail/num__rosidl_typesupport_fastrtps_c.h
[2.629s] -- Up-to-date: /home/gargie/service/install/tutorial_interface/include/tutorial_interface/tutorial_interface/msg/rosidl_typesupport_fastrtps_c__visibility_control.h
[2.630s] -- Up-to-date: /home/gargie/service/install/tutorial_interface/lib/libtutorial_interface__rosidl_typesupport_fastrtps_c.so
[2.630s] -- Up-to-date: /home/gargie/service/install/tutorial_interface/include/tutorial_interface/tutorial_interface
[2.631s] -- Up-to-date: /home/gargie/service/install/tutorial_interface/include/tutorial_interface/tutorial_interface/srv
[2.631s] -- Up-to-date: /home/gargie/service/install/tutorial_interface/include/tutorial_interface/tutorial_interface/srv/detail
[2.632s] -- Up-to-date: /home/gargie/service/install/tutorial_interface/include/tutorial_interface/tutorial_interface/srv/detail/add_three_ints__struct.hpp
[2.632s] -- Up-to-date: /home/gargie/service/install/tutorial_interface/include/tutorial_interface/tutorial_interface/srv/detail/add_three_ints__traits.hpp
[2.633s] -- Up-to-date: /home/gargie/service/install/tutorial_interface/include/tutorial_interface/tutorial_interface/srv/detail/add_three_ints__builder.hpp
[2.634s] -- Up-to-date: /home/gargie/service/install/tutorial_interface/include/tutorial_interface/tutorial_interface/srv/detail/add_three_ints__type_support.hpp
[2.634s] -- Up-to-date: /home/gargie/service/install/tutorial_interface/include/tutorial_interface/tutorial_interface/srv/add_three_ints.hpp
[2.635s] -- Up-to-date: /home/gargie/service/install/tutorial_interface/include/tutorial_interface/tutorial_interface/msg
[2.635s] -- Up-to-date: /home/gargie/service/install/tutorial_interface/include/tutorial_interface/tutorial_interface/msg/num.hpp
[2.638s] -- Up-to-date: /home/gargie/service/install/tutorial_interface/include/tutorial_interface/tutorial_interface/msg/detail
[2.640s] -- Up-to-date: /home/gargie/service/install/tutorial_interface/include/tutorial_interface/tutorial_interface/msg/detail/num__traits.hpp
[2.641s] -- Up-to-date: /home/gargie/service/install/tutorial_interface/include/tutorial_interface/tutorial_interface/msg/detail/sphere__type_support.hpp
[2.641s] -- Up-to-date: /home/gargie/service/install/tutorial_interface/include/tutorial_interface/tutorial_interface/msg/detail/num__type_support.hpp
[2.642s] -- Up-to-date: /home/gargie/service/install/tutorial_interface/include/tutorial_interface/tutorial_interface/msg/detail/sphere__traits.hpp
[2.642s] -- Up-to-date: /home/gargie/service/install/tutorial_interface/include/tutorial_interface/tutorial_interface/msg/detail/num__struct.hpp
[2.643s] -- Up-to-date: /home/gargie/service/install/tutorial_interface/include/tutorial_interface/tutorial_interface/msg/detail/num__builder.hpp
[2.643s] -- Up-to-date: /home/gargie/service/install/tutorial_interface/include/tutorial_interface/tutorial_interface/msg/detail/sphere__struct.hpp
[2.644s] -- Up-to-date: /home/gargie/service/install/tutorial_interface/include/tutorial_interface/tutorial_interface/msg/detail/sphere__builder.hpp
[2.644s] -- Up-to-date: /home/gargie/service/install/tutorial_interface/include/tutorial_interface/tutorial_interface/msg/rosidl_generator_cpp__visibility_control.hpp
[2.645s] -- Up-to-date: /home/gargie/service/install/tutorial_interface/include/tutorial_interface/tutorial_interface/msg/sphere.hpp
[2.645s] -- Up-to-date: /home/gargie/service/install/tutorial_interface/include/tutorial_interface/tutorial_interface
[2.645s] -- Up-to-date: /home/gargie/service/install/tutorial_interface/include/tutorial_interface/tutorial_interface/srv
[2.646s] -- Up-to-date: /home/gargie/service/install/tutorial_interface/include/tutorial_interface/tutorial_interface/srv/detail
[2.646s] -- Up-to-date: /home/gargie/service/install/tutorial_interface/include/tutorial_interface/tutorial_interface/srv/detail/dds_fastrtps
[2.646s] -- Up-to-date: /home/gargie/service/install/tutorial_interface/include/tutorial_interface/tutorial_interface/srv/detail/add_three_ints__rosidl_typesupport_fastrtps_cpp.hpp
[2.647s] -- Up-to-date: /home/gargie/service/install/tutorial_interface/include/tutorial_interface/tutorial_interface/msg
[2.647s] -- Up-to-date: /home/gargie/service/install/tutorial_interface/include/tutorial_interface/tutorial_interface/msg/detail
[2.647s] -- Up-to-date: /home/gargie/service/install/tutorial_interface/include/tutorial_interface/tutorial_interface/msg/detail/dds_fastrtps
[2.648s] -- Up-to-date: /home/gargie/service/install/tutorial_interface/include/tutorial_interface/tutorial_interface/msg/detail/sphere__rosidl_typesupport_fastrtps_cpp.hpp
[2.648s] -- Up-to-date: /home/gargie/service/install/tutorial_interface/include/tutorial_interface/tutorial_interface/msg/detail/num__rosidl_typesupport_fastrtps_cpp.hpp
[2.649s] -- Up-to-date: /home/gargie/service/install/tutorial_interface/include/tutorial_interface/tutorial_interface/msg/rosidl_typesupport_fastrtps_cpp__visibility_control.h
[2.649s] -- Up-to-date: /home/gargie/service/install/tutorial_interface/lib/libtutorial_interface__rosidl_typesupport_fastrtps_cpp.so
[2.649s] -- Up-to-date: /home/gargie/service/install/tutorial_interface/include/tutorial_interface/tutorial_interface
[2.650s] -- Up-to-date: /home/gargie/service/install/tutorial_interface/include/tutorial_interface/tutorial_interface/srv
[2.650s] -- Up-to-date: /home/gargie/service/install/tutorial_interface/include/tutorial_interface/tutorial_interface/srv/detail
[2.650s] -- Up-to-date: /home/gargie/service/install/tutorial_interface/include/tutorial_interface/tutorial_interface/srv/detail/add_three_ints__rosidl_typesupport_introspection_c.h
[2.651s] -- Up-to-date: /home/gargie/service/install/tutorial_interface/include/tutorial_interface/tutorial_interface/srv/detail/add_three_ints__type_support.c
[2.651s] -- Up-to-date: /home/gargie/service/install/tutorial_interface/include/tutorial_interface/tutorial_interface/msg
[2.651s] -- Up-to-date: /home/gargie/service/install/tutorial_interface/include/tutorial_interface/tutorial_interface/msg/rosidl_typesupport_introspection_c__visibility_control.h
[2.652s] -- Up-to-date: /home/gargie/service/install/tutorial_interface/include/tutorial_interface/tutorial_interface/msg/detail
[2.655s] -- Up-to-date: /home/gargie/service/install/tutorial_interface/include/tutorial_interface/tutorial_interface/msg/detail/sphere__rosidl_typesupport_introspection_c.h
[2.655s] -- Up-to-date: /home/gargie/service/install/tutorial_interface/include/tutorial_interface/tutorial_interface/msg/detail/num__rosidl_typesupport_introspection_c.h
[2.659s] -- Up-to-date: /home/gargie/service/install/tutorial_interface/include/tutorial_interface/tutorial_interface/msg/detail/num__type_support.c
[2.660s] -- Up-to-date: /home/gargie/service/install/tutorial_interface/include/tutorial_interface/tutorial_interface/msg/detail/sphere__type_support.c
[2.660s] -- Up-to-date: /home/gargie/service/install/tutorial_interface/lib/libtutorial_interface__rosidl_typesupport_introspection_c.so
[2.660s] -- Up-to-date: /home/gargie/service/install/tutorial_interface/lib/libtutorial_interface__rosidl_typesupport_c.so
[2.661s] -- Up-to-date: /home/gargie/service/install/tutorial_interface/include/tutorial_interface/tutorial_interface
[2.661s] -- Up-to-date: /home/gargie/service/install/tutorial_interface/include/tutorial_interface/tutorial_interface/srv
[2.668s] -- Up-to-date: /home/gargie/service/install/tutorial_interface/include/tutorial_interface/tutorial_interface/srv/detail
[2.668s] -- Up-to-date: /home/gargie/service/install/tutorial_interface/include/tutorial_interface/tutorial_interface/srv/detail/add_three_ints__type_support.cpp
[2.669s] -- Up-to-date: /home/gargie/service/install/tutorial_interface/include/tutorial_interface/tutorial_interface/srv/detail/add_three_ints__rosidl_typesupport_introspection_cpp.hpp
[2.673s] -- Up-to-date: /home/gargie/service/install/tutorial_interface/include/tutorial_interface/tutorial_interface/msg
[2.674s] -- Up-to-date: /home/gargie/service/install/tutorial_interface/include/tutorial_interface/tutorial_interface/msg/detail
[2.675s] -- Up-to-date: /home/gargie/service/install/tutorial_interface/include/tutorial_interface/tutorial_interface/msg/detail/sphere__type_support.cpp
[2.676s] -- Up-to-date: /home/gargie/service/install/tutorial_interface/include/tutorial_interface/tutorial_interface/msg/detail/num__rosidl_typesupport_introspection_cpp.hpp
[2.676s] -- Up-to-date: /home/gargie/service/install/tutorial_interface/include/tutorial_interface/tutorial_interface/msg/detail/num__type_support.cpp
[2.677s] -- Up-to-date: /home/gargie/service/install/tutorial_interface/include/tutorial_interface/tutorial_interface/msg/detail/sphere__rosidl_typesupport_introspection_cpp.hpp
[2.677s] -- Up-to-date: /home/gargie/service/install/tutorial_interface/lib/libtutorial_interface__rosidl_typesupport_introspection_cpp.so
[2.678s] -- Up-to-date: /home/gargie/service/install/tutorial_interface/lib/libtutorial_interface__rosidl_typesupport_cpp.so
[2.678s] -- Up-to-date: /home/gargie/service/install/tutorial_interface/share/tutorial_interface/environment/pythonpath.sh
[2.679s] -- Up-to-date: /home/gargie/service/install/tutorial_interface/share/tutorial_interface/environment/pythonpath.dsv
[2.679s] -- Up-to-date: /home/gargie/service/install/tutorial_interface/local/lib/python3.10/dist-packages/tutorial_interface-0.0.0-py3.10.egg-info
[2.680s] -- Installing: /home/gargie/service/install/tutorial_interface/local/lib/python3.10/dist-packages/tutorial_interface-0.0.0-py3.10.egg-info/SOURCES.txt
[2.680s] -- Installing: /home/gargie/service/install/tutorial_interface/local/lib/python3.10/dist-packages/tutorial_interface-0.0.0-py3.10.egg-info/dependency_links.txt
[2.681s] -- Installing: /home/gargie/service/install/tutorial_interface/local/lib/python3.10/dist-packages/tutorial_interface-0.0.0-py3.10.egg-info/top_level.txt
[2.681s] -- Installing: /home/gargie/service/install/tutorial_interface/local/lib/python3.10/dist-packages/tutorial_interface-0.0.0-py3.10.egg-info/PKG-INFO
[2.682s] -- Up-to-date: /home/gargie/service/install/tutorial_interface/local/lib/python3.10/dist-packages/tutorial_interface
[2.682s] -- Up-to-date: /home/gargie/service/install/tutorial_interface/local/lib/python3.10/dist-packages/tutorial_interface/libtutorial_interface__rosidl_generator_py.so
[2.683s] -- Up-to-date: /home/gargie/service/install/tutorial_interface/local/lib/python3.10/dist-packages/tutorial_interface/_tutorial_interface_s.ep.rosidl_typesupport_introspection_c.c
[2.684s] -- Up-to-date: /home/gargie/service/install/tutorial_interface/local/lib/python3.10/dist-packages/tutorial_interface/srv
[2.684s] -- Up-to-date: /home/gargie/service/install/tutorial_interface/local/lib/python3.10/dist-packages/tutorial_interface/srv/_add_three_ints.py
[2.685s] -- Up-to-date: /home/gargie/service/install/tutorial_interface/local/lib/python3.10/dist-packages/tutorial_interface/srv/__init__.py
[2.685s] -- Up-to-date: /home/gargie/service/install/tutorial_interface/local/lib/python3.10/dist-packages/tutorial_interface/srv/_add_three_ints_s.c
[2.686s] -- Up-to-date: /home/gargie/service/install/tutorial_interface/local/lib/python3.10/dist-packages/tutorial_interface/tutorial_interface_s__rosidl_typesupport_c.cpython-310-x86_64-linux-gnu.so
[2.686s] -- Up-to-date: /home/gargie/service/install/tutorial_interface/local/lib/python3.10/dist-packages/tutorial_interface/_tutorial_interface_s.ep.rosidl_typesupport_fastrtps_c.c
[2.687s] -- Up-to-date: /home/gargie/service/install/tutorial_interface/local/lib/python3.10/dist-packages/tutorial_interface/tutorial_interface_s__rosidl_typesupport_fastrtps_c.cpython-310-x86_64-linux-gnu.so
[2.687s] -- Up-to-date: /home/gargie/service/install/tutorial_interface/local/lib/python3.10/dist-packages/tutorial_interface/_tutorial_interface_s.ep.rosidl_typesupport_c.c
[2.688s] -- Up-to-date: /home/gargie/service/install/tutorial_interface/local/lib/python3.10/dist-packages/tutorial_interface/__init__.py
[2.688s] -- Up-to-date: /home/gargie/service/install/tutorial_interface/local/lib/python3.10/dist-packages/tutorial_interface/tutorial_interface_s__rosidl_typesupport_introspection_c.cpython-310-x86_64-linux-gnu.so
[2.689s] -- Up-to-date: /home/gargie/service/install/tutorial_interface/local/lib/python3.10/dist-packages/tutorial_interface/msg
[2.689s] -- Up-to-date: /home/gargie/service/install/tutorial_interface/local/lib/python3.10/dist-packages/tutorial_interface/msg/_num.py
[2.690s] -- Up-to-date: /home/gargie/service/install/tutorial_interface/local/lib/python3.10/dist-packages/tutorial_interface/msg/_num_s.c
[2.690s] -- Up-to-date: /home/gargie/service/install/tutorial_interface/local/lib/python3.10/dist-packages/tutorial_interface/msg/_sphere_s.c
[2.691s] -- Up-to-date: /home/gargie/service/install/tutorial_interface/local/lib/python3.10/dist-packages/tutorial_interface/msg/__init__.py
[2.691s] -- Up-to-date: /home/gargie/service/install/tutorial_interface/local/lib/python3.10/dist-packages/tutorial_interface/msg/_sphere.py
[2.833s] Listing '/home/gargie/service/install/tutorial_interface/local/lib/python3.10/dist-packages/tutorial_interface'...
[2.834s] Listing '/home/gargie/service/install/tutorial_interface/local/lib/python3.10/dist-packages/tutorial_interface/msg'...
[2.834s] Listing '/home/gargie/service/install/tutorial_interface/local/lib/python3.10/dist-packages/tutorial_interface/srv'...
[2.866s] -- Up-to-date: /home/gargie/service/install/tutorial_interface/local/lib/python3.10/dist-packages/tutorial_interface/tutorial_interface_s__rosidl_typesupport_fastrtps_c.cpython-310-x86_64-linux-gnu.so
[2.867s] -- Up-to-date: /home/gargie/service/install/tutorial_interface/local/lib/python3.10/dist-packages/tutorial_interface/tutorial_interface_s__rosidl_typesupport_introspection_c.cpython-310-x86_64-linux-gnu.so
[2.869s] -- Up-to-date: /home/gargie/service/install/tutorial_interface/local/lib/python3.10/dist-packages/tutorial_interface/tutorial_interface_s__rosidl_typesupport_c.cpython-310-x86_64-linux-gnu.so
[2.873s] -- Up-to-date: /home/gargie/service/install/tutorial_interface/lib/libtutorial_interface__rosidl_generator_py.so
[2.874s] -- Up-to-date: /home/gargie/service/install/tutorial_interface/share/tutorial_interface/msg/Num.idl
[2.875s] -- Up-to-date: /home/gargie/service/install/tutorial_interface/share/tutorial_interface/msg/Sphere.idl
[2.877s] -- Up-to-date: /home/gargie/service/install/tutorial_interface/share/tutorial_interface/srv/AddThreeInts.idl
[2.878s] -- Up-to-date: /home/gargie/service/install/tutorial_interface/share/tutorial_interface/msg/Num.msg
[2.879s] -- Up-to-date: /home/gargie/service/install/tutorial_interface/share/tutorial_interface/msg/Sphere.msg
[2.880s] -- Up-to-date: /home/gargie/service/install/tutorial_interface/share/tutorial_interface/srv/AddThreeInts.srv
[2.880s] -- Up-to-date: /home/gargie/service/install/tutorial_interface/share/tutorial_interface/srv/AddThreeInts_Request.msg
[2.881s] -- Up-to-date: /home/gargie/service/install/tutorial_interface/share/tutorial_interface/srv/AddThreeInts_Response.msg
[2.882s] -- Up-to-date: /home/gargie/service/install/tutorial_interface/share/ament_index/resource_index/package_run_dependencies/tutorial_interface
[2.883s] -- Up-to-date: /home/gargie/service/install/tutorial_interface/share/ament_index/resource_index/parent_prefix_path/tutorial_interface
[2.884s] -- Up-to-date: /home/gargie/service/install/tutorial_interface/share/tutorial_interface/environment/ament_prefix_path.sh
[2.885s] -- Up-to-date: /home/gargie/service/install/tutorial_interface/share/tutorial_interface/environment/ament_prefix_path.dsv
[2.886s] -- Up-to-date: /home/gargie/service/install/tutorial_interface/share/tutorial_interface/environment/path.sh
[2.887s] -- Up-to-date: /home/gargie/service/install/tutorial_interface/share/tutorial_interface/environment/path.dsv
[2.888s] -- Up-to-date: /home/gargie/service/install/tutorial_interface/share/tutorial_interface/local_setup.bash
[2.888s] -- Up-to-date: /home/gargie/service/install/tutorial_interface/share/tutorial_interface/local_setup.sh
[2.889s] -- Up-to-date: /home/gargie/service/install/tutorial_interface/share/tutorial_interface/local_setup.zsh
[2.891s] -- Up-to-date: /home/gargie/service/install/tutorial_interface/share/tutorial_interface/local_setup.dsv
[2.891s] -- Installing: /home/gargie/service/install/tutorial_interface/share/tutorial_interface/package.dsv
[2.892s] -- Up-to-date: /home/gargie/service/install/tutorial_interface/share/ament_index/resource_index/packages/tutorial_interface
[2.893s] -- Up-to-date: /home/gargie/service/install/tutorial_interface/share/tutorial_interface/cmake/export_tutorial_interface__rosidl_generator_cExport.cmake
[2.893s] -- Up-to-date: /home/gargie/service/install/tutorial_interface/share/tutorial_interface/cmake/export_tutorial_interface__rosidl_generator_cExport-noconfig.cmake
[2.894s] -- Up-to-date: /home/gargie/service/install/tutorial_interface/share/tutorial_interface/cmake/export_tutorial_interface__rosidl_typesupport_fastrtps_cExport.cmake
[2.894s] -- Up-to-date: /home/gargie/service/install/tutorial_interface/share/tutorial_interface/cmake/export_tutorial_interface__rosidl_typesupport_fastrtps_cExport-noconfig.cmake
[2.895s] -- Up-to-date: /home/gargie/service/install/tutorial_interface/share/tutorial_interface/cmake/export_tutorial_interface__rosidl_generator_cppExport.cmake
[2.895s] -- Up-to-date: /home/gargie/service/install/tutorial_interface/share/tutorial_interface/cmake/export_tutorial_interface__rosidl_typesupport_fastrtps_cppExport.cmake
[2.896s] -- Up-to-date: /home/gargie/service/install/tutorial_interface/share/tutorial_interface/cmake/export_tutorial_interface__rosidl_typesupport_fastrtps_cppExport-noconfig.cmake
[2.897s] -- Up-to-date: /home/gargie/service/install/tutorial_interface/share/tutorial_interface/cmake/tutorial_interface__rosidl_typesupport_introspection_cExport.cmake
[2.897s] -- Up-to-date: /home/gargie/service/install/tutorial_interface/share/tutorial_interface/cmake/tutorial_interface__rosidl_typesupport_introspection_cExport-noconfig.cmake
[2.899s] -- Up-to-date: /home/gargie/service/install/tutorial_interface/share/tutorial_interface/cmake/tutorial_interface__rosidl_typesupport_cExport.cmake
[2.902s] -- Up-to-date: /home/gargie/service/install/tutorial_interface/share/tutorial_interface/cmake/tutorial_interface__rosidl_typesupport_cExport-noconfig.cmake
[2.904s] -- Up-to-date: /home/gargie/service/install/tutorial_interface/share/tutorial_interface/cmake/tutorial_interface__rosidl_typesupport_introspection_cppExport.cmake
[2.906s] -- Up-to-date: /home/gargie/service/install/tutorial_interface/share/tutorial_interface/cmake/tutorial_interface__rosidl_typesupport_introspection_cppExport-noconfig.cmake
[2.907s] -- Up-to-date: /home/gargie/service/install/tutorial_interface/share/tutorial_interface/cmake/tutorial_interface__rosidl_typesupport_cppExport.cmake
[2.908s] -- Up-to-date: /home/gargie/service/install/tutorial_interface/share/tutorial_interface/cmake/tutorial_interface__rosidl_typesupport_cppExport-noconfig.cmake
[2.910s] -- Up-to-date: /home/gargie/service/install/tutorial_interface/share/tutorial_interface/cmake/export_tutorial_interface__rosidl_generator_pyExport.cmake
[2.911s] -- Up-to-date: /home/gargie/service/install/tutorial_interface/share/tutorial_interface/cmake/export_tutorial_interface__rosidl_generator_pyExport-noconfig.cmake
[2.913s] -- Up-to-date: /home/gargie/service/install/tutorial_interface/share/tutorial_interface/cmake/rosidl_cmake-extras.cmake
[2.915s] -- Up-to-date: /home/gargie/service/install/tutorial_interface/share/tutorial_interface/cmake/ament_cmake_export_dependencies-extras.cmake
[2.916s] -- Up-to-date: /home/gargie/service/install/tutorial_interface/share/tutorial_interface/cmake/ament_cmake_export_include_directories-extras.cmake
[2.917s] -- Up-to-date: /home/gargie/service/install/tutorial_interface/share/tutorial_interface/cmake/ament_cmake_export_libraries-extras.cmake
[2.918s] -- Up-to-date: /home/gargie/service/install/tutorial_interface/share/tutorial_interface/cmake/ament_cmake_export_targets-extras.cmake
[2.920s] -- Up-to-date: /home/gargie/service/install/tutorial_interface/share/tutorial_interface/cmake/rosidl_cmake_export_typesupport_targets-extras.cmake
[2.921s] -- Up-to-date: /home/gargie/service/install/tutorial_interface/share/tutorial_interface/cmake/rosidl_cmake_export_typesupport_libraries-extras.cmake
[2.922s] -- Up-to-date: /home/gargie/service/install/tutorial_interface/share/tutorial_interface/cmake/tutorial_interfaceConfig.cmake
[2.924s] -- Up-to-date: /home/gargie/service/install/tutorial_interface/share/tutorial_interface/cmake/tutorial_interfaceConfig-version.cmake
[2.925s] -- Up-to-date: /home/gargie/service/install/tutorial_interface/share/tutorial_interface/package.xml
[2.928s] Invoked command in '/home/gargie/service/build/tutorial_interface' returned '0': CMAKE_PREFIX_PATH=${CMAKE_PREFIX_PATH}:/home/gargie/service/install/py_srvcli:/home/gargie/key_ws/install/key1_pkg:/opt/ros/humble /usr/bin/cmake --install /home/gargie/service/build/tutorial_interface
