[3.050s] Invoking command in '/home/gargie/launch_ws/src/py_launch_example': PYTHONPATH=/home/gargie/launch_ws/build/py_launch_example/prefix_override:/usr/lib/python3/dist-packages/colcon_core/task/python/colcon_distutils_commands:/home/gargie/launch_ws/install/py_launch_example/lib/python3.10/site-packages:${PYTHONPATH} /usr/bin/python3 -W ignore:setup.py install is deprecated -W ignore:easy_install command is deprecated setup.py egg_info --egg-base ../../build/py_launch_example build --build-base /home/gargie/launch_ws/build/py_launch_example/build install --record /home/gargie/launch_ws/build/py_launch_example/install.log --single-version-externally-managed install_data
[4.256s] running egg_info
[4.259s] writing ../../build/py_launch_example/py_launch_example.egg-info/PKG-INFO
[4.261s] writing dependency_links to ../../build/py_launch_example/py_launch_example.egg-info/dependency_links.txt
[4.262s] writing entry points to ../../build/py_launch_example/py_launch_example.egg-info/entry_points.txt
[4.263s] writing requirements to ../../build/py_launch_example/py_launch_example.egg-info/requires.txt
[4.263s] writing top-level names to ../../build/py_launch_example/py_launch_example.egg-info/top_level.txt
[4.270s] reading manifest file '../../build/py_launch_example/py_launch_example.egg-info/SOURCES.txt'
[4.272s] adding license file 'LICENSE'
[4.281s] writing manifest file '../../build/py_launch_example/py_launch_example.egg-info/SOURCES.txt'
[4.282s] running build
[4.283s] running build_py
[4.284s] running install
[4.285s] running install_lib
[4.290s] running install_data
[4.291s] running install_egg_info
[4.298s] removing '/home/gargie/launch_ws/install/py_launch_example/lib/python3.10/site-packages/py_launch_example-0.0.0-py3.10.egg-info' (and everything under it)
[4.300s] Copying ../../build/py_launch_example/py_launch_example.egg-info to /home/gargie/launch_ws/install/py_launch_example/lib/python3.10/site-packages/py_launch_example-0.0.0-py3.10.egg-info
[4.304s] running install_scripts
[4.392s] writing list of installed files to '/home/gargie/launch_ws/build/py_launch_example/install.log'
[4.520s] Invoked command in '/home/gargie/launch_ws/src/py_launch_example' returned '0': PYTHONPATH=/home/gargie/launch_ws/build/py_launch_example/prefix_override:/usr/lib/python3/dist-packages/colcon_core/task/python/colcon_distutils_commands:/home/gargie/launch_ws/install/py_launch_example/lib/python3.10/site-packages:${PYTHONPATH} /usr/bin/python3 -W ignore:setup.py install is deprecated -W ignore:easy_install command is deprecated setup.py egg_info --egg-base ../../build/py_launch_example build --build-base /home/gargie/launch_ws/build/py_launch_example/build install --record /home/gargie/launch_ws/build/py_launch_example/install.log --single-version-externally-managed install_data
