[3.632s] Invoking command in '/home/gargie/service/src/py_srvcli': PYTHONPATH=/home/gargie/service/build/py_srvcli/prefix_override:/usr/lib/python3/dist-packages/colcon_core/task/python/colcon_distutils_commands:/home/gargie/service/install/py_srvcli/lib/python3.10/site-packages:${PYTHONPATH} /usr/bin/python3 -W ignore:setup.py install is deprecated -W ignore:easy_install command is deprecated setup.py egg_info --egg-base ../../build/py_srvcli build --build-base /home/gargie/service/build/py_srvcli/build install --record /home/gargie/service/build/py_srvcli/install.log --single-version-externally-managed install_data
[4.786s] running egg_info
[4.788s] writing ../../build/py_srvcli/py_srvcli.egg-info/PKG-INFO
[4.793s] writing dependency_links to ../../build/py_srvcli/py_srvcli.egg-info/dependency_links.txt
[4.795s] writing entry points to ../../build/py_srvcli/py_srvcli.egg-info/entry_points.txt
[4.798s] writing requirements to ../../build/py_srvcli/py_srvcli.egg-info/requires.txt
[4.800s] writing top-level names to ../../build/py_srvcli/py_srvcli.egg-info/top_level.txt
[4.803s] reading manifest file '../../build/py_srvcli/py_srvcli.egg-info/SOURCES.txt'
[4.805s] adding license file 'LICENSE'
[4.808s] writing manifest file '../../build/py_srvcli/py_srvcli.egg-info/SOURCES.txt'
[4.810s] running build
[4.812s] running build_py
[4.818s] running install
[4.821s] running install_lib
[4.828s] running install_data
[4.830s] running install_egg_info
[4.835s] removing '/home/gargie/service/install/py_srvcli/lib/python3.10/site-packages/py_srvcli-0.0.0-py3.10.egg-info' (and everything under it)
[4.838s] Copying ../../build/py_srvcli/py_srvcli.egg-info to /home/gargie/service/install/py_srvcli/lib/python3.10/site-packages/py_srvcli-0.0.0-py3.10.egg-info
[4.842s] running install_scripts
[4.928s] Installing client script to /home/gargie/service/install/py_srvcli/lib/py_srvcli
[4.932s] Installing service script to /home/gargie/service/install/py_srvcli/lib/py_srvcli
[4.934s] writing list of installed files to '/home/gargie/service/build/py_srvcli/install.log'
[5.063s] Invoked command in '/home/gargie/service/src/py_srvcli' returned '0': PYTHONPATH=/home/gargie/service/build/py_srvcli/prefix_override:/usr/lib/python3/dist-packages/colcon_core/task/python/colcon_distutils_commands:/home/gargie/service/install/py_srvcli/lib/python3.10/site-packages:${PYTHONPATH} /usr/bin/python3 -W ignore:setup.py install is deprecated -W ignore:easy_install command is deprecated setup.py egg_info --egg-base ../../build/py_srvcli build --build-base /home/gargie/service/build/py_srvcli/build install --record /home/gargie/service/build/py_srvcli/install.log --single-version-externally-managed install_data
