running egg_info
writing ../../build/Turtleactions/Turtleactions.egg-info/PKG-INFO
writing dependency_links to ../../build/Turtleactions/Turtleactions.egg-info/dependency_links.txt
writing entry points to ../../build/Turtleactions/Turtleactions.egg-info/entry_points.txt
writing requirements to ../../build/Turtleactions/Turtleactions.egg-info/requires.txt
writing top-level names to ../../build/Turtleactions/Turtleactions.egg-info/top_level.txt
reading manifest file '../../build/Turtleactions/Turtleactions.egg-info/SOURCES.txt'
writing manifest file '../../build/Turtleactions/Turtleactions.egg-info/SOURCES.txt'
running build
running build_py
copying Turtleactions/turtle_action_cli.py -> /home/nihit/servcli/build/Turtleactions/build/lib/Turtleactions
running install
running install_lib
copying /home/nihit/servcli/build/Turtleactions/build/lib/Turtleactions/turtle_action_cli.py -> /home/nihit/servcli/install/Turtleactions/lib/python3.10/site-packages/Turtleactions
byte-compiling /home/nihit/servcli/install/Turtleactions/lib/python3.10/site-packages/Turtleactions/turtle_action_cli.py to turtle_action_cli.cpython-310.pyc
running install_data
running install_egg_info
removing '/home/nihit/servcli/install/Turtleactions/lib/python3.10/site-packages/Turtleactions-0.0.0-py3.10.egg-info' (and everything under it)
Copying ../../build/Turtleactions/Turtleactions.egg-info to /home/nihit/servcli/install/Turtleactions/lib/python3.10/site-packages/Turtleactions-0.0.0-py3.10.egg-info
running install_scripts
Installing cli script to /home/nihit/servcli/install/Turtleactions/lib/Turtleactions
writing list of installed files to '/home/nihit/servcli/build/Turtleactions/install.log'
