-- Found ament_cmake: 1.3.11 (/opt/ros/humble/share/ament_cmake/cmake)
-- Found rclcpp: 16.0.12 (/opt/ros/humble/share/rclcpp/cmake)
-- Found rosidl_generator_c: 3.1.6 (/opt/ros/humble/share/rosidl_generator_c/cmake)
-- Found rosidl_adapter: 3.1.6 (/opt/ros/humble/share/rosidl_adapter/cmake)
-- Found rosidl_generator_cpp: 3.1.6 (/opt/ros/humble/share/rosidl_generator_cpp/cmake)
-- Using all available rosidl_typesupport_c: rosidl_typesupport_fastrtps_c;rosidl_typesupport_introspection_c
-- Using all available rosidl_typesupport_cpp: rosidl_typesupport_fastrtps_cpp;rosidl_typesupport_introspection_cpp
-- Found rmw_implementation_cmake: 6.1.2 (/opt/ros/humble/share/rmw_implementation_cmake/cmake)
-- Found rmw_fastrtps_cpp: 6.2.7 (/opt/ros/humble/share/rmw_fastrtps_cpp/cmake)
-- Using RMW implementation 'rmw_fastrtps_cpp' as default
-- Configuring done
-- Generating done
-- Build files have been written to: /home/nihit/servcli/build/cpp_pubsub
[35m[1mConsolidate compiler generated dependencies of target listener[0m
[35m[1mConsolidate compiler generated dependencies of target talker[0m
[ 50%] Built target listener
[100%] Built target talker
-- Install configuration: ""
-- Installing: /home/nihit/servcli/install/cpp_pubsub/lib/cpp_pubsub/talker
-- Set runtime path of "/home/nihit/servcli/install/cpp_pubsub/lib/cpp_pubsub/talker" to ""
-- Installing: /home/nihit/servcli/install/cpp_pubsub/lib/cpp_pubsub/listener
-- Set runtime path of "/home/nihit/servcli/install/cpp_pubsub/lib/cpp_pubsub/listener" to ""
-- Installing: /home/nihit/servcli/install/cpp_pubsub/share/ament_index/resource_index/package_run_dependencies/cpp_pubsub
-- Installing: /home/nihit/servcli/install/cpp_pubsub/share/ament_index/resource_index/parent_prefix_path/cpp_pubsub
-- Installing: /home/nihit/servcli/install/cpp_pubsub/share/cpp_pubsub/environment/ament_prefix_path.sh
-- Installing: /home/nihit/servcli/install/cpp_pubsub/share/cpp_pubsub/environment/ament_prefix_path.dsv
-- Installing: /home/nihit/servcli/install/cpp_pubsub/share/cpp_pubsub/environment/path.sh
-- Installing: /home/nihit/servcli/install/cpp_pubsub/share/cpp_pubsub/environment/path.dsv
-- Installing: /home/nihit/servcli/install/cpp_pubsub/share/cpp_pubsub/local_setup.bash
-- Installing: /home/nihit/servcli/install/cpp_pubsub/share/cpp_pubsub/local_setup.sh
-- Installing: /home/nihit/servcli/install/cpp_pubsub/share/cpp_pubsub/local_setup.zsh
-- Installing: /home/nihit/servcli/install/cpp_pubsub/share/cpp_pubsub/local_setup.dsv
-- Installing: /home/nihit/servcli/install/cpp_pubsub/share/cpp_pubsub/package.dsv
-- Installing: /home/nihit/servcli/install/cpp_pubsub/share/ament_index/resource_index/packages/cpp_pubsub
-- Installing: /home/nihit/servcli/install/cpp_pubsub/share/cpp_pubsub/cmake/cpp_pubsubConfig.cmake
-- Installing: /home/nihit/servcli/install/cpp_pubsub/share/cpp_pubsub/cmake/cpp_pubsubConfig-version.cmake
-- Installing: /home/nihit/servcli/install/cpp_pubsub/share/cpp_pubsub/package.xml
