[0.066s] Invoking command in '/home/gargie/interfaces/build/inter_pkg': CMAKE_PREFIX_PATH=${CMAKE_PREFIX_PATH}:/home/gargie/service/install/py_srvcli:/home/gargie/service/install/py_parameter:/home/gargie/key_ws/install/key1_pkg:/opt/ros/humble /usr/bin/cmake --build /home/gargie/interfaces/build/inter_pkg -- -j4 -l4
[0.302s] [ 50%] Built target interface_n
[0.304s] [100%] Built target node_interf
[0.345s] Invoked command in '/home/gargie/interfaces/build/inter_pkg' returned '0': CMAKE_PREFIX_PATH=${CMAKE_PREFIX_PATH}:/home/gargie/service/install/py_srvcli:/home/gargie/service/install/py_parameter:/home/gargie/key_ws/install/key1_pkg:/opt/ros/humble /usr/bin/cmake --build /home/gargie/interfaces/build/inter_pkg -- -j4 -l4
[0.384s] Invoking command in '/home/gargie/interfaces/build/inter_pkg': CMAKE_PREFIX_PATH=${CMAKE_PREFIX_PATH}:/home/gargie/service/install/py_srvcli:/home/gargie/service/install/py_parameter:/home/gargie/key_ws/install/key1_pkg:/opt/ros/humble /usr/bin/cmake --install /home/gargie/interfaces/build/inter_pkg
[0.413s] -- Install configuration: ""
[0.414s] -- Up-to-date: /home/gargie/interfaces/install/inter_pkg/lib/inter_pkg/interface_n
[0.416s] -- Up-to-date: /home/gargie/interfaces/install/inter_pkg/lib/inter_pkg/node_interf
[0.417s] -- Up-to-date: /home/gargie/interfaces/install/inter_pkg/share/ament_index/resource_index/package_run_dependencies/inter_pkg
[0.418s] -- Up-to-date: /home/gargie/interfaces/install/inter_pkg/share/ament_index/resource_index/parent_prefix_path/inter_pkg
[0.419s] -- Up-to-date: /home/gargie/interfaces/install/inter_pkg/share/inter_pkg/environment/ament_prefix_path.sh
[0.419s] -- Up-to-date: /home/gargie/interfaces/install/inter_pkg/share/inter_pkg/environment/ament_prefix_path.dsv
[0.420s] -- Up-to-date: /home/gargie/interfaces/install/inter_pkg/share/inter_pkg/environment/path.sh
[0.421s] -- Up-to-date: /home/gargie/interfaces/install/inter_pkg/share/inter_pkg/environment/path.dsv
[0.422s] -- Up-to-date: /home/gargie/interfaces/install/inter_pkg/share/inter_pkg/local_setup.bash
[0.422s] -- Up-to-date: /home/gargie/interfaces/install/inter_pkg/share/inter_pkg/local_setup.sh
[0.423s] -- Up-to-date: /home/gargie/interfaces/install/inter_pkg/share/inter_pkg/local_setup.zsh
[0.423s] -- Up-to-date: /home/gargie/interfaces/install/inter_pkg/share/inter_pkg/local_setup.dsv
[0.424s] -- Installing: /home/gargie/interfaces/install/inter_pkg/share/inter_pkg/package.dsv
[0.427s] -- Up-to-date: /home/gargie/interfaces/install/inter_pkg/share/ament_index/resource_index/packages/inter_pkg
[0.428s] -- Up-to-date: /home/gargie/interfaces/install/inter_pkg/share/inter_pkg/cmake/inter_pkgConfig.cmake
[0.429s] -- Up-to-date: /home/gargie/interfaces/install/inter_pkg/share/inter_pkg/cmake/inter_pkgConfig-version.cmake
[0.430s] -- Up-to-date: /home/gargie/interfaces/install/inter_pkg/share/inter_pkg/package.xml
[0.431s] Invoked command in '/home/gargie/interfaces/build/inter_pkg' returned '0': CMAKE_PREFIX_PATH=${CMAKE_PREFIX_PATH}:/home/gargie/service/install/py_srvcli:/home/gargie/service/install/py_parameter:/home/gargie/key_ws/install/key1_pkg:/opt/ros/humble /usr/bin/cmake --install /home/gargie/interfaces/build/inter_pkg
