[1.350s] Invoking command in '/home/gargie/service/build/tutorial_interface': CMAKE_PREFIX_PATH=${CMAKE_PREFIX_PATH}:/home/gargie/service/install/py_srvcli:/home/gargie/key_ws/install/key1_pkg:/opt/ros/humble /usr/bin/cmake /home/gargie/service/src/tutorial_interface -DCMAKE_INSTALL_PREFIX=/home/gargie/service/install/tutorial_interface
[1.404s] -- Found ament_cmake: 1.3.11 (/opt/ros/humble/share/ament_cmake/cmake)
[2.033s] -- Found geometry_msgs: 4.8.0 (/opt/ros/humble/share/geometry_msgs/cmake)
[2.142s] -- Found rosidl_generator_c: 3.1.6 (/opt/ros/humble/share/rosidl_generator_c/cmake)
[2.155s] -- Found rosidl_adapter: 3.1.6 (/opt/ros/humble/share/rosidl_adapter/cmake)
[2.182s] -- Found rosidl_generator_cpp: 3.1.6 (/opt/ros/humble/share/rosidl_generator_cpp/cmake)
[2.232s] -- Using all available rosidl_typesupport_c: rosidl_typesupport_fastrtps_c;rosidl_typesupport_introspection_c
[2.292s] -- Using all available rosidl_typesupport_cpp: rosidl_typesupport_fastrtps_cpp;rosidl_typesupport_introspection_cpp
[2.467s] -- Found rosidl_default_generators: 1.2.0 (/opt/ros/humble/share/rosidl_default_generators/cmake)
[2.501s] -- Found ament_lint_auto: 0.12.12 (/opt/ros/humble/share/ament_lint_auto/cmake)
[2.823s] [31mCMake Error at /opt/ros/humble/share/rosidl_cmake/cmake/rosidl_generate_interfaces.cmake:93 (message):
[2.824s]   rosidl_generate_interfaces() the passed file 'srv/AddThreeInts.srv' doesn't
[2.824s]   exist relative to the CMAKE_CURRENT_SOURCE_DIR
[2.825s]   '/home/gargie/service/src/tutorial_interface'
[2.826s] Call Stack (most recent call first):
[2.826s]   CMakeLists.txt:28 (rosidl_generate_interfaces)
[2.826s] 
[2.827s] [0m
[2.827s] -- Configuring incomplete, errors occurred!
[2.828s] See also "/home/gargie/service/build/tutorial_interface/CMakeFiles/CMakeOutput.log".
[2.846s] Invoked command in '/home/gargie/service/build/tutorial_interface' returned '1': CMAKE_PREFIX_PATH=${CMAKE_PREFIX_PATH}:/home/gargie/service/install/py_srvcli:/home/gargie/key_ws/install/key1_pkg:/opt/ros/humble /usr/bin/cmake /home/gargie/service/src/tutorial_interface -DCMAKE_INSTALL_PREFIX=/home/gargie/service/install/tutorial_interface
