[0.078s] Invoking command in '/home/gargie/interfaces/build/cpp_eventhandle': CMAKE_PREFIX_PATH=${CMAKE_PREFIX_PATH}:/home/gargie/service/install/py_srvcli:/home/gargie/service/install/py_parameter:/home/gargie/key_ws/install/key1_pkg:/opt/ros/humble /usr/bin/cmake /home/gargie/interfaces/src/cpp_eventhandle -DCMAKE_INSTALL_PREFIX=/home/gargie/interfaces/install/cpp_eventhandle
[0.344s] -- The C compiler identification is GNU 11.4.0
[0.604s] -- The CXX compiler identification is GNU 11.4.0
[0.634s] -- Detecting C compiler ABI info
[0.932s] -- Detecting C compiler ABI info - done
[0.977s] -- Check for working C compiler: /usr/bin/cc - skipped
[0.979s] -- Detecting C compile features
[0.981s] -- Detecting C compile features - done
[0.993s] -- Detecting CXX compiler ABI info
[1.336s] -- Detecting CXX compiler ABI info - done
[1.378s] -- Check for working CXX compiler: /usr/bin/c++ - skipped
[1.380s] -- Detecting CXX compile features
[1.381s] -- Detecting CXX compile features - done
[1.392s] -- Found ament_cmake: 1.3.11 (/opt/ros/humble/share/ament_cmake/cmake)
[2.136s] -- Found Python3: /usr/bin/python3 (found version "3.10.12") found components: Interpreter 
[2.649s] -- Found rclcpp: 16.0.12 (/opt/ros/humble/share/rclcpp/cmake)
[2.851s] -- Found rosidl_generator_c: 3.1.6 (/opt/ros/humble/share/rosidl_generator_c/cmake)
[2.882s] -- Found rosidl_adapter: 3.1.6 (/opt/ros/humble/share/rosidl_adapter/cmake)
[2.923s] -- Found rosidl_generator_cpp: 3.1.6 (/opt/ros/humble/share/rosidl_generator_cpp/cmake)
[2.989s] -- Using all available rosidl_typesupport_c: rosidl_typesupport_fastrtps_c;rosidl_typesupport_introspection_c
[3.074s] -- Using all available rosidl_typesupport_cpp: rosidl_typesupport_fastrtps_cpp;rosidl_typesupport_introspection_cpp
[3.299s] -- Found rmw_implementation_cmake: 6.1.2 (/opt/ros/humble/share/rmw_implementation_cmake/cmake)
[3.314s] -- Found rmw_fastrtps_cpp: 6.2.7 (/opt/ros/humble/share/rmw_fastrtps_cpp/cmake)
[3.696s] -- Found OpenSSL: /usr/lib/x86_64-linux-gnu/libcrypto.so (found version "3.0.2")  
[3.802s] -- Found FastRTPS: /opt/ros/humble/include  
[3.952s] -- Using RMW implementation 'rmw_fastrtps_cpp' as default
[3.994s] -- Looking for pthread.h
[4.302s] -- Looking for pthread.h - found
[4.305s] -- Performing Test CMAKE_HAVE_LIBC_PTHREAD
[4.629s] -- Performing Test CMAKE_HAVE_LIBC_PTHREAD - Success
[4.634s] -- Found Threads: TRUE  
[4.898s] [31mCMake Error at CMakeLists.txt:12 (ament_executable):
[4.898s]   Unknown CMake command "ament_executable".
[4.899s] 
[4.899s] [0m
[4.900s] -- Configuring incomplete, errors occurred!
[4.900s] See also "/home/gargie/interfaces/build/cpp_eventhandle/CMakeFiles/CMakeOutput.log".
[4.937s] Invoked command in '/home/gargie/interfaces/build/cpp_eventhandle' returned '1': CMAKE_PREFIX_PATH=${CMAKE_PREFIX_PATH}:/home/gargie/service/install/py_srvcli:/home/gargie/service/install/py_parameter:/home/gargie/key_ws/install/key1_pkg:/opt/ros/humble /usr/bin/cmake /home/gargie/interfaces/src/cpp_eventhandle -DCMAKE_INSTALL_PREFIX=/home/gargie/interfaces/install/cpp_eventhandle
