[0.100s] Invoking command in '/home/gargie/service/build/cpp_parameter': CMAKE_PREFIX_PATH=${CMAKE_PREFIX_PATH}:/home/gargie/service/install/py_srvcli:/home/gargie/key_ws/install/key1_pkg:/opt/ros/humble /usr/bin/cmake --build /home/gargie/service/build/cpp_parameter -- -j4 -l4
[0.384s] [ 50%] [32mBuilding CXX object CMakeFiles/parameter_node.dir/src/parameter_node.cpp.o[0m
[13.005s] [01m[K/home/gargie/service/src/cpp_parameter/src/parameter_node.cpp:29:9:[m[K [01;31m[Kerror: [m[K‘[01m[Kcount[m[K’ does not name a type
[13.006s]    29 |         [01;31m[Kcount[m[K;
[13.006s]       |         [01;31m[K^~~~~[m[K
[13.062s] [01m[K/home/gargie/service/src/cpp_parameter/src/parameter_node.cpp:[m[K In member function ‘[01m[Kvoid parameter::timer_callback()[m[K’:
[13.063s] [01m[K/home/gargie/service/src/cpp_parameter/src/parameter_node.cpp:22:30:[m[K [01;31m[Kerror: [m[Kexpected identifier before string constant
[13.063s]    22 |           std::string words=[[01;31m[K"I"[m[K,"Love","Ros"];
[13.064s]       |                              [01;31m[K^~~[m[K
[13.064s] [01m[K/home/gargie/service/src/cpp_parameter/src/parameter_node.cpp:22:33:[m[K [01;31m[Kerror: [m[Kexpected ‘[01m[K][m[K’ before ‘[01m[K,[m[K’ token
[13.065s]    22 |           std::string words=["I"[01;31m[K,[m[K"Love","Ros"];
[13.065s]       |                                 [01;31m[K^[m[K
[13.066s] [01m[K/home/gargie/service/src/cpp_parameter/src/parameter_node.cpp:[m[K In lambda function:
[13.066s] [01m[K/home/gargie/service/src/cpp_parameter/src/parameter_node.cpp:22:33:[m[K [01;31m[Kerror: [m[Kexpected ‘[01m[K{[m[K’ before ‘[01m[K,[m[K’ token
[13.067s] [01m[K/home/gargie/service/src/cpp_parameter/src/parameter_node.cpp:[m[K In member function ‘[01m[Kvoid parameter::timer_callback()[m[K’:
[13.068s] [01m[K/home/gargie/service/src/cpp_parameter/src/parameter_node.cpp:22:33:[m[K [01;31m[Kerror: [m[Kconversion from ‘[01m[Kparameter::timer_callback()::<lambda()>[m[K’ to non-scalar type ‘[01m[Kstd::string[m[K’ {aka ‘[01m[Kstd::__cxx11::basic_string<char>[m[K’} requested
[13.068s] [01m[K/home/gargie/service/src/cpp_parameter/src/parameter_node.cpp:22:34:[m[K [01;31m[Kerror: [m[Kexpected unqualified-id before string constant
[13.069s]    22 |           std::string words=["I",[01;31m[K"Love"[m[K,"Ros"];
[13.069s]       |                                  [01;31m[K^~~~~~[m[K
[15.232s] gmake[2]: *** [CMakeFiles/parameter_node.dir/build.make:76: CMakeFiles/parameter_node.dir/src/parameter_node.cpp.o] Error 1
[15.232s] gmake[1]: *** [CMakeFiles/Makefile2:137: CMakeFiles/parameter_node.dir/all] Error 2
[15.234s] gmake: *** [Makefile:146: all] Error 2
[15.243s] Invoked command in '/home/gargie/service/build/cpp_parameter' returned '2': CMAKE_PREFIX_PATH=${CMAKE_PREFIX_PATH}:/home/gargie/service/install/py_srvcli:/home/gargie/key_ws/install/key1_pkg:/opt/ros/humble /usr/bin/cmake --build /home/gargie/service/build/cpp_parameter -- -j4 -l4
