running egg_info
creating ../../build/Turtleactions/Turtleactions.egg-info
writing ../../build/Turtleactions/Turtleactions.egg-info/PKG-INFO
writing dependency_links to ../../build/Turtleactions/Turtleactions.egg-info/dependency_links.txt
writing entry points to ../../build/Turtleactions/Turtleactions.egg-info/entry_points.txt
writing requirements to ../../build/Turtleactions/Turtleactions.egg-info/requires.txt
writing top-level names to ../../build/Turtleactions/Turtleactions.egg-info/top_level.txt
writing manifest file '../../build/Turtleactions/Turtleactions.egg-info/SOURCES.txt'
reading manifest file '../../build/Turtleactions/Turtleactions.egg-info/SOURCES.txt'
writing manifest file '../../build/Turtleactions/Turtleactions.egg-info/SOURCES.txt'
running build
running build_py
creating /home/nihit/servcli/build/Turtleactions/build
creating /home/nihit/servcli/build/Turtleactions/build/lib
creating /home/nihit/servcli/build/Turtleactions/build/lib/Turtleactions
copying Turtleactions/turtle_action_cli.py -> /home/nihit/servcli/build/Turtleactions/build/lib/Turtleactions
copying Turtleactions/__init__.py -> /home/nihit/servcli/build/Turtleactions/build/lib/Turtleactions
running install
running install_lib
creating /home/nihit/servcli/install/Turtleactions/lib/python3.10/site-packages/Turtleactions
copying /home/nihit/servcli/build/Turtleactions/build/lib/Turtleactions/turtle_action_cli.py -> /home/nihit/servcli/install/Turtleactions/lib/python3.10/site-packages/Turtleactions
copying /home/nihit/servcli/build/Turtleactions/build/lib/Turtleactions/__init__.py -> /home/nihit/servcli/install/Turtleactions/lib/python3.10/site-packages/Turtleactions
byte-compiling /home/nihit/servcli/install/Turtleactions/lib/python3.10/site-packages/Turtleactions/turtle_action_cli.py to turtle_action_cli.cpython-310.pyc
byte-compiling /home/nihit/servcli/install/Turtleactions/lib/python3.10/site-packages/Turtleactions/__init__.py to __init__.cpython-310.pyc
running install_data
creating /home/nihit/servcli/install/Turtleactions/share/ament_index
creating /home/nihit/servcli/install/Turtleactions/share/ament_index/resource_index
creating /home/nihit/servcli/install/Turtleactions/share/ament_index/resource_index/packages
copying resource/Turtleactions -> /home/nihit/servcli/install/Turtleactions/share/ament_index/resource_index/packages
copying package.xml -> /home/nihit/servcli/install/Turtleactions/share/Turtleactions
running install_egg_info
Copying ../../build/Turtleactions/Turtleactions.egg-info to /home/nihit/servcli/install/Turtleactions/lib/python3.10/site-packages/Turtleactions-0.0.0-py3.10.egg-info
running install_scripts
Installing cli script to /home/nihit/servcli/install/Turtleactions/lib/Turtleactions
writing list of installed files to '/home/nihit/servcli/build/Turtleactions/install.log'
