[0.068s] Invoking command in '/home/gargie/project/build/project_pkg': CMAKE_PREFIX_PATH=${CMAKE_PREFIX_PATH}:/home/gargie/key_ws/install/key1_pkg:/opt/ros/humble /usr/bin/cmake --build /home/gargie/project/build/project_pkg -- -j4 -l4
[0.421s] [35m[1mConsolidate compiler generated dependencies of target shapes_node[0m
[0.590s] [ 50%] [32mBuilding CXX object CMakeFiles/shapes_node.dir/src/shapes_node.cpp.o[0m
[21.747s] [100%] [32m[1mLinking CXX executable shapes_node[0m
[22.953s] [100%] Built target shapes_node
[23.003s] Invoked command in '/home/gargie/project/build/project_pkg' returned '0': CMAKE_PREFIX_PATH=${CMAKE_PREFIX_PATH}:/home/gargie/key_ws/install/key1_pkg:/opt/ros/humble /usr/bin/cmake --build /home/gargie/project/build/project_pkg -- -j4 -l4
[23.046s] Invoking command in '/home/gargie/project/build/project_pkg': CMAKE_PREFIX_PATH=${CMAKE_PREFIX_PATH}:/home/gargie/key_ws/install/key1_pkg:/opt/ros/humble /usr/bin/cmake --install /home/gargie/project/build/project_pkg
[23.082s] -- Install configuration: ""
[23.086s] -- Installing: /home/gargie/project/install/project_pkg/lib/project_pkg/shapes_node
[23.094s] -- Set runtime path of "/home/gargie/project/install/project_pkg/lib/project_pkg/shapes_node" to ""
[23.096s] -- Up-to-date: /home/gargie/project/install/project_pkg/share/ament_index/resource_index/package_run_dependencies/project_pkg
[23.097s] -- Up-to-date: /home/gargie/project/install/project_pkg/share/ament_index/resource_index/parent_prefix_path/project_pkg
[23.098s] -- Up-to-date: /home/gargie/project/install/project_pkg/share/project_pkg/environment/ament_prefix_path.sh
[23.099s] -- Up-to-date: /home/gargie/project/install/project_pkg/share/project_pkg/environment/ament_prefix_path.dsv
[23.100s] -- Up-to-date: /home/gargie/project/install/project_pkg/share/project_pkg/environment/path.sh
[23.101s] -- Up-to-date: /home/gargie/project/install/project_pkg/share/project_pkg/environment/path.dsv
[23.101s] -- Up-to-date: /home/gargie/project/install/project_pkg/share/project_pkg/local_setup.bash
[23.102s] -- Up-to-date: /home/gargie/project/install/project_pkg/share/project_pkg/local_setup.sh
[23.103s] -- Up-to-date: /home/gargie/project/install/project_pkg/share/project_pkg/local_setup.zsh
[23.106s] -- Up-to-date: /home/gargie/project/install/project_pkg/share/project_pkg/local_setup.dsv
[23.109s] -- Installing: /home/gargie/project/install/project_pkg/share/project_pkg/package.dsv
[23.110s] -- Up-to-date: /home/gargie/project/install/project_pkg/share/ament_index/resource_index/packages/project_pkg
[23.111s] -- Up-to-date: /home/gargie/project/install/project_pkg/share/project_pkg/cmake/project_pkgConfig.cmake
[23.112s] -- Up-to-date: /home/gargie/project/install/project_pkg/share/project_pkg/cmake/project_pkgConfig-version.cmake
[23.113s] -- Up-to-date: /home/gargie/project/install/project_pkg/share/project_pkg/package.xml
[23.114s] Invoked command in '/home/gargie/project/build/project_pkg' returned '0': CMAKE_PREFIX_PATH=${CMAKE_PREFIX_PATH}:/home/gargie/key_ws/install/key1_pkg:/opt/ros/humble /usr/bin/cmake --install /home/gargie/project/build/project_pkg
