[0.090s] Invoking command in '/home/gargie/service/build/tutorial_interface': CMAKE_PREFIX_PATH=${CMAKE_PREFIX_PATH}:/home/gargie/service/install/py_srvcli:/home/gargie/key_ws/install/key1_pkg:/opt/ros/humble /usr/bin/cmake --build /home/gargie/service/build/tutorial_interface -- -j4 -l4
[0.283s] [35m[1mConsolidate compiler generated dependencies of target tutorial_interface__rosidl_generator_c[0m
[0.330s] [  2%] Built target tutorial_interface__cpp
[0.348s] [ 12%] Built target tutorial_interface__rosidl_generator_c
[0.396s] [35m[1mConsolidate compiler generated dependencies of target tutorial_interface__rosidl_typesupport_fastrtps_cpp[0m
[0.397s] [35m[1mConsolidate compiler generated dependencies of target tutorial_interface__rosidl_typesupport_cpp[0m
[0.412s] [ 12%] Built target ament_cmake_python_copy_tutorial_interface
[0.429s] [35m[1mConsolidate compiler generated dependencies of target tutorial_interface__rosidl_typesupport_introspection_cpp[0m
[0.472s] [35m[1mConsolidate compiler generated dependencies of target tutorial_interface__rosidl_typesupport_fastrtps_c[0m
[0.476s] [ 23%] Built target tutorial_interface__rosidl_typesupport_fastrtps_cpp
[0.497s] [ 34%] Built target tutorial_interface__rosidl_typesupport_cpp
[0.533s] [35m[1mConsolidate compiler generated dependencies of target tutorial_interface__rosidl_typesupport_introspection_c[0m
[0.545s] [ 44%] Built target tutorial_interface__rosidl_typesupport_introspection_cpp
[0.557s] [35m[1mConsolidate compiler generated dependencies of target tutorial_interface__rosidl_typesupport_c[0m
[0.576s] [ 55%] Built target tutorial_interface__rosidl_typesupport_fastrtps_c
[0.599s] [ 65%] Built target tutorial_interface__rosidl_typesupport_introspection_c
[0.618s] [ 76%] Built target tutorial_interface__rosidl_typesupport_c
[0.712s] [ 76%] Built target tutorial_interface
[0.816s] [ 78%] Built target tutorial_interface__py
[0.869s] [35m[1mConsolidate compiler generated dependencies of target tutorial_interface__rosidl_generator_py[0m
[0.935s] [ 87%] Built target tutorial_interface__rosidl_generator_py
[0.989s] [35m[1mConsolidate compiler generated dependencies of target tutorial_interface__rosidl_typesupport_fastrtps_c__pyext[0m
[0.995s] [35m[1mConsolidate compiler generated dependencies of target tutorial_interface__rosidl_typesupport_c__pyext[0m
[1.016s] [35m[1mConsolidate compiler generated dependencies of target tutorial_interface__rosidl_typesupport_introspection_c__pyext[0m
[1.073s] [ 91%] Built target tutorial_interface__rosidl_typesupport_fastrtps_c__pyext
[1.092s] [ 95%] Built target tutorial_interface__rosidl_typesupport_c__pyext
[1.110s] [100%] Built target tutorial_interface__rosidl_typesupport_introspection_c__pyext
[1.895s] running egg_info
[1.898s] writing tutorial_interface.egg-info/PKG-INFO
[1.900s] writing dependency_links to tutorial_interface.egg-info/dependency_links.txt
[1.903s] writing top-level names to tutorial_interface.egg-info/top_level.txt
[1.915s] reading manifest file 'tutorial_interface.egg-info/SOURCES.txt'
[1.920s] writing manifest file 'tutorial_interface.egg-info/SOURCES.txt'
[2.083s] [100%] Built target ament_cmake_python_build_tutorial_interface_egg
[2.128s] Invoked command in '/home/gargie/service/build/tutorial_interface' returned '0': CMAKE_PREFIX_PATH=${CMAKE_PREFIX_PATH}:/home/gargie/service/install/py_srvcli:/home/gargie/key_ws/install/key1_pkg:/opt/ros/humble /usr/bin/cmake --build /home/gargie/service/build/tutorial_interface -- -j4 -l4
[2.175s] Invoking command in '/home/gargie/service/build/tutorial_interface': CMAKE_PREFIX_PATH=${CMAKE_PREFIX_PATH}:/home/gargie/service/install/py_srvcli:/home/gargie/key_ws/install/key1_pkg:/opt/ros/humble /usr/bin/cmake --install /home/gargie/service/build/tutorial_interface
[2.207s] -- Install configuration: ""
[2.209s] -- Up-to-date: /home/gargie/service/install/tutorial_interface/share/ament_index/resource_index/rosidl_interfaces/tutorial_interface
[2.210s] -- Up-to-date: /home/gargie/service/install/tutorial_interface/include/tutorial_interface/tutorial_interface
[2.210s] -- Up-to-date: /home/gargie/service/install/tutorial_interface/include/tutorial_interface/tutorial_interface/srv
[2.211s] -- Up-to-date: /home/gargie/service/install/tutorial_interface/include/tutorial_interface/tutorial_interface/srv/detail
[2.211s] -- Up-to-date: /home/gargie/service/install/tutorial_interface/include/tutorial_interface/tutorial_interface/srv/detail/add_three_ints__type_support.h
[2.212s] -- Up-to-date: /home/gargie/service/install/tutorial_interface/include/tutorial_interface/tutorial_interface/srv/detail/add_three_ints__functions.h
[2.213s] -- Up-to-date: /home/gargie/service/install/tutorial_interface/include/tutorial_interface/tutorial_interface/srv/detail/add_three_ints__struct.h
[2.213s] -- Up-to-date: /home/gargie/service/install/tutorial_interface/include/tutorial_interface/tutorial_interface/srv/detail/add_three_ints__functions.c
[2.214s] -- Up-to-date: /home/gargie/service/install/tutorial_interface/include/tutorial_interface/tutorial_interface/srv/add_three_ints.h
[2.215s] -- Up-to-date: /home/gargie/service/install/tutorial_interface/include/tutorial_interface/tutorial_interface/msg
[2.216s] -- Up-to-date: /home/gargie/service/install/tutorial_interface/include/tutorial_interface/tutorial_interface/msg/num.h
[2.216s] -- Up-to-date: /home/gargie/service/install/tutorial_interface/include/tutorial_interface/tutorial_interface/msg/rosidl_generator_c__visibility_control.h
[2.218s] -- Up-to-date: /home/gargie/service/install/tutorial_interface/include/tutorial_interface/tutorial_interface/msg/sphere.h
[2.219s] -- Up-to-date: /home/gargie/service/install/tutorial_interface/include/tutorial_interface/tutorial_interface/msg/detail
[2.219s] -- Up-to-date: /home/gargie/service/install/tutorial_interface/include/tutorial_interface/tutorial_interface/msg/detail/sphere__struct.h
[2.221s] -- Up-to-date: /home/gargie/service/install/tutorial_interface/include/tutorial_interface/tutorial_interface/msg/detail/num__functions.h
[2.222s] -- Up-to-date: /home/gargie/service/install/tutorial_interface/include/tutorial_interface/tutorial_interface/msg/detail/num__functions.c
[2.224s] -- Up-to-date: /home/gargie/service/install/tutorial_interface/include/tutorial_interface/tutorial_interface/msg/detail/num__struct.h
[2.224s] -- Up-to-date: /home/gargie/service/install/tutorial_interface/include/tutorial_interface/tutorial_interface/msg/detail/sphere__functions.h
[2.225s] -- Up-to-date: /home/gargie/service/install/tutorial_interface/include/tutorial_interface/tutorial_interface/msg/detail/sphere__type_support.h
[2.225s] -- Up-to-date: /home/gargie/service/install/tutorial_interface/include/tutorial_interface/tutorial_interface/msg/detail/num__type_support.h
[2.226s] -- Up-to-date: /home/gargie/service/install/tutorial_interface/include/tutorial_interface/tutorial_interface/msg/detail/sphere__functions.c
[2.226s] -- Up-to-date: /home/gargie/service/install/tutorial_interface/share/tutorial_interface/environment/library_path.sh
[2.227s] -- Up-to-date: /home/gargie/service/install/tutorial_interface/share/tutorial_interface/environment/library_path.dsv
[2.227s] -- Up-to-date: /home/gargie/service/install/tutorial_interface/lib/libtutorial_interface__rosidl_generator_c.so
[2.229s] -- Up-to-date: /home/gargie/service/install/tutorial_interface/include/tutorial_interface/tutorial_interface
[2.229s] -- Up-to-date: /home/gargie/service/install/tutorial_interface/include/tutorial_interface/tutorial_interface/srv
[2.230s] -- Up-to-date: /home/gargie/service/install/tutorial_interface/include/tutorial_interface/tutorial_interface/srv/detail
[2.231s] -- Up-to-date: /home/gargie/service/install/tutorial_interface/include/tutorial_interface/tutorial_interface/srv/detail/add_three_ints__rosidl_typesupport_fastrtps_c.h
[2.232s] -- Up-to-date: /home/gargie/service/install/tutorial_interface/include/tutorial_interface/tutorial_interface/msg
[2.233s] -- Up-to-date: /home/gargie/service/install/tutorial_interface/include/tutorial_interface/tutorial_interface/msg/detail
[2.234s] -- Up-to-date: /home/gargie/service/install/tutorial_interface/include/tutorial_interface/tutorial_interface/msg/detail/sphere__rosidl_typesupport_fastrtps_c.h
[2.235s] -- Up-to-date: /home/gargie/service/install/tutorial_interface/include/tutorial_interface/tutorial_interface/msg/detail/num__rosidl_typesupport_fastrtps_c.h
[2.237s] -- Up-to-date: /home/gargie/service/install/tutorial_interface/include/tutorial_interface/tutorial_interface/msg/rosidl_typesupport_fastrtps_c__visibility_control.h
[2.238s] -- Up-to-date: /home/gargie/service/install/tutorial_interface/lib/libtutorial_interface__rosidl_typesupport_fastrtps_c.so
[2.239s] -- Up-to-date: /home/gargie/service/install/tutorial_interface/include/tutorial_interface/tutorial_interface
[2.240s] -- Up-to-date: /home/gargie/service/install/tutorial_interface/include/tutorial_interface/tutorial_interface/srv
[2.240s] -- Up-to-date: /home/gargie/service/install/tutorial_interface/include/tutorial_interface/tutorial_interface/srv/detail
[2.241s] -- Up-to-date: /home/gargie/service/install/tutorial_interface/include/tutorial_interface/tutorial_interface/srv/detail/add_three_ints__struct.hpp
[2.241s] -- Up-to-date: /home/gargie/service/install/tutorial_interface/include/tutorial_interface/tutorial_interface/srv/detail/add_three_ints__traits.hpp
[2.242s] -- Up-to-date: /home/gargie/service/install/tutorial_interface/include/tutorial_interface/tutorial_interface/srv/detail/add_three_ints__builder.hpp
[2.242s] -- Up-to-date: /home/gargie/service/install/tutorial_interface/include/tutorial_interface/tutorial_interface/srv/detail/add_three_ints__type_support.hpp
[2.243s] -- Up-to-date: /home/gargie/service/install/tutorial_interface/include/tutorial_interface/tutorial_interface/srv/add_three_ints.hpp
[2.243s] -- Up-to-date: /home/gargie/service/install/tutorial_interface/include/tutorial_interface/tutorial_interface/msg
[2.244s] -- Up-to-date: /home/gargie/service/install/tutorial_interface/include/tutorial_interface/tutorial_interface/msg/num.hpp
[2.244s] -- Up-to-date: /home/gargie/service/install/tutorial_interface/include/tutorial_interface/tutorial_interface/msg/detail
[2.245s] -- Up-to-date: /home/gargie/service/install/tutorial_interface/include/tutorial_interface/tutorial_interface/msg/detail/num__traits.hpp
[2.245s] -- Up-to-date: /home/gargie/service/install/tutorial_interface/include/tutorial_interface/tutorial_interface/msg/detail/sphere__type_support.hpp
[2.246s] -- Up-to-date: /home/gargie/service/install/tutorial_interface/include/tutorial_interface/tutorial_interface/msg/detail/num__type_support.hpp
[2.247s] -- Up-to-date: /home/gargie/service/install/tutorial_interface/include/tutorial_interface/tutorial_interface/msg/detail/sphere__traits.hpp
[2.247s] -- Up-to-date: /home/gargie/service/install/tutorial_interface/include/tutorial_interface/tutorial_interface/msg/detail/num__struct.hpp
[2.248s] -- Up-to-date: /home/gargie/service/install/tutorial_interface/include/tutorial_interface/tutorial_interface/msg/detail/num__builder.hpp
[2.248s] -- Up-to-date: /home/gargie/service/install/tutorial_interface/include/tutorial_interface/tutorial_interface/msg/detail/sphere__struct.hpp
[2.249s] -- Up-to-date: /home/gargie/service/install/tutorial_interface/include/tutorial_interface/tutorial_interface/msg/detail/sphere__builder.hpp
[2.260s] -- Up-to-date: /home/gargie/service/install/tutorial_interface/include/tutorial_interface/tutorial_interface/msg/rosidl_generator_cpp__visibility_control.hpp
[2.261s] -- Up-to-date: /home/gargie/service/install/tutorial_interface/include/tutorial_interface/tutorial_interface/msg/sphere.hpp
[2.262s] -- Up-to-date: /home/gargie/service/install/tutorial_interface/include/tutorial_interface/tutorial_interface
[2.262s] -- Up-to-date: /home/gargie/service/install/tutorial_interface/include/tutorial_interface/tutorial_interface/srv
[2.262s] -- Up-to-date: /home/gargie/service/install/tutorial_interface/include/tutorial_interface/tutorial_interface/srv/detail
[2.263s] -- Up-to-date: /home/gargie/service/install/tutorial_interface/include/tutorial_interface/tutorial_interface/srv/detail/dds_fastrtps
[2.263s] -- Up-to-date: /home/gargie/service/install/tutorial_interface/include/tutorial_interface/tutorial_interface/srv/detail/add_three_ints__rosidl_typesupport_fastrtps_cpp.hpp
[2.264s] -- Up-to-date: /home/gargie/service/install/tutorial_interface/include/tutorial_interface/tutorial_interface/msg
[2.264s] -- Up-to-date: /home/gargie/service/install/tutorial_interface/include/tutorial_interface/tutorial_interface/msg/detail
[2.265s] -- Up-to-date: /home/gargie/service/install/tutorial_interface/include/tutorial_interface/tutorial_interface/msg/detail/dds_fastrtps
[2.265s] -- Up-to-date: /home/gargie/service/install/tutorial_interface/include/tutorial_interface/tutorial_interface/msg/detail/sphere__rosidl_typesupport_fastrtps_cpp.hpp
[2.266s] -- Up-to-date: /home/gargie/service/install/tutorial_interface/include/tutorial_interface/tutorial_interface/msg/detail/num__rosidl_typesupport_fastrtps_cpp.hpp
[2.266s] -- Up-to-date: /home/gargie/service/install/tutorial_interface/include/tutorial_interface/tutorial_interface/msg/rosidl_typesupport_fastrtps_cpp__visibility_control.h
[2.266s] -- Up-to-date: /home/gargie/service/install/tutorial_interface/lib/libtutorial_interface__rosidl_typesupport_fastrtps_cpp.so
[2.267s] -- Up-to-date: /home/gargie/service/install/tutorial_interface/include/tutorial_interface/tutorial_interface
[2.267s] -- Up-to-date: /home/gargie/service/install/tutorial_interface/include/tutorial_interface/tutorial_interface/srv
[2.268s] -- Up-to-date: /home/gargie/service/install/tutorial_interface/include/tutorial_interface/tutorial_interface/srv/detail
[2.268s] -- Up-to-date: /home/gargie/service/install/tutorial_interface/include/tutorial_interface/tutorial_interface/srv/detail/add_three_ints__rosidl_typesupport_introspection_c.h
[2.269s] -- Up-to-date: /home/gargie/service/install/tutorial_interface/include/tutorial_interface/tutorial_interface/srv/detail/add_three_ints__type_support.c
[2.269s] -- Up-to-date: /home/gargie/service/install/tutorial_interface/include/tutorial_interface/tutorial_interface/msg
[2.270s] -- Up-to-date: /home/gargie/service/install/tutorial_interface/include/tutorial_interface/tutorial_interface/msg/rosidl_typesupport_introspection_c__visibility_control.h
[2.270s] -- Up-to-date: /home/gargie/service/install/tutorial_interface/include/tutorial_interface/tutorial_interface/msg/detail
[2.271s] -- Up-to-date: /home/gargie/service/install/tutorial_interface/include/tutorial_interface/tutorial_interface/msg/detail/sphere__rosidl_typesupport_introspection_c.h
[2.271s] -- Up-to-date: /home/gargie/service/install/tutorial_interface/include/tutorial_interface/tutorial_interface/msg/detail/num__rosidl_typesupport_introspection_c.h
[2.272s] -- Up-to-date: /home/gargie/service/install/tutorial_interface/include/tutorial_interface/tutorial_interface/msg/detail/num__type_support.c
[2.273s] -- Up-to-date: /home/gargie/service/install/tutorial_interface/include/tutorial_interface/tutorial_interface/msg/detail/sphere__type_support.c
[2.273s] -- Up-to-date: /home/gargie/service/install/tutorial_interface/lib/libtutorial_interface__rosidl_typesupport_introspection_c.so
[2.274s] -- Up-to-date: /home/gargie/service/install/tutorial_interface/lib/libtutorial_interface__rosidl_typesupport_c.so
[2.274s] -- Up-to-date: /home/gargie/service/install/tutorial_interface/include/tutorial_interface/tutorial_interface
[2.274s] -- Up-to-date: /home/gargie/service/install/tutorial_interface/include/tutorial_interface/tutorial_interface/srv
[2.275s] -- Up-to-date: /home/gargie/service/install/tutorial_interface/include/tutorial_interface/tutorial_interface/srv/detail
[2.275s] -- Up-to-date: /home/gargie/service/install/tutorial_interface/include/tutorial_interface/tutorial_interface/srv/detail/add_three_ints__type_support.cpp
[2.276s] -- Up-to-date: /home/gargie/service/install/tutorial_interface/include/tutorial_interface/tutorial_interface/srv/detail/add_three_ints__rosidl_typesupport_introspection_cpp.hpp
[2.276s] -- Up-to-date: /home/gargie/service/install/tutorial_interface/include/tutorial_interface/tutorial_interface/msg
[2.277s] -- Up-to-date: /home/gargie/service/install/tutorial_interface/include/tutorial_interface/tutorial_interface/msg/detail
[2.277s] -- Up-to-date: /home/gargie/service/install/tutorial_interface/include/tutorial_interface/tutorial_interface/msg/detail/sphere__type_support.cpp
[2.278s] -- Up-to-date: /home/gargie/service/install/tutorial_interface/include/tutorial_interface/tutorial_interface/msg/detail/num__rosidl_typesupport_introspection_cpp.hpp
[2.278s] -- Up-to-date: /home/gargie/service/install/tutorial_interface/include/tutorial_interface/tutorial_interface/msg/detail/num__type_support.cpp
[2.279s] -- Up-to-date: /home/gargie/service/install/tutorial_interface/include/tutorial_interface/tutorial_interface/msg/detail/sphere__rosidl_typesupport_introspection_cpp.hpp
[2.279s] -- Up-to-date: /home/gargie/service/install/tutorial_interface/lib/libtutorial_interface__rosidl_typesupport_introspection_cpp.so
[2.280s] -- Up-to-date: /home/gargie/service/install/tutorial_interface/lib/libtutorial_interface__rosidl_typesupport_cpp.so
[2.280s] -- Up-to-date: /home/gargie/service/install/tutorial_interface/share/tutorial_interface/environment/pythonpath.sh
[2.281s] -- Up-to-date: /home/gargie/service/install/tutorial_interface/share/tutorial_interface/environment/pythonpath.dsv
[2.281s] -- Up-to-date: /home/gargie/service/install/tutorial_interface/local/lib/python3.10/dist-packages/tutorial_interface-0.0.0-py3.10.egg-info
[2.282s] -- Installing: /home/gargie/service/install/tutorial_interface/local/lib/python3.10/dist-packages/tutorial_interface-0.0.0-py3.10.egg-info/SOURCES.txt
[2.282s] -- Installing: /home/gargie/service/install/tutorial_interface/local/lib/python3.10/dist-packages/tutorial_interface-0.0.0-py3.10.egg-info/dependency_links.txt
[2.283s] -- Installing: /home/gargie/service/install/tutorial_interface/local/lib/python3.10/dist-packages/tutorial_interface-0.0.0-py3.10.egg-info/top_level.txt
[2.283s] -- Installing: /home/gargie/service/install/tutorial_interface/local/lib/python3.10/dist-packages/tutorial_interface-0.0.0-py3.10.egg-info/PKG-INFO
[2.284s] -- Up-to-date: /home/gargie/service/install/tutorial_interface/local/lib/python3.10/dist-packages/tutorial_interface
[2.284s] -- Up-to-date: /home/gargie/service/install/tutorial_interface/local/lib/python3.10/dist-packages/tutorial_interface/libtutorial_interface__rosidl_generator_py.so
[2.285s] -- Up-to-date: /home/gargie/service/install/tutorial_interface/local/lib/python3.10/dist-packages/tutorial_interface/_tutorial_interface_s.ep.rosidl_typesupport_introspection_c.c
[2.285s] -- Up-to-date: /home/gargie/service/install/tutorial_interface/local/lib/python3.10/dist-packages/tutorial_interface/srv
[2.285s] -- Up-to-date: /home/gargie/service/install/tutorial_interface/local/lib/python3.10/dist-packages/tutorial_interface/srv/_add_three_ints.py
[2.286s] -- Up-to-date: /home/gargie/service/install/tutorial_interface/local/lib/python3.10/dist-packages/tutorial_interface/srv/__init__.py
[2.286s] -- Up-to-date: /home/gargie/service/install/tutorial_interface/local/lib/python3.10/dist-packages/tutorial_interface/srv/_add_three_ints_s.c
[2.287s] -- Up-to-date: /home/gargie/service/install/tutorial_interface/local/lib/python3.10/dist-packages/tutorial_interface/tutorial_interface_s__rosidl_typesupport_c.cpython-310-x86_64-linux-gnu.so
[2.287s] -- Up-to-date: /home/gargie/service/install/tutorial_interface/local/lib/python3.10/dist-packages/tutorial_interface/_tutorial_interface_s.ep.rosidl_typesupport_fastrtps_c.c
[2.288s] -- Up-to-date: /home/gargie/service/install/tutorial_interface/local/lib/python3.10/dist-packages/tutorial_interface/tutorial_interface_s__rosidl_typesupport_fastrtps_c.cpython-310-x86_64-linux-gnu.so
[2.288s] -- Up-to-date: /home/gargie/service/install/tutorial_interface/local/lib/python3.10/dist-packages/tutorial_interface/_tutorial_interface_s.ep.rosidl_typesupport_c.c
[2.289s] -- Up-to-date: /home/gargie/service/install/tutorial_interface/local/lib/python3.10/dist-packages/tutorial_interface/__init__.py
[2.289s] -- Up-to-date: /home/gargie/service/install/tutorial_interface/local/lib/python3.10/dist-packages/tutorial_interface/tutorial_interface_s__rosidl_typesupport_introspection_c.cpython-310-x86_64-linux-gnu.so
[2.289s] -- Up-to-date: /home/gargie/service/install/tutorial_interface/local/lib/python3.10/dist-packages/tutorial_interface/msg
[2.290s] -- Up-to-date: /home/gargie/service/install/tutorial_interface/local/lib/python3.10/dist-packages/tutorial_interface/msg/_num.py
[2.290s] -- Up-to-date: /home/gargie/service/install/tutorial_interface/local/lib/python3.10/dist-packages/tutorial_interface/msg/_num_s.c
[2.291s] -- Up-to-date: /home/gargie/service/install/tutorial_interface/local/lib/python3.10/dist-packages/tutorial_interface/msg/_sphere_s.c
[2.291s] -- Up-to-date: /home/gargie/service/install/tutorial_interface/local/lib/python3.10/dist-packages/tutorial_interface/msg/__init__.py
[2.292s] -- Up-to-date: /home/gargie/service/install/tutorial_interface/local/lib/python3.10/dist-packages/tutorial_interface/msg/_sphere.py
[2.400s] Listing '/home/gargie/service/install/tutorial_interface/local/lib/python3.10/dist-packages/tutorial_interface'...
[2.401s] Listing '/home/gargie/service/install/tutorial_interface/local/lib/python3.10/dist-packages/tutorial_interface/msg'...
[2.401s] Listing '/home/gargie/service/install/tutorial_interface/local/lib/python3.10/dist-packages/tutorial_interface/srv'...
[2.425s] -- Up-to-date: /home/gargie/service/install/tutorial_interface/local/lib/python3.10/dist-packages/tutorial_interface/tutorial_interface_s__rosidl_typesupport_fastrtps_c.cpython-310-x86_64-linux-gnu.so
[2.426s] -- Up-to-date: /home/gargie/service/install/tutorial_interface/local/lib/python3.10/dist-packages/tutorial_interface/tutorial_interface_s__rosidl_typesupport_introspection_c.cpython-310-x86_64-linux-gnu.so
[2.428s] -- Up-to-date: /home/gargie/service/install/tutorial_interface/local/lib/python3.10/dist-packages/tutorial_interface/tutorial_interface_s__rosidl_typesupport_c.cpython-310-x86_64-linux-gnu.so
[2.430s] -- Up-to-date: /home/gargie/service/install/tutorial_interface/lib/libtutorial_interface__rosidl_generator_py.so
[2.431s] -- Up-to-date: /home/gargie/service/install/tutorial_interface/share/tutorial_interface/msg/Num.idl
[2.432s] -- Up-to-date: /home/gargie/service/install/tutorial_interface/share/tutorial_interface/msg/Sphere.idl
[2.433s] -- Up-to-date: /home/gargie/service/install/tutorial_interface/share/tutorial_interface/srv/AddThreeInts.idl
[2.433s] -- Up-to-date: /home/gargie/service/install/tutorial_interface/share/tutorial_interface/msg/Num.msg
[2.434s] -- Up-to-date: /home/gargie/service/install/tutorial_interface/share/tutorial_interface/msg/Sphere.msg
[2.435s] -- Up-to-date: /home/gargie/service/install/tutorial_interface/share/tutorial_interface/srv/AddThreeInts.srv
[2.436s] -- Up-to-date: /home/gargie/service/install/tutorial_interface/share/tutorial_interface/srv/AddThreeInts_Request.msg
[2.437s] -- Up-to-date: /home/gargie/service/install/tutorial_interface/share/tutorial_interface/srv/AddThreeInts_Response.msg
[2.438s] -- Up-to-date: /home/gargie/service/install/tutorial_interface/share/ament_index/resource_index/package_run_dependencies/tutorial_interface
[2.439s] -- Up-to-date: /home/gargie/service/install/tutorial_interface/share/ament_index/resource_index/parent_prefix_path/tutorial_interface
[2.439s] -- Up-to-date: /home/gargie/service/install/tutorial_interface/share/tutorial_interface/environment/ament_prefix_path.sh
[2.440s] -- Up-to-date: /home/gargie/service/install/tutorial_interface/share/tutorial_interface/environment/ament_prefix_path.dsv
[2.441s] -- Up-to-date: /home/gargie/service/install/tutorial_interface/share/tutorial_interface/environment/path.sh
[2.442s] -- Up-to-date: /home/gargie/service/install/tutorial_interface/share/tutorial_interface/environment/path.dsv
[2.443s] -- Up-to-date: /home/gargie/service/install/tutorial_interface/share/tutorial_interface/local_setup.bash
[2.443s] -- Up-to-date: /home/gargie/service/install/tutorial_interface/share/tutorial_interface/local_setup.sh
[2.444s] -- Up-to-date: /home/gargie/service/install/tutorial_interface/share/tutorial_interface/local_setup.zsh
[2.444s] -- Up-to-date: /home/gargie/service/install/tutorial_interface/share/tutorial_interface/local_setup.dsv
[2.445s] -- Installing: /home/gargie/service/install/tutorial_interface/share/tutorial_interface/package.dsv
[2.446s] -- Up-to-date: /home/gargie/service/install/tutorial_interface/share/ament_index/resource_index/packages/tutorial_interface
[2.447s] -- Up-to-date: /home/gargie/service/install/tutorial_interface/share/tutorial_interface/cmake/export_tutorial_interface__rosidl_generator_cExport.cmake
[2.447s] -- Up-to-date: /home/gargie/service/install/tutorial_interface/share/tutorial_interface/cmake/export_tutorial_interface__rosidl_generator_cExport-noconfig.cmake
[2.448s] -- Up-to-date: /home/gargie/service/install/tutorial_interface/share/tutorial_interface/cmake/export_tutorial_interface__rosidl_typesupport_fastrtps_cExport.cmake
[2.449s] -- Up-to-date: /home/gargie/service/install/tutorial_interface/share/tutorial_interface/cmake/export_tutorial_interface__rosidl_typesupport_fastrtps_cExport-noconfig.cmake
[2.449s] -- Up-to-date: /home/gargie/service/install/tutorial_interface/share/tutorial_interface/cmake/export_tutorial_interface__rosidl_generator_cppExport.cmake
[2.450s] -- Up-to-date: /home/gargie/service/install/tutorial_interface/share/tutorial_interface/cmake/export_tutorial_interface__rosidl_typesupport_fastrtps_cppExport.cmake
[2.450s] -- Up-to-date: /home/gargie/service/install/tutorial_interface/share/tutorial_interface/cmake/export_tutorial_interface__rosidl_typesupport_fastrtps_cppExport-noconfig.cmake
[2.451s] -- Up-to-date: /home/gargie/service/install/tutorial_interface/share/tutorial_interface/cmake/tutorial_interface__rosidl_typesupport_introspection_cExport.cmake
[2.451s] -- Up-to-date: /home/gargie/service/install/tutorial_interface/share/tutorial_interface/cmake/tutorial_interface__rosidl_typesupport_introspection_cExport-noconfig.cmake
[2.452s] -- Up-to-date: /home/gargie/service/install/tutorial_interface/share/tutorial_interface/cmake/tutorial_interface__rosidl_typesupport_cExport.cmake
[2.452s] -- Up-to-date: /home/gargie/service/install/tutorial_interface/share/tutorial_interface/cmake/tutorial_interface__rosidl_typesupport_cExport-noconfig.cmake
[2.453s] -- Up-to-date: /home/gargie/service/install/tutorial_interface/share/tutorial_interface/cmake/tutorial_interface__rosidl_typesupport_introspection_cppExport.cmake
[2.454s] -- Up-to-date: /home/gargie/service/install/tutorial_interface/share/tutorial_interface/cmake/tutorial_interface__rosidl_typesupport_introspection_cppExport-noconfig.cmake
[2.456s] -- Up-to-date: /home/gargie/service/install/tutorial_interface/share/tutorial_interface/cmake/tutorial_interface__rosidl_typesupport_cppExport.cmake
[2.459s] -- Up-to-date: /home/gargie/service/install/tutorial_interface/share/tutorial_interface/cmake/tutorial_interface__rosidl_typesupport_cppExport-noconfig.cmake
[2.460s] -- Up-to-date: /home/gargie/service/install/tutorial_interface/share/tutorial_interface/cmake/export_tutorial_interface__rosidl_generator_pyExport.cmake
[2.461s] -- Up-to-date: /home/gargie/service/install/tutorial_interface/share/tutorial_interface/cmake/export_tutorial_interface__rosidl_generator_pyExport-noconfig.cmake
[2.462s] -- Up-to-date: /home/gargie/service/install/tutorial_interface/share/tutorial_interface/cmake/rosidl_cmake-extras.cmake
[2.463s] -- Up-to-date: /home/gargie/service/install/tutorial_interface/share/tutorial_interface/cmake/ament_cmake_export_dependencies-extras.cmake
[2.463s] -- Up-to-date: /home/gargie/service/install/tutorial_interface/share/tutorial_interface/cmake/ament_cmake_export_include_directories-extras.cmake
[2.464s] -- Up-to-date: /home/gargie/service/install/tutorial_interface/share/tutorial_interface/cmake/ament_cmake_export_libraries-extras.cmake
[2.465s] -- Up-to-date: /home/gargie/service/install/tutorial_interface/share/tutorial_interface/cmake/ament_cmake_export_targets-extras.cmake
[2.467s] -- Up-to-date: /home/gargie/service/install/tutorial_interface/share/tutorial_interface/cmake/rosidl_cmake_export_typesupport_targets-extras.cmake
[2.468s] -- Up-to-date: /home/gargie/service/install/tutorial_interface/share/tutorial_interface/cmake/rosidl_cmake_export_typesupport_libraries-extras.cmake
[2.469s] -- Up-to-date: /home/gargie/service/install/tutorial_interface/share/tutorial_interface/cmake/tutorial_interfaceConfig.cmake
[2.471s] -- Up-to-date: /home/gargie/service/install/tutorial_interface/share/tutorial_interface/cmake/tutorial_interfaceConfig-version.cmake
[2.473s] -- Up-to-date: /home/gargie/service/install/tutorial_interface/share/tutorial_interface/package.xml
[2.474s] Invoked command in '/home/gargie/service/build/tutorial_interface' returned '0': CMAKE_PREFIX_PATH=${CMAKE_PREFIX_PATH}:/home/gargie/service/install/py_srvcli:/home/gargie/key_ws/install/key1_pkg:/opt/ros/humble /usr/bin/cmake --install /home/gargie/service/build/tutorial_interface
