[4.882s] Invoking command in '/home/gargie/service/src/py_srvcli': PYTHONPATH=/home/gargie/service/build/py_srvcli/prefix_override:/usr/lib/python3/dist-packages/colcon_core/task/python/colcon_distutils_commands:/home/gargie/service/install/py_srvcli/lib/python3.10/site-packages:${PYTHONPATH} /usr/bin/python3 -W ignore:setup.py install is deprecated -W ignore:easy_install command is deprecated setup.py egg_info --egg-base ../../build/py_srvcli build --build-base /home/gargie/service/build/py_srvcli/build install --record /home/gargie/service/build/py_srvcli/install.log --single-version-externally-managed install_data
[6.094s] running egg_info
[6.097s] writing ../../build/py_srvcli/py_srvcli.egg-info/PKG-INFO
[6.098s] writing dependency_links to ../../build/py_srvcli/py_srvcli.egg-info/dependency_links.txt
[6.099s] writing entry points to ../../build/py_srvcli/py_srvcli.egg-info/entry_points.txt
[6.101s] writing requirements to ../../build/py_srvcli/py_srvcli.egg-info/requires.txt
[6.102s] writing top-level names to ../../build/py_srvcli/py_srvcli.egg-info/top_level.txt
[6.109s] reading manifest file '../../build/py_srvcli/py_srvcli.egg-info/SOURCES.txt'
[6.111s] adding license file 'LICENSE'
[6.113s] writing manifest file '../../build/py_srvcli/py_srvcli.egg-info/SOURCES.txt'
[6.114s] running build
[6.114s] running build_py
[6.121s] running install
[6.122s] running install_lib
[6.128s] running install_data
[6.129s] running install_egg_info
[6.137s] removing '/home/gargie/service/install/py_srvcli/lib/python3.10/site-packages/py_srvcli-0.0.0-py3.10.egg-info' (and everything under it)
[6.138s] Copying ../../build/py_srvcli/py_srvcli.egg-info to /home/gargie/service/install/py_srvcli/lib/python3.10/site-packages/py_srvcli-0.0.0-py3.10.egg-info
[6.142s] running install_scripts
[6.234s] Installing client script to /home/gargie/service/install/py_srvcli/lib/py_srvcli
[6.235s] Installing service script to /home/gargie/service/install/py_srvcli/lib/py_srvcli
[6.236s] writing list of installed files to '/home/gargie/service/build/py_srvcli/install.log'
[6.376s] Invoked command in '/home/gargie/service/src/py_srvcli' returned '0': PYTHONPATH=/home/gargie/service/build/py_srvcli/prefix_override:/usr/lib/python3/dist-packages/colcon_core/task/python/colcon_distutils_commands:/home/gargie/service/install/py_srvcli/lib/python3.10/site-packages:${PYTHONPATH} /usr/bin/python3 -W ignore:setup.py install is deprecated -W ignore:easy_install command is deprecated setup.py egg_info --egg-base ../../build/py_srvcli build --build-base /home/gargie/service/build/py_srvcli/build install --record /home/gargie/service/build/py_srvcli/install.log --single-version-externally-managed install_data
