[0.532s] DEBUG:colcon:Command line arguments: ['/usr/bin/colcon', 'build']
[0.533s] DEBUG:colcon:Parsed command line arguments: Namespace(log_base=None, log_level=None, verb_name='build', build_base='build', install_base='install', merge_install=False, symlink_install=False, test_result_base=None, continue_on_error=False, executor='parallel', parallel_workers=4, event_handlers=None, ignore_user_meta=False, metas=['./colcon.meta'], base_paths=['.'], packages_ignore=None, packages_ignore_regex=None, paths=None, packages_up_to=None, packages_up_to_regex=None, packages_above=None, packages_above_and_dependencies=None, packages_above_depth=None, packages_select_by_dep=None, packages_skip_by_dep=None, packages_skip_up_to=None, packages_select_build_failed=False, packages_skip_build_finished=False, packages_select_test_failures=False, packages_skip_test_passed=False, packages_select=None, packages_skip=None, packages_select_regex=None, packages_skip_regex=None, packages_start=None, packages_end=None, allow_overriding=[], cmake_args=None, cmake_target=None, cmake_target_skip_unavailable=False, cmake_clean_cache=False, cmake_clean_first=False, cmake_force_configure=False, ament_cmake_args=None, catkin_cmake_args=None, catkin_skip_building_tests=False, mixin_files=None, mixin=None, verb_parser=<colcon_mixin.mixin.mixin_argument.MixinArgumentDecorator object at 0x79b1c1366b90>, verb_extension=<colcon_core.verb.build.BuildVerb object at 0x79b1c13666e0>, main=<bound method BuildVerb.main of <colcon_core.verb.build.BuildVerb object at 0x79b1c13666e0>>, mixin_verb=('build',))
[1.385s] Level 1:colcon.colcon_core.package_discovery:discover_packages(colcon_meta) check parameters
[1.385s] Level 1:colcon.colcon_core.package_discovery:discover_packages(recursive) check parameters
[1.386s] Level 1:colcon.colcon_core.package_discovery:discover_packages(ignore) check parameters
[1.386s] Level 1:colcon.colcon_core.package_discovery:discover_packages(path) check parameters
[1.386s] Level 1:colcon.colcon_core.package_discovery:discover_packages(colcon_meta) discover
[1.386s] Level 1:colcon.colcon_core.package_discovery:discover_packages(recursive) discover
[1.386s] INFO:colcon.colcon_core.package_discovery:Crawling recursively for packages in '/home/gargie/service'
[1.387s] Level 1:colcon.colcon_core.package_identification:_identify(.) by extensions ['ignore', 'ignore_ament_install']
[1.387s] Level 1:colcon.colcon_core.package_identification:_identify(.) by extension 'ignore'
[1.387s] Level 1:colcon.colcon_core.package_identification:_identify(.) by extension 'ignore_ament_install'
[1.388s] Level 1:colcon.colcon_core.package_identification:_identify(.) by extensions ['colcon_pkg']
[1.388s] Level 1:colcon.colcon_core.package_identification:_identify(.) by extension 'colcon_pkg'
[1.388s] Level 1:colcon.colcon_core.package_identification:_identify(.) by extensions ['colcon_meta']
[1.388s] Level 1:colcon.colcon_core.package_identification:_identify(.) by extension 'colcon_meta'
[1.388s] Level 1:colcon.colcon_core.package_identification:_identify(.) by extensions ['ros']
[1.388s] Level 1:colcon.colcon_core.package_identification:_identify(.) by extension 'ros'
[1.439s] Level 1:colcon.colcon_core.package_identification:_identify(.) by extensions ['cmake', 'python']
[1.439s] Level 1:colcon.colcon_core.package_identification:_identify(.) by extension 'cmake'
[1.439s] Level 1:colcon.colcon_core.package_identification:_identify(.) by extension 'python'
[1.439s] Level 1:colcon.colcon_core.package_identification:_identify(.) by extensions ['python_setup_py']
[1.439s] Level 1:colcon.colcon_core.package_identification:_identify(.) by extension 'python_setup_py'
[1.440s] Level 1:colcon.colcon_core.package_identification:_identify(build) by extensions ['ignore', 'ignore_ament_install']
[1.440s] Level 1:colcon.colcon_core.package_identification:_identify(build) by extension 'ignore'
[1.441s] Level 1:colcon.colcon_core.package_identification:_identify(build) ignored
[1.441s] Level 1:colcon.colcon_core.package_identification:_identify(install) by extensions ['ignore', 'ignore_ament_install']
[1.442s] Level 1:colcon.colcon_core.package_identification:_identify(install) by extension 'ignore'
[1.442s] Level 1:colcon.colcon_core.package_identification:_identify(install) ignored
[1.442s] Level 1:colcon.colcon_core.package_identification:_identify(log) by extensions ['ignore', 'ignore_ament_install']
[1.443s] Level 1:colcon.colcon_core.package_identification:_identify(log) by extension 'ignore'
[1.443s] Level 1:colcon.colcon_core.package_identification:_identify(log) ignored
[1.443s] Level 1:colcon.colcon_core.package_identification:_identify(src) by extensions ['ignore', 'ignore_ament_install']
[1.444s] Level 1:colcon.colcon_core.package_identification:_identify(src) by extension 'ignore'
[1.444s] Level 1:colcon.colcon_core.package_identification:_identify(src) by extension 'ignore_ament_install'
[1.444s] Level 1:colcon.colcon_core.package_identification:_identify(src) by extensions ['colcon_pkg']
[1.444s] Level 1:colcon.colcon_core.package_identification:_identify(src) by extension 'colcon_pkg'
[1.444s] Level 1:colcon.colcon_core.package_identification:_identify(src) by extensions ['colcon_meta']
[1.445s] Level 1:colcon.colcon_core.package_identification:_identify(src) by extension 'colcon_meta'
[1.445s] Level 1:colcon.colcon_core.package_identification:_identify(src) by extensions ['ros']
[1.445s] Level 1:colcon.colcon_core.package_identification:_identify(src) by extension 'ros'
[1.445s] Level 1:colcon.colcon_core.package_identification:_identify(src) by extensions ['cmake', 'python']
[1.445s] Level 1:colcon.colcon_core.package_identification:_identify(src) by extension 'cmake'
[1.446s] Level 1:colcon.colcon_core.package_identification:_identify(src) by extension 'python'
[1.446s] Level 1:colcon.colcon_core.package_identification:_identify(src) by extensions ['python_setup_py']
[1.446s] Level 1:colcon.colcon_core.package_identification:_identify(src) by extension 'python_setup_py'
[1.447s] Level 1:colcon.colcon_core.package_identification:_identify(src/cpp_parameter) by extensions ['ignore', 'ignore_ament_install']
[1.447s] Level 1:colcon.colcon_core.package_identification:_identify(src/cpp_parameter) by extension 'ignore'
[1.447s] Level 1:colcon.colcon_core.package_identification:_identify(src/cpp_parameter) by extension 'ignore_ament_install'
[1.447s] Level 1:colcon.colcon_core.package_identification:_identify(src/cpp_parameter) by extensions ['colcon_pkg']
[1.448s] Level 1:colcon.colcon_core.package_identification:_identify(src/cpp_parameter) by extension 'colcon_pkg'
[1.448s] Level 1:colcon.colcon_core.package_identification:_identify(src/cpp_parameter) by extensions ['colcon_meta']
[1.448s] Level 1:colcon.colcon_core.package_identification:_identify(src/cpp_parameter) by extension 'colcon_meta'
[1.448s] Level 1:colcon.colcon_core.package_identification:_identify(src/cpp_parameter) by extensions ['ros']
[1.448s] Level 1:colcon.colcon_core.package_identification:_identify(src/cpp_parameter) by extension 'ros'
[1.459s] DEBUG:colcon.colcon_core.package_identification:Package 'src/cpp_parameter' with type 'ros.ament_cmake' and name 'cpp_parameter'
[1.459s] Level 1:colcon.colcon_core.package_identification:_identify(src/cpp_srvcli) by extensions ['ignore', 'ignore_ament_install']
[1.460s] Level 1:colcon.colcon_core.package_identification:_identify(src/cpp_srvcli) by extension 'ignore'
[1.460s] Level 1:colcon.colcon_core.package_identification:_identify(src/cpp_srvcli) by extension 'ignore_ament_install'
[1.460s] Level 1:colcon.colcon_core.package_identification:_identify(src/cpp_srvcli) by extensions ['colcon_pkg']
[1.460s] Level 1:colcon.colcon_core.package_identification:_identify(src/cpp_srvcli) by extension 'colcon_pkg'
[1.460s] Level 1:colcon.colcon_core.package_identification:_identify(src/cpp_srvcli) by extensions ['colcon_meta']
[1.461s] Level 1:colcon.colcon_core.package_identification:_identify(src/cpp_srvcli) by extension 'colcon_meta'
[1.461s] Level 1:colcon.colcon_core.package_identification:_identify(src/cpp_srvcli) by extensions ['ros']
[1.461s] Level 1:colcon.colcon_core.package_identification:_identify(src/cpp_srvcli) by extension 'ros'
[1.464s] DEBUG:colcon.colcon_core.package_identification:Package 'src/cpp_srvcli' with type 'ros.ament_cmake' and name 'cpp_srvcli'
[1.464s] Level 1:colcon.colcon_core.package_identification:_identify(src/py_parameter) by extensions ['ignore', 'ignore_ament_install']
[1.465s] Level 1:colcon.colcon_core.package_identification:_identify(src/py_parameter) by extension 'ignore'
[1.465s] Level 1:colcon.colcon_core.package_identification:_identify(src/py_parameter) by extension 'ignore_ament_install'
[1.465s] Level 1:colcon.colcon_core.package_identification:_identify(src/py_parameter) by extensions ['colcon_pkg']
[1.466s] Level 1:colcon.colcon_core.package_identification:_identify(src/py_parameter) by extension 'colcon_pkg'
[1.466s] Level 1:colcon.colcon_core.package_identification:_identify(src/py_parameter) by extensions ['colcon_meta']
[1.466s] Level 1:colcon.colcon_core.package_identification:_identify(src/py_parameter) by extension 'colcon_meta'
[1.466s] Level 1:colcon.colcon_core.package_identification:_identify(src/py_parameter) by extensions ['ros']
[1.466s] Level 1:colcon.colcon_core.package_identification:_identify(src/py_parameter) by extension 'ros'
[1.469s] DEBUG:colcon.colcon_core.package_identification:Package 'src/py_parameter' with type 'ros.ament_python' and name 'py_parameter'
[1.469s] Level 1:colcon.colcon_core.package_identification:_identify(src/py_srvcli) by extensions ['ignore', 'ignore_ament_install']
[1.470s] Level 1:colcon.colcon_core.package_identification:_identify(src/py_srvcli) by extension 'ignore'
[1.470s] Level 1:colcon.colcon_core.package_identification:_identify(src/py_srvcli) by extension 'ignore_ament_install'
[1.470s] Level 1:colcon.colcon_core.package_identification:_identify(src/py_srvcli) by extensions ['colcon_pkg']
[1.470s] Level 1:colcon.colcon_core.package_identification:_identify(src/py_srvcli) by extension 'colcon_pkg'
[1.470s] Level 1:colcon.colcon_core.package_identification:_identify(src/py_srvcli) by extensions ['colcon_meta']
[1.471s] Level 1:colcon.colcon_core.package_identification:_identify(src/py_srvcli) by extension 'colcon_meta'
[1.471s] Level 1:colcon.colcon_core.package_identification:_identify(src/py_srvcli) by extensions ['ros']
[1.471s] Level 1:colcon.colcon_core.package_identification:_identify(src/py_srvcli) by extension 'ros'
[1.474s] DEBUG:colcon.colcon_core.package_identification:Package 'src/py_srvcli' with type 'ros.ament_python' and name 'py_srvcli'
[1.474s] Level 1:colcon.colcon_core.package_identification:_identify(src/tutorial_interface) by extensions ['ignore', 'ignore_ament_install']
[1.475s] Level 1:colcon.colcon_core.package_identification:_identify(src/tutorial_interface) by extension 'ignore'
[1.475s] Level 1:colcon.colcon_core.package_identification:_identify(src/tutorial_interface) by extension 'ignore_ament_install'
[1.475s] Level 1:colcon.colcon_core.package_identification:_identify(src/tutorial_interface) by extensions ['colcon_pkg']
[1.475s] Level 1:colcon.colcon_core.package_identification:_identify(src/tutorial_interface) by extension 'colcon_pkg'
[1.476s] Level 1:colcon.colcon_core.package_identification:_identify(src/tutorial_interface) by extensions ['colcon_meta']
[1.476s] Level 1:colcon.colcon_core.package_identification:_identify(src/tutorial_interface) by extension 'colcon_meta'
[1.476s] Level 1:colcon.colcon_core.package_identification:_identify(src/tutorial_interface) by extensions ['ros']
[1.476s] Level 1:colcon.colcon_core.package_identification:_identify(src/tutorial_interface) by extension 'ros'
[1.479s] DEBUG:colcon.colcon_core.package_identification:Package 'src/tutorial_interface' with type 'ros.ament_cmake' and name 'tutorial_interface'
[1.479s] Level 1:colcon.colcon_core.package_discovery:discover_packages(recursive) using defaults
[1.480s] Level 1:colcon.colcon_core.package_discovery:discover_packages(ignore) discover
[1.480s] Level 1:colcon.colcon_core.package_discovery:discover_packages(ignore) using defaults
[1.480s] Level 1:colcon.colcon_core.package_discovery:discover_packages(path) discover
[1.480s] Level 1:colcon.colcon_core.package_discovery:discover_packages(path) using defaults
[1.615s] Level 1:colcon.colcon_core.package_discovery:discover_packages(prefix_path) check parameters
[1.616s] Level 1:colcon.colcon_core.package_discovery:discover_packages(prefix_path) discover
[1.626s] DEBUG:colcon.colcon_installed_package_information.package_discovery:Found 5 installed packages in /home/gargie/service/install
[1.628s] DEBUG:colcon.colcon_installed_package_information.package_discovery:Found 1 installed packages in /home/gargie/project/install
[1.630s] DEBUG:colcon.colcon_installed_package_information.package_discovery:Found 2 installed packages in /home/gargie/key_ws/install
[1.632s] DEBUG:colcon.colcon_installed_package_information.package_discovery:Found 1 installed packages in /home/gargie/chem_ws/install
[1.640s] DEBUG:colcon.colcon_installed_package_information.package_discovery:Found 295 installed packages in /opt/ros/humble
[1.650s] Level 1:colcon.colcon_core.package_discovery:discover_packages(prefix_path) using defaults
[1.861s] Level 5:colcon.colcon_core.verb:set package 'cpp_parameter' build argument 'cmake_args' from command line to 'None'
[1.862s] Level 5:colcon.colcon_core.verb:set package 'cpp_parameter' build argument 'cmake_target' from command line to 'None'
[1.862s] Level 5:colcon.colcon_core.verb:set package 'cpp_parameter' build argument 'cmake_target_skip_unavailable' from command line to 'False'
[1.862s] Level 5:colcon.colcon_core.verb:set package 'cpp_parameter' build argument 'cmake_clean_cache' from command line to 'False'
[1.862s] Level 5:colcon.colcon_core.verb:set package 'cpp_parameter' build argument 'cmake_clean_first' from command line to 'False'
[1.862s] Level 5:colcon.colcon_core.verb:set package 'cpp_parameter' build argument 'cmake_force_configure' from command line to 'False'
[1.862s] Level 5:colcon.colcon_core.verb:set package 'cpp_parameter' build argument 'ament_cmake_args' from command line to 'None'
[1.862s] Level 5:colcon.colcon_core.verb:set package 'cpp_parameter' build argument 'catkin_cmake_args' from command line to 'None'
[1.862s] Level 5:colcon.colcon_core.verb:set package 'cpp_parameter' build argument 'catkin_skip_building_tests' from command line to 'False'
[1.863s] DEBUG:colcon.colcon_core.verb:Building package 'cpp_parameter' with the following arguments: {'ament_cmake_args': None, 'build_base': '/home/gargie/service/build/cpp_parameter', 'catkin_cmake_args': None, 'catkin_skip_building_tests': False, 'cmake_args': None, 'cmake_clean_cache': False, 'cmake_clean_first': False, 'cmake_force_configure': False, 'cmake_target': None, 'cmake_target_skip_unavailable': False, 'install_base': '/home/gargie/service/install/cpp_parameter', 'merge_install': False, 'path': '/home/gargie/service/src/cpp_parameter', 'symlink_install': False, 'test_result_base': None}
[1.865s] Level 5:colcon.colcon_core.verb:set package 'py_parameter' build argument 'cmake_args' from command line to 'None'
[1.865s] Level 5:colcon.colcon_core.verb:set package 'py_parameter' build argument 'cmake_target' from command line to 'None'
[1.865s] Level 5:colcon.colcon_core.verb:set package 'py_parameter' build argument 'cmake_target_skip_unavailable' from command line to 'False'
[1.865s] Level 5:colcon.colcon_core.verb:set package 'py_parameter' build argument 'cmake_clean_cache' from command line to 'False'
[1.865s] Level 5:colcon.colcon_core.verb:set package 'py_parameter' build argument 'cmake_clean_first' from command line to 'False'
[1.865s] Level 5:colcon.colcon_core.verb:set package 'py_parameter' build argument 'cmake_force_configure' from command line to 'False'
[1.865s] Level 5:colcon.colcon_core.verb:set package 'py_parameter' build argument 'ament_cmake_args' from command line to 'None'
[1.866s] Level 5:colcon.colcon_core.verb:set package 'py_parameter' build argument 'catkin_cmake_args' from command line to 'None'
[1.866s] Level 5:colcon.colcon_core.verb:set package 'py_parameter' build argument 'catkin_skip_building_tests' from command line to 'False'
[1.866s] DEBUG:colcon.colcon_core.verb:Building package 'py_parameter' with the following arguments: {'ament_cmake_args': None, 'build_base': '/home/gargie/service/build/py_parameter', 'catkin_cmake_args': None, 'catkin_skip_building_tests': False, 'cmake_args': None, 'cmake_clean_cache': False, 'cmake_clean_first': False, 'cmake_force_configure': False, 'cmake_target': None, 'cmake_target_skip_unavailable': False, 'install_base': '/home/gargie/service/install/py_parameter', 'merge_install': False, 'path': '/home/gargie/service/src/py_parameter', 'symlink_install': False, 'test_result_base': None}
[1.868s] Level 5:colcon.colcon_core.verb:set package 'py_srvcli' build argument 'cmake_args' from command line to 'None'
[1.868s] Level 5:colcon.colcon_core.verb:set package 'py_srvcli' build argument 'cmake_target' from command line to 'None'
[1.868s] Level 5:colcon.colcon_core.verb:set package 'py_srvcli' build argument 'cmake_target_skip_unavailable' from command line to 'False'
[1.868s] Level 5:colcon.colcon_core.verb:set package 'py_srvcli' build argument 'cmake_clean_cache' from command line to 'False'
[1.868s] Level 5:colcon.colcon_core.verb:set package 'py_srvcli' build argument 'cmake_clean_first' from command line to 'False'
[1.868s] Level 5:colcon.colcon_core.verb:set package 'py_srvcli' build argument 'cmake_force_configure' from command line to 'False'
[1.869s] Level 5:colcon.colcon_core.verb:set package 'py_srvcli' build argument 'ament_cmake_args' from command line to 'None'
[1.869s] Level 5:colcon.colcon_core.verb:set package 'py_srvcli' build argument 'catkin_cmake_args' from command line to 'None'
[1.869s] Level 5:colcon.colcon_core.verb:set package 'py_srvcli' build argument 'catkin_skip_building_tests' from command line to 'False'
[1.869s] DEBUG:colcon.colcon_core.verb:Building package 'py_srvcli' with the following arguments: {'ament_cmake_args': None, 'build_base': '/home/gargie/service/build/py_srvcli', 'catkin_cmake_args': None, 'catkin_skip_building_tests': False, 'cmake_args': None, 'cmake_clean_cache': False, 'cmake_clean_first': False, 'cmake_force_configure': False, 'cmake_target': None, 'cmake_target_skip_unavailable': False, 'install_base': '/home/gargie/service/install/py_srvcli', 'merge_install': False, 'path': '/home/gargie/service/src/py_srvcli', 'symlink_install': False, 'test_result_base': None}
[1.871s] Level 5:colcon.colcon_core.verb:set package 'tutorial_interface' build argument 'cmake_args' from command line to 'None'
[1.871s] Level 5:colcon.colcon_core.verb:set package 'tutorial_interface' build argument 'cmake_target' from command line to 'None'
[1.871s] Level 5:colcon.colcon_core.verb:set package 'tutorial_interface' build argument 'cmake_target_skip_unavailable' from command line to 'False'
[1.871s] Level 5:colcon.colcon_core.verb:set package 'tutorial_interface' build argument 'cmake_clean_cache' from command line to 'False'
[1.871s] Level 5:colcon.colcon_core.verb:set package 'tutorial_interface' build argument 'cmake_clean_first' from command line to 'False'
[1.871s] Level 5:colcon.colcon_core.verb:set package 'tutorial_interface' build argument 'cmake_force_configure' from command line to 'False'
[1.872s] Level 5:colcon.colcon_core.verb:set package 'tutorial_interface' build argument 'ament_cmake_args' from command line to 'None'
[1.872s] Level 5:colcon.colcon_core.verb:set package 'tutorial_interface' build argument 'catkin_cmake_args' from command line to 'None'
[1.872s] Level 5:colcon.colcon_core.verb:set package 'tutorial_interface' build argument 'catkin_skip_building_tests' from command line to 'False'
[1.872s] DEBUG:colcon.colcon_core.verb:Building package 'tutorial_interface' with the following arguments: {'ament_cmake_args': None, 'build_base': '/home/gargie/service/build/tutorial_interface', 'catkin_cmake_args': None, 'catkin_skip_building_tests': False, 'cmake_args': None, 'cmake_clean_cache': False, 'cmake_clean_first': False, 'cmake_force_configure': False, 'cmake_target': None, 'cmake_target_skip_unavailable': False, 'install_base': '/home/gargie/service/install/tutorial_interface', 'merge_install': False, 'path': '/home/gargie/service/src/tutorial_interface', 'symlink_install': False, 'test_result_base': None}
[1.874s] Level 5:colcon.colcon_core.verb:set package 'cpp_srvcli' build argument 'cmake_args' from command line to 'None'
[1.874s] Level 5:colcon.colcon_core.verb:set package 'cpp_srvcli' build argument 'cmake_target' from command line to 'None'
[1.874s] Level 5:colcon.colcon_core.verb:set package 'cpp_srvcli' build argument 'cmake_target_skip_unavailable' from command line to 'False'
[1.874s] Level 5:colcon.colcon_core.verb:set package 'cpp_srvcli' build argument 'cmake_clean_cache' from command line to 'False'
[1.874s] Level 5:colcon.colcon_core.verb:set package 'cpp_srvcli' build argument 'cmake_clean_first' from command line to 'False'
[1.875s] Level 5:colcon.colcon_core.verb:set package 'cpp_srvcli' build argument 'cmake_force_configure' from command line to 'False'
[1.875s] Level 5:colcon.colcon_core.verb:set package 'cpp_srvcli' build argument 'ament_cmake_args' from command line to 'None'
[1.875s] Level 5:colcon.colcon_core.verb:set package 'cpp_srvcli' build argument 'catkin_cmake_args' from command line to 'None'
[1.875s] Level 5:colcon.colcon_core.verb:set package 'cpp_srvcli' build argument 'catkin_skip_building_tests' from command line to 'False'
[1.875s] DEBUG:colcon.colcon_core.verb:Building package 'cpp_srvcli' with the following arguments: {'ament_cmake_args': None, 'build_base': '/home/gargie/service/build/cpp_srvcli', 'catkin_cmake_args': None, 'catkin_skip_building_tests': False, 'cmake_args': None, 'cmake_clean_cache': False, 'cmake_clean_first': False, 'cmake_force_configure': False, 'cmake_target': None, 'cmake_target_skip_unavailable': False, 'install_base': '/home/gargie/service/install/cpp_srvcli', 'merge_install': False, 'path': '/home/gargie/service/src/cpp_srvcli', 'symlink_install': False, 'test_result_base': None}
[1.876s] INFO:colcon.colcon_core.executor:Executing jobs using 'parallel' executor
[1.880s] DEBUG:colcon.colcon_parallel_executor.executor.parallel:run_until_complete
[1.882s] INFO:colcon.colcon_ros.task.ament_cmake.build:Building ROS package in '/home/gargie/service/src/tutorial_interface' with build type 'ament_cmake'
[1.882s] INFO:colcon.colcon_cmake.task.cmake.build:Building CMake package in '/home/gargie/service/src/tutorial_interface'
[1.893s] INFO:colcon.colcon_core.plugin_system:Skipping extension 'colcon_core.shell.bat': Not used on non-Windows systems
[1.894s] INFO:colcon.colcon_core.shell:Skip shell extension 'powershell' for command environment: Not usable outside of PowerShell
[1.894s] DEBUG:colcon.colcon_core.shell:Skip shell extension 'dsv' for command environment
[1.919s] INFO:colcon.colcon_ros.task.ament_cmake.build:Building ROS package in '/home/gargie/service/src/cpp_parameter' with build type 'ament_cmake'
[1.920s] INFO:colcon.colcon_cmake.task.cmake.build:Building CMake package in '/home/gargie/service/src/cpp_parameter'
[1.921s] INFO:colcon.colcon_core.shell:Skip shell extension 'powershell' for command environment: Not usable outside of PowerShell
[1.922s] DEBUG:colcon.colcon_core.shell:Skip shell extension 'dsv' for command environment
[1.947s] INFO:colcon.colcon_ros.task.ament_python.build:Building ROS package in '/home/gargie/service/src/py_parameter' with build type 'ament_python'
[1.948s] Level 1:colcon.colcon_core.shell:create_environment_hook('py_parameter', 'ament_prefix_path')
[1.952s] INFO:colcon.colcon_core.shell:Creating environment hook '/home/gargie/service/install/py_parameter/share/py_parameter/hook/ament_prefix_path.ps1'
[1.955s] INFO:colcon.colcon_core.shell:Creating environment descriptor '/home/gargie/service/install/py_parameter/share/py_parameter/hook/ament_prefix_path.dsv'
[1.958s] INFO:colcon.colcon_core.shell:Creating environment hook '/home/gargie/service/install/py_parameter/share/py_parameter/hook/ament_prefix_path.sh'
[1.962s] INFO:colcon.colcon_core.shell:Skip shell extension 'powershell' for command environment: Not usable outside of PowerShell
[1.962s] DEBUG:colcon.colcon_core.shell:Skip shell extension 'dsv' for command environment
[1.988s] INFO:colcon.colcon_ros.task.ament_python.build:Building ROS package in '/home/gargie/service/src/py_srvcli' with build type 'ament_python'
[1.989s] Level 1:colcon.colcon_core.shell:create_environment_hook('py_srvcli', 'ament_prefix_path')
[1.991s] INFO:colcon.colcon_core.shell:Creating environment hook '/home/gargie/service/install/py_srvcli/share/py_srvcli/hook/ament_prefix_path.ps1'
[1.994s] INFO:colcon.colcon_core.shell:Creating environment descriptor '/home/gargie/service/install/py_srvcli/share/py_srvcli/hook/ament_prefix_path.dsv'
[1.996s] INFO:colcon.colcon_core.shell:Creating environment hook '/home/gargie/service/install/py_srvcli/share/py_srvcli/hook/ament_prefix_path.sh'
[1.999s] INFO:colcon.colcon_core.shell:Skip shell extension 'powershell' for command environment: Not usable outside of PowerShell
[1.999s] DEBUG:colcon.colcon_core.shell:Skip shell extension 'dsv' for command environment
[2.052s] DEBUG:colcon.colcon_core.event_handler.log_command:Invoking command in '/home/gargie/service/build/tutorial_interface': CMAKE_PREFIX_PATH=${CMAKE_PREFIX_PATH}:/home/gargie/service/install/py_parameter:/home/gargie/service/install/py_srvcli:/home/gargie/key_ws/install/key1_pkg:/opt/ros/humble /usr/bin/cmake --build /home/gargie/service/build/tutorial_interface -- -j4 -l4
[2.066s] DEBUG:colcon.colcon_core.event_handler.log_command:Invoking command in '/home/gargie/service/build/cpp_parameter': CMAKE_PREFIX_PATH=${CMAKE_PREFIX_PATH}:/home/gargie/service/install/py_parameter:/home/gargie/service/install/py_srvcli:/home/gargie/key_ws/install/key1_pkg:/opt/ros/humble /usr/bin/cmake --build /home/gargie/service/build/cpp_parameter -- -j4 -l4
[3.626s] INFO:colcon.colcon_core.task.python.build:Building Python package in '/home/gargie/service/src/py_parameter'
[3.628s] INFO:colcon.colcon_core.shell:Skip shell extension 'powershell' for command environment: Not usable outside of PowerShell
[3.628s] DEBUG:colcon.colcon_core.shell:Skip shell extension 'dsv' for command environment
[4.960s] INFO:colcon.colcon_core.task.python.build:Building Python package in '/home/gargie/service/src/py_srvcli'
[4.961s] INFO:colcon.colcon_core.shell:Skip shell extension 'powershell' for command environment: Not usable outside of PowerShell
[4.961s] DEBUG:colcon.colcon_core.shell:Skip shell extension 'dsv' for command environment
[4.993s] DEBUG:colcon.colcon_core.event_handler.log_command:Invoked command in '/home/gargie/service/build/cpp_parameter' returned '0': CMAKE_PREFIX_PATH=${CMAKE_PREFIX_PATH}:/home/gargie/service/install/py_parameter:/home/gargie/service/install/py_srvcli:/home/gargie/key_ws/install/key1_pkg:/opt/ros/humble /usr/bin/cmake --build /home/gargie/service/build/cpp_parameter -- -j4 -l4
[5.035s] DEBUG:colcon.colcon_core.event_handler.log_command:Invoking command in '/home/gargie/service/build/cpp_parameter': CMAKE_PREFIX_PATH=${CMAKE_PREFIX_PATH}:/home/gargie/service/install/py_parameter:/home/gargie/service/install/py_srvcli:/home/gargie/key_ws/install/key1_pkg:/opt/ros/humble /usr/bin/cmake --install /home/gargie/service/build/cpp_parameter
[5.052s] DEBUG:colcon.colcon_core.event_handler.log_command:Invoked command in '/home/gargie/service/build/tutorial_interface' returned '0': CMAKE_PREFIX_PATH=${CMAKE_PREFIX_PATH}:/home/gargie/service/install/py_parameter:/home/gargie/service/install/py_srvcli:/home/gargie/key_ws/install/key1_pkg:/opt/ros/humble /usr/bin/cmake --build /home/gargie/service/build/tutorial_interface -- -j4 -l4
[5.064s] DEBUG:colcon.colcon_core.event_handler.log_command:Invoking command in '/home/gargie/service/build/tutorial_interface': CMAKE_PREFIX_PATH=${CMAKE_PREFIX_PATH}:/home/gargie/service/install/py_parameter:/home/gargie/service/install/py_srvcli:/home/gargie/key_ws/install/key1_pkg:/opt/ros/humble /usr/bin/cmake --install /home/gargie/service/build/tutorial_interface
[5.089s] Level 1:colcon.colcon_core.environment:create_environment_scripts_only(cpp_parameter)
[5.104s] DEBUG:colcon.colcon_core.event_handler.log_command:Invoked command in '/home/gargie/service/build/cpp_parameter' returned '0': CMAKE_PREFIX_PATH=${CMAKE_PREFIX_PATH}:/home/gargie/service/install/py_parameter:/home/gargie/service/install/py_srvcli:/home/gargie/key_ws/install/key1_pkg:/opt/ros/humble /usr/bin/cmake --install /home/gargie/service/build/cpp_parameter
[5.120s] Level 1:colcon.colcon_core.environment:checking '/home/gargie/service/install/cpp_parameter' for CMake module files
[5.131s] Level 1:colcon.colcon_core.environment:checking '/home/gargie/service/install/cpp_parameter' for CMake config files
[5.137s] Level 1:colcon.colcon_core.shell:create_environment_hook('cpp_parameter', 'cmake_prefix_path')
[5.139s] INFO:colcon.colcon_core.shell:Creating environment hook '/home/gargie/service/install/cpp_parameter/share/cpp_parameter/hook/cmake_prefix_path.ps1'
[5.143s] INFO:colcon.colcon_core.shell:Creating environment descriptor '/home/gargie/service/install/cpp_parameter/share/cpp_parameter/hook/cmake_prefix_path.dsv'
[5.149s] INFO:colcon.colcon_core.shell:Creating environment hook '/home/gargie/service/install/cpp_parameter/share/cpp_parameter/hook/cmake_prefix_path.sh'
[5.162s] Level 1:colcon.colcon_core.environment:checking '/home/gargie/service/install/cpp_parameter/lib'
[5.163s] Level 1:colcon.colcon_core.environment:checking '/home/gargie/service/install/cpp_parameter/bin'
[5.164s] Level 1:colcon.colcon_core.environment:checking '/home/gargie/service/install/cpp_parameter/lib/pkgconfig/cpp_parameter.pc'
[5.165s] Level 1:colcon.colcon_core.environment:checking '/home/gargie/service/install/cpp_parameter/lib/python3.10/site-packages'
[5.170s] Level 1:colcon.colcon_core.environment:checking '/home/gargie/service/install/cpp_parameter/bin'
[5.172s] INFO:colcon.colcon_core.shell:Creating package script '/home/gargie/service/install/cpp_parameter/share/cpp_parameter/package.ps1'
[5.179s] INFO:colcon.colcon_core.shell:Creating package descriptor '/home/gargie/service/install/cpp_parameter/share/cpp_parameter/package.dsv'
[5.185s] INFO:colcon.colcon_core.shell:Creating package script '/home/gargie/service/install/cpp_parameter/share/cpp_parameter/package.sh'
[5.194s] INFO:colcon.colcon_core.shell:Creating package script '/home/gargie/service/install/cpp_parameter/share/cpp_parameter/package.bash'
[5.202s] INFO:colcon.colcon_core.shell:Creating package script '/home/gargie/service/install/cpp_parameter/share/cpp_parameter/package.zsh'
[5.210s] Level 1:colcon.colcon_core.environment:create_file_with_runtime_dependencies(/home/gargie/service/install/cpp_parameter/share/colcon-core/packages/cpp_parameter)
[5.216s] Level 1:colcon.colcon_core.environment:create_environment_scripts_only(cpp_parameter)
[5.221s] Level 1:colcon.colcon_core.environment:checking '/home/gargie/service/install/cpp_parameter' for CMake module files
[5.225s] Level 1:colcon.colcon_core.environment:checking '/home/gargie/service/install/cpp_parameter' for CMake config files
[5.231s] Level 1:colcon.colcon_core.shell:create_environment_hook('cpp_parameter', 'cmake_prefix_path')
[5.233s] INFO:colcon.colcon_core.shell:Creating environment hook '/home/gargie/service/install/cpp_parameter/share/cpp_parameter/hook/cmake_prefix_path.ps1'
[5.239s] INFO:colcon.colcon_core.shell:Creating environment descriptor '/home/gargie/service/install/cpp_parameter/share/cpp_parameter/hook/cmake_prefix_path.dsv'
[5.245s] INFO:colcon.colcon_core.shell:Creating environment hook '/home/gargie/service/install/cpp_parameter/share/cpp_parameter/hook/cmake_prefix_path.sh'
[5.257s] Level 1:colcon.colcon_core.environment:checking '/home/gargie/service/install/cpp_parameter/lib'
[5.257s] Level 1:colcon.colcon_core.environment:checking '/home/gargie/service/install/cpp_parameter/bin'
[5.258s] Level 1:colcon.colcon_core.environment:checking '/home/gargie/service/install/cpp_parameter/lib/pkgconfig/cpp_parameter.pc'
[5.262s] Level 1:colcon.colcon_core.environment:checking '/home/gargie/service/install/cpp_parameter/lib/python3.10/site-packages'
[5.263s] Level 1:colcon.colcon_core.environment:checking '/home/gargie/service/install/cpp_parameter/bin'
[5.269s] INFO:colcon.colcon_core.shell:Creating package script '/home/gargie/service/install/cpp_parameter/share/cpp_parameter/package.ps1'
[5.272s] INFO:colcon.colcon_core.shell:Creating package descriptor '/home/gargie/service/install/cpp_parameter/share/cpp_parameter/package.dsv'
[5.278s] INFO:colcon.colcon_core.shell:Creating package script '/home/gargie/service/install/cpp_parameter/share/cpp_parameter/package.sh'
[5.282s] INFO:colcon.colcon_core.shell:Creating package script '/home/gargie/service/install/cpp_parameter/share/cpp_parameter/package.bash'
[5.285s] INFO:colcon.colcon_core.shell:Creating package script '/home/gargie/service/install/cpp_parameter/share/cpp_parameter/package.zsh'
[5.288s] Level 1:colcon.colcon_core.environment:create_file_with_runtime_dependencies(/home/gargie/service/install/cpp_parameter/share/colcon-core/packages/cpp_parameter)
[5.394s] Level 1:colcon.colcon_core.environment:create_environment_scripts_only(tutorial_interface)
[5.395s] Level 1:colcon.colcon_core.environment:checking '/home/gargie/service/install/tutorial_interface' for CMake module files
[5.407s] DEBUG:colcon.colcon_core.event_handler.log_command:Invoked command in '/home/gargie/service/build/tutorial_interface' returned '0': CMAKE_PREFIX_PATH=${CMAKE_PREFIX_PATH}:/home/gargie/service/install/py_parameter:/home/gargie/service/install/py_srvcli:/home/gargie/key_ws/install/key1_pkg:/opt/ros/humble /usr/bin/cmake --install /home/gargie/service/build/tutorial_interface
[5.410s] Level 1:colcon.colcon_core.environment:checking '/home/gargie/service/install/tutorial_interface' for CMake config files
[5.412s] Level 1:colcon.colcon_core.shell:create_environment_hook('tutorial_interface', 'cmake_prefix_path')
[5.414s] INFO:colcon.colcon_core.shell:Creating environment hook '/home/gargie/service/install/tutorial_interface/share/tutorial_interface/hook/cmake_prefix_path.ps1'
[5.417s] INFO:colcon.colcon_core.shell:Creating environment descriptor '/home/gargie/service/install/tutorial_interface/share/tutorial_interface/hook/cmake_prefix_path.dsv'
[5.419s] INFO:colcon.colcon_core.shell:Creating environment hook '/home/gargie/service/install/tutorial_interface/share/tutorial_interface/hook/cmake_prefix_path.sh'
[5.423s] Level 1:colcon.colcon_core.environment:checking '/home/gargie/service/install/tutorial_interface/lib'
[5.425s] Level 1:colcon.colcon_core.shell:create_environment_hook('tutorial_interface', 'ld_library_path_lib')
[5.427s] INFO:colcon.colcon_core.shell:Creating environment hook '/home/gargie/service/install/tutorial_interface/share/tutorial_interface/hook/ld_library_path_lib.ps1'
[5.429s] INFO:colcon.colcon_core.shell:Creating environment descriptor '/home/gargie/service/install/tutorial_interface/share/tutorial_interface/hook/ld_library_path_lib.dsv'
[5.432s] INFO:colcon.colcon_core.shell:Creating environment hook '/home/gargie/service/install/tutorial_interface/share/tutorial_interface/hook/ld_library_path_lib.sh'
[5.434s] Level 1:colcon.colcon_core.environment:checking '/home/gargie/service/install/tutorial_interface/bin'
[5.435s] Level 1:colcon.colcon_core.environment:checking '/home/gargie/service/install/tutorial_interface/lib/pkgconfig/tutorial_interface.pc'
[5.436s] Level 1:colcon.colcon_core.environment:checking '/home/gargie/service/install/tutorial_interface/lib/python3.10/site-packages'
[5.437s] Level 1:colcon.colcon_core.environment:checking '/home/gargie/service/install/tutorial_interface/bin'
[5.439s] INFO:colcon.colcon_core.shell:Creating package script '/home/gargie/service/install/tutorial_interface/share/tutorial_interface/package.ps1'
[5.442s] INFO:colcon.colcon_core.shell:Creating package descriptor '/home/gargie/service/install/tutorial_interface/share/tutorial_interface/package.dsv'
[5.445s] INFO:colcon.colcon_core.shell:Creating package script '/home/gargie/service/install/tutorial_interface/share/tutorial_interface/package.sh'
[5.448s] INFO:colcon.colcon_core.shell:Creating package script '/home/gargie/service/install/tutorial_interface/share/tutorial_interface/package.bash'
[5.451s] INFO:colcon.colcon_core.shell:Creating package script '/home/gargie/service/install/tutorial_interface/share/tutorial_interface/package.zsh'
[5.454s] Level 1:colcon.colcon_core.environment:create_file_with_runtime_dependencies(/home/gargie/service/install/tutorial_interface/share/colcon-core/packages/tutorial_interface)
[5.458s] Level 1:colcon.colcon_core.environment:create_environment_scripts_only(tutorial_interface)
[5.460s] Level 1:colcon.colcon_core.environment:checking '/home/gargie/service/install/tutorial_interface' for CMake module files
[5.464s] Level 1:colcon.colcon_core.environment:checking '/home/gargie/service/install/tutorial_interface' for CMake config files
[5.467s] Level 1:colcon.colcon_core.shell:create_environment_hook('tutorial_interface', 'cmake_prefix_path')
[5.468s] INFO:colcon.colcon_core.shell:Creating environment hook '/home/gargie/service/install/tutorial_interface/share/tutorial_interface/hook/cmake_prefix_path.ps1'
[5.470s] INFO:colcon.colcon_core.shell:Creating environment descriptor '/home/gargie/service/install/tutorial_interface/share/tutorial_interface/hook/cmake_prefix_path.dsv'
[5.472s] INFO:colcon.colcon_core.shell:Creating environment hook '/home/gargie/service/install/tutorial_interface/share/tutorial_interface/hook/cmake_prefix_path.sh'
[5.475s] Level 1:colcon.colcon_core.environment:checking '/home/gargie/service/install/tutorial_interface/lib'
[5.475s] Level 1:colcon.colcon_core.shell:create_environment_hook('tutorial_interface', 'ld_library_path_lib')
[5.477s] INFO:colcon.colcon_core.shell:Creating environment hook '/home/gargie/service/install/tutorial_interface/share/tutorial_interface/hook/ld_library_path_lib.ps1'
[5.479s] INFO:colcon.colcon_core.shell:Creating environment descriptor '/home/gargie/service/install/tutorial_interface/share/tutorial_interface/hook/ld_library_path_lib.dsv'
[5.481s] INFO:colcon.colcon_core.shell:Creating environment hook '/home/gargie/service/install/tutorial_interface/share/tutorial_interface/hook/ld_library_path_lib.sh'
[5.483s] Level 1:colcon.colcon_core.environment:checking '/home/gargie/service/install/tutorial_interface/bin'
[5.484s] Level 1:colcon.colcon_core.environment:checking '/home/gargie/service/install/tutorial_interface/lib/pkgconfig/tutorial_interface.pc'
[5.485s] Level 1:colcon.colcon_core.environment:checking '/home/gargie/service/install/tutorial_interface/lib/python3.10/site-packages'
[5.486s] Level 1:colcon.colcon_core.environment:checking '/home/gargie/service/install/tutorial_interface/bin'
[5.487s] INFO:colcon.colcon_core.shell:Creating package script '/home/gargie/service/install/tutorial_interface/share/tutorial_interface/package.ps1'
[5.490s] INFO:colcon.colcon_core.shell:Creating package descriptor '/home/gargie/service/install/tutorial_interface/share/tutorial_interface/package.dsv'
[5.493s] INFO:colcon.colcon_core.shell:Creating package script '/home/gargie/service/install/tutorial_interface/share/tutorial_interface/package.sh'
[5.496s] INFO:colcon.colcon_core.shell:Creating package script '/home/gargie/service/install/tutorial_interface/share/tutorial_interface/package.bash'
[5.498s] INFO:colcon.colcon_core.shell:Creating package script '/home/gargie/service/install/tutorial_interface/share/tutorial_interface/package.zsh'
[5.501s] Level 1:colcon.colcon_core.environment:create_file_with_runtime_dependencies(/home/gargie/service/install/tutorial_interface/share/colcon-core/packages/tutorial_interface)
[5.503s] INFO:colcon.colcon_ros.task.ament_cmake.build:Building ROS package in '/home/gargie/service/src/cpp_srvcli' with build type 'ament_cmake'
[5.503s] INFO:colcon.colcon_cmake.task.cmake.build:Building CMake package in '/home/gargie/service/src/cpp_srvcli'
[5.504s] INFO:colcon.colcon_core.shell:Skip shell extension 'powershell' for command environment: Not usable outside of PowerShell
[5.505s] DEBUG:colcon.colcon_core.shell:Skip shell extension 'dsv' for command environment
[5.573s] DEBUG:colcon.colcon_core.event_handler.log_command:Invoking command in '/home/gargie/service/build/cpp_srvcli': CMAKE_PREFIX_PATH=/home/gargie/service/install/tutorial_interface:/home/gargie/service/install/cpp_srvcli:/home/gargie/service/install/cpp_parameter:/home/gargie/key_ws/install/key_pkg:/home/gargie/project/install/project_pkg:/home/gargie/service/install/py_parameter:/home/gargie/service/install/py_srvcli:/home/gargie/key_ws/install/key1_pkg:/opt/ros/humble /usr/bin/cmake --build /home/gargie/service/build/cpp_srvcli -- -j4 -l4
[5.848s] DEBUG:colcon.colcon_core.event_handler.log_command:Invoked command in '/home/gargie/service/build/cpp_srvcli' returned '0': CMAKE_PREFIX_PATH=/home/gargie/service/install/tutorial_interface:/home/gargie/service/install/cpp_srvcli:/home/gargie/service/install/cpp_parameter:/home/gargie/key_ws/install/key_pkg:/home/gargie/project/install/project_pkg:/home/gargie/service/install/py_parameter:/home/gargie/service/install/py_srvcli:/home/gargie/key_ws/install/key1_pkg:/opt/ros/humble /usr/bin/cmake --build /home/gargie/service/build/cpp_srvcli -- -j4 -l4
[5.852s] DEBUG:colcon.colcon_core.event_handler.log_command:Invoking command in '/home/gargie/service/build/cpp_srvcli': CMAKE_PREFIX_PATH=/home/gargie/service/install/tutorial_interface:/home/gargie/service/install/cpp_srvcli:/home/gargie/service/install/cpp_parameter:/home/gargie/key_ws/install/key_pkg:/home/gargie/project/install/project_pkg:/home/gargie/service/install/py_parameter:/home/gargie/service/install/py_srvcli:/home/gargie/key_ws/install/key1_pkg:/opt/ros/humble /usr/bin/cmake --install /home/gargie/service/build/cpp_srvcli
[5.915s] Level 1:colcon.colcon_core.environment:create_environment_scripts_only(cpp_srvcli)
[5.917s] Level 1:colcon.colcon_core.environment:checking '/home/gargie/service/install/cpp_srvcli' for CMake module files
[5.918s] DEBUG:colcon.colcon_core.event_handler.log_command:Invoked command in '/home/gargie/service/build/cpp_srvcli' returned '0': CMAKE_PREFIX_PATH=/home/gargie/service/install/tutorial_interface:/home/gargie/service/install/cpp_srvcli:/home/gargie/service/install/cpp_parameter:/home/gargie/key_ws/install/key_pkg:/home/gargie/project/install/project_pkg:/home/gargie/service/install/py_parameter:/home/gargie/service/install/py_srvcli:/home/gargie/key_ws/install/key1_pkg:/opt/ros/humble /usr/bin/cmake --install /home/gargie/service/build/cpp_srvcli
[5.922s] Level 1:colcon.colcon_core.environment:checking '/home/gargie/service/install/cpp_srvcli' for CMake config files
[5.923s] Level 1:colcon.colcon_core.shell:create_environment_hook('cpp_srvcli', 'cmake_prefix_path')
[5.925s] INFO:colcon.colcon_core.shell:Creating environment hook '/home/gargie/service/install/cpp_srvcli/share/cpp_srvcli/hook/cmake_prefix_path.ps1'
[5.927s] INFO:colcon.colcon_core.shell:Creating environment descriptor '/home/gargie/service/install/cpp_srvcli/share/cpp_srvcli/hook/cmake_prefix_path.dsv'
[5.931s] INFO:colcon.colcon_core.shell:Creating environment hook '/home/gargie/service/install/cpp_srvcli/share/cpp_srvcli/hook/cmake_prefix_path.sh'
[5.936s] Level 1:colcon.colcon_core.environment:checking '/home/gargie/service/install/cpp_srvcli/lib'
[5.936s] Level 1:colcon.colcon_core.environment:checking '/home/gargie/service/install/cpp_srvcli/bin'
[5.937s] Level 1:colcon.colcon_core.environment:checking '/home/gargie/service/install/cpp_srvcli/lib/pkgconfig/cpp_srvcli.pc'
[5.938s] Level 1:colcon.colcon_core.environment:checking '/home/gargie/service/install/cpp_srvcli/lib/python3.10/site-packages'
[5.939s] Level 1:colcon.colcon_core.environment:checking '/home/gargie/service/install/cpp_srvcli/bin'
[5.941s] INFO:colcon.colcon_core.shell:Creating package script '/home/gargie/service/install/cpp_srvcli/share/cpp_srvcli/package.ps1'
[5.945s] INFO:colcon.colcon_core.shell:Creating package descriptor '/home/gargie/service/install/cpp_srvcli/share/cpp_srvcli/package.dsv'
[5.947s] INFO:colcon.colcon_core.shell:Creating package script '/home/gargie/service/install/cpp_srvcli/share/cpp_srvcli/package.sh'
[5.950s] INFO:colcon.colcon_core.shell:Creating package script '/home/gargie/service/install/cpp_srvcli/share/cpp_srvcli/package.bash'
[5.952s] INFO:colcon.colcon_core.shell:Creating package script '/home/gargie/service/install/cpp_srvcli/share/cpp_srvcli/package.zsh'
[5.955s] Level 1:colcon.colcon_core.environment:create_file_with_runtime_dependencies(/home/gargie/service/install/cpp_srvcli/share/colcon-core/packages/cpp_srvcli)
[5.958s] Level 1:colcon.colcon_core.environment:create_environment_scripts_only(cpp_srvcli)
[5.966s] Level 1:colcon.colcon_core.environment:checking '/home/gargie/service/install/cpp_srvcli' for CMake module files
[5.969s] Level 1:colcon.colcon_core.environment:checking '/home/gargie/service/install/cpp_srvcli' for CMake config files
[5.971s] Level 1:colcon.colcon_core.shell:create_environment_hook('cpp_srvcli', 'cmake_prefix_path')
[5.972s] INFO:colcon.colcon_core.shell:Creating environment hook '/home/gargie/service/install/cpp_srvcli/share/cpp_srvcli/hook/cmake_prefix_path.ps1'
[5.977s] INFO:colcon.colcon_core.shell:Creating environment descriptor '/home/gargie/service/install/cpp_srvcli/share/cpp_srvcli/hook/cmake_prefix_path.dsv'
[5.979s] INFO:colcon.colcon_core.shell:Creating environment hook '/home/gargie/service/install/cpp_srvcli/share/cpp_srvcli/hook/cmake_prefix_path.sh'
[5.982s] Level 1:colcon.colcon_core.environment:checking '/home/gargie/service/install/cpp_srvcli/lib'
[5.983s] Level 1:colcon.colcon_core.environment:checking '/home/gargie/service/install/cpp_srvcli/bin'
[5.983s] Level 1:colcon.colcon_core.environment:checking '/home/gargie/service/install/cpp_srvcli/lib/pkgconfig/cpp_srvcli.pc'
[5.984s] Level 1:colcon.colcon_core.environment:checking '/home/gargie/service/install/cpp_srvcli/lib/python3.10/site-packages'
[5.986s] Level 1:colcon.colcon_core.environment:checking '/home/gargie/service/install/cpp_srvcli/bin'
[5.987s] INFO:colcon.colcon_core.shell:Creating package script '/home/gargie/service/install/cpp_srvcli/share/cpp_srvcli/package.ps1'
[5.990s] INFO:colcon.colcon_core.shell:Creating package descriptor '/home/gargie/service/install/cpp_srvcli/share/cpp_srvcli/package.dsv'
[5.993s] INFO:colcon.colcon_core.shell:Creating package script '/home/gargie/service/install/cpp_srvcli/share/cpp_srvcli/package.sh'
[5.996s] INFO:colcon.colcon_core.shell:Creating package script '/home/gargie/service/install/cpp_srvcli/share/cpp_srvcli/package.bash'
[5.999s] INFO:colcon.colcon_core.shell:Creating package script '/home/gargie/service/install/cpp_srvcli/share/cpp_srvcli/package.zsh'
[6.002s] Level 1:colcon.colcon_core.environment:create_file_with_runtime_dependencies(/home/gargie/service/install/cpp_srvcli/share/colcon-core/packages/cpp_srvcli)
[6.872s] DEBUG:colcon.colcon_core.event_handler.log_command:Invoking command in '/home/gargie/service/src/py_srvcli': PYTHONPATH=/home/gargie/service/build/py_srvcli/prefix_override:/usr/lib/python3/dist-packages/colcon_core/task/python/colcon_distutils_commands:/home/gargie/service/install/py_srvcli/lib/python3.10/site-packages:${PYTHONPATH} /usr/bin/python3 -W ignore:setup.py install is deprecated -W ignore:easy_install command is deprecated setup.py egg_info --egg-base ../../build/py_srvcli build --build-base /home/gargie/service/build/py_srvcli/build install --record /home/gargie/service/build/py_srvcli/install.log --single-version-externally-managed install_data
[6.933s] DEBUG:colcon.colcon_core.event_handler.log_command:Invoking command in '/home/gargie/service/src/py_parameter': PYTHONPATH=/home/gargie/service/build/py_parameter/prefix_override:/usr/lib/python3/dist-packages/colcon_core/task/python/colcon_distutils_commands:/home/gargie/service/install/py_parameter/lib/python3.10/site-packages:${PYTHONPATH} /usr/bin/python3 -W ignore:setup.py install is deprecated -W ignore:easy_install command is deprecated setup.py egg_info --egg-base ../../build/py_parameter build --build-base /home/gargie/service/build/py_parameter/build install --record /home/gargie/service/build/py_parameter/install.log --single-version-externally-managed install_data
[8.362s] Level 1:colcon.colcon_core.environment:checking '/home/gargie/service/install/py_srvcli' for CMake module files
[8.366s] DEBUG:colcon.colcon_core.event_handler.log_command:Invoked command in '/home/gargie/service/src/py_srvcli' returned '0': PYTHONPATH=/home/gargie/service/build/py_srvcli/prefix_override:/usr/lib/python3/dist-packages/colcon_core/task/python/colcon_distutils_commands:/home/gargie/service/install/py_srvcli/lib/python3.10/site-packages:${PYTHONPATH} /usr/bin/python3 -W ignore:setup.py install is deprecated -W ignore:easy_install command is deprecated setup.py egg_info --egg-base ../../build/py_srvcli build --build-base /home/gargie/service/build/py_srvcli/build install --record /home/gargie/service/build/py_srvcli/install.log --single-version-externally-managed install_data
[8.367s] Level 1:colcon.colcon_core.environment:checking '/home/gargie/service/install/py_srvcli' for CMake config files
[8.370s] Level 1:colcon.colcon_core.environment:checking '/home/gargie/service/install/py_srvcli/lib'
[8.371s] Level 1:colcon.colcon_core.environment:checking '/home/gargie/service/install/py_srvcli/bin'
[8.372s] Level 1:colcon.colcon_core.environment:checking '/home/gargie/service/install/py_srvcli/lib/pkgconfig/py_srvcli.pc'
[8.374s] Level 1:colcon.colcon_core.environment:checking '/home/gargie/service/install/py_srvcli/lib/python3.10/site-packages'
[8.375s] Level 1:colcon.colcon_core.shell:create_environment_hook('py_srvcli', 'pythonpath')
[8.376s] INFO:colcon.colcon_core.shell:Creating environment hook '/home/gargie/service/install/py_srvcli/share/py_srvcli/hook/pythonpath.ps1'
[8.378s] INFO:colcon.colcon_core.shell:Creating environment descriptor '/home/gargie/service/install/py_srvcli/share/py_srvcli/hook/pythonpath.dsv'
[8.380s] INFO:colcon.colcon_core.shell:Creating environment hook '/home/gargie/service/install/py_srvcli/share/py_srvcli/hook/pythonpath.sh'
[8.384s] Level 1:colcon.colcon_core.environment:checking '/home/gargie/service/install/py_srvcli/bin'
[8.384s] Level 1:colcon.colcon_core.environment:create_environment_scripts_only(py_srvcli)
[8.386s] INFO:colcon.colcon_core.shell:Creating package script '/home/gargie/service/install/py_srvcli/share/py_srvcli/package.ps1'
[8.388s] INFO:colcon.colcon_core.shell:Creating package descriptor '/home/gargie/service/install/py_srvcli/share/py_srvcli/package.dsv'
[8.391s] INFO:colcon.colcon_core.shell:Creating package script '/home/gargie/service/install/py_srvcli/share/py_srvcli/package.sh'
[8.394s] INFO:colcon.colcon_core.shell:Creating package script '/home/gargie/service/install/py_srvcli/share/py_srvcli/package.bash'
[8.396s] INFO:colcon.colcon_core.shell:Creating package script '/home/gargie/service/install/py_srvcli/share/py_srvcli/package.zsh'
[8.398s] Level 1:colcon.colcon_core.environment:create_file_with_runtime_dependencies(/home/gargie/service/install/py_srvcli/share/colcon-core/packages/py_srvcli)
[8.449s] Level 1:colcon.colcon_core.environment:checking '/home/gargie/service/install/py_parameter' for CMake module files
[8.453s] DEBUG:colcon.colcon_core.event_handler.log_command:Invoked command in '/home/gargie/service/src/py_parameter' returned '0': PYTHONPATH=/home/gargie/service/build/py_parameter/prefix_override:/usr/lib/python3/dist-packages/colcon_core/task/python/colcon_distutils_commands:/home/gargie/service/install/py_parameter/lib/python3.10/site-packages:${PYTHONPATH} /usr/bin/python3 -W ignore:setup.py install is deprecated -W ignore:easy_install command is deprecated setup.py egg_info --egg-base ../../build/py_parameter build --build-base /home/gargie/service/build/py_parameter/build install --record /home/gargie/service/build/py_parameter/install.log --single-version-externally-managed install_data
[8.455s] Level 1:colcon.colcon_core.environment:checking '/home/gargie/service/install/py_parameter' for CMake config files
[8.457s] Level 1:colcon.colcon_core.environment:checking '/home/gargie/service/install/py_parameter/lib'
[8.458s] Level 1:colcon.colcon_core.environment:checking '/home/gargie/service/install/py_parameter/bin'
[8.458s] Level 1:colcon.colcon_core.environment:checking '/home/gargie/service/install/py_parameter/lib/pkgconfig/py_parameter.pc'
[8.459s] Level 1:colcon.colcon_core.environment:checking '/home/gargie/service/install/py_parameter/lib/python3.10/site-packages'
[8.460s] Level 1:colcon.colcon_core.shell:create_environment_hook('py_parameter', 'pythonpath')
[8.462s] INFO:colcon.colcon_core.shell:Creating environment hook '/home/gargie/service/install/py_parameter/share/py_parameter/hook/pythonpath.ps1'
[8.465s] INFO:colcon.colcon_core.shell:Creating environment descriptor '/home/gargie/service/install/py_parameter/share/py_parameter/hook/pythonpath.dsv'
[8.466s] INFO:colcon.colcon_core.shell:Creating environment hook '/home/gargie/service/install/py_parameter/share/py_parameter/hook/pythonpath.sh'
[8.471s] Level 1:colcon.colcon_core.environment:checking '/home/gargie/service/install/py_parameter/bin'
[8.471s] Level 1:colcon.colcon_core.environment:create_environment_scripts_only(py_parameter)
[8.474s] INFO:colcon.colcon_core.shell:Creating package script '/home/gargie/service/install/py_parameter/share/py_parameter/package.ps1'
[8.478s] INFO:colcon.colcon_core.shell:Creating package descriptor '/home/gargie/service/install/py_parameter/share/py_parameter/package.dsv'
[8.481s] INFO:colcon.colcon_core.shell:Creating package script '/home/gargie/service/install/py_parameter/share/py_parameter/package.sh'
[8.485s] INFO:colcon.colcon_core.shell:Creating package script '/home/gargie/service/install/py_parameter/share/py_parameter/package.bash'
[8.487s] INFO:colcon.colcon_core.shell:Creating package script '/home/gargie/service/install/py_parameter/share/py_parameter/package.zsh'
[8.489s] Level 1:colcon.colcon_core.environment:create_file_with_runtime_dependencies(/home/gargie/service/install/py_parameter/share/colcon-core/packages/py_parameter)
[8.490s] DEBUG:colcon.colcon_parallel_executor.executor.parallel:closing loop
[8.492s] DEBUG:colcon.colcon_parallel_executor.executor.parallel:loop closed
[8.493s] DEBUG:colcon.colcon_parallel_executor.executor.parallel:run_until_complete finished with '0'
[8.493s] DEBUG:colcon.colcon_core.event_reactor:joining thread
[8.528s] INFO:colcon.colcon_core.plugin_system:Skipping extension 'colcon_notification.desktop_notification.terminal_notifier': Not used on non-Darwin systems
[8.528s] INFO:colcon.colcon_core.plugin_system:Skipping extension 'colcon_notification.desktop_notification.win32': Not used on non-Windows systems
[8.529s] INFO:colcon.colcon_notification.desktop_notification:Sending desktop notification using 'notify2'
[8.611s] DEBUG:colcon.colcon_core.event_reactor:joined thread
[8.613s] INFO:colcon.colcon_core.shell:Creating prefix script '/home/gargie/service/install/local_setup.ps1'
[8.618s] INFO:colcon.colcon_core.shell:Creating prefix util module '/home/gargie/service/install/_local_setup_util_ps1.py'
[8.627s] INFO:colcon.colcon_core.shell:Creating prefix chain script '/home/gargie/service/install/setup.ps1'
[8.635s] INFO:colcon.colcon_core.shell:Creating prefix script '/home/gargie/service/install/local_setup.sh'
[8.638s] INFO:colcon.colcon_core.shell:Creating prefix util module '/home/gargie/service/install/_local_setup_util_sh.py'
[8.643s] INFO:colcon.colcon_core.shell:Creating prefix chain script '/home/gargie/service/install/setup.sh'
[8.651s] INFO:colcon.colcon_core.shell:Creating prefix script '/home/gargie/service/install/local_setup.bash'
[8.654s] INFO:colcon.colcon_core.shell:Creating prefix chain script '/home/gargie/service/install/setup.bash'
[8.662s] INFO:colcon.colcon_core.shell:Creating prefix script '/home/gargie/service/install/local_setup.zsh'
[8.665s] INFO:colcon.colcon_core.shell:Creating prefix chain script '/home/gargie/service/install/setup.zsh'
