[35m[1mConsolidate compiler generated dependencies of target parameter[0m
[ 50%] [32mBuilding CXX object CMakeFiles/parameter.dir/src/parameter.cpp.o[0m
In file included from [01m[K/opt/ros/humble/include/rclcpp/rclcpp/logging.hpp:24[m[K,
                 from [01m[K/opt/ros/humble/include/rclcpp/rclcpp/client.hpp:40[m[K,
                 from [01m[K/opt/ros/humble/include/rclcpp/rclcpp/callback_group.hpp:24[m[K,
                 from [01m[K/opt/ros/humble/include/rclcpp/rclcpp/any_executable.hpp:20[m[K,
                 from [01m[K/opt/ros/humble/include/rclcpp/rclcpp/memory_strategy.hpp:25[m[K,
                 from [01m[K/opt/ros/humble/include/rclcpp/rclcpp/memory_strategies.hpp:18[m[K,
                 from [01m[K/opt/ros/humble/include/rclcpp/rclcpp/executor_options.hpp:20[m[K,
                 from [01m[K/opt/ros/humble/include/rclcpp/rclcpp/executor.hpp:37[m[K,
                 from [01m[K/opt/ros/humble/include/rclcpp/rclcpp/executors/multi_threaded_executor.hpp:25[m[K,
                 from [01m[K/opt/ros/humble/include/rclcpp/rclcpp/executors.hpp:21[m[K,
                 from [01m[K/opt/ros/humble/include/rclcpp/rclcpp/rclcpp.hpp:155[m[K,
                 from [01m[K/home/gargie/interfaces/src/cpp_eventhandle/src/parameter.cpp:3[m[K:
[01m[K/home/gargie/interfaces/src/cpp_eventhandle/src/parameter.cpp:[m[K In lambda function:
[01m[K/home/gargie/interfaces/src/cpp_eventhandle/src/parameter.cpp:27:36:[m[K [01;35m[Kwarning: [m[Kunknown escape sequence: '\%'
   27 |     RCLCPP_INFO(this->get_logger(),[01;35m[K"Recieved parameter event from node \%s\""[m[K,
      |                                    [01;35m[K^~~~~~~~~~~~~~~~~~~~~~~~~~~~~~~~~~~~~~~~~~[m[K
[100%] [32m[1mLinking CXX executable parameter[0m
[100%] Built target parameter
-- Install configuration: ""
-- Installing: /home/gargie/interfaces/install/cpp_eventhandle/lib/cpp_eventhandle/parameter
-- Set runtime path of "/home/gargie/interfaces/install/cpp_eventhandle/lib/cpp_eventhandle/parameter" to ""
-- Up-to-date: /home/gargie/interfaces/install/cpp_eventhandle/share/ament_index/resource_index/package_run_dependencies/cpp_eventhandle
-- Up-to-date: /home/gargie/interfaces/install/cpp_eventhandle/share/ament_index/resource_index/parent_prefix_path/cpp_eventhandle
-- Up-to-date: /home/gargie/interfaces/install/cpp_eventhandle/share/cpp_eventhandle/environment/ament_prefix_path.sh
-- Up-to-date: /home/gargie/interfaces/install/cpp_eventhandle/share/cpp_eventhandle/environment/ament_prefix_path.dsv
-- Up-to-date: /home/gargie/interfaces/install/cpp_eventhandle/share/cpp_eventhandle/environment/path.sh
-- Up-to-date: /home/gargie/interfaces/install/cpp_eventhandle/share/cpp_eventhandle/environment/path.dsv
-- Up-to-date: /home/gargie/interfaces/install/cpp_eventhandle/share/cpp_eventhandle/local_setup.bash
-- Up-to-date: /home/gargie/interfaces/install/cpp_eventhandle/share/cpp_eventhandle/local_setup.sh
-- Up-to-date: /home/gargie/interfaces/install/cpp_eventhandle/share/cpp_eventhandle/local_setup.zsh
-- Up-to-date: /home/gargie/interfaces/install/cpp_eventhandle/share/cpp_eventhandle/local_setup.dsv
-- Installing: /home/gargie/interfaces/install/cpp_eventhandle/share/cpp_eventhandle/package.dsv
-- Up-to-date: /home/gargie/interfaces/install/cpp_eventhandle/share/ament_index/resource_index/packages/cpp_eventhandle
-- Up-to-date: /home/gargie/interfaces/install/cpp_eventhandle/share/cpp_eventhandle/cmake/cpp_eventhandleConfig.cmake
-- Up-to-date: /home/gargie/interfaces/install/cpp_eventhandle/share/cpp_eventhandle/cmake/cpp_eventhandleConfig-version.cmake
-- Up-to-date: /home/gargie/interfaces/install/cpp_eventhandle/share/cpp_eventhandle/package.xml
