[0.060s] Invoking command in '/home/gargie/interfaces/build/cpp_eventhandle': CMAKE_PREFIX_PATH=${CMAKE_PREFIX_PATH}:/home/gargie/tf2/install/learning_tf2_py:/home/gargie/service/install/py_srvcli:/home/gargie/service/install/py_parameter:/home/gargie/key_ws/install/key1_pkg:/opt/ros/humble /usr/bin/cmake --build /home/gargie/interfaces/build/cpp_eventhandle -- -j4 -l4
[0.235s] [35m[1mConsolidate compiler generated dependencies of target parameter[0m
[0.306s] [ 50%] [32mBuilding CXX object CMakeFiles/parameter.dir/src/parameter.cpp.o[0m
[11.327s] In file included from [01m[K/opt/ros/humble/include/rclcpp/rclcpp/logging.hpp:24[m[K,
[11.329s]                  from [01m[K/opt/ros/humble/include/rclcpp/rclcpp/client.hpp:40[m[K,
[11.331s]                  from [01m[K/opt/ros/humble/include/rclcpp/rclcpp/callback_group.hpp:24[m[K,
[11.332s]                  from [01m[K/opt/ros/humble/include/rclcpp/rclcpp/any_executable.hpp:20[m[K,
[11.334s]                  from [01m[K/opt/ros/humble/include/rclcpp/rclcpp/memory_strategy.hpp:25[m[K,
[11.336s]                  from [01m[K/opt/ros/humble/include/rclcpp/rclcpp/memory_strategies.hpp:18[m[K,
[11.337s]                  from [01m[K/opt/ros/humble/include/rclcpp/rclcpp/executor_options.hpp:20[m[K,
[11.339s]                  from [01m[K/opt/ros/humble/include/rclcpp/rclcpp/executor.hpp:37[m[K,
[11.340s]                  from [01m[K/opt/ros/humble/include/rclcpp/rclcpp/executors/multi_threaded_executor.hpp:25[m[K,
[11.342s]                  from [01m[K/opt/ros/humble/include/rclcpp/rclcpp/executors.hpp:21[m[K,
[11.345s]                  from [01m[K/opt/ros/humble/include/rclcpp/rclcpp/rclcpp.hpp:155[m[K,
[11.347s]                  from [01m[K/home/gargie/interfaces/src/cpp_eventhandle/src/parameter.cpp:3[m[K:
[11.349s] [01m[K/home/gargie/interfaces/src/cpp_eventhandle/src/parameter.cpp:[m[K In lambda function:
[11.351s] [01m[K/home/gargie/interfaces/src/cpp_eventhandle/src/parameter.cpp:27:36:[m[K [01;35m[Kwarning: [m[Kunknown escape sequence: '\%'
[11.352s]    27 |     RCLCPP_INFO(this->get_logger(),[01;35m[K"Recieved parameter event from node \%s\""[m[K,
[11.354s]       |                                    [01;35m[K^~~~~~~~~~~~~~~~~~~~~~~~~~~~~~~~~~~~~~~~~~[m[K
[37.106s] [100%] [32m[1mLinking CXX executable parameter[0m
[39.202s] [100%] Built target parameter
[39.245s] Invoked command in '/home/gargie/interfaces/build/cpp_eventhandle' returned '0': CMAKE_PREFIX_PATH=${CMAKE_PREFIX_PATH}:/home/gargie/tf2/install/learning_tf2_py:/home/gargie/service/install/py_srvcli:/home/gargie/service/install/py_parameter:/home/gargie/key_ws/install/key1_pkg:/opt/ros/humble /usr/bin/cmake --build /home/gargie/interfaces/build/cpp_eventhandle -- -j4 -l4
[39.283s] Invoking command in '/home/gargie/interfaces/build/cpp_eventhandle': CMAKE_PREFIX_PATH=${CMAKE_PREFIX_PATH}:/home/gargie/tf2/install/learning_tf2_py:/home/gargie/service/install/py_srvcli:/home/gargie/service/install/py_parameter:/home/gargie/key_ws/install/key1_pkg:/opt/ros/humble /usr/bin/cmake --install /home/gargie/interfaces/build/cpp_eventhandle
[39.321s] -- Install configuration: ""
[39.324s] -- Installing: /home/gargie/interfaces/install/cpp_eventhandle/lib/cpp_eventhandle/parameter
[39.342s] -- Set runtime path of "/home/gargie/interfaces/install/cpp_eventhandle/lib/cpp_eventhandle/parameter" to ""
[39.343s] -- Up-to-date: /home/gargie/interfaces/install/cpp_eventhandle/share/ament_index/resource_index/package_run_dependencies/cpp_eventhandle
[39.344s] -- Up-to-date: /home/gargie/interfaces/install/cpp_eventhandle/share/ament_index/resource_index/parent_prefix_path/cpp_eventhandle
[39.344s] -- Up-to-date: /home/gargie/interfaces/install/cpp_eventhandle/share/cpp_eventhandle/environment/ament_prefix_path.sh
[39.345s] -- Up-to-date: /home/gargie/interfaces/install/cpp_eventhandle/share/cpp_eventhandle/environment/ament_prefix_path.dsv
[39.345s] -- Up-to-date: /home/gargie/interfaces/install/cpp_eventhandle/share/cpp_eventhandle/environment/path.sh
[39.346s] -- Up-to-date: /home/gargie/interfaces/install/cpp_eventhandle/share/cpp_eventhandle/environment/path.dsv
[39.347s] -- Up-to-date: /home/gargie/interfaces/install/cpp_eventhandle/share/cpp_eventhandle/local_setup.bash
[39.347s] -- Up-to-date: /home/gargie/interfaces/install/cpp_eventhandle/share/cpp_eventhandle/local_setup.sh
[39.348s] -- Up-to-date: /home/gargie/interfaces/install/cpp_eventhandle/share/cpp_eventhandle/local_setup.zsh
[39.348s] -- Up-to-date: /home/gargie/interfaces/install/cpp_eventhandle/share/cpp_eventhandle/local_setup.dsv
[39.348s] -- Installing: /home/gargie/interfaces/install/cpp_eventhandle/share/cpp_eventhandle/package.dsv
[39.349s] -- Up-to-date: /home/gargie/interfaces/install/cpp_eventhandle/share/ament_index/resource_index/packages/cpp_eventhandle
[39.349s] -- Up-to-date: /home/gargie/interfaces/install/cpp_eventhandle/share/cpp_eventhandle/cmake/cpp_eventhandleConfig.cmake
[39.349s] -- Up-to-date: /home/gargie/interfaces/install/cpp_eventhandle/share/cpp_eventhandle/cmake/cpp_eventhandleConfig-version.cmake
[39.350s] -- Up-to-date: /home/gargie/interfaces/install/cpp_eventhandle/share/cpp_eventhandle/package.xml
[39.354s] Invoked command in '/home/gargie/interfaces/build/cpp_eventhandle' returned '0': CMAKE_PREFIX_PATH=${CMAKE_PREFIX_PATH}:/home/gargie/tf2/install/learning_tf2_py:/home/gargie/service/install/py_srvcli:/home/gargie/service/install/py_parameter:/home/gargie/key_ws/install/key1_pkg:/opt/ros/humble /usr/bin/cmake --install /home/gargie/interfaces/build/cpp_eventhandle
