[35m[1mConsolidate compiler generated dependencies of target parameter_node[0m
[ 50%] [32mBuilding CXX object CMakeFiles/parameter_node.dir/src/parameter_node.cpp.o[0m
[01m[K/home/gargie/service/src/cpp_parameter/src/parameter_node.cpp:29:9:[m[K [01;31m[Kerror: [m[K‘[01m[Kcount[m[K’ does not name a type
   29 |         [01;31m[Kcount[m[K;
      |         [01;31m[K^~~~~[m[K
[01m[K/home/gargie/service/src/cpp_parameter/src/parameter_node.cpp:[m[K In member function ‘[01m[Kvoid parameter::timer_callback()[m[K’:
[01m[K/home/gargie/service/src/cpp_parameter/src/parameter_node.cpp:22:33:[m[K [01;31m[Kerror: [m[Kexpected identifier before string constant
   22 |           std::string words[3]=[[01;31m[K"I"[m[K,"Love","Ros"];
      |                                 [01;31m[K^~~[m[K
[01m[K/home/gargie/service/src/cpp_parameter/src/parameter_node.cpp:22:36:[m[K [01;31m[Kerror: [m[Kexpected ‘[01m[K][m[K’ before ‘[01m[K,[m[K’ token
   22 |           std::string words[3]=["I"[01;31m[K,[m[K"Love","Ros"];
      |                                    [01;31m[K^[m[K
[01m[K/home/gargie/service/src/cpp_parameter/src/parameter_node.cpp:[m[K In lambda function:
[01m[K/home/gargie/service/src/cpp_parameter/src/parameter_node.cpp:22:36:[m[K [01;31m[Kerror: [m[Kexpected ‘[01m[K{[m[K’ before ‘[01m[K,[m[K’ token
[01m[K/home/gargie/service/src/cpp_parameter/src/parameter_node.cpp:[m[K In member function ‘[01m[Kvoid parameter::timer_callback()[m[K’:
[01m[K/home/gargie/service/src/cpp_parameter/src/parameter_node.cpp:22:36:[m[K [01;31m[Kerror: [m[Karray must be initialized with a brace-enclosed initializer
[01m[K/home/gargie/service/src/cpp_parameter/src/parameter_node.cpp:22:37:[m[K [01;31m[Kerror: [m[Kexpected unqualified-id before string constant
   22 |           std::string words[3]=["I",[01;31m[K"Love"[m[K,"Ros"];
      |                                     [01;31m[K^~~~~~[m[K
gmake[2]: *** [CMakeFiles/parameter_node.dir/build.make:76: CMakeFiles/parameter_node.dir/src/parameter_node.cpp.o] Error 1
gmake[1]: *** [CMakeFiles/Makefile2:137: CMakeFiles/parameter_node.dir/all] Error 2
gmake: *** [Makefile:146: all] Error 2
