[0.080s] Invoking command in '/home/gargie/interfaces/build/inter_pkg': CMAKE_PREFIX_PATH=${CMAKE_PREFIX_PATH}:/home/gargie/service/install/py_srvcli:/home/gargie/service/install/py_parameter:/home/gargie/key_ws/install/key1_pkg:/opt/ros/humble /usr/bin/cmake --build /home/gargie/interfaces/build/inter_pkg -- -j4 -l4
[0.385s] [ 50%] Built target interface_n
[0.426s] [100%] Built target node_interf
[0.515s] Invoked command in '/home/gargie/interfaces/build/inter_pkg' returned '0': CMAKE_PREFIX_PATH=${CMAKE_PREFIX_PATH}:/home/gargie/service/install/py_srvcli:/home/gargie/service/install/py_parameter:/home/gargie/key_ws/install/key1_pkg:/opt/ros/humble /usr/bin/cmake --build /home/gargie/interfaces/build/inter_pkg -- -j4 -l4
[0.523s] Invoking command in '/home/gargie/interfaces/build/inter_pkg': CMAKE_PREFIX_PATH=${CMAKE_PREFIX_PATH}:/home/gargie/service/install/py_srvcli:/home/gargie/service/install/py_parameter:/home/gargie/key_ws/install/key1_pkg:/opt/ros/humble /usr/bin/cmake --install /home/gargie/interfaces/build/inter_pkg
[0.578s] -- Install configuration: ""
[0.580s] -- Up-to-date: /home/gargie/interfaces/install/inter_pkg/lib/inter_pkg/interface_n
[0.582s] -- Up-to-date: /home/gargie/interfaces/install/inter_pkg/lib/inter_pkg/node_interf
[0.583s] -- Up-to-date: /home/gargie/interfaces/install/inter_pkg/share/ament_index/resource_index/package_run_dependencies/inter_pkg
[0.584s] -- Up-to-date: /home/gargie/interfaces/install/inter_pkg/share/ament_index/resource_index/parent_prefix_path/inter_pkg
[0.584s] -- Up-to-date: /home/gargie/interfaces/install/inter_pkg/share/inter_pkg/environment/ament_prefix_path.sh
[0.588s] -- Up-to-date: /home/gargie/interfaces/install/inter_pkg/share/inter_pkg/environment/ament_prefix_path.dsv
[0.589s] -- Up-to-date: /home/gargie/interfaces/install/inter_pkg/share/inter_pkg/environment/path.sh
[0.589s] -- Up-to-date: /home/gargie/interfaces/install/inter_pkg/share/inter_pkg/environment/path.dsv
[0.590s] -- Up-to-date: /home/gargie/interfaces/install/inter_pkg/share/inter_pkg/local_setup.bash
[0.590s] -- Up-to-date: /home/gargie/interfaces/install/inter_pkg/share/inter_pkg/local_setup.sh
[0.594s] -- Up-to-date: /home/gargie/interfaces/install/inter_pkg/share/inter_pkg/local_setup.zsh
[0.595s] -- Up-to-date: /home/gargie/interfaces/install/inter_pkg/share/inter_pkg/local_setup.dsv
[0.595s] -- Installing: /home/gargie/interfaces/install/inter_pkg/share/inter_pkg/package.dsv
[0.596s] -- Up-to-date: /home/gargie/interfaces/install/inter_pkg/share/ament_index/resource_index/packages/inter_pkg
[0.596s] -- Up-to-date: /home/gargie/interfaces/install/inter_pkg/share/inter_pkg/cmake/inter_pkgConfig.cmake
[0.603s] -- Up-to-date: /home/gargie/interfaces/install/inter_pkg/share/inter_pkg/cmake/inter_pkgConfig-version.cmake
[0.604s] -- Up-to-date: /home/gargie/interfaces/install/inter_pkg/share/inter_pkg/package.xml
[0.697s] Invoked command in '/home/gargie/interfaces/build/inter_pkg' returned '0': CMAKE_PREFIX_PATH=${CMAKE_PREFIX_PATH}:/home/gargie/service/install/py_srvcli:/home/gargie/service/install/py_parameter:/home/gargie/key_ws/install/key1_pkg:/opt/ros/humble /usr/bin/cmake --install /home/gargie/interfaces/build/inter_pkg
