[0.044s] Invoking command in '/home/gargie/key_ws/build/key_pkg': CMAKE_PREFIX_PATH=/opt/ros/humble /usr/bin/cmake /home/gargie/key_ws/src/key_pkg -DCMAKE_INSTALL_PREFIX=/home/gargie/key_ws/install/key_pkg
[0.532s] -- The C compiler identification is GNU 11.4.0
[0.908s] -- The CXX compiler identification is GNU 11.4.0
[0.962s] -- Detecting C compiler ABI info
[1.298s] -- Detecting C compiler ABI info - done
[1.356s] -- Check for working C compiler: /usr/bin/cc - skipped
[1.360s] -- Detecting C compile features
[1.364s] -- Detecting C compile features - done
[1.385s] -- Detecting CXX compiler ABI info
[1.747s] -- Detecting CXX compiler ABI info - done
[1.812s] -- Check for working CXX compiler: /usr/bin/c++ - skipped
[1.813s] -- Detecting CXX compile features
[1.816s] -- Detecting CXX compile features - done
[1.832s] -- Found ament_cmake: 1.3.11 (/opt/ros/humble/share/ament_cmake/cmake)
[2.563s] -- Found Python3: /usr/bin/python3 (found version "3.10.12") found components: Interpreter 
[3.037s] -- Found rclcpp: 16.0.12 (/opt/ros/humble/share/rclcpp/cmake)
[3.247s] -- Found rosidl_generator_c: 3.1.6 (/opt/ros/humble/share/rosidl_generator_c/cmake)
[3.271s] -- Found rosidl_adapter: 3.1.6 (/opt/ros/humble/share/rosidl_adapter/cmake)
[3.318s] -- Found rosidl_generator_cpp: 3.1.6 (/opt/ros/humble/share/rosidl_generator_cpp/cmake)
[3.389s] -- Using all available rosidl_typesupport_c: rosidl_typesupport_fastrtps_c;rosidl_typesupport_introspection_c
[3.471s] -- Using all available rosidl_typesupport_cpp: rosidl_typesupport_fastrtps_cpp;rosidl_typesupport_introspection_cpp
[3.681s] -- Found rmw_implementation_cmake: 6.1.2 (/opt/ros/humble/share/rmw_implementation_cmake/cmake)
[3.693s] -- Found rmw_fastrtps_cpp: 6.2.7 (/opt/ros/humble/share/rmw_fastrtps_cpp/cmake)
[4.079s] -- Found OpenSSL: /usr/lib/x86_64-linux-gnu/libcrypto.so (found version "3.0.2")  
[4.203s] -- Found FastRTPS: /opt/ros/humble/include  
[4.336s] -- Using RMW implementation 'rmw_fastrtps_cpp' as default
[4.381s] -- Looking for pthread.h
[4.720s] -- Looking for pthread.h - found
[4.722s] -- Performing Test CMAKE_HAVE_LIBC_PTHREAD
[5.060s] -- Performing Test CMAKE_HAVE_LIBC_PTHREAD - Success
[5.064s] -- Found Threads: TRUE  
[5.386s] -- Found ament_lint_auto: 0.12.12 (/opt/ros/humble/share/ament_lint_auto/cmake)
[5.761s] -- Added test 'lint_cmake' to check CMake code style
[5.770s] -- Added test 'xmllint' to check XML markup files
[5.779s] -- Configuring done
[5.792s] [31mCMake Error at CMakeLists.txt:17 (add_executable):
[5.792s]   Cannot find source file:
[5.793s] 
[5.793s]     src/pub_key.cpp
[5.794s] 
[5.795s]   Tried extensions .c .C .c++ .cc .cpp .cxx .cu .mpp .m .M .mm .ixx .cppm .h
[5.795s]   .hh .h++ .hm .hpp .hxx .in .txx .f .F .for .f77 .f90 .f95 .f03 .hip .ispc
[5.796s] 
[5.796s] [0m
[5.798s] [31mCMake Error at CMakeLists.txt:20 (add_executable):
[5.799s]   Cannot find source file:
[5.799s] 
[5.800s]     src/sub_key.cpp
[5.801s] 
[5.802s]   Tried extensions .c .C .c++ .cc .cpp .cxx .cu .mpp .m .M .mm .ixx .cppm .h
[5.803s]   .hh .h++ .hm .hpp .hxx .in .txx .f .F .for .f77 .f90 .f95 .f03 .hip .ispc
[5.803s] 
[5.804s] [0m
[5.804s] [31mCMake Error at CMakeLists.txt:17 (add_executable):
[5.805s]   No SOURCES given to target: pub_key
[5.805s] 
[5.806s] [0m
[5.806s] [31mCMake Error at CMakeLists.txt:20 (add_executable):
[5.806s]   No SOURCES given to target: sub_key
[5.807s] 
[5.807s] [0m
[5.808s] [0mCMake Generate step failed.  Build files cannot be regenerated correctly.[0m
[5.839s] Invoked command in '/home/gargie/key_ws/build/key_pkg' returned '1': CMAKE_PREFIX_PATH=/opt/ros/humble /usr/bin/cmake /home/gargie/key_ws/src/key_pkg -DCMAKE_INSTALL_PREFIX=/home/gargie/key_ws/install/key_pkg
