[2.990s] Invoking command in '/home/gargie/service/src/py_srvcli': PYTHONPATH=/home/gargie/service/build/py_srvcli/prefix_override:/usr/lib/python3/dist-packages/colcon_core/task/python/colcon_distutils_commands:/home/gargie/service/install/py_srvcli/lib/python3.10/site-packages:${PYTHONPATH} /usr/bin/python3 -W ignore:setup.py install is deprecated -W ignore:easy_install command is deprecated setup.py egg_info --egg-base ../../build/py_srvcli build --build-base /home/gargie/service/build/py_srvcli/build install --record /home/gargie/service/build/py_srvcli/install.log --single-version-externally-managed install_data
[4.172s] running egg_info
[4.175s] writing ../../build/py_srvcli/py_srvcli.egg-info/PKG-INFO
[4.177s] writing dependency_links to ../../build/py_srvcli/py_srvcli.egg-info/dependency_links.txt
[4.179s] writing entry points to ../../build/py_srvcli/py_srvcli.egg-info/entry_points.txt
[4.181s] writing requirements to ../../build/py_srvcli/py_srvcli.egg-info/requires.txt
[4.182s] writing top-level names to ../../build/py_srvcli/py_srvcli.egg-info/top_level.txt
[4.186s] reading manifest file '../../build/py_srvcli/py_srvcli.egg-info/SOURCES.txt'
[4.188s] adding license file 'LICENSE'
[4.190s] writing manifest file '../../build/py_srvcli/py_srvcli.egg-info/SOURCES.txt'
[4.192s] running build
[4.194s] running build_py
[4.195s] running install
[4.197s] running install_lib
[4.199s] byte-compiling /home/gargie/service/install/py_srvcli/lib/python3.10/site-packages/py_srvcli/service.py to service.cpython-310.pyc
[4.201s] running install_data
[4.203s] running install_egg_info
[4.205s] Sorry: IndentationError: expected an indented block after function definition on line 8 (service.py, line 9)
[4.207s] removing '/home/gargie/service/install/py_srvcli/lib/python3.10/site-packages/py_srvcli-0.0.0-py3.10.egg-info' (and everything under it)
[4.209s] Copying ../../build/py_srvcli/py_srvcli.egg-info to /home/gargie/service/install/py_srvcli/lib/python3.10/site-packages/py_srvcli-0.0.0-py3.10.egg-info
[4.213s] running install_scripts
[4.304s] Installing client script to /home/gargie/service/install/py_srvcli/lib/py_srvcli
[4.304s] Installing service script to /home/gargie/service/install/py_srvcli/lib/py_srvcli
[4.306s] writing list of installed files to '/home/gargie/service/build/py_srvcli/install.log'
[4.434s] Invoked command in '/home/gargie/service/src/py_srvcli' returned '0': PYTHONPATH=/home/gargie/service/build/py_srvcli/prefix_override:/usr/lib/python3/dist-packages/colcon_core/task/python/colcon_distutils_commands:/home/gargie/service/install/py_srvcli/lib/python3.10/site-packages:${PYTHONPATH} /usr/bin/python3 -W ignore:setup.py install is deprecated -W ignore:easy_install command is deprecated setup.py egg_info --egg-base ../../build/py_srvcli build --build-base /home/gargie/service/build/py_srvcli/build install --record /home/gargie/service/build/py_srvcli/install.log --single-version-externally-managed install_data
