[0.149s] Invoking command in '/home/gargie/project/build/project_pkg': CMAKE_PREFIX_PATH=${CMAKE_PREFIX_PATH}:/opt/ros/humble /usr/bin/cmake /home/gargie/project/src/project_pkg -DCMAKE_INSTALL_PREFIX=/home/gargie/project/install/project_pkg
[0.745s] -- The C compiler identification is GNU 11.4.0
[1.246s] -- The CXX compiler identification is GNU 11.4.0
[1.297s] -- Detecting C compiler ABI info
[1.777s] -- Detecting C compiler ABI info - done
[1.870s] -- Check for working C compiler: /usr/bin/cc - skipped
[1.874s] -- Detecting C compile features
[1.882s] -- Detecting C compile features - done
[1.915s] -- Detecting CXX compiler ABI info
[2.607s] -- Detecting CXX compiler ABI info - done
[2.687s] -- Check for working CXX compiler: /usr/bin/c++ - skipped
[2.689s] -- Detecting CXX compile features
[2.692s] -- Detecting CXX compile features - done
[2.706s] -- Found ament_cmake: 1.3.11 (/opt/ros/humble/share/ament_cmake/cmake)
[4.067s] -- Found Python3: /usr/bin/python3 (found version "3.10.12") found components: Interpreter 
[4.759s] -- Found rclcpp: 16.0.12 (/opt/ros/humble/share/rclcpp/cmake)
[5.108s] -- Found rosidl_generator_c: 3.1.6 (/opt/ros/humble/share/rosidl_generator_c/cmake)
[5.147s] -- Found rosidl_adapter: 3.1.6 (/opt/ros/humble/share/rosidl_adapter/cmake)
[5.213s] -- Found rosidl_generator_cpp: 3.1.6 (/opt/ros/humble/share/rosidl_generator_cpp/cmake)
[5.330s] -- Using all available rosidl_typesupport_c: rosidl_typesupport_fastrtps_c;rosidl_typesupport_introspection_c
[5.434s] -- Using all available rosidl_typesupport_cpp: rosidl_typesupport_fastrtps_cpp;rosidl_typesupport_introspection_cpp
[5.781s] -- Found rmw_implementation_cmake: 6.1.2 (/opt/ros/humble/share/rmw_implementation_cmake/cmake)
[5.800s] -- Found rmw_fastrtps_cpp: 6.2.7 (/opt/ros/humble/share/rmw_fastrtps_cpp/cmake)
[6.566s] -- Found OpenSSL: /usr/lib/x86_64-linux-gnu/libcrypto.so (found version "3.0.2")  
[6.817s] -- Found FastRTPS: /opt/ros/humble/include  
[7.081s] -- Using RMW implementation 'rmw_fastrtps_cpp' as default
[7.129s] -- Looking for pthread.h
[7.652s] -- Looking for pthread.h - found
[7.655s] -- Performing Test CMAKE_HAVE_LIBC_PTHREAD
[8.356s] -- Performing Test CMAKE_HAVE_LIBC_PTHREAD - Success
[8.364s] -- Found Threads: TRUE  
[8.804s] -- Found geometry_msgs: 4.8.0 (/opt/ros/humble/share/geometry_msgs/cmake)
[8.948s] -- Found ament_lint_auto: 0.12.12 (/opt/ros/humble/share/ament_lint_auto/cmake)
[9.723s] -- Added test 'cppcheck' to perform static code analysis on C / C++ code
[9.729s] -- Configured cppcheck include dirs: $<BUILD_INTERFACE:/home/gargie/project/src/project_pkg/include>
[9.732s] -- Configured cppcheck exclude dirs and/or files: 
[9.735s] -- Added test 'lint_cmake' to check CMake code style
[9.752s] -- Added test 'uncrustify' to check C / C++ code style
[9.757s] -- Configured uncrustify additional arguments: 
[9.758s] -- Added test 'xmllint' to check XML markup files
[9.768s] -- Configuring done
[9.850s] -- Generating done
[9.893s] -- Build files have been written to: /home/gargie/project/build/project_pkg
[9.969s] Invoked command in '/home/gargie/project/build/project_pkg' returned '0': CMAKE_PREFIX_PATH=${CMAKE_PREFIX_PATH}:/opt/ros/humble /usr/bin/cmake /home/gargie/project/src/project_pkg -DCMAKE_INSTALL_PREFIX=/home/gargie/project/install/project_pkg
[9.985s] Invoking command in '/home/gargie/project/build/project_pkg': CMAKE_PREFIX_PATH=${CMAKE_PREFIX_PATH}:/opt/ros/humble /usr/bin/cmake --build /home/gargie/project/build/project_pkg -- -j4 -l4
[10.393s] [ 50%] [32mBuilding CXX object CMakeFiles/shapes_node.dir/src/shapes_node.cpp.o[0m
[49.805s] [100%] [32m[1mLinking CXX executable shapes_node[0m
[51.498s] [100%] Built target shapes_node
[51.595s] Invoked command in '/home/gargie/project/build/project_pkg' returned '0': CMAKE_PREFIX_PATH=${CMAKE_PREFIX_PATH}:/opt/ros/humble /usr/bin/cmake --build /home/gargie/project/build/project_pkg -- -j4 -l4
[51.666s] Invoking command in '/home/gargie/project/build/project_pkg': CMAKE_PREFIX_PATH=${CMAKE_PREFIX_PATH}:/opt/ros/humble /usr/bin/cmake --install /home/gargie/project/build/project_pkg
[51.747s] -- Install configuration: ""
[51.748s] -- Installing: /home/gargie/project/install/project_pkg/lib/project_pkg/shapes_node
[51.767s] -- Set runtime path of "/home/gargie/project/install/project_pkg/lib/project_pkg/shapes_node" to ""
[51.768s] -- Installing: /home/gargie/project/install/project_pkg/share/ament_index/resource_index/package_run_dependencies/project_pkg
[51.772s] -- Installing: /home/gargie/project/install/project_pkg/share/ament_index/resource_index/parent_prefix_path/project_pkg
[51.775s] -- Installing: /home/gargie/project/install/project_pkg/share/project_pkg/environment/ament_prefix_path.sh
[51.777s] -- Installing: /home/gargie/project/install/project_pkg/share/project_pkg/environment/ament_prefix_path.dsv
[51.777s] -- Installing: /home/gargie/project/install/project_pkg/share/project_pkg/environment/path.sh
[51.778s] -- Installing: /home/gargie/project/install/project_pkg/share/project_pkg/environment/path.dsv
[51.781s] -- Installing: /home/gargie/project/install/project_pkg/share/project_pkg/local_setup.bash
[51.782s] -- Installing: /home/gargie/project/install/project_pkg/share/project_pkg/local_setup.sh
[51.790s] -- Installing: /home/gargie/project/install/project_pkg/share/project_pkg/local_setup.zsh
[51.791s] -- Installing: /home/gargie/project/install/project_pkg/share/project_pkg/local_setup.dsv
[51.797s] -- Installing: /home/gargie/project/install/project_pkg/share/project_pkg/package.dsv
[51.801s] -- Installing: /home/gargie/project/install/project_pkg/share/ament_index/resource_index/packages/project_pkg
[51.803s] -- Installing: /home/gargie/project/install/project_pkg/share/project_pkg/cmake/project_pkgConfig.cmake
[51.804s] -- Installing: /home/gargie/project/install/project_pkg/share/project_pkg/cmake/project_pkgConfig-version.cmake
[51.816s] -- Installing: /home/gargie/project/install/project_pkg/share/project_pkg/package.xml
[51.831s] Invoked command in '/home/gargie/project/build/project_pkg' returned '0': CMAKE_PREFIX_PATH=${CMAKE_PREFIX_PATH}:/opt/ros/humble /usr/bin/cmake --install /home/gargie/project/build/project_pkg
