[0.519s] DEBUG:colcon:Command line arguments: ['/usr/bin/colcon', 'build']
[0.520s] DEBUG:colcon:Parsed command line arguments: Namespace(log_base=None, log_level=None, verb_name='build', build_base='build', install_base='install', merge_install=False, symlink_install=False, test_result_base=None, continue_on_error=False, executor='parallel', parallel_workers=4, event_handlers=None, ignore_user_meta=False, metas=['./colcon.meta'], base_paths=['.'], packages_ignore=None, packages_ignore_regex=None, paths=None, packages_up_to=None, packages_up_to_regex=None, packages_above=None, packages_above_and_dependencies=None, packages_above_depth=None, packages_select_by_dep=None, packages_skip_by_dep=None, packages_skip_up_to=None, packages_select_build_failed=False, packages_skip_build_finished=False, packages_select_test_failures=False, packages_skip_test_passed=False, packages_select=None, packages_skip=None, packages_select_regex=None, packages_skip_regex=None, packages_start=None, packages_end=None, allow_overriding=[], cmake_args=None, cmake_target=None, cmake_target_skip_unavailable=False, cmake_clean_cache=False, cmake_clean_first=False, cmake_force_configure=False, ament_cmake_args=None, catkin_cmake_args=None, catkin_skip_building_tests=False, mixin_files=None, mixin=None, verb_parser=<colcon_mixin.mixin.mixin_argument.MixinArgumentDecorator object at 0x7a71101cdcf0>, verb_extension=<colcon_core.verb.build.BuildVerb object at 0x7a71101cd840>, main=<bound method BuildVerb.main of <colcon_core.verb.build.BuildVerb object at 0x7a71101cd840>>, mixin_verb=('build',))
[1.365s] Level 1:colcon.colcon_core.package_discovery:discover_packages(colcon_meta) check parameters
[1.365s] Level 1:colcon.colcon_core.package_discovery:discover_packages(recursive) check parameters
[1.366s] Level 1:colcon.colcon_core.package_discovery:discover_packages(ignore) check parameters
[1.366s] Level 1:colcon.colcon_core.package_discovery:discover_packages(path) check parameters
[1.366s] Level 1:colcon.colcon_core.package_discovery:discover_packages(colcon_meta) discover
[1.366s] Level 1:colcon.colcon_core.package_discovery:discover_packages(recursive) discover
[1.366s] INFO:colcon.colcon_core.package_discovery:Crawling recursively for packages in '/home/gargie/key_ws'
[1.367s] Level 1:colcon.colcon_core.package_identification:_identify(.) by extensions ['ignore', 'ignore_ament_install']
[1.367s] Level 1:colcon.colcon_core.package_identification:_identify(.) by extension 'ignore'
[1.367s] Level 1:colcon.colcon_core.package_identification:_identify(.) by extension 'ignore_ament_install'
[1.368s] Level 1:colcon.colcon_core.package_identification:_identify(.) by extensions ['colcon_pkg']
[1.368s] Level 1:colcon.colcon_core.package_identification:_identify(.) by extension 'colcon_pkg'
[1.368s] Level 1:colcon.colcon_core.package_identification:_identify(.) by extensions ['colcon_meta']
[1.368s] Level 1:colcon.colcon_core.package_identification:_identify(.) by extension 'colcon_meta'
[1.368s] Level 1:colcon.colcon_core.package_identification:_identify(.) by extensions ['ros']
[1.368s] Level 1:colcon.colcon_core.package_identification:_identify(.) by extension 'ros'
[1.421s] Level 1:colcon.colcon_core.package_identification:_identify(.) by extensions ['cmake', 'python']
[1.421s] Level 1:colcon.colcon_core.package_identification:_identify(.) by extension 'cmake'
[1.421s] Level 1:colcon.colcon_core.package_identification:_identify(.) by extension 'python'
[1.421s] Level 1:colcon.colcon_core.package_identification:_identify(.) by extensions ['python_setup_py']
[1.421s] Level 1:colcon.colcon_core.package_identification:_identify(.) by extension 'python_setup_py'
[1.422s] Level 1:colcon.colcon_core.package_identification:_identify(build) by extensions ['ignore', 'ignore_ament_install']
[1.422s] Level 1:colcon.colcon_core.package_identification:_identify(build) by extension 'ignore'
[1.423s] Level 1:colcon.colcon_core.package_identification:_identify(build) ignored
[1.423s] Level 1:colcon.colcon_core.package_identification:_identify(install) by extensions ['ignore', 'ignore_ament_install']
[1.424s] Level 1:colcon.colcon_core.package_identification:_identify(install) by extension 'ignore'
[1.424s] Level 1:colcon.colcon_core.package_identification:_identify(install) ignored
[1.424s] Level 1:colcon.colcon_core.package_identification:_identify(log) by extensions ['ignore', 'ignore_ament_install']
[1.425s] Level 1:colcon.colcon_core.package_identification:_identify(log) by extension 'ignore'
[1.425s] Level 1:colcon.colcon_core.package_identification:_identify(log) ignored
[1.425s] Level 1:colcon.colcon_core.package_identification:_identify(src) by extensions ['ignore', 'ignore_ament_install']
[1.426s] Level 1:colcon.colcon_core.package_identification:_identify(src) by extension 'ignore'
[1.426s] Level 1:colcon.colcon_core.package_identification:_identify(src) by extension 'ignore_ament_install'
[1.426s] Level 1:colcon.colcon_core.package_identification:_identify(src) by extensions ['colcon_pkg']
[1.426s] Level 1:colcon.colcon_core.package_identification:_identify(src) by extension 'colcon_pkg'
[1.426s] Level 1:colcon.colcon_core.package_identification:_identify(src) by extensions ['colcon_meta']
[1.426s] Level 1:colcon.colcon_core.package_identification:_identify(src) by extension 'colcon_meta'
[1.427s] Level 1:colcon.colcon_core.package_identification:_identify(src) by extensions ['ros']
[1.427s] Level 1:colcon.colcon_core.package_identification:_identify(src) by extension 'ros'
[1.427s] Level 1:colcon.colcon_core.package_identification:_identify(src) by extensions ['cmake', 'python']
[1.427s] Level 1:colcon.colcon_core.package_identification:_identify(src) by extension 'cmake'
[1.428s] Level 1:colcon.colcon_core.package_identification:_identify(src) by extension 'python'
[1.428s] Level 1:colcon.colcon_core.package_identification:_identify(src) by extensions ['python_setup_py']
[1.428s] Level 1:colcon.colcon_core.package_identification:_identify(src) by extension 'python_setup_py'
[1.428s] Level 1:colcon.colcon_core.package_identification:_identify(src/key1_pkg) by extensions ['ignore', 'ignore_ament_install']
[1.429s] Level 1:colcon.colcon_core.package_identification:_identify(src/key1_pkg) by extension 'ignore'
[1.429s] Level 1:colcon.colcon_core.package_identification:_identify(src/key1_pkg) by extension 'ignore_ament_install'
[1.429s] Level 1:colcon.colcon_core.package_identification:_identify(src/key1_pkg) by extensions ['colcon_pkg']
[1.429s] Level 1:colcon.colcon_core.package_identification:_identify(src/key1_pkg) by extension 'colcon_pkg'
[1.429s] Level 1:colcon.colcon_core.package_identification:_identify(src/key1_pkg) by extensions ['colcon_meta']
[1.430s] Level 1:colcon.colcon_core.package_identification:_identify(src/key1_pkg) by extension 'colcon_meta'
[1.430s] Level 1:colcon.colcon_core.package_identification:_identify(src/key1_pkg) by extensions ['ros']
[1.430s] Level 1:colcon.colcon_core.package_identification:_identify(src/key1_pkg) by extension 'ros'
[1.435s] DEBUG:colcon.colcon_core.package_identification:Failed to parse potential ROS package manifest in'src/key1_pkg': Error(s) in package 'src/key1_pkg/package.xml':
The manifest contains invalid XML:
mismatched tag: line 21, column 2
[1.436s] Level 1:colcon.colcon_core.package_identification:_identify(src/key1_pkg) by extensions ['cmake', 'python']
[1.436s] Level 1:colcon.colcon_core.package_identification:_identify(src/key1_pkg) by extension 'cmake'
[1.436s] Level 1:colcon.colcon_core.package_identification:_identify(src/key1_pkg) by extension 'python'
[1.436s] DEBUG:colcon.colcon_core.package_identification:Python package in 'src/key1_pkg' passes arguments to the setup() function which requires a different identification extension than 'python'
[1.437s] Level 1:colcon.colcon_core.package_identification:_identify(src/key1_pkg) by extensions ['python_setup_py']
[1.437s] Level 1:colcon.colcon_core.package_identification:_identify(src/key1_pkg) by extension 'python_setup_py'
[2.671s] DEBUG:colcon.colcon_core.package_identification:Package 'src/key1_pkg' with type 'python' and name 'key1_pkg'
[2.672s] Level 1:colcon.colcon_core.package_identification:_identify(src/key_pkg) by extensions ['ignore', 'ignore_ament_install']
[2.672s] Level 1:colcon.colcon_core.package_identification:_identify(src/key_pkg) by extension 'ignore'
[2.672s] Level 1:colcon.colcon_core.package_identification:_identify(src/key_pkg) by extension 'ignore_ament_install'
[2.673s] Level 1:colcon.colcon_core.package_identification:_identify(src/key_pkg) by extensions ['colcon_pkg']
[2.673s] Level 1:colcon.colcon_core.package_identification:_identify(src/key_pkg) by extension 'colcon_pkg'
[2.673s] Level 1:colcon.colcon_core.package_identification:_identify(src/key_pkg) by extensions ['colcon_meta']
[2.673s] Level 1:colcon.colcon_core.package_identification:_identify(src/key_pkg) by extension 'colcon_meta'
[2.673s] Level 1:colcon.colcon_core.package_identification:_identify(src/key_pkg) by extensions ['ros']
[2.674s] Level 1:colcon.colcon_core.package_identification:_identify(src/key_pkg) by extension 'ros'
[2.681s] DEBUG:colcon.colcon_core.package_identification:Package 'src/key_pkg' with type 'ros.ament_cmake' and name 'key_pkg'
[2.682s] Level 1:colcon.colcon_core.package_discovery:discover_packages(recursive) using defaults
[2.682s] Level 1:colcon.colcon_core.package_discovery:discover_packages(ignore) discover
[2.682s] Level 1:colcon.colcon_core.package_discovery:discover_packages(ignore) using defaults
[2.682s] Level 1:colcon.colcon_core.package_discovery:discover_packages(path) discover
[2.682s] Level 1:colcon.colcon_core.package_discovery:discover_packages(path) using defaults
[2.816s] Level 1:colcon.colcon_core.package_discovery:discover_packages(prefix_path) check parameters
[2.816s] Level 1:colcon.colcon_core.package_discovery:discover_packages(prefix_path) discover
[2.824s] DEBUG:colcon.colcon_installed_package_information.package_discovery:Found 2 installed packages in /home/gargie/key_ws/install
[2.826s] DEBUG:colcon.colcon_installed_package_information.package_discovery:Found 1 installed packages in /home/gargie/project/install
[2.828s] DEBUG:colcon.colcon_installed_package_information.package_discovery:Found 1 installed packages in /home/gargie/chem_ws/install
[2.836s] DEBUG:colcon.colcon_installed_package_information.package_discovery:Found 295 installed packages in /opt/ros/humble
[2.846s] Level 1:colcon.colcon_core.package_discovery:discover_packages(prefix_path) using defaults
[3.053s] Level 5:colcon.colcon_core.verb:set package 'key1_pkg' build argument 'cmake_args' from command line to 'None'
[3.053s] Level 5:colcon.colcon_core.verb:set package 'key1_pkg' build argument 'cmake_target' from command line to 'None'
[3.053s] Level 5:colcon.colcon_core.verb:set package 'key1_pkg' build argument 'cmake_target_skip_unavailable' from command line to 'False'
[3.053s] Level 5:colcon.colcon_core.verb:set package 'key1_pkg' build argument 'cmake_clean_cache' from command line to 'False'
[3.054s] Level 5:colcon.colcon_core.verb:set package 'key1_pkg' build argument 'cmake_clean_first' from command line to 'False'
[3.054s] Level 5:colcon.colcon_core.verb:set package 'key1_pkg' build argument 'cmake_force_configure' from command line to 'False'
[3.054s] Level 5:colcon.colcon_core.verb:set package 'key1_pkg' build argument 'ament_cmake_args' from command line to 'None'
[3.054s] Level 5:colcon.colcon_core.verb:set package 'key1_pkg' build argument 'catkin_cmake_args' from command line to 'None'
[3.054s] Level 5:colcon.colcon_core.verb:set package 'key1_pkg' build argument 'catkin_skip_building_tests' from command line to 'False'
[3.054s] DEBUG:colcon.colcon_core.verb:Building package 'key1_pkg' with the following arguments: {'ament_cmake_args': None, 'build_base': '/home/gargie/key_ws/build/key1_pkg', 'catkin_cmake_args': None, 'catkin_skip_building_tests': False, 'cmake_args': None, 'cmake_clean_cache': False, 'cmake_clean_first': False, 'cmake_force_configure': False, 'cmake_target': None, 'cmake_target_skip_unavailable': False, 'install_base': '/home/gargie/key_ws/install/key1_pkg', 'merge_install': False, 'path': '/home/gargie/key_ws/src/key1_pkg', 'symlink_install': False, 'test_result_base': None}
[3.056s] Level 5:colcon.colcon_core.verb:set package 'key_pkg' build argument 'cmake_args' from command line to 'None'
[3.056s] Level 5:colcon.colcon_core.verb:set package 'key_pkg' build argument 'cmake_target' from command line to 'None'
[3.056s] Level 5:colcon.colcon_core.verb:set package 'key_pkg' build argument 'cmake_target_skip_unavailable' from command line to 'False'
[3.057s] Level 5:colcon.colcon_core.verb:set package 'key_pkg' build argument 'cmake_clean_cache' from command line to 'False'
[3.057s] Level 5:colcon.colcon_core.verb:set package 'key_pkg' build argument 'cmake_clean_first' from command line to 'False'
[3.057s] Level 5:colcon.colcon_core.verb:set package 'key_pkg' build argument 'cmake_force_configure' from command line to 'False'
[3.057s] Level 5:colcon.colcon_core.verb:set package 'key_pkg' build argument 'ament_cmake_args' from command line to 'None'
[3.057s] Level 5:colcon.colcon_core.verb:set package 'key_pkg' build argument 'catkin_cmake_args' from command line to 'None'
[3.057s] Level 5:colcon.colcon_core.verb:set package 'key_pkg' build argument 'catkin_skip_building_tests' from command line to 'False'
[3.057s] DEBUG:colcon.colcon_core.verb:Building package 'key_pkg' with the following arguments: {'ament_cmake_args': None, 'build_base': '/home/gargie/key_ws/build/key_pkg', 'catkin_cmake_args': None, 'catkin_skip_building_tests': False, 'cmake_args': None, 'cmake_clean_cache': False, 'cmake_clean_first': False, 'cmake_force_configure': False, 'cmake_target': None, 'cmake_target_skip_unavailable': False, 'install_base': '/home/gargie/key_ws/install/key_pkg', 'merge_install': False, 'path': '/home/gargie/key_ws/src/key_pkg', 'symlink_install': False, 'test_result_base': None}
[3.058s] INFO:colcon.colcon_core.executor:Executing jobs using 'parallel' executor
[3.062s] DEBUG:colcon.colcon_parallel_executor.executor.parallel:run_until_complete
[3.063s] INFO:colcon.colcon_core.task.python.build:Building Python package in '/home/gargie/key_ws/src/key1_pkg'
[3.074s] INFO:colcon.colcon_core.plugin_system:Skipping extension 'colcon_core.shell.bat': Not used on non-Windows systems
[3.075s] INFO:colcon.colcon_core.shell:Skip shell extension 'powershell' for command environment: Not usable outside of PowerShell
[3.075s] DEBUG:colcon.colcon_core.shell:Skip shell extension 'dsv' for command environment
[3.096s] INFO:colcon.colcon_ros.task.ament_cmake.build:Building ROS package in '/home/gargie/key_ws/src/key_pkg' with build type 'ament_cmake'
[3.097s] INFO:colcon.colcon_cmake.task.cmake.build:Building CMake package in '/home/gargie/key_ws/src/key_pkg'
[3.098s] INFO:colcon.colcon_core.shell:Skip shell extension 'powershell' for command environment: Not usable outside of PowerShell
[3.098s] DEBUG:colcon.colcon_core.shell:Skip shell extension 'dsv' for command environment
[4.374s] DEBUG:colcon.colcon_core.event_handler.log_command:Invoking command in '/home/gargie/key_ws/build/key_pkg': CMAKE_PREFIX_PATH=${CMAKE_PREFIX_PATH}:/opt/ros/humble /usr/bin/cmake --build /home/gargie/key_ws/build/key_pkg -- -j4 -l4
[4.658s] DEBUG:colcon.colcon_core.event_handler.log_command:Invoked command in '/home/gargie/key_ws/build/key_pkg' returned '0': CMAKE_PREFIX_PATH=${CMAKE_PREFIX_PATH}:/opt/ros/humble /usr/bin/cmake --build /home/gargie/key_ws/build/key_pkg -- -j4 -l4
[4.706s] DEBUG:colcon.colcon_core.event_handler.log_command:Invoking command in '/home/gargie/key_ws/build/key_pkg': CMAKE_PREFIX_PATH=${CMAKE_PREFIX_PATH}:/opt/ros/humble /usr/bin/cmake --install /home/gargie/key_ws/build/key_pkg
[4.753s] Level 1:colcon.colcon_core.environment:create_environment_scripts_only(key_pkg)
[4.755s] DEBUG:colcon.colcon_core.event_handler.log_command:Invoked command in '/home/gargie/key_ws/build/key_pkg' returned '0': CMAKE_PREFIX_PATH=${CMAKE_PREFIX_PATH}:/opt/ros/humble /usr/bin/cmake --install /home/gargie/key_ws/build/key_pkg
[4.769s] Level 1:colcon.colcon_core.environment:checking '/home/gargie/key_ws/install/key_pkg' for CMake module files
[4.773s] Level 1:colcon.colcon_core.environment:checking '/home/gargie/key_ws/install/key_pkg' for CMake config files
[4.775s] Level 1:colcon.colcon_core.shell:create_environment_hook('key_pkg', 'cmake_prefix_path')
[4.776s] INFO:colcon.colcon_core.shell:Creating environment hook '/home/gargie/key_ws/install/key_pkg/share/key_pkg/hook/cmake_prefix_path.ps1'
[4.780s] INFO:colcon.colcon_core.shell:Creating environment descriptor '/home/gargie/key_ws/install/key_pkg/share/key_pkg/hook/cmake_prefix_path.dsv'
[4.783s] INFO:colcon.colcon_core.shell:Creating environment hook '/home/gargie/key_ws/install/key_pkg/share/key_pkg/hook/cmake_prefix_path.sh'
[4.788s] Level 1:colcon.colcon_core.environment:checking '/home/gargie/key_ws/install/key_pkg/lib'
[4.791s] Level 1:colcon.colcon_core.environment:checking '/home/gargie/key_ws/install/key_pkg/bin'
[4.791s] Level 1:colcon.colcon_core.environment:checking '/home/gargie/key_ws/install/key_pkg/lib/pkgconfig/key_pkg.pc'
[4.792s] Level 1:colcon.colcon_core.environment:checking '/home/gargie/key_ws/install/key_pkg/lib/python3.10/site-packages'
[4.794s] Level 1:colcon.colcon_core.environment:checking '/home/gargie/key_ws/install/key_pkg/bin'
[4.796s] INFO:colcon.colcon_core.shell:Creating package script '/home/gargie/key_ws/install/key_pkg/share/key_pkg/package.ps1'
[4.800s] INFO:colcon.colcon_core.shell:Creating package descriptor '/home/gargie/key_ws/install/key_pkg/share/key_pkg/package.dsv'
[4.804s] INFO:colcon.colcon_core.shell:Creating package script '/home/gargie/key_ws/install/key_pkg/share/key_pkg/package.sh'
[4.808s] INFO:colcon.colcon_core.shell:Creating package script '/home/gargie/key_ws/install/key_pkg/share/key_pkg/package.bash'
[4.812s] INFO:colcon.colcon_core.shell:Creating package script '/home/gargie/key_ws/install/key_pkg/share/key_pkg/package.zsh'
[4.817s] Level 1:colcon.colcon_core.environment:create_file_with_runtime_dependencies(/home/gargie/key_ws/install/key_pkg/share/colcon-core/packages/key_pkg)
[4.821s] Level 1:colcon.colcon_core.environment:create_environment_scripts_only(key_pkg)
[4.823s] Level 1:colcon.colcon_core.environment:checking '/home/gargie/key_ws/install/key_pkg' for CMake module files
[4.826s] Level 1:colcon.colcon_core.environment:checking '/home/gargie/key_ws/install/key_pkg' for CMake config files
[4.827s] Level 1:colcon.colcon_core.shell:create_environment_hook('key_pkg', 'cmake_prefix_path')
[4.829s] INFO:colcon.colcon_core.shell:Creating environment hook '/home/gargie/key_ws/install/key_pkg/share/key_pkg/hook/cmake_prefix_path.ps1'
[4.831s] INFO:colcon.colcon_core.shell:Creating environment descriptor '/home/gargie/key_ws/install/key_pkg/share/key_pkg/hook/cmake_prefix_path.dsv'
[4.833s] INFO:colcon.colcon_core.shell:Creating environment hook '/home/gargie/key_ws/install/key_pkg/share/key_pkg/hook/cmake_prefix_path.sh'
[4.836s] Level 1:colcon.colcon_core.environment:checking '/home/gargie/key_ws/install/key_pkg/lib'
[4.837s] Level 1:colcon.colcon_core.environment:checking '/home/gargie/key_ws/install/key_pkg/bin'
[4.837s] Level 1:colcon.colcon_core.environment:checking '/home/gargie/key_ws/install/key_pkg/lib/pkgconfig/key_pkg.pc'
[4.838s] Level 1:colcon.colcon_core.environment:checking '/home/gargie/key_ws/install/key_pkg/lib/python3.10/site-packages'
[4.839s] Level 1:colcon.colcon_core.environment:checking '/home/gargie/key_ws/install/key_pkg/bin'
[4.840s] INFO:colcon.colcon_core.shell:Creating package script '/home/gargie/key_ws/install/key_pkg/share/key_pkg/package.ps1'
[4.843s] INFO:colcon.colcon_core.shell:Creating package descriptor '/home/gargie/key_ws/install/key_pkg/share/key_pkg/package.dsv'
[4.845s] INFO:colcon.colcon_core.shell:Creating package script '/home/gargie/key_ws/install/key_pkg/share/key_pkg/package.sh'
[4.848s] INFO:colcon.colcon_core.shell:Creating package script '/home/gargie/key_ws/install/key_pkg/share/key_pkg/package.bash'
[4.850s] INFO:colcon.colcon_core.shell:Creating package script '/home/gargie/key_ws/install/key_pkg/share/key_pkg/package.zsh'
[4.852s] Level 1:colcon.colcon_core.environment:create_file_with_runtime_dependencies(/home/gargie/key_ws/install/key_pkg/share/colcon-core/packages/key_pkg)
[5.979s] DEBUG:colcon.colcon_core.event_handler.log_command:Invoking command in '/home/gargie/key_ws/src/key1_pkg': PYTHONPATH=/home/gargie/key_ws/build/key1_pkg/prefix_override:/usr/lib/python3/dist-packages/colcon_core/task/python/colcon_distutils_commands:/home/gargie/key_ws/install/key1_pkg/lib/python3.10/site-packages:${PYTHONPATH} /usr/bin/python3 -W ignore:setup.py install is deprecated -W ignore:easy_install command is deprecated setup.py egg_info --egg-base ../../build/key1_pkg build --build-base /home/gargie/key_ws/build/key1_pkg/build install --record /home/gargie/key_ws/build/key1_pkg/install.log --single-version-externally-managed install_data
[7.418s] Level 1:colcon.colcon_core.environment:checking '/home/gargie/key_ws/install/key1_pkg' for CMake module files
[7.422s] DEBUG:colcon.colcon_core.event_handler.log_command:Invoked command in '/home/gargie/key_ws/src/key1_pkg' returned '0': PYTHONPATH=/home/gargie/key_ws/build/key1_pkg/prefix_override:/usr/lib/python3/dist-packages/colcon_core/task/python/colcon_distutils_commands:/home/gargie/key_ws/install/key1_pkg/lib/python3.10/site-packages:${PYTHONPATH} /usr/bin/python3 -W ignore:setup.py install is deprecated -W ignore:easy_install command is deprecated setup.py egg_info --egg-base ../../build/key1_pkg build --build-base /home/gargie/key_ws/build/key1_pkg/build install --record /home/gargie/key_ws/build/key1_pkg/install.log --single-version-externally-managed install_data
[7.423s] Level 1:colcon.colcon_core.environment:checking '/home/gargie/key_ws/install/key1_pkg' for CMake config files
[7.426s] Level 1:colcon.colcon_core.environment:checking '/home/gargie/key_ws/install/key1_pkg/lib'
[7.426s] Level 1:colcon.colcon_core.environment:checking '/home/gargie/key_ws/install/key1_pkg/bin'
[7.427s] Level 1:colcon.colcon_core.environment:checking '/home/gargie/key_ws/install/key1_pkg/lib/pkgconfig/key1_pkg.pc'
[7.428s] Level 1:colcon.colcon_core.environment:checking '/home/gargie/key_ws/install/key1_pkg/lib/python3.10/site-packages'
[7.428s] Level 1:colcon.colcon_core.shell:create_environment_hook('key1_pkg', 'pythonpath')
[7.429s] INFO:colcon.colcon_core.shell:Creating environment hook '/home/gargie/key_ws/install/key1_pkg/share/key1_pkg/hook/pythonpath.ps1'
[7.432s] INFO:colcon.colcon_core.shell:Creating environment descriptor '/home/gargie/key_ws/install/key1_pkg/share/key1_pkg/hook/pythonpath.dsv'
[7.434s] INFO:colcon.colcon_core.shell:Creating environment hook '/home/gargie/key_ws/install/key1_pkg/share/key1_pkg/hook/pythonpath.sh'
[7.437s] Level 1:colcon.colcon_core.environment:checking '/home/gargie/key_ws/install/key1_pkg/bin'
[7.437s] Level 1:colcon.colcon_core.environment:create_environment_scripts_only(key1_pkg)
[7.439s] INFO:colcon.colcon_core.shell:Creating package script '/home/gargie/key_ws/install/key1_pkg/share/key1_pkg/package.ps1'
[7.441s] INFO:colcon.colcon_core.shell:Creating package descriptor '/home/gargie/key_ws/install/key1_pkg/share/key1_pkg/package.dsv'
[7.443s] INFO:colcon.colcon_core.shell:Creating package script '/home/gargie/key_ws/install/key1_pkg/share/key1_pkg/package.sh'
[7.446s] INFO:colcon.colcon_core.shell:Creating package script '/home/gargie/key_ws/install/key1_pkg/share/key1_pkg/package.bash'
[7.448s] INFO:colcon.colcon_core.shell:Creating package script '/home/gargie/key_ws/install/key1_pkg/share/key1_pkg/package.zsh'
[7.450s] Level 1:colcon.colcon_core.environment:create_file_with_runtime_dependencies(/home/gargie/key_ws/install/key1_pkg/share/colcon-core/packages/key1_pkg)
[7.451s] DEBUG:colcon.colcon_parallel_executor.executor.parallel:closing loop
[7.453s] DEBUG:colcon.colcon_parallel_executor.executor.parallel:loop closed
[7.455s] DEBUG:colcon.colcon_parallel_executor.executor.parallel:run_until_complete finished with '0'
[7.455s] DEBUG:colcon.colcon_core.event_reactor:joining thread
[7.486s] INFO:colcon.colcon_core.plugin_system:Skipping extension 'colcon_notification.desktop_notification.terminal_notifier': Not used on non-Darwin systems
[7.486s] INFO:colcon.colcon_core.plugin_system:Skipping extension 'colcon_notification.desktop_notification.win32': Not used on non-Windows systems
[7.487s] INFO:colcon.colcon_notification.desktop_notification:Sending desktop notification using 'notify2'
[7.549s] DEBUG:colcon.colcon_core.event_reactor:joined thread
[7.551s] INFO:colcon.colcon_core.shell:Creating prefix script '/home/gargie/key_ws/install/local_setup.ps1'
[7.556s] INFO:colcon.colcon_core.shell:Creating prefix util module '/home/gargie/key_ws/install/_local_setup_util_ps1.py'
[7.566s] INFO:colcon.colcon_core.shell:Creating prefix chain script '/home/gargie/key_ws/install/setup.ps1'
[7.572s] INFO:colcon.colcon_core.shell:Creating prefix script '/home/gargie/key_ws/install/local_setup.sh'
[7.576s] INFO:colcon.colcon_core.shell:Creating prefix util module '/home/gargie/key_ws/install/_local_setup_util_sh.py'
[7.579s] INFO:colcon.colcon_core.shell:Creating prefix chain script '/home/gargie/key_ws/install/setup.sh'
[7.587s] INFO:colcon.colcon_core.shell:Creating prefix script '/home/gargie/key_ws/install/local_setup.bash'
[7.590s] INFO:colcon.colcon_core.shell:Creating prefix chain script '/home/gargie/key_ws/install/setup.bash'
[7.597s] INFO:colcon.colcon_core.shell:Creating prefix script '/home/gargie/key_ws/install/local_setup.zsh'
[7.600s] INFO:colcon.colcon_core.shell:Creating prefix chain script '/home/gargie/key_ws/install/setup.zsh'
