running egg_info
writing ../../build/key1_pkg/key1_pkg.egg-info/PKG-INFO
writing dependency_links to ../../build/key1_pkg/key1_pkg.egg-info/dependency_links.txt
writing entry points to ../../build/key1_pkg/key1_pkg.egg-info/entry_points.txt
writing requirements to ../../build/key1_pkg/key1_pkg.egg-info/requires.txt
writing top-level names to ../../build/key1_pkg/key1_pkg.egg-info/top_level.txt
reading manifest file '../../build/key1_pkg/key1_pkg.egg-info/SOURCES.txt'
adding license file 'LICENSE'
writing manifest file '../../build/key1_pkg/key1_pkg.egg-info/SOURCES.txt'
running build
running build_py
copying key1_pkg/sub_key1.py -> /home/gargie/key_ws/build/key1_pkg/build/lib/key1_pkg
running install
running install_lib
copying /home/gargie/key_ws/build/key1_pkg/build/lib/key1_pkg/sub_key1.py -> /home/gargie/key_ws/install/key1_pkg/lib/python3.10/site-packages/key1_pkg
byte-compiling /home/gargie/key_ws/install/key1_pkg/lib/python3.10/site-packages/key1_pkg/sub_key1.py to sub_key1.cpython-310.pyc
running install_data
running install_egg_info
removing '/home/gargie/key_ws/install/key1_pkg/lib/python3.10/site-packages/key1_pkg-0.0.0-py3.10.egg-info' (and everything under it)
Copying ../../build/key1_pkg/key1_pkg.egg-info to /home/gargie/key_ws/install/key1_pkg/lib/python3.10/site-packages/key1_pkg-0.0.0-py3.10.egg-info
running install_scripts
Installing pub_key1 script to /home/gargie/key_ws/install/key1_pkg/lib/key1_pkg
Installing sub_key1 script to /home/gargie/key_ws/install/key1_pkg/lib/key1_pkg
writing list of installed files to '/home/gargie/key_ws/build/key1_pkg/install.log'
