[2.995s] Invoking command in '/home/gargie/key_ws/src/key1_pkg': PYTHONPATH=/home/gargie/key_ws/build/key1_pkg/prefix_override:/usr/lib/python3/dist-packages/colcon_core/task/python/colcon_distutils_commands:/home/gargie/key_ws/install/key1_pkg/lib/python3.10/site-packages:${PYTHONPATH} /usr/bin/python3 -W ignore:setup.py install is deprecated -W ignore:easy_install command is deprecated setup.py egg_info --egg-base ../../build/key1_pkg build --build-base /home/gargie/key_ws/build/key1_pkg/build install --record /home/gargie/key_ws/build/key1_pkg/install.log --single-version-externally-managed install_data
[4.160s] running egg_info
[4.163s] writing ../../build/key1_pkg/key1_pkg.egg-info/PKG-INFO
[4.165s] writing dependency_links to ../../build/key1_pkg/key1_pkg.egg-info/dependency_links.txt
[4.167s] writing entry points to ../../build/key1_pkg/key1_pkg.egg-info/entry_points.txt
[4.169s] writing requirements to ../../build/key1_pkg/key1_pkg.egg-info/requires.txt
[4.171s] writing top-level names to ../../build/key1_pkg/key1_pkg.egg-info/top_level.txt
[4.175s] reading manifest file '../../build/key1_pkg/key1_pkg.egg-info/SOURCES.txt'
[4.178s] adding license file 'LICENSE'
[4.180s] writing manifest file '../../build/key1_pkg/key1_pkg.egg-info/SOURCES.txt'
[4.182s] running build
[4.184s] running build_py
[4.186s] copying key1_pkg/sub_key1.py -> /home/gargie/key_ws/build/key1_pkg/build/lib/key1_pkg
[4.188s] running install
[4.190s] running install_lib
[4.193s] copying /home/gargie/key_ws/build/key1_pkg/build/lib/key1_pkg/sub_key1.py -> /home/gargie/key_ws/install/key1_pkg/lib/python3.10/site-packages/key1_pkg
[4.195s] byte-compiling /home/gargie/key_ws/install/key1_pkg/lib/python3.10/site-packages/key1_pkg/sub_key1.py to sub_key1.cpython-310.pyc
[4.196s] running install_data
[4.199s] running install_egg_info
[4.200s] removing '/home/gargie/key_ws/install/key1_pkg/lib/python3.10/site-packages/key1_pkg-0.0.0-py3.10.egg-info' (and everything under it)
[4.202s] Copying ../../build/key1_pkg/key1_pkg.egg-info to /home/gargie/key_ws/install/key1_pkg/lib/python3.10/site-packages/key1_pkg-0.0.0-py3.10.egg-info
[4.205s] running install_scripts
[4.296s] Installing pub_key1 script to /home/gargie/key_ws/install/key1_pkg/lib/key1_pkg
[4.298s] Installing sub_key1 script to /home/gargie/key_ws/install/key1_pkg/lib/key1_pkg
[4.300s] writing list of installed files to '/home/gargie/key_ws/build/key1_pkg/install.log'
[4.425s] Invoked command in '/home/gargie/key_ws/src/key1_pkg' returned '0': PYTHONPATH=/home/gargie/key_ws/build/key1_pkg/prefix_override:/usr/lib/python3/dist-packages/colcon_core/task/python/colcon_distutils_commands:/home/gargie/key_ws/install/key1_pkg/lib/python3.10/site-packages:${PYTHONPATH} /usr/bin/python3 -W ignore:setup.py install is deprecated -W ignore:easy_install command is deprecated setup.py egg_info --egg-base ../../build/key1_pkg build --build-base /home/gargie/key_ws/build/key1_pkg/build install --record /home/gargie/key_ws/build/key1_pkg/install.log --single-version-externally-managed install_data
