[0.020s] Invoking command in '/home/nihit/servcli/build/action_tutorials_interfaces': CMAKE_PREFIX_PATH=${CMAKE_PREFIX_PATH}:/home/nihit/servcli/install/py_srvcli:/opt/ros/humble /usr/bin/cmake --build /home/nihit/servcli/build/action_tutorials_interfaces -- -j8 -l8
[0.088s] [  3%] [34m[1mGenerating C code for ROS interfaces[0m
[0.107s] [  6%] [34m[1mGenerating C++ code for ROS interfaces[0m
[0.122s] [  6%] Built target ament_cmake_python_copy_action_tutorials_interfaces
[0.701s] running egg_info
[0.703s] creating action_tutorials_interfaces.egg-info
[0.704s] writing action_tutorials_interfaces.egg-info/PKG-INFO
[0.704s] writing dependency_links to action_tutorials_interfaces.egg-info/dependency_links.txt
[0.704s] writing top-level names to action_tutorials_interfaces.egg-info/top_level.txt
[0.705s] writing manifest file 'action_tutorials_interfaces.egg-info/SOURCES.txt'
[0.711s] reading manifest file 'action_tutorials_interfaces.egg-info/SOURCES.txt'
[0.712s] writing manifest file 'action_tutorials_interfaces.egg-info/SOURCES.txt'
[0.761s] [  6%] Built target ament_cmake_python_build_action_tutorials_interfaces_egg
[0.968s] [  9%] [32mBuilding C object CMakeFiles/action_tutorials_interfaces__rosidl_generator_c.dir/rosidl_generator_c/action_tutorials_interfaces/action/detail/fibonacci__functions.c.o[0m
[1.000s] [  9%] Built target action_tutorials_interfaces__cpp
[1.016s] [ 12%] [34m[1mGenerating C++ type support for eProsima Fast-RTPS[0m
[1.016s] [ 19%] [34m[1mGenerating C++ type support dispatch for ROS interfaces[0m
[1.017s] [ 19%] [34m[1mGenerating C++ introspection for ROS interfaces[0m
[1.230s] [ 22%] [32m[1mLinking C shared library libaction_tutorials_interfaces__rosidl_generator_c.so[0m
[1.297s] [ 22%] Built target action_tutorials_interfaces__rosidl_generator_c
[1.320s] [ 25%] [34m[1mGenerating C type support for eProsima Fast-RTPS[0m
[1.321s] [ 29%] [34m[1mGenerating C introspection for ROS interfaces[0m
[1.321s] [ 32%] [34m[1mGenerating C type support dispatch for ROS interfaces[0m
[1.783s] [ 35%] [32mBuilding CXX object CMakeFiles/action_tutorials_interfaces__rosidl_typesupport_cpp.dir/rosidl_typesupport_cpp/action_tutorials_interfaces/action/fibonacci__type_support.cpp.o[0m
[1.921s] [ 38%] [32mBuilding CXX object CMakeFiles/action_tutorials_interfaces__rosidl_typesupport_c.dir/rosidl_typesupport_c/action_tutorials_interfaces/action/fibonacci__type_support.cpp.o[0m
[1.980s] [ 41%] [32mBuilding CXX object CMakeFiles/action_tutorials_interfaces__rosidl_typesupport_fastrtps_cpp.dir/rosidl_typesupport_fastrtps_cpp/action_tutorials_interfaces/action/detail/dds_fastrtps/fibonacci__type_support.cpp.o[0m
[2.059s] [ 45%] [32m[1mLinking CXX shared library libaction_tutorials_interfaces__rosidl_typesupport_c.so[0m
[2.078s] [ 48%] [32mBuilding CXX object CMakeFiles/action_tutorials_interfaces__rosidl_typesupport_introspection_cpp.dir/rosidl_typesupport_introspection_cpp/action_tutorials_interfaces/action/detail/fibonacci__type_support.cpp.o[0m
[2.171s] [ 48%] Built target action_tutorials_interfaces__rosidl_typesupport_c
[2.257s] [ 51%] [32mBuilding CXX object CMakeFiles/action_tutorials_interfaces__rosidl_typesupport_fastrtps_c.dir/rosidl_typesupport_fastrtps_c/action_tutorials_interfaces/action/detail/fibonacci__type_support_c.cpp.o[0m
[2.535s] [ 54%] [32mBuilding C object CMakeFiles/action_tutorials_interfaces__rosidl_typesupport_introspection_c.dir/rosidl_typesupport_introspection_c/action_tutorials_interfaces/action/detail/fibonacci__type_support.c.o[0m
[2.681s] [ 58%] [32m[1mLinking CXX shared library libaction_tutorials_interfaces__rosidl_typesupport_cpp.so[0m
[2.687s] [ 61%] [32m[1mLinking C shared library libaction_tutorials_interfaces__rosidl_typesupport_introspection_c.so[0m
[2.766s] [ 61%] Built target action_tutorials_interfaces__rosidl_typesupport_cpp
[2.769s] [ 61%] Built target action_tutorials_interfaces__rosidl_typesupport_introspection_c
[3.041s] [ 64%] [32m[1mLinking CXX shared library libaction_tutorials_interfaces__rosidl_typesupport_fastrtps_c.so[0m
[3.195s] [ 64%] Built target action_tutorials_interfaces__rosidl_typesupport_fastrtps_c
[3.291s] [ 67%] [32m[1mLinking CXX shared library libaction_tutorials_interfaces__rosidl_typesupport_fastrtps_cpp.so[0m
[3.428s] [ 67%] Built target action_tutorials_interfaces__rosidl_typesupport_fastrtps_cpp
[3.518s] [ 70%] [32m[1mLinking CXX shared library libaction_tutorials_interfaces__rosidl_typesupport_introspection_cpp.so[0m
[3.651s] [ 70%] Built target action_tutorials_interfaces__rosidl_typesupport_introspection_cpp
[3.686s] [ 70%] Built target action_tutorials_interfaces
[3.718s] [ 74%] [34m[1mGenerating Python code for ROS interfaces[0m
[5.172s] [ 74%] Built target action_tutorials_interfaces__py
[5.206s] [ 77%] [32mBuilding C object CMakeFiles/action_tutorials_interfaces__rosidl_generator_py.dir/rosidl_generator_py/action_tutorials_interfaces/action/_fibonacci_s.c.o[0m
[5.527s] [ 80%] [32m[1mLinking C shared library rosidl_generator_py/action_tutorials_interfaces/libaction_tutorials_interfaces__rosidl_generator_py.so[0m
[5.603s] [ 80%] Built target action_tutorials_interfaces__rosidl_generator_py
[5.636s] [ 83%] [32mBuilding C object CMakeFiles/action_tutorials_interfaces__rosidl_typesupport_introspection_c__pyext.dir/rosidl_generator_py/action_tutorials_interfaces/_action_tutorials_interfaces_s.ep.rosidl_typesupport_introspection_c.c.o[0m
[5.637s] [ 90%] [32mBuilding C object CMakeFiles/action_tutorials_interfaces__rosidl_typesupport_fastrtps_c__pyext.dir/rosidl_generator_py/action_tutorials_interfaces/_action_tutorials_interfaces_s.ep.rosidl_typesupport_fastrtps_c.c.o[0m
[5.637s] [ 90%] [32mBuilding C object CMakeFiles/action_tutorials_interfaces__rosidl_typesupport_c__pyext.dir/rosidl_generator_py/action_tutorials_interfaces/_action_tutorials_interfaces_s.ep.rosidl_typesupport_c.c.o[0m
[5.858s] [ 93%] [32m[1mLinking C shared library rosidl_generator_py/action_tutorials_interfaces/action_tutorials_interfaces_s__rosidl_typesupport_c.cpython-310-x86_64-linux-gnu.so[0m
[5.864s] [ 96%] [32m[1mLinking C shared library rosidl_generator_py/action_tutorials_interfaces/action_tutorials_interfaces_s__rosidl_typesupport_introspection_c.cpython-310-x86_64-linux-gnu.so[0m
[5.872s] [100%] [32m[1mLinking C shared library rosidl_generator_py/action_tutorials_interfaces/action_tutorials_interfaces_s__rosidl_typesupport_fastrtps_c.cpython-310-x86_64-linux-gnu.so[0m
[5.926s] [100%] Built target action_tutorials_interfaces__rosidl_typesupport_c__pyext
[5.936s] [100%] Built target action_tutorials_interfaces__rosidl_typesupport_introspection_c__pyext
[5.939s] [100%] Built target action_tutorials_interfaces__rosidl_typesupport_fastrtps_c__pyext
[5.962s] Invoked command in '/home/nihit/servcli/build/action_tutorials_interfaces' returned '0': CMAKE_PREFIX_PATH=${CMAKE_PREFIX_PATH}:/home/nihit/servcli/install/py_srvcli:/opt/ros/humble /usr/bin/cmake --build /home/nihit/servcli/build/action_tutorials_interfaces -- -j8 -l8
[5.979s] Invoking command in '/home/nihit/servcli/build/action_tutorials_interfaces': CMAKE_PREFIX_PATH=${CMAKE_PREFIX_PATH}:/home/nihit/servcli/install/py_srvcli:/opt/ros/humble /usr/bin/cmake --install /home/nihit/servcli/build/action_tutorials_interfaces
[5.992s] -- Install configuration: ""
[5.993s] -- Installing: /home/nihit/servcli/install/action_tutorials_interfaces/share/ament_index/resource_index/rosidl_interfaces/action_tutorials_interfaces
[5.993s] -- Installing: /home/nihit/servcli/install/action_tutorials_interfaces/include/action_tutorials_interfaces/action_tutorials_interfaces
[5.994s] -- Installing: /home/nihit/servcli/install/action_tutorials_interfaces/include/action_tutorials_interfaces/action_tutorials_interfaces/action
[5.994s] -- Installing: /home/nihit/servcli/install/action_tutorials_interfaces/include/action_tutorials_interfaces/action_tutorials_interfaces/action/detail
[5.994s] -- Installing: /home/nihit/servcli/install/action_tutorials_interfaces/include/action_tutorials_interfaces/action_tutorials_interfaces/action/detail/fibonacci__struct.h
[5.994s] -- Installing: /home/nihit/servcli/install/action_tutorials_interfaces/include/action_tutorials_interfaces/action_tutorials_interfaces/action/detail/fibonacci__functions.c
[5.994s] -- Installing: /home/nihit/servcli/install/action_tutorials_interfaces/include/action_tutorials_interfaces/action_tutorials_interfaces/action/detail/fibonacci__type_support.h
[5.995s] -- Installing: /home/nihit/servcli/install/action_tutorials_interfaces/include/action_tutorials_interfaces/action_tutorials_interfaces/action/detail/fibonacci__functions.h
[5.995s] -- Installing: /home/nihit/servcli/install/action_tutorials_interfaces/include/action_tutorials_interfaces/action_tutorials_interfaces/action/fibonacci.h
[5.995s] -- Installing: /home/nihit/servcli/install/action_tutorials_interfaces/include/action_tutorials_interfaces/action_tutorials_interfaces/msg
[5.995s] -- Installing: /home/nihit/servcli/install/action_tutorials_interfaces/include/action_tutorials_interfaces/action_tutorials_interfaces/msg/rosidl_generator_c__visibility_control.h
[5.996s] -- Installing: /home/nihit/servcli/install/action_tutorials_interfaces/share/action_tutorials_interfaces/environment/library_path.sh
[5.996s] -- Installing: /home/nihit/servcli/install/action_tutorials_interfaces/share/action_tutorials_interfaces/environment/library_path.dsv
[5.997s] -- Installing: /home/nihit/servcli/install/action_tutorials_interfaces/lib/libaction_tutorials_interfaces__rosidl_generator_c.so
[5.997s] -- Set runtime path of "/home/nihit/servcli/install/action_tutorials_interfaces/lib/libaction_tutorials_interfaces__rosidl_generator_c.so" to ""
[5.998s] -- Up-to-date: /home/nihit/servcli/install/action_tutorials_interfaces/include/action_tutorials_interfaces/action_tutorials_interfaces
[5.998s] -- Up-to-date: /home/nihit/servcli/install/action_tutorials_interfaces/include/action_tutorials_interfaces/action_tutorials_interfaces/action
[5.998s] -- Up-to-date: /home/nihit/servcli/install/action_tutorials_interfaces/include/action_tutorials_interfaces/action_tutorials_interfaces/action/detail
[5.998s] -- Installing: /home/nihit/servcli/install/action_tutorials_interfaces/include/action_tutorials_interfaces/action_tutorials_interfaces/action/detail/fibonacci__rosidl_typesupport_fastrtps_c.h
[6.000s] -- Up-to-date: /home/nihit/servcli/install/action_tutorials_interfaces/include/action_tutorials_interfaces/action_tutorials_interfaces/msg
[6.000s] -- Installing: /home/nihit/servcli/install/action_tutorials_interfaces/include/action_tutorials_interfaces/action_tutorials_interfaces/msg/rosidl_typesupport_fastrtps_c__visibility_control.h
[6.000s] -- Installing: /home/nihit/servcli/install/action_tutorials_interfaces/lib/libaction_tutorials_interfaces__rosidl_typesupport_fastrtps_c.so
[6.001s] -- Set runtime path of "/home/nihit/servcli/install/action_tutorials_interfaces/lib/libaction_tutorials_interfaces__rosidl_typesupport_fastrtps_c.so" to ""
[6.001s] -- Up-to-date: /home/nihit/servcli/install/action_tutorials_interfaces/include/action_tutorials_interfaces/action_tutorials_interfaces
[6.001s] -- Up-to-date: /home/nihit/servcli/install/action_tutorials_interfaces/include/action_tutorials_interfaces/action_tutorials_interfaces/action
[6.001s] -- Up-to-date: /home/nihit/servcli/install/action_tutorials_interfaces/include/action_tutorials_interfaces/action_tutorials_interfaces/action/detail
[6.001s] -- Installing: /home/nihit/servcli/install/action_tutorials_interfaces/include/action_tutorials_interfaces/action_tutorials_interfaces/action/detail/fibonacci__type_support.c
[6.002s] -- Installing: /home/nihit/servcli/install/action_tutorials_interfaces/include/action_tutorials_interfaces/action_tutorials_interfaces/action/detail/fibonacci__rosidl_typesupport_introspection_c.h
[6.002s] -- Up-to-date: /home/nihit/servcli/install/action_tutorials_interfaces/include/action_tutorials_interfaces/action_tutorials_interfaces/msg
[6.002s] -- Installing: /home/nihit/servcli/install/action_tutorials_interfaces/include/action_tutorials_interfaces/action_tutorials_interfaces/msg/rosidl_typesupport_introspection_c__visibility_control.h
[6.002s] -- Installing: /home/nihit/servcli/install/action_tutorials_interfaces/lib/libaction_tutorials_interfaces__rosidl_typesupport_introspection_c.so
[6.003s] -- Set runtime path of "/home/nihit/servcli/install/action_tutorials_interfaces/lib/libaction_tutorials_interfaces__rosidl_typesupport_introspection_c.so" to ""
[6.003s] -- Installing: /home/nihit/servcli/install/action_tutorials_interfaces/lib/libaction_tutorials_interfaces__rosidl_typesupport_c.so
[6.003s] -- Set runtime path of "/home/nihit/servcli/install/action_tutorials_interfaces/lib/libaction_tutorials_interfaces__rosidl_typesupport_c.so" to ""
[6.003s] -- Up-to-date: /home/nihit/servcli/install/action_tutorials_interfaces/include/action_tutorials_interfaces/action_tutorials_interfaces
[6.003s] -- Up-to-date: /home/nihit/servcli/install/action_tutorials_interfaces/include/action_tutorials_interfaces/action_tutorials_interfaces/action
[6.004s] -- Up-to-date: /home/nihit/servcli/install/action_tutorials_interfaces/include/action_tutorials_interfaces/action_tutorials_interfaces/action/detail
[6.004s] -- Installing: /home/nihit/servcli/install/action_tutorials_interfaces/include/action_tutorials_interfaces/action_tutorials_interfaces/action/detail/fibonacci__struct.hpp
[6.004s] -- Installing: /home/nihit/servcli/install/action_tutorials_interfaces/include/action_tutorials_interfaces/action_tutorials_interfaces/action/detail/fibonacci__type_support.hpp
[6.004s] -- Installing: /home/nihit/servcli/install/action_tutorials_interfaces/include/action_tutorials_interfaces/action_tutorials_interfaces/action/detail/fibonacci__traits.hpp
[6.005s] -- Installing: /home/nihit/servcli/install/action_tutorials_interfaces/include/action_tutorials_interfaces/action_tutorials_interfaces/action/detail/fibonacci__builder.hpp
[6.005s] -- Installing: /home/nihit/servcli/install/action_tutorials_interfaces/include/action_tutorials_interfaces/action_tutorials_interfaces/action/fibonacci.hpp
[6.005s] -- Up-to-date: /home/nihit/servcli/install/action_tutorials_interfaces/include/action_tutorials_interfaces/action_tutorials_interfaces/msg
[6.005s] -- Installing: /home/nihit/servcli/install/action_tutorials_interfaces/include/action_tutorials_interfaces/action_tutorials_interfaces/msg/rosidl_generator_cpp__visibility_control.hpp
[6.005s] -- Up-to-date: /home/nihit/servcli/install/action_tutorials_interfaces/include/action_tutorials_interfaces/action_tutorials_interfaces
[6.006s] -- Up-to-date: /home/nihit/servcli/install/action_tutorials_interfaces/include/action_tutorials_interfaces/action_tutorials_interfaces/action
[6.006s] -- Up-to-date: /home/nihit/servcli/install/action_tutorials_interfaces/include/action_tutorials_interfaces/action_tutorials_interfaces/action/detail
[6.006s] -- Installing: /home/nihit/servcli/install/action_tutorials_interfaces/include/action_tutorials_interfaces/action_tutorials_interfaces/action/detail/dds_fastrtps
[6.006s] -- Installing: /home/nihit/servcli/install/action_tutorials_interfaces/include/action_tutorials_interfaces/action_tutorials_interfaces/action/detail/fibonacci__rosidl_typesupport_fastrtps_cpp.hpp
[6.006s] -- Up-to-date: /home/nihit/servcli/install/action_tutorials_interfaces/include/action_tutorials_interfaces/action_tutorials_interfaces/msg
[6.007s] -- Installing: /home/nihit/servcli/install/action_tutorials_interfaces/include/action_tutorials_interfaces/action_tutorials_interfaces/msg/rosidl_typesupport_fastrtps_cpp__visibility_control.h
[6.007s] -- Installing: /home/nihit/servcli/install/action_tutorials_interfaces/lib/libaction_tutorials_interfaces__rosidl_typesupport_fastrtps_cpp.so
[6.007s] -- Set runtime path of "/home/nihit/servcli/install/action_tutorials_interfaces/lib/libaction_tutorials_interfaces__rosidl_typesupport_fastrtps_cpp.so" to ""
[6.007s] -- Up-to-date: /home/nihit/servcli/install/action_tutorials_interfaces/include/action_tutorials_interfaces/action_tutorials_interfaces
[6.007s] -- Up-to-date: /home/nihit/servcli/install/action_tutorials_interfaces/include/action_tutorials_interfaces/action_tutorials_interfaces/action
[6.008s] -- Up-to-date: /home/nihit/servcli/install/action_tutorials_interfaces/include/action_tutorials_interfaces/action_tutorials_interfaces/action/detail
[6.008s] -- Installing: /home/nihit/servcli/install/action_tutorials_interfaces/include/action_tutorials_interfaces/action_tutorials_interfaces/action/detail/fibonacci__rosidl_typesupport_introspection_cpp.hpp
[6.008s] -- Installing: /home/nihit/servcli/install/action_tutorials_interfaces/include/action_tutorials_interfaces/action_tutorials_interfaces/action/detail/fibonacci__type_support.cpp
[6.008s] -- Installing: /home/nihit/servcli/install/action_tutorials_interfaces/lib/libaction_tutorials_interfaces__rosidl_typesupport_introspection_cpp.so
[6.009s] -- Set runtime path of "/home/nihit/servcli/install/action_tutorials_interfaces/lib/libaction_tutorials_interfaces__rosidl_typesupport_introspection_cpp.so" to ""
[6.009s] -- Installing: /home/nihit/servcli/install/action_tutorials_interfaces/lib/libaction_tutorials_interfaces__rosidl_typesupport_cpp.so
[6.009s] -- Set runtime path of "/home/nihit/servcli/install/action_tutorials_interfaces/lib/libaction_tutorials_interfaces__rosidl_typesupport_cpp.so" to ""
[6.010s] -- Installing: /home/nihit/servcli/install/action_tutorials_interfaces/share/action_tutorials_interfaces/environment/pythonpath.sh
[6.010s] -- Installing: /home/nihit/servcli/install/action_tutorials_interfaces/share/action_tutorials_interfaces/environment/pythonpath.dsv
[6.010s] -- Installing: /home/nihit/servcli/install/action_tutorials_interfaces/local/lib/python3.10/dist-packages/action_tutorials_interfaces-0.0.0-py3.10.egg-info
[6.010s] -- Installing: /home/nihit/servcli/install/action_tutorials_interfaces/local/lib/python3.10/dist-packages/action_tutorials_interfaces-0.0.0-py3.10.egg-info/top_level.txt
[6.011s] -- Installing: /home/nihit/servcli/install/action_tutorials_interfaces/local/lib/python3.10/dist-packages/action_tutorials_interfaces-0.0.0-py3.10.egg-info/PKG-INFO
[6.011s] -- Installing: /home/nihit/servcli/install/action_tutorials_interfaces/local/lib/python3.10/dist-packages/action_tutorials_interfaces-0.0.0-py3.10.egg-info/dependency_links.txt
[6.011s] -- Installing: /home/nihit/servcli/install/action_tutorials_interfaces/local/lib/python3.10/dist-packages/action_tutorials_interfaces-0.0.0-py3.10.egg-info/SOURCES.txt
[6.011s] -- Installing: /home/nihit/servcli/install/action_tutorials_interfaces/local/lib/python3.10/dist-packages/action_tutorials_interfaces
[6.012s] -- Installing: /home/nihit/servcli/install/action_tutorials_interfaces/local/lib/python3.10/dist-packages/action_tutorials_interfaces/_action_tutorials_interfaces_s.ep.rosidl_typesupport_c.c
[6.012s] -- Installing: /home/nihit/servcli/install/action_tutorials_interfaces/local/lib/python3.10/dist-packages/action_tutorials_interfaces/action_tutorials_interfaces_s__rosidl_typesupport_c.cpython-310-x86_64-linux-gnu.so
[6.012s] -- Installing: /home/nihit/servcli/install/action_tutorials_interfaces/local/lib/python3.10/dist-packages/action_tutorials_interfaces/action
[6.012s] -- Installing: /home/nihit/servcli/install/action_tutorials_interfaces/local/lib/python3.10/dist-packages/action_tutorials_interfaces/action/_fibonacci_s.c
[6.013s] -- Installing: /home/nihit/servcli/install/action_tutorials_interfaces/local/lib/python3.10/dist-packages/action_tutorials_interfaces/action/__init__.py
[6.013s] -- Installing: /home/nihit/servcli/install/action_tutorials_interfaces/local/lib/python3.10/dist-packages/action_tutorials_interfaces/action/_fibonacci.py
[6.013s] -- Installing: /home/nihit/servcli/install/action_tutorials_interfaces/local/lib/python3.10/dist-packages/action_tutorials_interfaces/action_tutorials_interfaces_s__rosidl_typesupport_fastrtps_c.cpython-310-x86_64-linux-gnu.so
[6.013s] -- Installing: /home/nihit/servcli/install/action_tutorials_interfaces/local/lib/python3.10/dist-packages/action_tutorials_interfaces/_action_tutorials_interfaces_s.ep.rosidl_typesupport_introspection_c.c
[6.014s] -- Installing: /home/nihit/servcli/install/action_tutorials_interfaces/local/lib/python3.10/dist-packages/action_tutorials_interfaces/libaction_tutorials_interfaces__rosidl_generator_py.so
[6.015s] -- Installing: /home/nihit/servcli/install/action_tutorials_interfaces/local/lib/python3.10/dist-packages/action_tutorials_interfaces/action_tutorials_interfaces_s__rosidl_typesupport_introspection_c.cpython-310-x86_64-linux-gnu.so
[6.015s] -- Installing: /home/nihit/servcli/install/action_tutorials_interfaces/local/lib/python3.10/dist-packages/action_tutorials_interfaces/__init__.py
[6.015s] -- Installing: /home/nihit/servcli/install/action_tutorials_interfaces/local/lib/python3.10/dist-packages/action_tutorials_interfaces/_action_tutorials_interfaces_s.ep.rosidl_typesupport_fastrtps_c.c
[6.090s] Listing '/home/nihit/servcli/install/action_tutorials_interfaces/local/lib/python3.10/dist-packages/action_tutorials_interfaces'...
[6.090s] Compiling '/home/nihit/servcli/install/action_tutorials_interfaces/local/lib/python3.10/dist-packages/action_tutorials_interfaces/__init__.py'...
[6.090s] Listing '/home/nihit/servcli/install/action_tutorials_interfaces/local/lib/python3.10/dist-packages/action_tutorials_interfaces/action'...
[6.090s] Compiling '/home/nihit/servcli/install/action_tutorials_interfaces/local/lib/python3.10/dist-packages/action_tutorials_interfaces/action/__init__.py'...
[6.090s] Compiling '/home/nihit/servcli/install/action_tutorials_interfaces/local/lib/python3.10/dist-packages/action_tutorials_interfaces/action/_fibonacci.py'...
[6.099s] -- Installing: /home/nihit/servcli/install/action_tutorials_interfaces/local/lib/python3.10/dist-packages/action_tutorials_interfaces/action_tutorials_interfaces_s__rosidl_typesupport_fastrtps_c.cpython-310-x86_64-linux-gnu.so
[6.100s] -- Set runtime path of "/home/nihit/servcli/install/action_tutorials_interfaces/local/lib/python3.10/dist-packages/action_tutorials_interfaces/action_tutorials_interfaces_s__rosidl_typesupport_fastrtps_c.cpython-310-x86_64-linux-gnu.so" to ""
[6.100s] -- Installing: /home/nihit/servcli/install/action_tutorials_interfaces/local/lib/python3.10/dist-packages/action_tutorials_interfaces/action_tutorials_interfaces_s__rosidl_typesupport_introspection_c.cpython-310-x86_64-linux-gnu.so
[6.101s] -- Set runtime path of "/home/nihit/servcli/install/action_tutorials_interfaces/local/lib/python3.10/dist-packages/action_tutorials_interfaces/action_tutorials_interfaces_s__rosidl_typesupport_introspection_c.cpython-310-x86_64-linux-gnu.so" to ""
[6.101s] -- Installing: /home/nihit/servcli/install/action_tutorials_interfaces/local/lib/python3.10/dist-packages/action_tutorials_interfaces/action_tutorials_interfaces_s__rosidl_typesupport_c.cpython-310-x86_64-linux-gnu.so
[6.102s] -- Set runtime path of "/home/nihit/servcli/install/action_tutorials_interfaces/local/lib/python3.10/dist-packages/action_tutorials_interfaces/action_tutorials_interfaces_s__rosidl_typesupport_c.cpython-310-x86_64-linux-gnu.so" to ""
[6.102s] -- Installing: /home/nihit/servcli/install/action_tutorials_interfaces/lib/libaction_tutorials_interfaces__rosidl_generator_py.so
[6.102s] -- Set runtime path of "/home/nihit/servcli/install/action_tutorials_interfaces/lib/libaction_tutorials_interfaces__rosidl_generator_py.so" to ""
[6.102s] -- Installing: /home/nihit/servcli/install/action_tutorials_interfaces/share/action_tutorials_interfaces/action/Fibonacci.idl
[6.103s] -- Installing: /home/nihit/servcli/install/action_tutorials_interfaces/share/action_tutorials_interfaces/action/Fibonacci.action
[6.103s] -- Installing: /home/nihit/servcli/install/action_tutorials_interfaces/share/ament_index/resource_index/package_run_dependencies/action_tutorials_interfaces
[6.103s] -- Installing: /home/nihit/servcli/install/action_tutorials_interfaces/share/ament_index/resource_index/parent_prefix_path/action_tutorials_interfaces
[6.103s] -- Installing: /home/nihit/servcli/install/action_tutorials_interfaces/share/action_tutorials_interfaces/environment/ament_prefix_path.sh
[6.104s] -- Installing: /home/nihit/servcli/install/action_tutorials_interfaces/share/action_tutorials_interfaces/environment/ament_prefix_path.dsv
[6.104s] -- Installing: /home/nihit/servcli/install/action_tutorials_interfaces/share/action_tutorials_interfaces/environment/path.sh
[6.104s] -- Installing: /home/nihit/servcli/install/action_tutorials_interfaces/share/action_tutorials_interfaces/environment/path.dsv
[6.104s] -- Installing: /home/nihit/servcli/install/action_tutorials_interfaces/share/action_tutorials_interfaces/local_setup.bash
[6.104s] -- Installing: /home/nihit/servcli/install/action_tutorials_interfaces/share/action_tutorials_interfaces/local_setup.sh
[6.105s] -- Installing: /home/nihit/servcli/install/action_tutorials_interfaces/share/action_tutorials_interfaces/local_setup.zsh
[6.105s] -- Installing: /home/nihit/servcli/install/action_tutorials_interfaces/share/action_tutorials_interfaces/local_setup.dsv
[6.105s] -- Installing: /home/nihit/servcli/install/action_tutorials_interfaces/share/action_tutorials_interfaces/package.dsv
[6.105s] -- Installing: /home/nihit/servcli/install/action_tutorials_interfaces/share/ament_index/resource_index/packages/action_tutorials_interfaces
[6.106s] -- Installing: /home/nihit/servcli/install/action_tutorials_interfaces/share/action_tutorials_interfaces/cmake/export_action_tutorials_interfaces__rosidl_generator_cExport.cmake
[6.106s] -- Installing: /home/nihit/servcli/install/action_tutorials_interfaces/share/action_tutorials_interfaces/cmake/export_action_tutorials_interfaces__rosidl_generator_cExport-noconfig.cmake
[6.106s] -- Installing: /home/nihit/servcli/install/action_tutorials_interfaces/share/action_tutorials_interfaces/cmake/export_action_tutorials_interfaces__rosidl_typesupport_fastrtps_cExport.cmake
[6.106s] -- Installing: /home/nihit/servcli/install/action_tutorials_interfaces/share/action_tutorials_interfaces/cmake/export_action_tutorials_interfaces__rosidl_typesupport_fastrtps_cExport-noconfig.cmake
[6.107s] -- Installing: /home/nihit/servcli/install/action_tutorials_interfaces/share/action_tutorials_interfaces/cmake/action_tutorials_interfaces__rosidl_typesupport_introspection_cExport.cmake
[6.107s] -- Installing: /home/nihit/servcli/install/action_tutorials_interfaces/share/action_tutorials_interfaces/cmake/action_tutorials_interfaces__rosidl_typesupport_introspection_cExport-noconfig.cmake
[6.107s] -- Installing: /home/nihit/servcli/install/action_tutorials_interfaces/share/action_tutorials_interfaces/cmake/action_tutorials_interfaces__rosidl_typesupport_cExport.cmake
[6.108s] -- Installing: /home/nihit/servcli/install/action_tutorials_interfaces/share/action_tutorials_interfaces/cmake/action_tutorials_interfaces__rosidl_typesupport_cExport-noconfig.cmake
[6.108s] -- Installing: /home/nihit/servcli/install/action_tutorials_interfaces/share/action_tutorials_interfaces/cmake/export_action_tutorials_interfaces__rosidl_generator_cppExport.cmake
[6.108s] -- Installing: /home/nihit/servcli/install/action_tutorials_interfaces/share/action_tutorials_interfaces/cmake/export_action_tutorials_interfaces__rosidl_typesupport_fastrtps_cppExport.cmake
[6.108s] -- Installing: /home/nihit/servcli/install/action_tutorials_interfaces/share/action_tutorials_interfaces/cmake/export_action_tutorials_interfaces__rosidl_typesupport_fastrtps_cppExport-noconfig.cmake
[6.108s] -- Installing: /home/nihit/servcli/install/action_tutorials_interfaces/share/action_tutorials_interfaces/cmake/action_tutorials_interfaces__rosidl_typesupport_introspection_cppExport.cmake
[6.109s] -- Installing: /home/nihit/servcli/install/action_tutorials_interfaces/share/action_tutorials_interfaces/cmake/action_tutorials_interfaces__rosidl_typesupport_introspection_cppExport-noconfig.cmake
[6.109s] -- Installing: /home/nihit/servcli/install/action_tutorials_interfaces/share/action_tutorials_interfaces/cmake/action_tutorials_interfaces__rosidl_typesupport_cppExport.cmake
[6.109s] -- Installing: /home/nihit/servcli/install/action_tutorials_interfaces/share/action_tutorials_interfaces/cmake/action_tutorials_interfaces__rosidl_typesupport_cppExport-noconfig.cmake
[6.110s] -- Installing: /home/nihit/servcli/install/action_tutorials_interfaces/share/action_tutorials_interfaces/cmake/export_action_tutorials_interfaces__rosidl_generator_pyExport.cmake
[6.110s] -- Installing: /home/nihit/servcli/install/action_tutorials_interfaces/share/action_tutorials_interfaces/cmake/export_action_tutorials_interfaces__rosidl_generator_pyExport-noconfig.cmake
[6.110s] -- Installing: /home/nihit/servcli/install/action_tutorials_interfaces/share/action_tutorials_interfaces/cmake/rosidl_cmake-extras.cmake
[6.110s] -- Installing: /home/nihit/servcli/install/action_tutorials_interfaces/share/action_tutorials_interfaces/cmake/ament_cmake_export_dependencies-extras.cmake
[6.110s] -- Installing: /home/nihit/servcli/install/action_tutorials_interfaces/share/action_tutorials_interfaces/cmake/ament_cmake_export_include_directories-extras.cmake
[6.110s] -- Installing: /home/nihit/servcli/install/action_tutorials_interfaces/share/action_tutorials_interfaces/cmake/ament_cmake_export_libraries-extras.cmake
[6.111s] -- Installing: /home/nihit/servcli/install/action_tutorials_interfaces/share/action_tutorials_interfaces/cmake/ament_cmake_export_targets-extras.cmake
[6.111s] -- Installing: /home/nihit/servcli/install/action_tutorials_interfaces/share/action_tutorials_interfaces/cmake/rosidl_cmake_export_typesupport_targets-extras.cmake
[6.111s] -- Installing: /home/nihit/servcli/install/action_tutorials_interfaces/share/action_tutorials_interfaces/cmake/rosidl_cmake_export_typesupport_libraries-extras.cmake
[6.111s] -- Installing: /home/nihit/servcli/install/action_tutorials_interfaces/share/action_tutorials_interfaces/cmake/action_tutorials_interfacesConfig.cmake
[6.111s] -- Installing: /home/nihit/servcli/install/action_tutorials_interfaces/share/action_tutorials_interfaces/cmake/action_tutorials_interfacesConfig-version.cmake
[6.111s] -- Installing: /home/nihit/servcli/install/action_tutorials_interfaces/share/action_tutorials_interfaces/package.xml
[6.116s] Invoked command in '/home/nihit/servcli/build/action_tutorials_interfaces' returned '0': CMAKE_PREFIX_PATH=${CMAKE_PREFIX_PATH}:/home/nihit/servcli/install/py_srvcli:/opt/ros/humble /usr/bin/cmake --install /home/nihit/servcli/build/action_tutorials_interfaces
