[0.070s] Invoking command in '/home/nihit/servcli/build/action_tutorials_interfaces': CMAKE_PREFIX_PATH=${CMAKE_PREFIX_PATH}:/home/nihit/servcli/install/py_srvcli:/opt/ros/humble /usr/bin/cmake /home/nihit/servcli/src/action_tutorials_interfaces -DCMAKE_INSTALL_PREFIX=/home/nihit/servcli/install/action_tutorials_interfaces
[2.124s] -- The C compiler identification is GNU 11.4.0
[2.124s] -- The CXX compiler identification is GNU 11.4.0
[2.125s] -- Detecting C compiler ABI info
[2.125s] -- Detecting C compiler ABI info - done
[2.127s] -- Check for working C compiler: /usr/bin/cc - skipped
[2.128s] -- Detecting C compile features
[2.129s] -- Detecting C compile features - done
[2.129s] -- Detecting CXX compiler ABI info
[2.129s] -- Detecting CXX compiler ABI info - done
[2.129s] -- Check for working CXX compiler: /usr/bin/c++ - skipped
[2.129s] -- Detecting CXX compile features
[2.129s] -- Detecting CXX compile features - done
[2.130s] -- Found ament_cmake: 1.3.11 (/opt/ros/humble/share/ament_cmake/cmake)
[2.130s] -- Found Python3: /usr/bin/python3 (found version "3.10.12") found components: Interpreter 
[2.130s] -- Found rosidl_default_generators: 1.2.0 (/opt/ros/humble/share/rosidl_default_generators/cmake)
[2.130s] -- Using all available rosidl_typesupport_c: rosidl_typesupport_fastrtps_c;rosidl_typesupport_introspection_c
[2.130s] -- Found rosidl_adapter: 3.1.6 (/opt/ros/humble/share/rosidl_adapter/cmake)
[2.130s] -- Using all available rosidl_typesupport_cpp: rosidl_typesupport_fastrtps_cpp;rosidl_typesupport_introspection_cpp
[2.130s] -- Found ament_cmake_ros: 0.10.0 (/opt/ros/humble/share/ament_cmake_ros/cmake)
[2.676s] -- Using all available rosidl_typesupport_c: rosidl_typesupport_fastrtps_c;rosidl_typesupport_introspection_c
[3.492s] -- Using all available rosidl_typesupport_cpp: rosidl_typesupport_fastrtps_cpp;rosidl_typesupport_introspection_cpp
[3.580s] -- Found PythonInterp: /usr/bin/python3 (found suitable version "3.10.12", minimum required is "3.6") 
[3.584s] -- Found python_cmake_module: 0.10.0 (/opt/ros/humble/share/python_cmake_module/cmake)
[3.653s] -- Found PythonLibs: /usr/lib/x86_64-linux-gnu/libpython3.10.so (found suitable version "3.10.12", minimum required is "3.5") 
[3.654s] -- Using PYTHON_EXECUTABLE: /usr/bin/python3
[3.654s] -- Using PYTHON_INCLUDE_DIRS: /usr/include/python3.10
[3.654s] -- Using PYTHON_LIBRARIES: /usr/lib/x86_64-linux-gnu/libpython3.10.so
[3.717s] -- Found PythonExtra: .so  
[3.807s] -- Found ament_lint_auto: 0.12.12 (/opt/ros/humble/share/ament_lint_auto/cmake)
[3.898s] -- Added test 'lint_cmake' to check CMake code style
[3.901s] -- Added test 'xmllint' to check XML markup files
[3.915s] -- Configuring done
[4.013s] -- Generating done
[4.056s] -- Build files have been written to: /home/nihit/servcli/build/action_tutorials_interfaces
