[0.152s] Invoking command in '/home/gargie/service/build/tutorial_interface': CMAKE_PREFIX_PATH=${CMAKE_PREFIX_PATH}:/home/gargie/service/install/py_parameter:/home/gargie/service/install/py_srvcli:/home/gargie/key_ws/install/key1_pkg:/opt/ros/humble /usr/bin/cmake --build /home/gargie/service/build/tutorial_interface -- -j4 -l4
[1.762s] [  2%] Built target tutorial_interface__cpp
[1.763s] [ 12%] Built target tutorial_interface__rosidl_generator_c
[1.765s] [ 12%] Built target ament_cmake_python_copy_tutorial_interface
[1.768s] [ 23%] Built target tutorial_interface__rosidl_typesupport_cpp
[1.769s] [ 34%] Built target tutorial_interface__rosidl_typesupport_fastrtps_cpp
[1.769s] [ 44%] Built target tutorial_interface__rosidl_typesupport_fastrtps_c
[1.770s] [ 55%] Built target tutorial_interface__rosidl_typesupport_introspection_cpp
[1.770s] [ 65%] Built target tutorial_interface__rosidl_typesupport_introspection_c
[1.773s] [ 76%] Built target tutorial_interface__rosidl_typesupport_c
[1.774s] [ 76%] Built target tutorial_interface
[1.774s] [ 78%] Built target tutorial_interface__py
[1.775s] [ 87%] Built target tutorial_interface__rosidl_generator_py
[1.775s] [ 91%] Built target tutorial_interface__rosidl_typesupport_c__pyext
[1.776s] [ 95%] Built target tutorial_interface__rosidl_typesupport_fastrtps_c__pyext
[1.776s] [100%] Built target tutorial_interface__rosidl_typesupport_introspection_c__pyext
[1.992s] running egg_info
[1.995s] writing tutorial_interface.egg-info/PKG-INFO
[1.996s] writing dependency_links to tutorial_interface.egg-info/dependency_links.txt
[1.997s] writing top-level names to tutorial_interface.egg-info/top_level.txt
[2.007s] reading manifest file 'tutorial_interface.egg-info/SOURCES.txt'
[2.011s] writing manifest file 'tutorial_interface.egg-info/SOURCES.txt'
[2.148s] [100%] Built target ament_cmake_python_build_tutorial_interface_egg
[3.160s] Invoked command in '/home/gargie/service/build/tutorial_interface' returned '0': CMAKE_PREFIX_PATH=${CMAKE_PREFIX_PATH}:/home/gargie/service/install/py_parameter:/home/gargie/service/install/py_srvcli:/home/gargie/key_ws/install/key1_pkg:/opt/ros/humble /usr/bin/cmake --build /home/gargie/service/build/tutorial_interface -- -j4 -l4
[3.173s] Invoking command in '/home/gargie/service/build/tutorial_interface': CMAKE_PREFIX_PATH=${CMAKE_PREFIX_PATH}:/home/gargie/service/install/py_parameter:/home/gargie/service/install/py_srvcli:/home/gargie/key_ws/install/key1_pkg:/opt/ros/humble /usr/bin/cmake --install /home/gargie/service/build/tutorial_interface
[3.232s] -- Install configuration: ""
[3.232s] -- Up-to-date: /home/gargie/service/install/tutorial_interface/share/ament_index/resource_index/rosidl_interfaces/tutorial_interface
[3.234s] -- Up-to-date: /home/gargie/service/install/tutorial_interface/include/tutorial_interface/tutorial_interface
[3.235s] -- Up-to-date: /home/gargie/service/install/tutorial_interface/include/tutorial_interface/tutorial_interface/srv
[3.237s] -- Up-to-date: /home/gargie/service/install/tutorial_interface/include/tutorial_interface/tutorial_interface/srv/detail
[3.240s] -- Up-to-date: /home/gargie/service/install/tutorial_interface/include/tutorial_interface/tutorial_interface/srv/detail/add_three_ints__type_support.h
[3.241s] -- Up-to-date: /home/gargie/service/install/tutorial_interface/include/tutorial_interface/tutorial_interface/srv/detail/add_three_ints__functions.h
[3.241s] -- Up-to-date: /home/gargie/service/install/tutorial_interface/include/tutorial_interface/tutorial_interface/srv/detail/add_three_ints__struct.h
[3.242s] -- Up-to-date: /home/gargie/service/install/tutorial_interface/include/tutorial_interface/tutorial_interface/srv/detail/add_three_ints__functions.c
[3.242s] -- Up-to-date: /home/gargie/service/install/tutorial_interface/include/tutorial_interface/tutorial_interface/srv/add_three_ints.h
[3.243s] -- Up-to-date: /home/gargie/service/install/tutorial_interface/include/tutorial_interface/tutorial_interface/msg
[3.243s] -- Up-to-date: /home/gargie/service/install/tutorial_interface/include/tutorial_interface/tutorial_interface/msg/num.h
[3.244s] -- Up-to-date: /home/gargie/service/install/tutorial_interface/include/tutorial_interface/tutorial_interface/msg/rosidl_generator_c__visibility_control.h
[3.245s] -- Up-to-date: /home/gargie/service/install/tutorial_interface/include/tutorial_interface/tutorial_interface/msg/sphere.h
[3.246s] -- Up-to-date: /home/gargie/service/install/tutorial_interface/include/tutorial_interface/tutorial_interface/msg/detail
[3.247s] -- Up-to-date: /home/gargie/service/install/tutorial_interface/include/tutorial_interface/tutorial_interface/msg/detail/sphere__struct.h
[3.248s] -- Up-to-date: /home/gargie/service/install/tutorial_interface/include/tutorial_interface/tutorial_interface/msg/detail/num__functions.h
[3.249s] -- Up-to-date: /home/gargie/service/install/tutorial_interface/include/tutorial_interface/tutorial_interface/msg/detail/num__functions.c
[3.254s] -- Up-to-date: /home/gargie/service/install/tutorial_interface/include/tutorial_interface/tutorial_interface/msg/detail/num__struct.h
[3.254s] -- Up-to-date: /home/gargie/service/install/tutorial_interface/include/tutorial_interface/tutorial_interface/msg/detail/sphere__functions.h
[3.255s] -- Up-to-date: /home/gargie/service/install/tutorial_interface/include/tutorial_interface/tutorial_interface/msg/detail/sphere__type_support.h
[3.255s] -- Up-to-date: /home/gargie/service/install/tutorial_interface/include/tutorial_interface/tutorial_interface/msg/detail/num__type_support.h
[3.256s] -- Up-to-date: /home/gargie/service/install/tutorial_interface/include/tutorial_interface/tutorial_interface/msg/detail/sphere__functions.c
[3.260s] -- Up-to-date: /home/gargie/service/install/tutorial_interface/share/tutorial_interface/environment/library_path.sh
[3.260s] -- Up-to-date: /home/gargie/service/install/tutorial_interface/share/tutorial_interface/environment/library_path.dsv
[3.261s] -- Up-to-date: /home/gargie/service/install/tutorial_interface/lib/libtutorial_interface__rosidl_generator_c.so
[3.261s] -- Up-to-date: /home/gargie/service/install/tutorial_interface/include/tutorial_interface/tutorial_interface
[3.262s] -- Up-to-date: /home/gargie/service/install/tutorial_interface/include/tutorial_interface/tutorial_interface/srv
[3.262s] -- Up-to-date: /home/gargie/service/install/tutorial_interface/include/tutorial_interface/tutorial_interface/srv/detail
[3.264s] -- Up-to-date: /home/gargie/service/install/tutorial_interface/include/tutorial_interface/tutorial_interface/srv/detail/add_three_ints__rosidl_typesupport_fastrtps_c.h
[3.272s] -- Up-to-date: /home/gargie/service/install/tutorial_interface/include/tutorial_interface/tutorial_interface/msg
[3.273s] -- Up-to-date: /home/gargie/service/install/tutorial_interface/include/tutorial_interface/tutorial_interface/msg/detail
[3.273s] -- Up-to-date: /home/gargie/service/install/tutorial_interface/include/tutorial_interface/tutorial_interface/msg/detail/sphere__rosidl_typesupport_fastrtps_c.h
[3.273s] -- Up-to-date: /home/gargie/service/install/tutorial_interface/include/tutorial_interface/tutorial_interface/msg/detail/num__rosidl_typesupport_fastrtps_c.h
[3.274s] -- Up-to-date: /home/gargie/service/install/tutorial_interface/include/tutorial_interface/tutorial_interface/msg/rosidl_typesupport_fastrtps_c__visibility_control.h
[3.274s] -- Up-to-date: /home/gargie/service/install/tutorial_interface/lib/libtutorial_interface__rosidl_typesupport_fastrtps_c.so
[3.275s] -- Up-to-date: /home/gargie/service/install/tutorial_interface/include/tutorial_interface/tutorial_interface
[3.275s] -- Up-to-date: /home/gargie/service/install/tutorial_interface/include/tutorial_interface/tutorial_interface/srv
[3.276s] -- Up-to-date: /home/gargie/service/install/tutorial_interface/include/tutorial_interface/tutorial_interface/srv/detail
[3.276s] -- Up-to-date: /home/gargie/service/install/tutorial_interface/include/tutorial_interface/tutorial_interface/srv/detail/add_three_ints__struct.hpp
[3.277s] -- Up-to-date: /home/gargie/service/install/tutorial_interface/include/tutorial_interface/tutorial_interface/srv/detail/add_three_ints__traits.hpp
[3.280s] -- Up-to-date: /home/gargie/service/install/tutorial_interface/include/tutorial_interface/tutorial_interface/srv/detail/add_three_ints__builder.hpp
[3.281s] -- Up-to-date: /home/gargie/service/install/tutorial_interface/include/tutorial_interface/tutorial_interface/srv/detail/add_three_ints__type_support.hpp
[3.287s] -- Up-to-date: /home/gargie/service/install/tutorial_interface/include/tutorial_interface/tutorial_interface/srv/add_three_ints.hpp
[3.288s] -- Up-to-date: /home/gargie/service/install/tutorial_interface/include/tutorial_interface/tutorial_interface/msg
[3.290s] -- Up-to-date: /home/gargie/service/install/tutorial_interface/include/tutorial_interface/tutorial_interface/msg/num.hpp
[3.297s] -- Up-to-date: /home/gargie/service/install/tutorial_interface/include/tutorial_interface/tutorial_interface/msg/detail
[3.297s] -- Up-to-date: /home/gargie/service/install/tutorial_interface/include/tutorial_interface/tutorial_interface/msg/detail/num__traits.hpp
[3.298s] -- Up-to-date: /home/gargie/service/install/tutorial_interface/include/tutorial_interface/tutorial_interface/msg/detail/sphere__type_support.hpp
[3.298s] -- Up-to-date: /home/gargie/service/install/tutorial_interface/include/tutorial_interface/tutorial_interface/msg/detail/num__type_support.hpp
[3.298s] -- Up-to-date: /home/gargie/service/install/tutorial_interface/include/tutorial_interface/tutorial_interface/msg/detail/sphere__traits.hpp
[3.299s] -- Up-to-date: /home/gargie/service/install/tutorial_interface/include/tutorial_interface/tutorial_interface/msg/detail/num__struct.hpp
[3.304s] -- Up-to-date: /home/gargie/service/install/tutorial_interface/include/tutorial_interface/tutorial_interface/msg/detail/num__builder.hpp
[3.304s] -- Up-to-date: /home/gargie/service/install/tutorial_interface/include/tutorial_interface/tutorial_interface/msg/detail/sphere__struct.hpp
[3.305s] -- Up-to-date: /home/gargie/service/install/tutorial_interface/include/tutorial_interface/tutorial_interface/msg/detail/sphere__builder.hpp
[3.305s] -- Up-to-date: /home/gargie/service/install/tutorial_interface/include/tutorial_interface/tutorial_interface/msg/rosidl_generator_cpp__visibility_control.hpp
[3.306s] -- Up-to-date: /home/gargie/service/install/tutorial_interface/include/tutorial_interface/tutorial_interface/msg/sphere.hpp
[3.317s] -- Up-to-date: /home/gargie/service/install/tutorial_interface/include/tutorial_interface/tutorial_interface
[3.318s] -- Up-to-date: /home/gargie/service/install/tutorial_interface/include/tutorial_interface/tutorial_interface/srv
[3.318s] -- Up-to-date: /home/gargie/service/install/tutorial_interface/include/tutorial_interface/tutorial_interface/srv/detail
[3.319s] -- Up-to-date: /home/gargie/service/install/tutorial_interface/include/tutorial_interface/tutorial_interface/srv/detail/dds_fastrtps
[3.319s] -- Up-to-date: /home/gargie/service/install/tutorial_interface/include/tutorial_interface/tutorial_interface/srv/detail/add_three_ints__rosidl_typesupport_fastrtps_cpp.hpp
[3.320s] -- Up-to-date: /home/gargie/service/install/tutorial_interface/include/tutorial_interface/tutorial_interface/msg
[3.324s] -- Up-to-date: /home/gargie/service/install/tutorial_interface/include/tutorial_interface/tutorial_interface/msg/detail
[3.324s] -- Up-to-date: /home/gargie/service/install/tutorial_interface/include/tutorial_interface/tutorial_interface/msg/detail/dds_fastrtps
[3.325s] -- Up-to-date: /home/gargie/service/install/tutorial_interface/include/tutorial_interface/tutorial_interface/msg/detail/sphere__rosidl_typesupport_fastrtps_cpp.hpp
[3.325s] -- Up-to-date: /home/gargie/service/install/tutorial_interface/include/tutorial_interface/tutorial_interface/msg/detail/num__rosidl_typesupport_fastrtps_cpp.hpp
[3.326s] -- Up-to-date: /home/gargie/service/install/tutorial_interface/include/tutorial_interface/tutorial_interface/msg/rosidl_typesupport_fastrtps_cpp__visibility_control.h
[3.330s] -- Up-to-date: /home/gargie/service/install/tutorial_interface/lib/libtutorial_interface__rosidl_typesupport_fastrtps_cpp.so
[3.330s] -- Up-to-date: /home/gargie/service/install/tutorial_interface/include/tutorial_interface/tutorial_interface
[3.331s] -- Up-to-date: /home/gargie/service/install/tutorial_interface/include/tutorial_interface/tutorial_interface/srv
[3.331s] -- Up-to-date: /home/gargie/service/install/tutorial_interface/include/tutorial_interface/tutorial_interface/srv/detail
[3.332s] -- Up-to-date: /home/gargie/service/install/tutorial_interface/include/tutorial_interface/tutorial_interface/srv/detail/add_three_ints__rosidl_typesupport_introspection_c.h
[3.337s] -- Up-to-date: /home/gargie/service/install/tutorial_interface/include/tutorial_interface/tutorial_interface/srv/detail/add_three_ints__type_support.c
[3.337s] -- Up-to-date: /home/gargie/service/install/tutorial_interface/include/tutorial_interface/tutorial_interface/msg
[3.338s] -- Up-to-date: /home/gargie/service/install/tutorial_interface/include/tutorial_interface/tutorial_interface/msg/rosidl_typesupport_introspection_c__visibility_control.h
[3.338s] -- Up-to-date: /home/gargie/service/install/tutorial_interface/include/tutorial_interface/tutorial_interface/msg/detail
[3.339s] -- Up-to-date: /home/gargie/service/install/tutorial_interface/include/tutorial_interface/tutorial_interface/msg/detail/sphere__rosidl_typesupport_introspection_c.h
[3.344s] -- Up-to-date: /home/gargie/service/install/tutorial_interface/include/tutorial_interface/tutorial_interface/msg/detail/num__rosidl_typesupport_introspection_c.h
[3.344s] -- Up-to-date: /home/gargie/service/install/tutorial_interface/include/tutorial_interface/tutorial_interface/msg/detail/num__type_support.c
[3.345s] -- Up-to-date: /home/gargie/service/install/tutorial_interface/include/tutorial_interface/tutorial_interface/msg/detail/sphere__type_support.c
[3.345s] -- Up-to-date: /home/gargie/service/install/tutorial_interface/lib/libtutorial_interface__rosidl_typesupport_introspection_c.so
[3.346s] -- Up-to-date: /home/gargie/service/install/tutorial_interface/lib/libtutorial_interface__rosidl_typesupport_c.so
[3.346s] -- Up-to-date: /home/gargie/service/install/tutorial_interface/include/tutorial_interface/tutorial_interface
[3.347s] -- Up-to-date: /home/gargie/service/install/tutorial_interface/include/tutorial_interface/tutorial_interface/srv
[3.347s] -- Up-to-date: /home/gargie/service/install/tutorial_interface/include/tutorial_interface/tutorial_interface/srv/detail
[3.348s] -- Up-to-date: /home/gargie/service/install/tutorial_interface/include/tutorial_interface/tutorial_interface/srv/detail/add_three_ints__type_support.cpp
[3.348s] -- Up-to-date: /home/gargie/service/install/tutorial_interface/include/tutorial_interface/tutorial_interface/srv/detail/add_three_ints__rosidl_typesupport_introspection_cpp.hpp
[3.348s] -- Up-to-date: /home/gargie/service/install/tutorial_interface/include/tutorial_interface/tutorial_interface/msg
[3.349s] -- Up-to-date: /home/gargie/service/install/tutorial_interface/include/tutorial_interface/tutorial_interface/msg/detail
[3.355s] -- Up-to-date: /home/gargie/service/install/tutorial_interface/include/tutorial_interface/tutorial_interface/msg/detail/sphere__type_support.cpp
[3.356s] -- Up-to-date: /home/gargie/service/install/tutorial_interface/include/tutorial_interface/tutorial_interface/msg/detail/num__rosidl_typesupport_introspection_cpp.hpp
[3.357s] -- Up-to-date: /home/gargie/service/install/tutorial_interface/include/tutorial_interface/tutorial_interface/msg/detail/num__type_support.cpp
[3.357s] -- Up-to-date: /home/gargie/service/install/tutorial_interface/include/tutorial_interface/tutorial_interface/msg/detail/sphere__rosidl_typesupport_introspection_cpp.hpp
[3.358s] -- Up-to-date: /home/gargie/service/install/tutorial_interface/lib/libtutorial_interface__rosidl_typesupport_introspection_cpp.so
[3.362s] -- Up-to-date: /home/gargie/service/install/tutorial_interface/lib/libtutorial_interface__rosidl_typesupport_cpp.so
[3.362s] -- Up-to-date: /home/gargie/service/install/tutorial_interface/share/tutorial_interface/environment/pythonpath.sh
[3.363s] -- Up-to-date: /home/gargie/service/install/tutorial_interface/share/tutorial_interface/environment/pythonpath.dsv
[3.363s] -- Up-to-date: /home/gargie/service/install/tutorial_interface/local/lib/python3.10/dist-packages/tutorial_interface-0.0.0-py3.10.egg-info
[3.364s] -- Installing: /home/gargie/service/install/tutorial_interface/local/lib/python3.10/dist-packages/tutorial_interface-0.0.0-py3.10.egg-info/SOURCES.txt
[3.367s] -- Installing: /home/gargie/service/install/tutorial_interface/local/lib/python3.10/dist-packages/tutorial_interface-0.0.0-py3.10.egg-info/dependency_links.txt
[3.368s] -- Installing: /home/gargie/service/install/tutorial_interface/local/lib/python3.10/dist-packages/tutorial_interface-0.0.0-py3.10.egg-info/top_level.txt
[3.368s] -- Installing: /home/gargie/service/install/tutorial_interface/local/lib/python3.10/dist-packages/tutorial_interface-0.0.0-py3.10.egg-info/PKG-INFO
[3.369s] -- Up-to-date: /home/gargie/service/install/tutorial_interface/local/lib/python3.10/dist-packages/tutorial_interface
[3.369s] -- Up-to-date: /home/gargie/service/install/tutorial_interface/local/lib/python3.10/dist-packages/tutorial_interface/libtutorial_interface__rosidl_generator_py.so
[3.370s] -- Up-to-date: /home/gargie/service/install/tutorial_interface/local/lib/python3.10/dist-packages/tutorial_interface/_tutorial_interface_s.ep.rosidl_typesupport_introspection_c.c
[3.373s] -- Up-to-date: /home/gargie/service/install/tutorial_interface/local/lib/python3.10/dist-packages/tutorial_interface/srv
[3.374s] -- Up-to-date: /home/gargie/service/install/tutorial_interface/local/lib/python3.10/dist-packages/tutorial_interface/srv/_add_three_ints.py
[3.374s] -- Up-to-date: /home/gargie/service/install/tutorial_interface/local/lib/python3.10/dist-packages/tutorial_interface/srv/__init__.py
[3.375s] -- Up-to-date: /home/gargie/service/install/tutorial_interface/local/lib/python3.10/dist-packages/tutorial_interface/srv/_add_three_ints_s.c
[3.375s] -- Up-to-date: /home/gargie/service/install/tutorial_interface/local/lib/python3.10/dist-packages/tutorial_interface/tutorial_interface_s__rosidl_typesupport_c.cpython-310-x86_64-linux-gnu.so
[3.376s] -- Up-to-date: /home/gargie/service/install/tutorial_interface/local/lib/python3.10/dist-packages/tutorial_interface/_tutorial_interface_s.ep.rosidl_typesupport_fastrtps_c.c
[3.380s] -- Up-to-date: /home/gargie/service/install/tutorial_interface/local/lib/python3.10/dist-packages/tutorial_interface/tutorial_interface_s__rosidl_typesupport_fastrtps_c.cpython-310-x86_64-linux-gnu.so
[3.381s] -- Up-to-date: /home/gargie/service/install/tutorial_interface/local/lib/python3.10/dist-packages/tutorial_interface/_tutorial_interface_s.ep.rosidl_typesupport_c.c
[3.382s] -- Up-to-date: /home/gargie/service/install/tutorial_interface/local/lib/python3.10/dist-packages/tutorial_interface/__init__.py
[3.382s] -- Up-to-date: /home/gargie/service/install/tutorial_interface/local/lib/python3.10/dist-packages/tutorial_interface/tutorial_interface_s__rosidl_typesupport_introspection_c.cpython-310-x86_64-linux-gnu.so
[3.383s] -- Up-to-date: /home/gargie/service/install/tutorial_interface/local/lib/python3.10/dist-packages/tutorial_interface/msg
[3.386s] -- Up-to-date: /home/gargie/service/install/tutorial_interface/local/lib/python3.10/dist-packages/tutorial_interface/msg/_num.py
[3.387s] -- Up-to-date: /home/gargie/service/install/tutorial_interface/local/lib/python3.10/dist-packages/tutorial_interface/msg/_num_s.c
[3.388s] -- Up-to-date: /home/gargie/service/install/tutorial_interface/local/lib/python3.10/dist-packages/tutorial_interface/msg/_sphere_s.c
[3.388s] -- Up-to-date: /home/gargie/service/install/tutorial_interface/local/lib/python3.10/dist-packages/tutorial_interface/msg/__init__.py
[3.389s] -- Up-to-date: /home/gargie/service/install/tutorial_interface/local/lib/python3.10/dist-packages/tutorial_interface/msg/_sphere.py
[3.435s] Listing '/home/gargie/service/install/tutorial_interface/local/lib/python3.10/dist-packages/tutorial_interface'...
[3.436s] Listing '/home/gargie/service/install/tutorial_interface/local/lib/python3.10/dist-packages/tutorial_interface/msg'...
[3.436s] Listing '/home/gargie/service/install/tutorial_interface/local/lib/python3.10/dist-packages/tutorial_interface/srv'...
[3.469s] -- Up-to-date: /home/gargie/service/install/tutorial_interface/local/lib/python3.10/dist-packages/tutorial_interface/tutorial_interface_s__rosidl_typesupport_fastrtps_c.cpython-310-x86_64-linux-gnu.so
[3.471s] -- Up-to-date: /home/gargie/service/install/tutorial_interface/local/lib/python3.10/dist-packages/tutorial_interface/tutorial_interface_s__rosidl_typesupport_introspection_c.cpython-310-x86_64-linux-gnu.so
[3.473s] -- Up-to-date: /home/gargie/service/install/tutorial_interface/local/lib/python3.10/dist-packages/tutorial_interface/tutorial_interface_s__rosidl_typesupport_c.cpython-310-x86_64-linux-gnu.so
[3.475s] -- Up-to-date: /home/gargie/service/install/tutorial_interface/lib/libtutorial_interface__rosidl_generator_py.so
[3.476s] -- Up-to-date: /home/gargie/service/install/tutorial_interface/share/tutorial_interface/msg/Num.idl
[3.481s] -- Up-to-date: /home/gargie/service/install/tutorial_interface/share/tutorial_interface/msg/Sphere.idl
[3.482s] -- Up-to-date: /home/gargie/service/install/tutorial_interface/share/tutorial_interface/srv/AddThreeInts.idl
[3.483s] -- Up-to-date: /home/gargie/service/install/tutorial_interface/share/tutorial_interface/msg/Num.msg
[3.489s] -- Up-to-date: /home/gargie/service/install/tutorial_interface/share/tutorial_interface/msg/Sphere.msg
[3.496s] -- Up-to-date: /home/gargie/service/install/tutorial_interface/share/tutorial_interface/srv/AddThreeInts.srv
[3.497s] -- Up-to-date: /home/gargie/service/install/tutorial_interface/share/tutorial_interface/srv/AddThreeInts_Request.msg
[3.498s] -- Up-to-date: /home/gargie/service/install/tutorial_interface/share/tutorial_interface/srv/AddThreeInts_Response.msg
[3.499s] -- Up-to-date: /home/gargie/service/install/tutorial_interface/share/ament_index/resource_index/package_run_dependencies/tutorial_interface
[3.503s] -- Up-to-date: /home/gargie/service/install/tutorial_interface/share/ament_index/resource_index/parent_prefix_path/tutorial_interface
[3.503s] -- Up-to-date: /home/gargie/service/install/tutorial_interface/share/tutorial_interface/environment/ament_prefix_path.sh
[3.504s] -- Up-to-date: /home/gargie/service/install/tutorial_interface/share/tutorial_interface/environment/ament_prefix_path.dsv
[3.505s] -- Up-to-date: /home/gargie/service/install/tutorial_interface/share/tutorial_interface/environment/path.sh
[3.514s] -- Up-to-date: /home/gargie/service/install/tutorial_interface/share/tutorial_interface/environment/path.dsv
[3.515s] -- Up-to-date: /home/gargie/service/install/tutorial_interface/share/tutorial_interface/local_setup.bash
[3.516s] -- Up-to-date: /home/gargie/service/install/tutorial_interface/share/tutorial_interface/local_setup.sh
[3.518s] -- Up-to-date: /home/gargie/service/install/tutorial_interface/share/tutorial_interface/local_setup.zsh
[3.519s] -- Up-to-date: /home/gargie/service/install/tutorial_interface/share/tutorial_interface/local_setup.dsv
[3.520s] -- Installing: /home/gargie/service/install/tutorial_interface/share/tutorial_interface/package.dsv
[3.521s] -- Up-to-date: /home/gargie/service/install/tutorial_interface/share/ament_index/resource_index/packages/tutorial_interface
[3.521s] -- Up-to-date: /home/gargie/service/install/tutorial_interface/share/tutorial_interface/cmake/export_tutorial_interface__rosidl_generator_cExport.cmake
[3.522s] -- Up-to-date: /home/gargie/service/install/tutorial_interface/share/tutorial_interface/cmake/export_tutorial_interface__rosidl_generator_cExport-noconfig.cmake
[3.523s] -- Up-to-date: /home/gargie/service/install/tutorial_interface/share/tutorial_interface/cmake/export_tutorial_interface__rosidl_typesupport_fastrtps_cExport.cmake
[3.524s] -- Up-to-date: /home/gargie/service/install/tutorial_interface/share/tutorial_interface/cmake/export_tutorial_interface__rosidl_typesupport_fastrtps_cExport-noconfig.cmake
[3.525s] -- Up-to-date: /home/gargie/service/install/tutorial_interface/share/tutorial_interface/cmake/export_tutorial_interface__rosidl_generator_cppExport.cmake
[3.526s] -- Up-to-date: /home/gargie/service/install/tutorial_interface/share/tutorial_interface/cmake/export_tutorial_interface__rosidl_typesupport_fastrtps_cppExport.cmake
[3.526s] -- Up-to-date: /home/gargie/service/install/tutorial_interface/share/tutorial_interface/cmake/export_tutorial_interface__rosidl_typesupport_fastrtps_cppExport-noconfig.cmake
[3.527s] -- Up-to-date: /home/gargie/service/install/tutorial_interface/share/tutorial_interface/cmake/tutorial_interface__rosidl_typesupport_introspection_cExport.cmake
[3.528s] -- Up-to-date: /home/gargie/service/install/tutorial_interface/share/tutorial_interface/cmake/tutorial_interface__rosidl_typesupport_introspection_cExport-noconfig.cmake
[3.529s] -- Up-to-date: /home/gargie/service/install/tutorial_interface/share/tutorial_interface/cmake/tutorial_interface__rosidl_typesupport_cExport.cmake
[3.530s] -- Up-to-date: /home/gargie/service/install/tutorial_interface/share/tutorial_interface/cmake/tutorial_interface__rosidl_typesupport_cExport-noconfig.cmake
[3.530s] -- Up-to-date: /home/gargie/service/install/tutorial_interface/share/tutorial_interface/cmake/tutorial_interface__rosidl_typesupport_introspection_cppExport.cmake
[3.531s] -- Up-to-date: /home/gargie/service/install/tutorial_interface/share/tutorial_interface/cmake/tutorial_interface__rosidl_typesupport_introspection_cppExport-noconfig.cmake
[3.531s] -- Up-to-date: /home/gargie/service/install/tutorial_interface/share/tutorial_interface/cmake/tutorial_interface__rosidl_typesupport_cppExport.cmake
[3.532s] -- Up-to-date: /home/gargie/service/install/tutorial_interface/share/tutorial_interface/cmake/tutorial_interface__rosidl_typesupport_cppExport-noconfig.cmake
[3.533s] -- Up-to-date: /home/gargie/service/install/tutorial_interface/share/tutorial_interface/cmake/export_tutorial_interface__rosidl_generator_pyExport.cmake
[3.534s] -- Up-to-date: /home/gargie/service/install/tutorial_interface/share/tutorial_interface/cmake/export_tutorial_interface__rosidl_generator_pyExport-noconfig.cmake
[3.538s] -- Up-to-date: /home/gargie/service/install/tutorial_interface/share/tutorial_interface/cmake/rosidl_cmake-extras.cmake
[3.540s] -- Up-to-date: /home/gargie/service/install/tutorial_interface/share/tutorial_interface/cmake/ament_cmake_export_dependencies-extras.cmake
[3.543s] -- Up-to-date: /home/gargie/service/install/tutorial_interface/share/tutorial_interface/cmake/ament_cmake_export_include_directories-extras.cmake
[3.544s] -- Up-to-date: /home/gargie/service/install/tutorial_interface/share/tutorial_interface/cmake/ament_cmake_export_libraries-extras.cmake
[3.547s] -- Up-to-date: /home/gargie/service/install/tutorial_interface/share/tutorial_interface/cmake/ament_cmake_export_targets-extras.cmake
[3.549s] -- Up-to-date: /home/gargie/service/install/tutorial_interface/share/tutorial_interface/cmake/rosidl_cmake_export_typesupport_targets-extras.cmake
[3.551s] -- Up-to-date: /home/gargie/service/install/tutorial_interface/share/tutorial_interface/cmake/rosidl_cmake_export_typesupport_libraries-extras.cmake
[3.555s] -- Up-to-date: /home/gargie/service/install/tutorial_interface/share/tutorial_interface/cmake/tutorial_interfaceConfig.cmake
[3.557s] -- Up-to-date: /home/gargie/service/install/tutorial_interface/share/tutorial_interface/cmake/tutorial_interfaceConfig-version.cmake
[3.558s] -- Up-to-date: /home/gargie/service/install/tutorial_interface/share/tutorial_interface/package.xml
[3.561s] Invoked command in '/home/gargie/service/build/tutorial_interface' returned '0': CMAKE_PREFIX_PATH=${CMAKE_PREFIX_PATH}:/home/gargie/service/install/py_parameter:/home/gargie/service/install/py_srvcli:/home/gargie/key_ws/install/key1_pkg:/opt/ros/humble /usr/bin/cmake --install /home/gargie/service/build/tutorial_interface
