[3.528s] Invoking command in '/home/nihit/servcli/src/py_srvcli': PYTHONPATH=/home/nihit/servcli/build/py_srvcli/prefix_override:/usr/lib/python3/dist-packages/colcon_core/task/python/colcon_distutils_commands:/home/nihit/servcli/install/py_srvcli/lib/python3.10/site-packages:${PYTHONPATH} /usr/bin/python3 -W ignore:setup.py install is deprecated -W ignore:easy_install command is deprecated setup.py egg_info --egg-base ../../build/py_srvcli build --build-base /home/nihit/servcli/build/py_srvcli/build install --record /home/nihit/servcli/build/py_srvcli/install.log --single-version-externally-managed install_data
[4.414s] running egg_info
[4.417s] writing ../../build/py_srvcli/py_srvcli.egg-info/PKG-INFO
[4.419s] writing dependency_links to ../../build/py_srvcli/py_srvcli.egg-info/dependency_links.txt
[4.419s] writing entry points to ../../build/py_srvcli/py_srvcli.egg-info/entry_points.txt
[4.420s] writing requirements to ../../build/py_srvcli/py_srvcli.egg-info/requires.txt
[4.420s] writing top-level names to ../../build/py_srvcli/py_srvcli.egg-info/top_level.txt
[4.432s] reading manifest file '../../build/py_srvcli/py_srvcli.egg-info/SOURCES.txt'
[4.432s] writing manifest file '../../build/py_srvcli/py_srvcli.egg-info/SOURCES.txt'
[4.432s] running build
[4.432s] running build_py
[4.433s] copying py_srvcli/actions_client.py -> /home/nihit/servcli/build/py_srvcli/build/lib/py_srvcli
[4.437s] running install
[4.437s] running install_lib
[4.438s] copying /home/nihit/servcli/build/py_srvcli/build/lib/py_srvcli/actions_client.py -> /home/nihit/servcli/install/py_srvcli/lib/python3.10/site-packages/py_srvcli
[4.440s] byte-compiling /home/nihit/servcli/install/py_srvcli/lib/python3.10/site-packages/py_srvcli/actions_client.py to actions_client.cpython-310.pyc
[4.442s] running install_data
[4.442s] running install_egg_info
[4.453s] removing '/home/nihit/servcli/install/py_srvcli/lib/python3.10/site-packages/py_srvcli-0.0.0-py3.10.egg-info' (and everything under it)
[4.454s] Copying ../../build/py_srvcli/py_srvcli.egg-info to /home/nihit/servcli/install/py_srvcli/lib/python3.10/site-packages/py_srvcli-0.0.0-py3.10.egg-info
[4.456s] running install_scripts
[4.514s] Installing client script to /home/nihit/servcli/install/py_srvcli/lib/py_srvcli
[4.518s] Installing publish script to /home/nihit/servcli/install/py_srvcli/lib/py_srvcli
[4.519s] Installing service script to /home/nihit/servcli/install/py_srvcli/lib/py_srvcli
[4.519s] Installing subscribe script to /home/nihit/servcli/install/py_srvcli/lib/py_srvcli
[4.519s] writing list of installed files to '/home/nihit/servcli/build/py_srvcli/install.log'
