[0.051s] Invoking command in '/home/gargie/project/build/project_pkg': CMAKE_PREFIX_PATH=${CMAKE_PREFIX_PATH}:/home/gargie/key_ws/install/key1_pkg:/opt/ros/humble /usr/bin/cmake --build /home/gargie/project/build/project_pkg -- -j4 -l4
[0.231s] [35m[1mConsolidate compiler generated dependencies of target shapes_node[0m
[0.305s] [ 50%] [32mBuilding CXX object CMakeFiles/shapes_node.dir/src/shapes_node.cpp.o[0m
[11.732s] [01m[K/home/gargie/project/src/project_pkg/src/shapes_node.cpp:[m[K In constructor ‘[01m[KShape::Shape()[m[K’:
[11.734s] [01m[K/home/gargie/project/src/project_pkg/src/shapes_node.cpp:38:12:[m[K [01;31m[Kerror: [m[Kno matching function for call to ‘[01m[Kgetline(std::istream&, int&)[m[K’
[11.739s]    38 |     [01;31m[Kgetline(cin,sides)[m[K;
[11.741s]       |     [01;31m[K~~~~~~~^~~~~~~~~~~[m[K
[11.742s] In file included from [01m[K/usr/include/c++/11/string:56[m[K,
[11.744s]                  from [01m[K/usr/include/c++/11/bits/locale_classes.h:40[m[K,
[11.746s]                  from [01m[K/usr/include/c++/11/bits/ios_base.h:41[m[K,
[11.748s]                  from [01m[K/usr/include/c++/11/ios:42[m[K,
[11.749s]                  from [01m[K/usr/include/c++/11/ostream:38[m[K,
[11.751s]                  from [01m[K/usr/include/c++/11/iostream:39[m[K,
[11.754s]                  from [01m[K/home/gargie/project/src/project_pkg/src/shapes_node.cpp:1[m[K:
[11.756s] [01m[K/usr/include/c++/11/bits/basic_string.tcc:1557:5:[m[K [01;36m[Knote: [m[Kcandidate: ‘[01m[Ktemplate<class _CharT, class _Traits, class _Alloc> std::basic_istream<_CharT, _Traits>& std::getline(std::basic_istream<_CharT, _Traits>&, std::__cxx11::basic_string<_CharT, _Traits, _Allocator>&, _CharT)[m[K’
[11.758s]  1557 |     [01;36m[Kgetline[m[K(basic_istream<_CharT, _Traits>& __in,
[11.759s]       |     [01;36m[K^~~~~~~[m[K
[11.761s] [01m[K/usr/include/c++/11/bits/basic_string.tcc:1557:5:[m[K [01;36m[Knote: [m[K  template argument deduction/substitution failed:
[11.762s] [01m[K/home/gargie/project/src/project_pkg/src/shapes_node.cpp:38:12:[m[K [01;36m[Knote: [m[K  mismatched types ‘[01m[Kstd::__cxx11::basic_string<_CharT, _Traits, _Allocator>[m[K’ and ‘[01m[Kint[m[K’
[11.764s]    38 |     [01;36m[Kgetline(cin,sides)[m[K;
[11.766s]       |     [01;36m[K~~~~~~~^~~~~~~~~~~[m[K
[11.767s] In file included from [01m[K/usr/include/c++/11/string:55[m[K,
[11.769s]                  from [01m[K/usr/include/c++/11/bits/locale_classes.h:40[m[K,
[11.771s]                  from [01m[K/usr/include/c++/11/bits/ios_base.h:41[m[K,
[11.772s]                  from [01m[K/usr/include/c++/11/ios:42[m[K,
[11.774s]                  from [01m[K/usr/include/c++/11/ostream:38[m[K,
[11.775s]                  from [01m[K/usr/include/c++/11/iostream:39[m[K,
[11.777s]                  from [01m[K/home/gargie/project/src/project_pkg/src/shapes_node.cpp:1[m[K:
[11.778s] [01m[K/usr/include/c++/11/bits/basic_string.h:6571:5:[m[K [01;36m[Knote: [m[Kcandidate: ‘[01m[Ktemplate<class _CharT, class _Traits, class _Alloc> std::basic_istream<_CharT, _Traits>& std::getline(std::basic_istream<_CharT, _Traits>&, std::__cxx11::basic_string<_CharT, _Traits, _Allocator>&)[m[K’
[11.780s]  6571 |     [01;36m[Kgetline[m[K(basic_istream<_CharT, _Traits>& __is,
[11.781s]       |     [01;36m[K^~~~~~~[m[K
[11.782s] [01m[K/usr/include/c++/11/bits/basic_string.h:6571:5:[m[K [01;36m[Knote: [m[K  template argument deduction/substitution failed:
[11.784s] [01m[K/home/gargie/project/src/project_pkg/src/shapes_node.cpp:38:12:[m[K [01;36m[Knote: [m[K  mismatched types ‘[01m[Kstd::__cxx11::basic_string<_CharT, _Traits, _Allocator>[m[K’ and ‘[01m[Kint[m[K’
[11.785s]    38 |     [01;36m[Kgetline(cin,sides)[m[K;
[11.786s]       |     [01;36m[K~~~~~~~^~~~~~~~~~~[m[K
[11.787s] In file included from [01m[K/usr/include/c++/11/string:55[m[K,
[11.788s]                  from [01m[K/usr/include/c++/11/bits/locale_classes.h:40[m[K,
[11.789s]                  from [01m[K/usr/include/c++/11/bits/ios_base.h:41[m[K,
[11.791s]                  from [01m[K/usr/include/c++/11/ios:42[m[K,
[11.792s]                  from [01m[K/usr/include/c++/11/ostream:38[m[K,
[11.793s]                  from [01m[K/usr/include/c++/11/iostream:39[m[K,
[11.794s]                  from [01m[K/home/gargie/project/src/project_pkg/src/shapes_node.cpp:1[m[K:
[11.795s] [01m[K/usr/include/c++/11/bits/basic_string.h:6579:5:[m[K [01;36m[Knote: [m[Kcandidate: ‘[01m[Ktemplate<class _CharT, class _Traits, class _Alloc> std::basic_istream<_CharT, _Traits>& std::getline(std::basic_istream<_CharT, _Traits>&&, std::__cxx11::basic_string<_CharT, _Traits, _Allocator>&, _CharT)[m[K’
[11.796s]  6579 |     [01;36m[Kgetline[m[K(basic_istream<_CharT, _Traits>&& __is,
[11.797s]       |     [01;36m[K^~~~~~~[m[K
[11.798s] [01m[K/usr/include/c++/11/bits/basic_string.h:6579:5:[m[K [01;36m[Knote: [m[K  template argument deduction/substitution failed:
[11.799s] [01m[K/home/gargie/project/src/project_pkg/src/shapes_node.cpp:38:12:[m[K [01;36m[Knote: [m[K  mismatched types ‘[01m[Kstd::__cxx11::basic_string<_CharT, _Traits, _Allocator>[m[K’ and ‘[01m[Kint[m[K’
[11.800s]    38 |     [01;36m[Kgetline(cin,sides)[m[K;
[11.801s]       |     [01;36m[K~~~~~~~^~~~~~~~~~~[m[K
[11.801s] In file included from [01m[K/usr/include/c++/11/string:55[m[K,
[11.802s]                  from [01m[K/usr/include/c++/11/bits/locale_classes.h:40[m[K,
[11.803s]                  from [01m[K/usr/include/c++/11/bits/ios_base.h:41[m[K,
[11.804s]                  from [01m[K/usr/include/c++/11/ios:42[m[K,
[11.805s]                  from [01m[K/usr/include/c++/11/ostream:38[m[K,
[11.806s]                  from [01m[K/usr/include/c++/11/iostream:39[m[K,
[11.807s]                  from [01m[K/home/gargie/project/src/project_pkg/src/shapes_node.cpp:1[m[K:
[11.808s] [01m[K/usr/include/c++/11/bits/basic_string.h:6586:5:[m[K [01;36m[Knote: [m[Kcandidate: ‘[01m[Ktemplate<class _CharT, class _Traits, class _Alloc> std::basic_istream<_CharT, _Traits>& std::getline(std::basic_istream<_CharT, _Traits>&&, std::__cxx11::basic_string<_CharT, _Traits, _Allocator>&)[m[K’
[11.809s]  6586 |     [01;36m[Kgetline[m[K(basic_istream<_CharT, _Traits>&& __is,
[11.810s]       |     [01;36m[K^~~~~~~[m[K
[11.810s] [01m[K/usr/include/c++/11/bits/basic_string.h:6586:5:[m[K [01;36m[Knote: [m[K  template argument deduction/substitution failed:
[11.811s] [01m[K/home/gargie/project/src/project_pkg/src/shapes_node.cpp:38:12:[m[K [01;36m[Knote: [m[K  mismatched types ‘[01m[Kstd::__cxx11::basic_string<_CharT, _Traits, _Allocator>[m[K’ and ‘[01m[Kint[m[K’
[11.812s]    38 |     [01;36m[Kgetline(cin,sides)[m[K;
[11.813s]       |     [01;36m[K~~~~~~~^~~~~~~~~~~[m[K
[11.814s] In file included from [01m[K/usr/include/c++/11/cstdio:42[m[K,
[11.815s]                  from [01m[K/usr/include/c++/11/ext/string_conversions.h:43[m[K,
[11.816s]                  from [01m[K/usr/include/c++/11/bits/basic_string.h:6608[m[K,
[11.817s]                  from [01m[K/usr/include/c++/11/string:55[m[K,
[11.818s]                  from [01m[K/usr/include/c++/11/bits/locale_classes.h:40[m[K,
[11.819s]                  from [01m[K/usr/include/c++/11/bits/ios_base.h:41[m[K,
[11.819s]                  from [01m[K/usr/include/c++/11/ios:42[m[K,
[11.820s]                  from [01m[K/usr/include/c++/11/ostream:38[m[K,
[11.821s]                  from [01m[K/usr/include/c++/11/iostream:39[m[K,
[11.822s]                  from [01m[K/home/gargie/project/src/project_pkg/src/shapes_node.cpp:1[m[K:
[11.823s] [01m[K/usr/include/stdio.h:645:18:[m[K [01;36m[Knote: [m[Kcandidate: ‘[01m[K__ssize_t getline(char**, size_t*, FILE*)[m[K’
[11.824s]   645 | extern __ssize_t [01;36m[Kgetline[m[K (char **__restrict __lineptr,
[11.825s]       |                  [01;36m[K^~~~~~~[m[K
[11.825s] [01m[K/usr/include/stdio.h:645:18:[m[K [01;36m[Knote: [m[K  candidate expects 3 arguments, 2 provided
[11.826s] [01m[K/home/gargie/project/src/project_pkg/src/shapes_node.cpp:12:9:[m[K [01;35m[Kwarning: [m[Kunused variable ‘[01m[Kphase[m[K’ [[01;35m[K]8;;https://gcc.gnu.org/onlinedocs/gcc/Warning-Options.html#index-Wunused-variable-Wunused-variable]8;;[m[K]
[11.827s]    12 |     int [01;35m[Kphase[m[K=0;
[11.827s]       |         [01;35m[K^~~~~[m[K
[15.368s] gmake[2]: *** [CMakeFiles/shapes_node.dir/build.make:76: CMakeFiles/shapes_node.dir/src/shapes_node.cpp.o] Error 1
[15.369s] gmake[1]: *** [CMakeFiles/Makefile2:137: CMakeFiles/shapes_node.dir/all] Error 2
[15.370s] gmake: *** [Makefile:146: all] Error 2
[15.377s] Invoked command in '/home/gargie/project/build/project_pkg' returned '2': CMAKE_PREFIX_PATH=${CMAKE_PREFIX_PATH}:/home/gargie/key_ws/install/key1_pkg:/opt/ros/humble /usr/bin/cmake --build /home/gargie/project/build/project_pkg -- -j4 -l4
