[3.507s] Invoking command in '/home/nihit/servcli/src/python_parameters': PYTHONPATH=/home/nihit/servcli/build/python_parameters/prefix_override:/usr/lib/python3/dist-packages/colcon_core/task/python/colcon_distutils_commands:/home/nihit/servcli/install/python_parameters/lib/python3.10/site-packages:${PYTHONPATH} /usr/bin/python3 -W ignore:setup.py install is deprecated -W ignore:easy_install command is deprecated setup.py egg_info --egg-base ../../build/python_parameters build --build-base /home/nihit/servcli/build/python_parameters/build install --record /home/nihit/servcli/build/python_parameters/install.log --single-version-externally-managed install_data
[4.523s] running egg_info
[4.525s] creating ../../build/python_parameters/python_parameters.egg-info
[4.525s] writing ../../build/python_parameters/python_parameters.egg-info/PKG-INFO
[4.526s] writing dependency_links to ../../build/python_parameters/python_parameters.egg-info/dependency_links.txt
[4.526s] writing entry points to ../../build/python_parameters/python_parameters.egg-info/entry_points.txt
[4.527s] writing requirements to ../../build/python_parameters/python_parameters.egg-info/requires.txt
[4.527s] writing top-level names to ../../build/python_parameters/python_parameters.egg-info/top_level.txt
[4.527s] writing manifest file '../../build/python_parameters/python_parameters.egg-info/SOURCES.txt'
[4.532s] reading manifest file '../../build/python_parameters/python_parameters.egg-info/SOURCES.txt'
[4.534s] writing manifest file '../../build/python_parameters/python_parameters.egg-info/SOURCES.txt'
[4.534s] running build
[4.534s] running build_py
[4.535s] creating /home/nihit/servcli/build/python_parameters/build
[4.536s] creating /home/nihit/servcli/build/python_parameters/build/lib
[4.536s] creating /home/nihit/servcli/build/python_parameters/build/lib/python_parameters
[4.536s] copying python_parameters/python_parameters_node.py -> /home/nihit/servcli/build/python_parameters/build/lib/python_parameters
[4.536s] copying python_parameters/__init__.py -> /home/nihit/servcli/build/python_parameters/build/lib/python_parameters
[4.537s] running install
[4.537s] running install_lib
[4.539s] creating /home/nihit/servcli/install/python_parameters/lib/python3.10/site-packages/python_parameters
[4.539s] copying /home/nihit/servcli/build/python_parameters/build/lib/python_parameters/python_parameters_node.py -> /home/nihit/servcli/install/python_parameters/lib/python3.10/site-packages/python_parameters
[4.540s] copying /home/nihit/servcli/build/python_parameters/build/lib/python_parameters/__init__.py -> /home/nihit/servcli/install/python_parameters/lib/python3.10/site-packages/python_parameters
[4.541s] byte-compiling /home/nihit/servcli/install/python_parameters/lib/python3.10/site-packages/python_parameters/python_parameters_node.py to python_parameters_node.cpython-310.pyc
[4.542s] byte-compiling /home/nihit/servcli/install/python_parameters/lib/python3.10/site-packages/python_parameters/__init__.py to __init__.cpython-310.pyc
[4.542s] running install_data
[4.543s] creating /home/nihit/servcli/install/python_parameters/share/ament_index
[4.543s] creating /home/nihit/servcli/install/python_parameters/share/ament_index/resource_index
[4.543s] creating /home/nihit/servcli/install/python_parameters/share/ament_index/resource_index/packages
[4.543s] copying resource/python_parameters -> /home/nihit/servcli/install/python_parameters/share/ament_index/resource_index/packages
[4.544s] copying package.xml -> /home/nihit/servcli/install/python_parameters/share/python_parameters
[4.544s] running install_egg_info
[4.548s] Copying ../../build/python_parameters/python_parameters.egg-info to /home/nihit/servcli/install/python_parameters/lib/python3.10/site-packages/python_parameters-0.0.0-py3.10.egg-info
[4.550s] running install_scripts
[4.613s] Installing minimal_param_node script to /home/nihit/servcli/install/python_parameters/lib/python_parameters
[4.614s] writing list of installed files to '/home/nihit/servcli/build/python_parameters/install.log'
