[0.876s] DEBUG:colcon:Command line arguments: ['/usr/bin/colcon', 'build']
[0.878s] DEBUG:colcon:Parsed command line arguments: Namespace(log_base=None, log_level=None, verb_name='build', build_base='build', install_base='install', merge_install=False, symlink_install=False, test_result_base=None, continue_on_error=False, executor='parallel', parallel_workers=4, event_handlers=None, ignore_user_meta=False, metas=['./colcon.meta'], base_paths=['.'], packages_ignore=None, packages_ignore_regex=None, paths=None, packages_up_to=None, packages_up_to_regex=None, packages_above=None, packages_above_and_dependencies=None, packages_above_depth=None, packages_select_by_dep=None, packages_skip_by_dep=None, packages_skip_up_to=None, packages_select_build_failed=False, packages_skip_build_finished=False, packages_select_test_failures=False, packages_skip_test_passed=False, packages_select=None, packages_skip=None, packages_select_regex=None, packages_skip_regex=None, packages_start=None, packages_end=None, allow_overriding=[], cmake_args=None, cmake_target=None, cmake_target_skip_unavailable=False, cmake_clean_cache=False, cmake_clean_first=False, cmake_force_configure=False, ament_cmake_args=None, catkin_cmake_args=None, catkin_skip_building_tests=False, mixin_files=None, mixin=None, verb_parser=<colcon_mixin.mixin.mixin_argument.MixinArgumentDecorator object at 0x73c1b92cdd50>, verb_extension=<colcon_core.verb.build.BuildVerb object at 0x73c1b92cd8a0>, main=<bound method BuildVerb.main of <colcon_core.verb.build.BuildVerb object at 0x73c1b92cd8a0>>, mixin_verb=('build',))
[2.193s] Level 1:colcon.colcon_core.package_discovery:discover_packages(colcon_meta) check parameters
[2.194s] Level 1:colcon.colcon_core.package_discovery:discover_packages(recursive) check parameters
[2.194s] Level 1:colcon.colcon_core.package_discovery:discover_packages(ignore) check parameters
[2.194s] Level 1:colcon.colcon_core.package_discovery:discover_packages(path) check parameters
[2.194s] Level 1:colcon.colcon_core.package_discovery:discover_packages(colcon_meta) discover
[2.194s] Level 1:colcon.colcon_core.package_discovery:discover_packages(recursive) discover
[2.195s] INFO:colcon.colcon_core.package_discovery:Crawling recursively for packages in '/home/gargie/project'
[2.195s] Level 1:colcon.colcon_core.package_identification:_identify(.) by extensions ['ignore', 'ignore_ament_install']
[2.196s] Level 1:colcon.colcon_core.package_identification:_identify(.) by extension 'ignore'
[2.196s] Level 1:colcon.colcon_core.package_identification:_identify(.) by extension 'ignore_ament_install'
[2.196s] Level 1:colcon.colcon_core.package_identification:_identify(.) by extensions ['colcon_pkg']
[2.197s] Level 1:colcon.colcon_core.package_identification:_identify(.) by extension 'colcon_pkg'
[2.197s] Level 1:colcon.colcon_core.package_identification:_identify(.) by extensions ['colcon_meta']
[2.197s] Level 1:colcon.colcon_core.package_identification:_identify(.) by extension 'colcon_meta'
[2.197s] Level 1:colcon.colcon_core.package_identification:_identify(.) by extensions ['ros']
[2.197s] Level 1:colcon.colcon_core.package_identification:_identify(.) by extension 'ros'
[2.262s] Level 1:colcon.colcon_core.package_identification:_identify(.) by extensions ['cmake', 'python']
[2.263s] Level 1:colcon.colcon_core.package_identification:_identify(.) by extension 'cmake'
[2.263s] Level 1:colcon.colcon_core.package_identification:_identify(.) by extension 'python'
[2.263s] Level 1:colcon.colcon_core.package_identification:_identify(.) by extensions ['python_setup_py']
[2.263s] Level 1:colcon.colcon_core.package_identification:_identify(.) by extension 'python_setup_py'
[2.264s] Level 1:colcon.colcon_core.package_identification:_identify(build) by extensions ['ignore', 'ignore_ament_install']
[2.264s] Level 1:colcon.colcon_core.package_identification:_identify(build) by extension 'ignore'
[2.264s] Level 1:colcon.colcon_core.package_identification:_identify(build) ignored
[2.265s] Level 1:colcon.colcon_core.package_identification:_identify(install) by extensions ['ignore', 'ignore_ament_install']
[2.266s] Level 1:colcon.colcon_core.package_identification:_identify(install) by extension 'ignore'
[2.267s] Level 1:colcon.colcon_core.package_identification:_identify(install) ignored
[2.268s] Level 1:colcon.colcon_core.package_identification:_identify(log) by extensions ['ignore', 'ignore_ament_install']
[2.269s] Level 1:colcon.colcon_core.package_identification:_identify(log) by extension 'ignore'
[2.269s] Level 1:colcon.colcon_core.package_identification:_identify(log) ignored
[2.270s] Level 1:colcon.colcon_core.package_identification:_identify(src) by extensions ['ignore', 'ignore_ament_install']
[2.271s] Level 1:colcon.colcon_core.package_identification:_identify(src) by extension 'ignore'
[2.271s] Level 1:colcon.colcon_core.package_identification:_identify(src) by extension 'ignore_ament_install'
[2.272s] Level 1:colcon.colcon_core.package_identification:_identify(src) by extensions ['colcon_pkg']
[2.272s] Level 1:colcon.colcon_core.package_identification:_identify(src) by extension 'colcon_pkg'
[2.273s] Level 1:colcon.colcon_core.package_identification:_identify(src) by extensions ['colcon_meta']
[2.273s] Level 1:colcon.colcon_core.package_identification:_identify(src) by extension 'colcon_meta'
[2.274s] Level 1:colcon.colcon_core.package_identification:_identify(src) by extensions ['ros']
[2.274s] Level 1:colcon.colcon_core.package_identification:_identify(src) by extension 'ros'
[2.275s] Level 1:colcon.colcon_core.package_identification:_identify(src) by extensions ['cmake', 'python']
[2.275s] Level 1:colcon.colcon_core.package_identification:_identify(src) by extension 'cmake'
[2.275s] Level 1:colcon.colcon_core.package_identification:_identify(src) by extension 'python'
[2.275s] Level 1:colcon.colcon_core.package_identification:_identify(src) by extensions ['python_setup_py']
[2.276s] Level 1:colcon.colcon_core.package_identification:_identify(src) by extension 'python_setup_py'
[2.277s] Level 1:colcon.colcon_core.package_identification:_identify(src/project_pkg) by extensions ['ignore', 'ignore_ament_install']
[2.277s] Level 1:colcon.colcon_core.package_identification:_identify(src/project_pkg) by extension 'ignore'
[2.278s] Level 1:colcon.colcon_core.package_identification:_identify(src/project_pkg) by extension 'ignore_ament_install'
[2.278s] Level 1:colcon.colcon_core.package_identification:_identify(src/project_pkg) by extensions ['colcon_pkg']
[2.279s] Level 1:colcon.colcon_core.package_identification:_identify(src/project_pkg) by extension 'colcon_pkg'
[2.279s] Level 1:colcon.colcon_core.package_identification:_identify(src/project_pkg) by extensions ['colcon_meta']
[2.279s] Level 1:colcon.colcon_core.package_identification:_identify(src/project_pkg) by extension 'colcon_meta'
[2.280s] Level 1:colcon.colcon_core.package_identification:_identify(src/project_pkg) by extensions ['ros']
[2.280s] Level 1:colcon.colcon_core.package_identification:_identify(src/project_pkg) by extension 'ros'
[2.294s] DEBUG:colcon.colcon_core.package_identification:Package 'src/project_pkg' with type 'ros.ament_cmake' and name 'project_pkg'
[2.294s] Level 1:colcon.colcon_core.package_discovery:discover_packages(recursive) using defaults
[2.294s] Level 1:colcon.colcon_core.package_discovery:discover_packages(ignore) discover
[2.295s] Level 1:colcon.colcon_core.package_discovery:discover_packages(ignore) using defaults
[2.295s] Level 1:colcon.colcon_core.package_discovery:discover_packages(path) discover
[2.295s] Level 1:colcon.colcon_core.package_discovery:discover_packages(path) using defaults
[2.493s] Level 1:colcon.colcon_core.package_discovery:discover_packages(prefix_path) check parameters
[2.493s] Level 1:colcon.colcon_core.package_discovery:discover_packages(prefix_path) discover
[2.506s] DEBUG:colcon.colcon_installed_package_information.package_discovery:Found 1 installed packages in /home/gargie/project/install
[2.509s] DEBUG:colcon.colcon_installed_package_information.package_discovery:Found 2 installed packages in /home/gargie/key_ws/install
[2.512s] DEBUG:colcon.colcon_installed_package_information.package_discovery:Found 1 installed packages in /home/gargie/chem_ws/install
[2.522s] DEBUG:colcon.colcon_installed_package_information.package_discovery:Found 295 installed packages in /opt/ros/humble
[2.533s] Level 1:colcon.colcon_core.package_discovery:discover_packages(prefix_path) using defaults
[2.850s] Level 5:colcon.colcon_core.verb:set package 'project_pkg' build argument 'cmake_args' from command line to 'None'
[2.850s] Level 5:colcon.colcon_core.verb:set package 'project_pkg' build argument 'cmake_target' from command line to 'None'
[2.850s] Level 5:colcon.colcon_core.verb:set package 'project_pkg' build argument 'cmake_target_skip_unavailable' from command line to 'False'
[2.850s] Level 5:colcon.colcon_core.verb:set package 'project_pkg' build argument 'cmake_clean_cache' from command line to 'False'
[2.850s] Level 5:colcon.colcon_core.verb:set package 'project_pkg' build argument 'cmake_clean_first' from command line to 'False'
[2.851s] Level 5:colcon.colcon_core.verb:set package 'project_pkg' build argument 'cmake_force_configure' from command line to 'False'
[2.851s] Level 5:colcon.colcon_core.verb:set package 'project_pkg' build argument 'ament_cmake_args' from command line to 'None'
[2.851s] Level 5:colcon.colcon_core.verb:set package 'project_pkg' build argument 'catkin_cmake_args' from command line to 'None'
[2.851s] Level 5:colcon.colcon_core.verb:set package 'project_pkg' build argument 'catkin_skip_building_tests' from command line to 'False'
[2.851s] DEBUG:colcon.colcon_core.verb:Building package 'project_pkg' with the following arguments: {'ament_cmake_args': None, 'build_base': '/home/gargie/project/build/project_pkg', 'catkin_cmake_args': None, 'catkin_skip_building_tests': False, 'cmake_args': None, 'cmake_clean_cache': False, 'cmake_clean_first': False, 'cmake_force_configure': False, 'cmake_target': None, 'cmake_target_skip_unavailable': False, 'install_base': '/home/gargie/project/install/project_pkg', 'merge_install': False, 'path': '/home/gargie/project/src/project_pkg', 'symlink_install': False, 'test_result_base': None}
[2.852s] INFO:colcon.colcon_core.executor:Executing jobs using 'parallel' executor
[2.859s] DEBUG:colcon.colcon_parallel_executor.executor.parallel:run_until_complete
[2.860s] INFO:colcon.colcon_ros.task.ament_cmake.build:Building ROS package in '/home/gargie/project/src/project_pkg' with build type 'ament_cmake'
[2.861s] INFO:colcon.colcon_cmake.task.cmake.build:Building CMake package in '/home/gargie/project/src/project_pkg'
[2.875s] INFO:colcon.colcon_core.plugin_system:Skipping extension 'colcon_core.shell.bat': Not used on non-Windows systems
[2.876s] INFO:colcon.colcon_core.shell:Skip shell extension 'powershell' for command environment: Not usable outside of PowerShell
[2.877s] DEBUG:colcon.colcon_core.shell:Skip shell extension 'dsv' for command environment
[2.957s] DEBUG:colcon.colcon_core.event_handler.log_command:Invoking command in '/home/gargie/project/build/project_pkg': CMAKE_PREFIX_PATH=${CMAKE_PREFIX_PATH}:/home/gargie/key_ws/install/key1_pkg:/opt/ros/humble /usr/bin/cmake --build /home/gargie/project/build/project_pkg -- -j4 -l4
[37.707s] DEBUG:colcon.colcon_core.event_handler.log_command:Invoked command in '/home/gargie/project/build/project_pkg' returned '0': CMAKE_PREFIX_PATH=${CMAKE_PREFIX_PATH}:/home/gargie/key_ws/install/key1_pkg:/opt/ros/humble /usr/bin/cmake --build /home/gargie/project/build/project_pkg -- -j4 -l4
[37.768s] DEBUG:colcon.colcon_core.event_handler.log_command:Invoking command in '/home/gargie/project/build/project_pkg': CMAKE_PREFIX_PATH=${CMAKE_PREFIX_PATH}:/home/gargie/key_ws/install/key1_pkg:/opt/ros/humble /usr/bin/cmake --install /home/gargie/project/build/project_pkg
[37.870s] Level 1:colcon.colcon_core.environment:create_environment_scripts_only(project_pkg)
[37.894s] DEBUG:colcon.colcon_core.event_handler.log_command:Invoked command in '/home/gargie/project/build/project_pkg' returned '0': CMAKE_PREFIX_PATH=${CMAKE_PREFIX_PATH}:/home/gargie/key_ws/install/key1_pkg:/opt/ros/humble /usr/bin/cmake --install /home/gargie/project/build/project_pkg
[37.908s] Level 1:colcon.colcon_core.environment:checking '/home/gargie/project/install/project_pkg' for CMake module files
[37.914s] Level 1:colcon.colcon_core.environment:checking '/home/gargie/project/install/project_pkg' for CMake config files
[37.917s] Level 1:colcon.colcon_core.shell:create_environment_hook('project_pkg', 'cmake_prefix_path')
[37.920s] INFO:colcon.colcon_core.shell:Creating environment hook '/home/gargie/project/install/project_pkg/share/project_pkg/hook/cmake_prefix_path.ps1'
[37.927s] INFO:colcon.colcon_core.shell:Creating environment descriptor '/home/gargie/project/install/project_pkg/share/project_pkg/hook/cmake_prefix_path.dsv'
[37.930s] INFO:colcon.colcon_core.shell:Creating environment hook '/home/gargie/project/install/project_pkg/share/project_pkg/hook/cmake_prefix_path.sh'
[37.943s] Level 1:colcon.colcon_core.environment:checking '/home/gargie/project/install/project_pkg/lib'
[37.945s] Level 1:colcon.colcon_core.environment:checking '/home/gargie/project/install/project_pkg/bin'
[37.946s] Level 1:colcon.colcon_core.environment:checking '/home/gargie/project/install/project_pkg/lib/pkgconfig/project_pkg.pc'
[37.948s] Level 1:colcon.colcon_core.environment:checking '/home/gargie/project/install/project_pkg/lib/python3.10/site-packages'
[37.949s] Level 1:colcon.colcon_core.environment:checking '/home/gargie/project/install/project_pkg/bin'
[37.952s] INFO:colcon.colcon_core.shell:Creating package script '/home/gargie/project/install/project_pkg/share/project_pkg/package.ps1'
[37.962s] INFO:colcon.colcon_core.shell:Creating package descriptor '/home/gargie/project/install/project_pkg/share/project_pkg/package.dsv'
[37.966s] INFO:colcon.colcon_core.shell:Creating package script '/home/gargie/project/install/project_pkg/share/project_pkg/package.sh'
[37.971s] INFO:colcon.colcon_core.shell:Creating package script '/home/gargie/project/install/project_pkg/share/project_pkg/package.bash'
[37.977s] INFO:colcon.colcon_core.shell:Creating package script '/home/gargie/project/install/project_pkg/share/project_pkg/package.zsh'
[37.982s] Level 1:colcon.colcon_core.environment:create_file_with_runtime_dependencies(/home/gargie/project/install/project_pkg/share/colcon-core/packages/project_pkg)
[37.988s] Level 1:colcon.colcon_core.environment:create_environment_scripts_only(project_pkg)
[37.990s] Level 1:colcon.colcon_core.environment:checking '/home/gargie/project/install/project_pkg' for CMake module files
[37.993s] Level 1:colcon.colcon_core.environment:checking '/home/gargie/project/install/project_pkg' for CMake config files
[37.995s] Level 1:colcon.colcon_core.shell:create_environment_hook('project_pkg', 'cmake_prefix_path')
[37.998s] INFO:colcon.colcon_core.shell:Creating environment hook '/home/gargie/project/install/project_pkg/share/project_pkg/hook/cmake_prefix_path.ps1'
[38.003s] INFO:colcon.colcon_core.shell:Creating environment descriptor '/home/gargie/project/install/project_pkg/share/project_pkg/hook/cmake_prefix_path.dsv'
[38.008s] INFO:colcon.colcon_core.shell:Creating environment hook '/home/gargie/project/install/project_pkg/share/project_pkg/hook/cmake_prefix_path.sh'
[38.013s] Level 1:colcon.colcon_core.environment:checking '/home/gargie/project/install/project_pkg/lib'
[38.014s] Level 1:colcon.colcon_core.environment:checking '/home/gargie/project/install/project_pkg/bin'
[38.015s] Level 1:colcon.colcon_core.environment:checking '/home/gargie/project/install/project_pkg/lib/pkgconfig/project_pkg.pc'
[38.017s] Level 1:colcon.colcon_core.environment:checking '/home/gargie/project/install/project_pkg/lib/python3.10/site-packages'
[38.018s] Level 1:colcon.colcon_core.environment:checking '/home/gargie/project/install/project_pkg/bin'
[38.021s] INFO:colcon.colcon_core.shell:Creating package script '/home/gargie/project/install/project_pkg/share/project_pkg/package.ps1'
[38.027s] INFO:colcon.colcon_core.shell:Creating package descriptor '/home/gargie/project/install/project_pkg/share/project_pkg/package.dsv'
[38.032s] INFO:colcon.colcon_core.shell:Creating package script '/home/gargie/project/install/project_pkg/share/project_pkg/package.sh'
[38.036s] INFO:colcon.colcon_core.shell:Creating package script '/home/gargie/project/install/project_pkg/share/project_pkg/package.bash'
[38.039s] INFO:colcon.colcon_core.shell:Creating package script '/home/gargie/project/install/project_pkg/share/project_pkg/package.zsh'
[38.042s] Level 1:colcon.colcon_core.environment:create_file_with_runtime_dependencies(/home/gargie/project/install/project_pkg/share/colcon-core/packages/project_pkg)
[38.044s] DEBUG:colcon.colcon_parallel_executor.executor.parallel:closing loop
[38.046s] DEBUG:colcon.colcon_parallel_executor.executor.parallel:loop closed
[38.048s] DEBUG:colcon.colcon_parallel_executor.executor.parallel:run_until_complete finished with '0'
[38.049s] DEBUG:colcon.colcon_core.event_reactor:joining thread
[38.117s] INFO:colcon.colcon_core.plugin_system:Skipping extension 'colcon_notification.desktop_notification.terminal_notifier': Not used on non-Darwin systems
[38.118s] INFO:colcon.colcon_core.plugin_system:Skipping extension 'colcon_notification.desktop_notification.win32': Not used on non-Windows systems
[38.119s] INFO:colcon.colcon_notification.desktop_notification:Sending desktop notification using 'notify2'
[38.239s] DEBUG:colcon.colcon_core.event_reactor:joined thread
[38.241s] INFO:colcon.colcon_core.shell:Creating prefix script '/home/gargie/project/install/local_setup.ps1'
[38.248s] INFO:colcon.colcon_core.shell:Creating prefix util module '/home/gargie/project/install/_local_setup_util_ps1.py'
[38.259s] INFO:colcon.colcon_core.shell:Creating prefix chain script '/home/gargie/project/install/setup.ps1'
[38.269s] INFO:colcon.colcon_core.shell:Creating prefix script '/home/gargie/project/install/local_setup.sh'
[38.273s] INFO:colcon.colcon_core.shell:Creating prefix util module '/home/gargie/project/install/_local_setup_util_sh.py'
[38.278s] INFO:colcon.colcon_core.shell:Creating prefix chain script '/home/gargie/project/install/setup.sh'
[38.287s] INFO:colcon.colcon_core.shell:Creating prefix script '/home/gargie/project/install/local_setup.bash'
[38.290s] INFO:colcon.colcon_core.shell:Creating prefix chain script '/home/gargie/project/install/setup.bash'
[38.299s] INFO:colcon.colcon_core.shell:Creating prefix script '/home/gargie/project/install/local_setup.zsh'
[38.304s] INFO:colcon.colcon_core.shell:Creating prefix chain script '/home/gargie/project/install/setup.zsh'
