running egg_info
writing ../../build/py_parameter/py_parameter.egg-info/PKG-INFO
writing dependency_links to ../../build/py_parameter/py_parameter.egg-info/dependency_links.txt
writing entry points to ../../build/py_parameter/py_parameter.egg-info/entry_points.txt
writing requirements to ../../build/py_parameter/py_parameter.egg-info/requires.txt
writing top-level names to ../../build/py_parameter/py_parameter.egg-info/top_level.txt
reading manifest file '../../build/py_parameter/py_parameter.egg-info/SOURCES.txt'
adding license file 'LICENSE'
writing manifest file '../../build/py_parameter/py_parameter.egg-info/SOURCES.txt'
running build
running build_py
copying py_parameter/py_para_node.py -> /home/gargie/service/build/py_parameter/build/lib/py_parameter
running install
running install_lib
copying /home/gargie/service/build/py_parameter/build/lib/py_parameter/py_para_node.py -> /home/gargie/service/install/py_parameter/lib/python3.10/site-packages/py_parameter
byte-compiling /home/gargie/service/install/py_parameter/lib/python3.10/site-packages/py_parameter/py_para_node.py to py_para_node.cpython-310.pyc
running install_data
running install_egg_info
removing '/home/gargie/service/install/py_parameter/lib/python3.10/site-packages/py_parameter-0.0.0-py3.10.egg-info' (and everything under it)
Copying ../../build/py_parameter/py_parameter.egg-info to /home/gargie/service/install/py_parameter/lib/python3.10/site-packages/py_parameter-0.0.0-py3.10.egg-info
running install_scripts
Installing py_para_node script to /home/gargie/service/install/py_parameter/lib/py_parameter
writing list of installed files to '/home/gargie/service/build/py_parameter/install.log'
