running egg_info
creating ../../build/key1_pkg/key1_pkg.egg-info
writing ../../build/key1_pkg/key1_pkg.egg-info/PKG-INFO
writing dependency_links to ../../build/key1_pkg/key1_pkg.egg-info/dependency_links.txt
writing entry points to ../../build/key1_pkg/key1_pkg.egg-info/entry_points.txt
writing requirements to ../../build/key1_pkg/key1_pkg.egg-info/requires.txt
writing top-level names to ../../build/key1_pkg/key1_pkg.egg-info/top_level.txt
writing manifest file '../../build/key1_pkg/key1_pkg.egg-info/SOURCES.txt'
reading manifest file '../../build/key1_pkg/key1_pkg.egg-info/SOURCES.txt'
adding license file 'LICENSE'
writing manifest file '../../build/key1_pkg/key1_pkg.egg-info/SOURCES.txt'
running build
running build_py
creating /home/gargie/key_ws/build/key1_pkg/build
creating /home/gargie/key_ws/build/key1_pkg/build/lib
creating /home/gargie/key_ws/build/key1_pkg/build/lib/key1_pkg
copying key1_pkg/pub_key1.py -> /home/gargie/key_ws/build/key1_pkg/build/lib/key1_pkg
copying key1_pkg/__init__.py -> /home/gargie/key_ws/build/key1_pkg/build/lib/key1_pkg
running install
running install_lib
creating /home/gargie/key_ws/install/key1_pkg/lib/python3.10/site-packages/key1_pkg
copying /home/gargie/key_ws/build/key1_pkg/build/lib/key1_pkg/pub_key1.py -> /home/gargie/key_ws/install/key1_pkg/lib/python3.10/site-packages/key1_pkg
copying /home/gargie/key_ws/build/key1_pkg/build/lib/key1_pkg/__init__.py -> /home/gargie/key_ws/install/key1_pkg/lib/python3.10/site-packages/key1_pkg
byte-compiling /home/gargie/key_ws/install/key1_pkg/lib/python3.10/site-packages/key1_pkg/pub_key1.py to pub_key1.cpython-310.pyc
byte-compiling /home/gargie/key_ws/install/key1_pkg/lib/python3.10/site-packages/key1_pkg/__init__.py to __init__.cpython-310.pyc
running install_data
creating /home/gargie/key_ws/install/key1_pkg/share/ament_index
creating /home/gargie/key_ws/install/key1_pkg/share/ament_index/resource_index
creating /home/gargie/key_ws/install/key1_pkg/share/ament_index/resource_index/packages
copying resource/key1_pkg -> /home/gargie/key_ws/install/key1_pkg/share/ament_index/resource_index/packages
copying package.xml -> /home/gargie/key_ws/install/key1_pkg/share/key1_pkg
running install_egg_info
Copying ../../build/key1_pkg/key1_pkg.egg-info to /home/gargie/key_ws/install/key1_pkg/lib/python3.10/site-packages/key1_pkg-0.0.0-py3.10.egg-info
running install_scripts
Installing pub_key1 script to /home/gargie/key_ws/install/key1_pkg/lib/key1_pkg
writing list of installed files to '/home/gargie/key_ws/build/key1_pkg/install.log'
