[0.519s] DEBUG:colcon:Command line arguments: ['/usr/bin/colcon', 'build']
[0.520s] DEBUG:colcon:Parsed command line arguments: Namespace(log_base=None, log_level=None, verb_name='build', build_base='build', install_base='install', merge_install=False, symlink_install=False, test_result_base=None, continue_on_error=False, executor='parallel', parallel_workers=4, event_handlers=None, ignore_user_meta=False, metas=['./colcon.meta'], base_paths=['.'], packages_ignore=None, packages_ignore_regex=None, paths=None, packages_up_to=None, packages_up_to_regex=None, packages_above=None, packages_above_and_dependencies=None, packages_above_depth=None, packages_select_by_dep=None, packages_skip_by_dep=None, packages_skip_up_to=None, packages_select_build_failed=False, packages_skip_build_finished=False, packages_select_test_failures=False, packages_skip_test_passed=False, packages_select=None, packages_skip=None, packages_select_regex=None, packages_skip_regex=None, packages_start=None, packages_end=None, allow_overriding=[], cmake_args=None, cmake_target=None, cmake_target_skip_unavailable=False, cmake_clean_cache=False, cmake_clean_first=False, cmake_force_configure=False, ament_cmake_args=None, catkin_cmake_args=None, catkin_skip_building_tests=False, mixin_files=None, mixin=None, verb_parser=<colcon_mixin.mixin.mixin_argument.MixinArgumentDecorator object at 0x7c2ec7e65a20>, verb_extension=<colcon_core.verb.build.BuildVerb object at 0x7c2ec7e65570>, main=<bound method BuildVerb.main of <colcon_core.verb.build.BuildVerb object at 0x7c2ec7e65570>>, mixin_verb=('build',))
[1.344s] Level 1:colcon.colcon_core.package_discovery:discover_packages(colcon_meta) check parameters
[1.345s] Level 1:colcon.colcon_core.package_discovery:discover_packages(recursive) check parameters
[1.345s] Level 1:colcon.colcon_core.package_discovery:discover_packages(ignore) check parameters
[1.345s] Level 1:colcon.colcon_core.package_discovery:discover_packages(path) check parameters
[1.345s] Level 1:colcon.colcon_core.package_discovery:discover_packages(colcon_meta) discover
[1.345s] Level 1:colcon.colcon_core.package_discovery:discover_packages(recursive) discover
[1.346s] INFO:colcon.colcon_core.package_discovery:Crawling recursively for packages in '/home/gargie/project'
[1.346s] Level 1:colcon.colcon_core.package_identification:_identify(.) by extensions ['ignore', 'ignore_ament_install']
[1.346s] Level 1:colcon.colcon_core.package_identification:_identify(.) by extension 'ignore'
[1.347s] Level 1:colcon.colcon_core.package_identification:_identify(.) by extension 'ignore_ament_install'
[1.347s] Level 1:colcon.colcon_core.package_identification:_identify(.) by extensions ['colcon_pkg']
[1.347s] Level 1:colcon.colcon_core.package_identification:_identify(.) by extension 'colcon_pkg'
[1.347s] Level 1:colcon.colcon_core.package_identification:_identify(.) by extensions ['colcon_meta']
[1.347s] Level 1:colcon.colcon_core.package_identification:_identify(.) by extension 'colcon_meta'
[1.348s] Level 1:colcon.colcon_core.package_identification:_identify(.) by extensions ['ros']
[1.348s] Level 1:colcon.colcon_core.package_identification:_identify(.) by extension 'ros'
[1.397s] Level 1:colcon.colcon_core.package_identification:_identify(.) by extensions ['cmake', 'python']
[1.398s] Level 1:colcon.colcon_core.package_identification:_identify(.) by extension 'cmake'
[1.398s] Level 1:colcon.colcon_core.package_identification:_identify(.) by extension 'python'
[1.398s] Level 1:colcon.colcon_core.package_identification:_identify(.) by extensions ['python_setup_py']
[1.398s] Level 1:colcon.colcon_core.package_identification:_identify(.) by extension 'python_setup_py'
[1.399s] Level 1:colcon.colcon_core.package_identification:_identify(build) by extensions ['ignore', 'ignore_ament_install']
[1.399s] Level 1:colcon.colcon_core.package_identification:_identify(build) by extension 'ignore'
[1.399s] Level 1:colcon.colcon_core.package_identification:_identify(build) ignored
[1.400s] Level 1:colcon.colcon_core.package_identification:_identify(install) by extensions ['ignore', 'ignore_ament_install']
[1.400s] Level 1:colcon.colcon_core.package_identification:_identify(install) by extension 'ignore'
[1.400s] Level 1:colcon.colcon_core.package_identification:_identify(install) ignored
[1.401s] Level 1:colcon.colcon_core.package_identification:_identify(log) by extensions ['ignore', 'ignore_ament_install']
[1.401s] Level 1:colcon.colcon_core.package_identification:_identify(log) by extension 'ignore'
[1.401s] Level 1:colcon.colcon_core.package_identification:_identify(log) ignored
[1.402s] Level 1:colcon.colcon_core.package_identification:_identify(src) by extensions ['ignore', 'ignore_ament_install']
[1.402s] Level 1:colcon.colcon_core.package_identification:_identify(src) by extension 'ignore'
[1.402s] Level 1:colcon.colcon_core.package_identification:_identify(src) by extension 'ignore_ament_install'
[1.403s] Level 1:colcon.colcon_core.package_identification:_identify(src) by extensions ['colcon_pkg']
[1.403s] Level 1:colcon.colcon_core.package_identification:_identify(src) by extension 'colcon_pkg'
[1.403s] Level 1:colcon.colcon_core.package_identification:_identify(src) by extensions ['colcon_meta']
[1.403s] Level 1:colcon.colcon_core.package_identification:_identify(src) by extension 'colcon_meta'
[1.403s] Level 1:colcon.colcon_core.package_identification:_identify(src) by extensions ['ros']
[1.403s] Level 1:colcon.colcon_core.package_identification:_identify(src) by extension 'ros'
[1.404s] Level 1:colcon.colcon_core.package_identification:_identify(src) by extensions ['cmake', 'python']
[1.404s] Level 1:colcon.colcon_core.package_identification:_identify(src) by extension 'cmake'
[1.404s] Level 1:colcon.colcon_core.package_identification:_identify(src) by extension 'python'
[1.404s] Level 1:colcon.colcon_core.package_identification:_identify(src) by extensions ['python_setup_py']
[1.404s] Level 1:colcon.colcon_core.package_identification:_identify(src) by extension 'python_setup_py'
[1.405s] Level 1:colcon.colcon_core.package_identification:_identify(src/project_pkg) by extensions ['ignore', 'ignore_ament_install']
[1.405s] Level 1:colcon.colcon_core.package_identification:_identify(src/project_pkg) by extension 'ignore'
[1.405s] Level 1:colcon.colcon_core.package_identification:_identify(src/project_pkg) by extension 'ignore_ament_install'
[1.406s] Level 1:colcon.colcon_core.package_identification:_identify(src/project_pkg) by extensions ['colcon_pkg']
[1.406s] Level 1:colcon.colcon_core.package_identification:_identify(src/project_pkg) by extension 'colcon_pkg'
[1.406s] Level 1:colcon.colcon_core.package_identification:_identify(src/project_pkg) by extensions ['colcon_meta']
[1.406s] Level 1:colcon.colcon_core.package_identification:_identify(src/project_pkg) by extension 'colcon_meta'
[1.406s] Level 1:colcon.colcon_core.package_identification:_identify(src/project_pkg) by extensions ['ros']
[1.407s] Level 1:colcon.colcon_core.package_identification:_identify(src/project_pkg) by extension 'ros'
[1.417s] DEBUG:colcon.colcon_core.package_identification:Package 'src/project_pkg' with type 'ros.ament_cmake' and name 'project_pkg'
[1.417s] Level 1:colcon.colcon_core.package_discovery:discover_packages(recursive) using defaults
[1.417s] Level 1:colcon.colcon_core.package_discovery:discover_packages(ignore) discover
[1.417s] Level 1:colcon.colcon_core.package_discovery:discover_packages(ignore) using defaults
[1.417s] Level 1:colcon.colcon_core.package_discovery:discover_packages(path) discover
[1.417s] Level 1:colcon.colcon_core.package_discovery:discover_packages(path) using defaults
[1.546s] Level 1:colcon.colcon_core.package_discovery:discover_packages(prefix_path) check parameters
[1.546s] Level 1:colcon.colcon_core.package_discovery:discover_packages(prefix_path) discover
[1.555s] DEBUG:colcon.colcon_installed_package_information.package_discovery:Found 1 installed packages in /home/gargie/project/install
[1.557s] DEBUG:colcon.colcon_installed_package_information.package_discovery:Found 1 installed packages in /home/gargie/key_ws/install
[1.559s] DEBUG:colcon.colcon_installed_package_information.package_discovery:Found 1 installed packages in /home/gargie/chem_ws/install
[1.567s] DEBUG:colcon.colcon_installed_package_information.package_discovery:Found 295 installed packages in /opt/ros/humble
[1.577s] Level 1:colcon.colcon_core.package_discovery:discover_packages(prefix_path) using defaults
[1.784s] Level 5:colcon.colcon_core.verb:set package 'project_pkg' build argument 'cmake_args' from command line to 'None'
[1.784s] Level 5:colcon.colcon_core.verb:set package 'project_pkg' build argument 'cmake_target' from command line to 'None'
[1.784s] Level 5:colcon.colcon_core.verb:set package 'project_pkg' build argument 'cmake_target_skip_unavailable' from command line to 'False'
[1.785s] Level 5:colcon.colcon_core.verb:set package 'project_pkg' build argument 'cmake_clean_cache' from command line to 'False'
[1.785s] Level 5:colcon.colcon_core.verb:set package 'project_pkg' build argument 'cmake_clean_first' from command line to 'False'
[1.785s] Level 5:colcon.colcon_core.verb:set package 'project_pkg' build argument 'cmake_force_configure' from command line to 'False'
[1.785s] Level 5:colcon.colcon_core.verb:set package 'project_pkg' build argument 'ament_cmake_args' from command line to 'None'
[1.785s] Level 5:colcon.colcon_core.verb:set package 'project_pkg' build argument 'catkin_cmake_args' from command line to 'None'
[1.785s] Level 5:colcon.colcon_core.verb:set package 'project_pkg' build argument 'catkin_skip_building_tests' from command line to 'False'
[1.785s] DEBUG:colcon.colcon_core.verb:Building package 'project_pkg' with the following arguments: {'ament_cmake_args': None, 'build_base': '/home/gargie/project/build/project_pkg', 'catkin_cmake_args': None, 'catkin_skip_building_tests': False, 'cmake_args': None, 'cmake_clean_cache': False, 'cmake_clean_first': False, 'cmake_force_configure': False, 'cmake_target': None, 'cmake_target_skip_unavailable': False, 'install_base': '/home/gargie/project/install/project_pkg', 'merge_install': False, 'path': '/home/gargie/project/src/project_pkg', 'symlink_install': False, 'test_result_base': None}
[1.786s] INFO:colcon.colcon_core.executor:Executing jobs using 'parallel' executor
[1.791s] DEBUG:colcon.colcon_parallel_executor.executor.parallel:run_until_complete
[1.791s] INFO:colcon.colcon_ros.task.ament_cmake.build:Building ROS package in '/home/gargie/project/src/project_pkg' with build type 'ament_cmake'
[1.792s] INFO:colcon.colcon_cmake.task.cmake.build:Building CMake package in '/home/gargie/project/src/project_pkg'
[1.802s] INFO:colcon.colcon_core.plugin_system:Skipping extension 'colcon_core.shell.bat': Not used on non-Windows systems
[1.803s] INFO:colcon.colcon_core.shell:Skip shell extension 'powershell' for command environment: Not usable outside of PowerShell
[1.803s] DEBUG:colcon.colcon_core.shell:Skip shell extension 'dsv' for command environment
[1.849s] DEBUG:colcon.colcon_core.event_handler.log_command:Invoking command in '/home/gargie/project/build/project_pkg': CMAKE_PREFIX_PATH=${CMAKE_PREFIX_PATH}:/opt/ros/humble /usr/bin/cmake --build /home/gargie/project/build/project_pkg -- -j4 -l4
[22.726s] DEBUG:colcon.colcon_core.event_handler.log_command:Invoked command in '/home/gargie/project/build/project_pkg' returned '0': CMAKE_PREFIX_PATH=${CMAKE_PREFIX_PATH}:/opt/ros/humble /usr/bin/cmake --build /home/gargie/project/build/project_pkg -- -j4 -l4
[22.764s] DEBUG:colcon.colcon_core.event_handler.log_command:Invoking command in '/home/gargie/project/build/project_pkg': CMAKE_PREFIX_PATH=${CMAKE_PREFIX_PATH}:/opt/ros/humble /usr/bin/cmake --install /home/gargie/project/build/project_pkg
[22.811s] Level 1:colcon.colcon_core.environment:create_environment_scripts_only(project_pkg)
[22.816s] DEBUG:colcon.colcon_core.event_handler.log_command:Invoked command in '/home/gargie/project/build/project_pkg' returned '0': CMAKE_PREFIX_PATH=${CMAKE_PREFIX_PATH}:/opt/ros/humble /usr/bin/cmake --install /home/gargie/project/build/project_pkg
[22.831s] Level 1:colcon.colcon_core.environment:checking '/home/gargie/project/install/project_pkg' for CMake module files
[22.835s] Level 1:colcon.colcon_core.environment:checking '/home/gargie/project/install/project_pkg' for CMake config files
[22.837s] Level 1:colcon.colcon_core.shell:create_environment_hook('project_pkg', 'cmake_prefix_path')
[22.838s] INFO:colcon.colcon_core.shell:Creating environment hook '/home/gargie/project/install/project_pkg/share/project_pkg/hook/cmake_prefix_path.ps1'
[22.843s] INFO:colcon.colcon_core.shell:Creating environment descriptor '/home/gargie/project/install/project_pkg/share/project_pkg/hook/cmake_prefix_path.dsv'
[22.846s] INFO:colcon.colcon_core.shell:Creating environment hook '/home/gargie/project/install/project_pkg/share/project_pkg/hook/cmake_prefix_path.sh'
[22.851s] Level 1:colcon.colcon_core.environment:checking '/home/gargie/project/install/project_pkg/lib'
[22.853s] Level 1:colcon.colcon_core.environment:checking '/home/gargie/project/install/project_pkg/bin'
[22.853s] Level 1:colcon.colcon_core.environment:checking '/home/gargie/project/install/project_pkg/lib/pkgconfig/project_pkg.pc'
[22.854s] Level 1:colcon.colcon_core.environment:checking '/home/gargie/project/install/project_pkg/lib/python3.10/site-packages'
[22.856s] Level 1:colcon.colcon_core.environment:checking '/home/gargie/project/install/project_pkg/bin'
[22.858s] INFO:colcon.colcon_core.shell:Creating package script '/home/gargie/project/install/project_pkg/share/project_pkg/package.ps1'
[22.863s] INFO:colcon.colcon_core.shell:Creating package descriptor '/home/gargie/project/install/project_pkg/share/project_pkg/package.dsv'
[22.866s] INFO:colcon.colcon_core.shell:Creating package script '/home/gargie/project/install/project_pkg/share/project_pkg/package.sh'
[22.870s] INFO:colcon.colcon_core.shell:Creating package script '/home/gargie/project/install/project_pkg/share/project_pkg/package.bash'
[22.874s] INFO:colcon.colcon_core.shell:Creating package script '/home/gargie/project/install/project_pkg/share/project_pkg/package.zsh'
[22.879s] Level 1:colcon.colcon_core.environment:create_file_with_runtime_dependencies(/home/gargie/project/install/project_pkg/share/colcon-core/packages/project_pkg)
[22.882s] Level 1:colcon.colcon_core.environment:create_environment_scripts_only(project_pkg)
[22.883s] Level 1:colcon.colcon_core.environment:checking '/home/gargie/project/install/project_pkg' for CMake module files
[22.886s] Level 1:colcon.colcon_core.environment:checking '/home/gargie/project/install/project_pkg' for CMake config files
[22.888s] Level 1:colcon.colcon_core.shell:create_environment_hook('project_pkg', 'cmake_prefix_path')
[22.889s] INFO:colcon.colcon_core.shell:Creating environment hook '/home/gargie/project/install/project_pkg/share/project_pkg/hook/cmake_prefix_path.ps1'
[22.891s] INFO:colcon.colcon_core.shell:Creating environment descriptor '/home/gargie/project/install/project_pkg/share/project_pkg/hook/cmake_prefix_path.dsv'
[22.894s] INFO:colcon.colcon_core.shell:Creating environment hook '/home/gargie/project/install/project_pkg/share/project_pkg/hook/cmake_prefix_path.sh'
[22.897s] Level 1:colcon.colcon_core.environment:checking '/home/gargie/project/install/project_pkg/lib'
[22.897s] Level 1:colcon.colcon_core.environment:checking '/home/gargie/project/install/project_pkg/bin'
[22.898s] Level 1:colcon.colcon_core.environment:checking '/home/gargie/project/install/project_pkg/lib/pkgconfig/project_pkg.pc'
[22.899s] Level 1:colcon.colcon_core.environment:checking '/home/gargie/project/install/project_pkg/lib/python3.10/site-packages'
[22.900s] Level 1:colcon.colcon_core.environment:checking '/home/gargie/project/install/project_pkg/bin'
[22.901s] INFO:colcon.colcon_core.shell:Creating package script '/home/gargie/project/install/project_pkg/share/project_pkg/package.ps1'
[22.904s] INFO:colcon.colcon_core.shell:Creating package descriptor '/home/gargie/project/install/project_pkg/share/project_pkg/package.dsv'
[22.907s] INFO:colcon.colcon_core.shell:Creating package script '/home/gargie/project/install/project_pkg/share/project_pkg/package.sh'
[22.910s] INFO:colcon.colcon_core.shell:Creating package script '/home/gargie/project/install/project_pkg/share/project_pkg/package.bash'
[22.913s] INFO:colcon.colcon_core.shell:Creating package script '/home/gargie/project/install/project_pkg/share/project_pkg/package.zsh'
[22.915s] Level 1:colcon.colcon_core.environment:create_file_with_runtime_dependencies(/home/gargie/project/install/project_pkg/share/colcon-core/packages/project_pkg)
[22.917s] DEBUG:colcon.colcon_parallel_executor.executor.parallel:closing loop
[22.919s] DEBUG:colcon.colcon_parallel_executor.executor.parallel:loop closed
[22.920s] DEBUG:colcon.colcon_parallel_executor.executor.parallel:run_until_complete finished with '0'
[22.920s] DEBUG:colcon.colcon_core.event_reactor:joining thread
[22.988s] INFO:colcon.colcon_core.plugin_system:Skipping extension 'colcon_notification.desktop_notification.terminal_notifier': Not used on non-Darwin systems
[22.989s] INFO:colcon.colcon_core.plugin_system:Skipping extension 'colcon_notification.desktop_notification.win32': Not used on non-Windows systems
[22.990s] INFO:colcon.colcon_notification.desktop_notification:Sending desktop notification using 'notify2'
[23.077s] DEBUG:colcon.colcon_core.event_reactor:joined thread
[23.079s] INFO:colcon.colcon_core.shell:Creating prefix script '/home/gargie/project/install/local_setup.ps1'
[23.084s] INFO:colcon.colcon_core.shell:Creating prefix util module '/home/gargie/project/install/_local_setup_util_ps1.py'
[23.095s] INFO:colcon.colcon_core.shell:Creating prefix chain script '/home/gargie/project/install/setup.ps1'
[23.101s] INFO:colcon.colcon_core.shell:Creating prefix script '/home/gargie/project/install/local_setup.sh'
[23.107s] INFO:colcon.colcon_core.shell:Creating prefix util module '/home/gargie/project/install/_local_setup_util_sh.py'
[23.111s] INFO:colcon.colcon_core.shell:Creating prefix chain script '/home/gargie/project/install/setup.sh'
[23.116s] INFO:colcon.colcon_core.shell:Creating prefix script '/home/gargie/project/install/local_setup.bash'
[23.120s] INFO:colcon.colcon_core.shell:Creating prefix chain script '/home/gargie/project/install/setup.bash'
[23.127s] INFO:colcon.colcon_core.shell:Creating prefix script '/home/gargie/project/install/local_setup.zsh'
[23.130s] INFO:colcon.colcon_core.shell:Creating prefix chain script '/home/gargie/project/install/setup.zsh'
