[3.010s] Invoking command in '/home/gargie/launch_ws/src/py_launch_example': PYTHONPATH=/home/gargie/launch_ws/build/py_launch_example/prefix_override:/usr/lib/python3/dist-packages/colcon_core/task/python/colcon_distutils_commands:/home/gargie/launch_ws/install/py_launch_example/lib/python3.10/site-packages:${PYTHONPATH} /usr/bin/python3 -W ignore:setup.py install is deprecated -W ignore:easy_install command is deprecated setup.py egg_info --egg-base ../../build/py_launch_example build --build-base /home/gargie/launch_ws/build/py_launch_example/build install --record /home/gargie/launch_ws/build/py_launch_example/install.log --single-version-externally-managed install_data
[4.243s] running egg_info
[4.245s] creating ../../build/py_launch_example/py_launch_example.egg-info
[4.246s] writing ../../build/py_launch_example/py_launch_example.egg-info/PKG-INFO
[4.248s] writing dependency_links to ../../build/py_launch_example/py_launch_example.egg-info/dependency_links.txt
[4.249s] writing entry points to ../../build/py_launch_example/py_launch_example.egg-info/entry_points.txt
[4.250s] writing requirements to ../../build/py_launch_example/py_launch_example.egg-info/requires.txt
[4.251s] writing top-level names to ../../build/py_launch_example/py_launch_example.egg-info/top_level.txt
[4.252s] writing manifest file '../../build/py_launch_example/py_launch_example.egg-info/SOURCES.txt'
[4.258s] reading manifest file '../../build/py_launch_example/py_launch_example.egg-info/SOURCES.txt'
[4.259s] adding license file 'LICENSE'
[4.266s] writing manifest file '../../build/py_launch_example/py_launch_example.egg-info/SOURCES.txt'
[4.269s] running build
[4.271s] running build_py
[4.271s] creating /home/gargie/launch_ws/build/py_launch_example/build
[4.272s] creating /home/gargie/launch_ws/build/py_launch_example/build/lib
[4.273s] creating /home/gargie/launch_ws/build/py_launch_example/build/lib/py_launch_example
[4.273s] copying py_launch_example/__init__.py -> /home/gargie/launch_ws/build/py_launch_example/build/lib/py_launch_example
[4.274s] running install
[4.274s] running install_lib
[4.278s] creating /home/gargie/launch_ws/install/py_launch_example/lib/python3.10/site-packages/py_launch_example
[4.279s] copying /home/gargie/launch_ws/build/py_launch_example/build/lib/py_launch_example/__init__.py -> /home/gargie/launch_ws/install/py_launch_example/lib/python3.10/site-packages/py_launch_example
[4.281s] byte-compiling /home/gargie/launch_ws/install/py_launch_example/lib/python3.10/site-packages/py_launch_example/__init__.py to __init__.cpython-310.pyc
[4.282s] running install_data
[4.284s] creating /home/gargie/launch_ws/install/py_launch_example/share/ament_index
[4.285s] creating /home/gargie/launch_ws/install/py_launch_example/share/ament_index/resource_index
[4.286s] creating /home/gargie/launch_ws/install/py_launch_example/share/ament_index/resource_index/packages
[4.287s] copying resource/py_launch_example -> /home/gargie/launch_ws/install/py_launch_example/share/ament_index/resource_index/packages
[4.287s] copying package.xml -> /home/gargie/launch_ws/install/py_launch_example/share/py_launch_example
[4.288s] creating /home/gargie/launch_ws/install/py_launch_example/share/py_launch_example/launch
[4.289s] copying launch/my_script_launch.xml -> /home/gargie/launch_ws/install/py_launch_example/share/py_launch_example/launch
[4.290s] running install_egg_info
[4.294s] Copying ../../build/py_launch_example/py_launch_example.egg-info to /home/gargie/launch_ws/install/py_launch_example/lib/python3.10/site-packages/py_launch_example-0.0.0-py3.10.egg-info
[4.299s] running install_scripts
[4.385s] writing list of installed files to '/home/gargie/launch_ws/build/py_launch_example/install.log'
[4.514s] Invoked command in '/home/gargie/launch_ws/src/py_launch_example' returned '0': PYTHONPATH=/home/gargie/launch_ws/build/py_launch_example/prefix_override:/usr/lib/python3/dist-packages/colcon_core/task/python/colcon_distutils_commands:/home/gargie/launch_ws/install/py_launch_example/lib/python3.10/site-packages:${PYTHONPATH} /usr/bin/python3 -W ignore:setup.py install is deprecated -W ignore:easy_install command is deprecated setup.py egg_info --egg-base ../../build/py_launch_example build --build-base /home/gargie/launch_ws/build/py_launch_example/build install --record /home/gargie/launch_ws/build/py_launch_example/install.log --single-version-externally-managed install_data
