[4.983s] Invoking command in '/home/gargie/service/src/py_parameter': PYTHONPATH=/home/gargie/service/build/py_parameter/prefix_override:/usr/lib/python3/dist-packages/colcon_core/task/python/colcon_distutils_commands:/home/gargie/service/install/py_parameter/lib/python3.10/site-packages:${PYTHONPATH} /usr/bin/python3 -W ignore:setup.py install is deprecated -W ignore:easy_install command is deprecated setup.py egg_info --egg-base ../../build/py_parameter build --build-base /home/gargie/service/build/py_parameter/build install --record /home/gargie/service/build/py_parameter/install.log --single-version-externally-managed install_data
[6.210s] running egg_info
[6.213s] writing ../../build/py_parameter/py_parameter.egg-info/PKG-INFO
[6.214s] writing dependency_links to ../../build/py_parameter/py_parameter.egg-info/dependency_links.txt
[6.215s] writing entry points to ../../build/py_parameter/py_parameter.egg-info/entry_points.txt
[6.216s] writing requirements to ../../build/py_parameter/py_parameter.egg-info/requires.txt
[6.218s] writing top-level names to ../../build/py_parameter/py_parameter.egg-info/top_level.txt
[6.227s] reading manifest file '../../build/py_parameter/py_parameter.egg-info/SOURCES.txt'
[6.228s] adding license file 'LICENSE'
[6.232s] writing manifest file '../../build/py_parameter/py_parameter.egg-info/SOURCES.txt'
[6.233s] running build
[6.233s] running build_py
[6.234s] copying py_parameter/py_para_node.py -> /home/gargie/service/build/py_parameter/build/lib/py_parameter
[6.241s] running install
[6.242s] running install_lib
[6.245s] copying /home/gargie/service/build/py_parameter/build/lib/py_parameter/py_para_node.py -> /home/gargie/service/install/py_parameter/lib/python3.10/site-packages/py_parameter
[6.248s] byte-compiling /home/gargie/service/install/py_parameter/lib/python3.10/site-packages/py_parameter/py_para_node.py to py_para_node.cpython-310.pyc
[6.250s] running install_data
[6.251s] running install_egg_info
[6.259s] removing '/home/gargie/service/install/py_parameter/lib/python3.10/site-packages/py_parameter-0.0.0-py3.10.egg-info' (and everything under it)
[6.260s] Copying ../../build/py_parameter/py_parameter.egg-info to /home/gargie/service/install/py_parameter/lib/python3.10/site-packages/py_parameter-0.0.0-py3.10.egg-info
[6.264s] running install_scripts
[6.356s] Installing py_para_node script to /home/gargie/service/install/py_parameter/lib/py_parameter
[6.358s] writing list of installed files to '/home/gargie/service/build/py_parameter/install.log'
[6.503s] Invoked command in '/home/gargie/service/src/py_parameter' returned '0': PYTHONPATH=/home/gargie/service/build/py_parameter/prefix_override:/usr/lib/python3/dist-packages/colcon_core/task/python/colcon_distutils_commands:/home/gargie/service/install/py_parameter/lib/python3.10/site-packages:${PYTHONPATH} /usr/bin/python3 -W ignore:setup.py install is deprecated -W ignore:easy_install command is deprecated setup.py egg_info --egg-base ../../build/py_parameter build --build-base /home/gargie/service/build/py_parameter/build install --record /home/gargie/service/build/py_parameter/install.log --single-version-externally-managed install_data
