[0.054s] Invoking command in '/home/gargie/service/build/cpp_srvcli': CMAKE_PREFIX_PATH=${CMAKE_PREFIX_PATH}:/home/gargie/key_ws/install/key1_pkg:/opt/ros/humble /usr/bin/cmake /home/gargie/service/src/cpp_srvcli -DCMAKE_INSTALL_PREFIX=/home/gargie/service/install/cpp_srvcli
[0.104s] -- Found ament_cmake: 1.3.11 (/opt/ros/humble/share/ament_cmake/cmake)
[0.680s] -- Found rclcpp: 16.0.12 (/opt/ros/humble/share/rclcpp/cmake)
[0.803s] -- Found rosidl_generator_c: 3.1.6 (/opt/ros/humble/share/rosidl_generator_c/cmake)
[0.816s] -- Found rosidl_adapter: 3.1.6 (/opt/ros/humble/share/rosidl_adapter/cmake)
[0.843s] -- Found rosidl_generator_cpp: 3.1.6 (/opt/ros/humble/share/rosidl_generator_cpp/cmake)
[0.891s] -- Using all available rosidl_typesupport_c: rosidl_typesupport_fastrtps_c;rosidl_typesupport_introspection_c
[0.952s] -- Using all available rosidl_typesupport_cpp: rosidl_typesupport_fastrtps_cpp;rosidl_typesupport_introspection_cpp
[1.100s] -- Found rmw_implementation_cmake: 6.1.2 (/opt/ros/humble/share/rmw_implementation_cmake/cmake)
[1.105s] -- Found rmw_fastrtps_cpp: 6.2.7 (/opt/ros/humble/share/rmw_fastrtps_cpp/cmake)
[1.462s] -- Using RMW implementation 'rmw_fastrtps_cpp' as default
[1.687s] -- Found example_interfaces: 0.9.3 (/opt/ros/humble/share/example_interfaces/cmake)
[1.866s] -- Found ament_lint_auto: 0.12.12 (/opt/ros/humble/share/ament_lint_auto/cmake)
[2.187s] -- Added test 'cppcheck' to perform static code analysis on C / C++ code
[2.189s] -- Configured cppcheck include dirs: 
[2.191s] -- Configured cppcheck exclude dirs and/or files: 
[2.192s] -- Added test 'lint_cmake' to check CMake code style
[2.195s] -- Added test 'uncrustify' to check C / C++ code style
[2.197s] -- Configured uncrustify additional arguments: 
[2.199s] -- Added test 'xmllint' to check XML markup files
[2.200s] -- Configuring done
[2.253s] -- Generating done
[2.273s] -- Build files have been written to: /home/gargie/service/build/cpp_srvcli
[2.308s] Invoked command in '/home/gargie/service/build/cpp_srvcli' returned '0': CMAKE_PREFIX_PATH=${CMAKE_PREFIX_PATH}:/home/gargie/key_ws/install/key1_pkg:/opt/ros/humble /usr/bin/cmake /home/gargie/service/src/cpp_srvcli -DCMAKE_INSTALL_PREFIX=/home/gargie/service/install/cpp_srvcli
[2.316s] Invoking command in '/home/gargie/service/build/cpp_srvcli': CMAKE_PREFIX_PATH=${CMAKE_PREFIX_PATH}:/home/gargie/key_ws/install/key1_pkg:/opt/ros/humble /usr/bin/cmake --build /home/gargie/service/build/cpp_srvcli -- -j4 -l4
[2.520s] [ 25%] [32mBuilding CXX object CMakeFiles/server.dir/src/add_two_ints.cpp.o[0m
[2.521s] [ 50%] [32mBuilding CXX object CMakeFiles/client.dir/src/add_two_ints_client.cpp.o[0m
[3.513s] [01m[K/home/gargie/service/src/cpp_srvcli/src/add_two_ints.cpp:2:10:[m[K [01;31m[Kfatal error: [m[Kexample_interface/srv/add_two_ints.hpp: No such file or directory
[3.514s]     2 | #include [01;31m[K"example_interface/srv/add_two_ints.hpp"[m[K
[3.514s]       |          [01;31m[K^~~~~~~~~~~~~~~~~~~~~~~~~~~~~~~~~~~~~~~~[m[K
[3.515s] compilation terminated.
[3.521s] gmake[2]: *** [CMakeFiles/server.dir/build.make:76: CMakeFiles/server.dir/src/add_two_ints.cpp.o] Error 1
[3.521s] gmake[1]: *** [CMakeFiles/Makefile2:139: CMakeFiles/server.dir/all] Error 2
[3.522s] gmake[1]: *** Waiting for unfinished jobs....
[19.586s] [ 75%] [32m[1mLinking CXX executable client[0m
[20.498s] [ 75%] Built target client
[20.501s] gmake: *** [Makefile:146: all] Error 2
[20.510s] Invoked command in '/home/gargie/service/build/cpp_srvcli' returned '2': CMAKE_PREFIX_PATH=${CMAKE_PREFIX_PATH}:/home/gargie/key_ws/install/key1_pkg:/opt/ros/humble /usr/bin/cmake --build /home/gargie/service/build/cpp_srvcli -- -j4 -l4
