[0.052s] Invoking command in '/home/gargie/project/build/project_pkg': CMAKE_PREFIX_PATH=${CMAKE_PREFIX_PATH}:/opt/ros/humble /usr/bin/cmake --build /home/gargie/project/build/project_pkg -- -j4 -l4
[0.208s] [35m[1mConsolidate compiler generated dependencies of target shapes_node[0m
[0.278s] [ 50%] [32mBuilding CXX object CMakeFiles/shapes_node.dir/src/shapes_node.cpp.o[0m
[19.813s] [100%] [32m[1mLinking CXX executable shapes_node[0m
[20.888s] [100%] Built target shapes_node
[20.930s] Invoked command in '/home/gargie/project/build/project_pkg' returned '0': CMAKE_PREFIX_PATH=${CMAKE_PREFIX_PATH}:/opt/ros/humble /usr/bin/cmake --build /home/gargie/project/build/project_pkg -- -j4 -l4
[20.968s] Invoking command in '/home/gargie/project/build/project_pkg': CMAKE_PREFIX_PATH=${CMAKE_PREFIX_PATH}:/opt/ros/humble /usr/bin/cmake --install /home/gargie/project/build/project_pkg
[20.994s] -- Install configuration: ""
[20.995s] -- Installing: /home/gargie/project/install/project_pkg/lib/project_pkg/shapes_node
[21.002s] -- Set runtime path of "/home/gargie/project/install/project_pkg/lib/project_pkg/shapes_node" to ""
[21.003s] -- Up-to-date: /home/gargie/project/install/project_pkg/share/ament_index/resource_index/package_run_dependencies/project_pkg
[21.004s] -- Up-to-date: /home/gargie/project/install/project_pkg/share/ament_index/resource_index/parent_prefix_path/project_pkg
[21.005s] -- Up-to-date: /home/gargie/project/install/project_pkg/share/project_pkg/environment/ament_prefix_path.sh
[21.006s] -- Up-to-date: /home/gargie/project/install/project_pkg/share/project_pkg/environment/ament_prefix_path.dsv
[21.006s] -- Up-to-date: /home/gargie/project/install/project_pkg/share/project_pkg/environment/path.sh
[21.007s] -- Up-to-date: /home/gargie/project/install/project_pkg/share/project_pkg/environment/path.dsv
[21.008s] -- Up-to-date: /home/gargie/project/install/project_pkg/share/project_pkg/local_setup.bash
[21.008s] -- Up-to-date: /home/gargie/project/install/project_pkg/share/project_pkg/local_setup.sh
[21.010s] -- Up-to-date: /home/gargie/project/install/project_pkg/share/project_pkg/local_setup.zsh
[21.011s] -- Up-to-date: /home/gargie/project/install/project_pkg/share/project_pkg/local_setup.dsv
[21.012s] -- Installing: /home/gargie/project/install/project_pkg/share/project_pkg/package.dsv
[21.014s] -- Up-to-date: /home/gargie/project/install/project_pkg/share/ament_index/resource_index/packages/project_pkg
[21.016s] -- Up-to-date: /home/gargie/project/install/project_pkg/share/project_pkg/cmake/project_pkgConfig.cmake
[21.018s] -- Up-to-date: /home/gargie/project/install/project_pkg/share/project_pkg/cmake/project_pkgConfig-version.cmake
[21.019s] -- Up-to-date: /home/gargie/project/install/project_pkg/share/project_pkg/package.xml
[21.020s] Invoked command in '/home/gargie/project/build/project_pkg' returned '0': CMAKE_PREFIX_PATH=${CMAKE_PREFIX_PATH}:/opt/ros/humble /usr/bin/cmake --install /home/gargie/project/build/project_pkg
