[3.084s] Invoking command in '/home/gargie/service/src/py_srvcli': PYTHONPATH=/home/gargie/service/build/py_srvcli/prefix_override:/usr/lib/python3/dist-packages/colcon_core/task/python/colcon_distutils_commands:/home/gargie/service/install/py_srvcli/lib/python3.10/site-packages:${PYTHONPATH} /usr/bin/python3 -W ignore:setup.py install is deprecated -W ignore:easy_install command is deprecated setup.py egg_info --egg-base ../../build/py_srvcli build --build-base /home/gargie/service/build/py_srvcli/build install --record /home/gargie/service/build/py_srvcli/install.log --single-version-externally-managed install_data
[4.251s] running egg_info
[4.254s] writing ../../build/py_srvcli/py_srvcli.egg-info/PKG-INFO
[4.256s] writing dependency_links to ../../build/py_srvcli/py_srvcli.egg-info/dependency_links.txt
[4.257s] writing entry points to ../../build/py_srvcli/py_srvcli.egg-info/entry_points.txt
[4.258s] writing requirements to ../../build/py_srvcli/py_srvcli.egg-info/requires.txt
[4.259s] writing top-level names to ../../build/py_srvcli/py_srvcli.egg-info/top_level.txt
[4.266s] reading manifest file '../../build/py_srvcli/py_srvcli.egg-info/SOURCES.txt'
[4.267s] adding license file 'LICENSE'
[4.270s] writing manifest file '../../build/py_srvcli/py_srvcli.egg-info/SOURCES.txt'
[4.272s] running build
[4.272s] running build_py
[4.273s] running install
[4.275s] running install_lib
[4.281s] byte-compiling /home/gargie/service/install/py_srvcli/lib/python3.10/site-packages/py_srvcli/service.py to service.cpython-310.pyc
[4.282s] Sorry: IndentationError: expected an indented block after function definition on line 8 (service.py, line 9)
[4.283s] running install_data
[4.283s] running install_egg_info
[4.289s] removing '/home/gargie/service/install/py_srvcli/lib/python3.10/site-packages/py_srvcli-0.0.0-py3.10.egg-info' (and everything under it)
[4.291s] Copying ../../build/py_srvcli/py_srvcli.egg-info to /home/gargie/service/install/py_srvcli/lib/python3.10/site-packages/py_srvcli-0.0.0-py3.10.egg-info
[4.295s] running install_scripts
[4.385s] Installing client script to /home/gargie/service/install/py_srvcli/lib/py_srvcli
[4.386s] Installing service script to /home/gargie/service/install/py_srvcli/lib/py_srvcli
[4.388s] writing list of installed files to '/home/gargie/service/build/py_srvcli/install.log'
[4.514s] Invoked command in '/home/gargie/service/src/py_srvcli' returned '0': PYTHONPATH=/home/gargie/service/build/py_srvcli/prefix_override:/usr/lib/python3/dist-packages/colcon_core/task/python/colcon_distutils_commands:/home/gargie/service/install/py_srvcli/lib/python3.10/site-packages:${PYTHONPATH} /usr/bin/python3 -W ignore:setup.py install is deprecated -W ignore:easy_install command is deprecated setup.py egg_info --egg-base ../../build/py_srvcli build --build-base /home/gargie/service/build/py_srvcli/build install --record /home/gargie/service/build/py_srvcli/install.log --single-version-externally-managed install_data
