[3.954s] Invoking command in '/home/gargie/service/src/py_srvcli': PYTHONPATH=/home/gargie/service/build/py_srvcli/prefix_override:/usr/lib/python3/dist-packages/colcon_core/task/python/colcon_distutils_commands:/home/gargie/service/install/py_srvcli/lib/python3.10/site-packages:${PYTHONPATH} /usr/bin/python3 -W ignore:setup.py install is deprecated -W ignore:easy_install command is deprecated setup.py egg_info --egg-base ../../build/py_srvcli build --build-base /home/gargie/service/build/py_srvcli/build install --record /home/gargie/service/build/py_srvcli/install.log --single-version-externally-managed install_data
[5.156s] running egg_info
[5.159s] writing ../../build/py_srvcli/py_srvcli.egg-info/PKG-INFO
[5.160s] writing dependency_links to ../../build/py_srvcli/py_srvcli.egg-info/dependency_links.txt
[5.161s] writing entry points to ../../build/py_srvcli/py_srvcli.egg-info/entry_points.txt
[5.162s] writing requirements to ../../build/py_srvcli/py_srvcli.egg-info/requires.txt
[5.163s] writing top-level names to ../../build/py_srvcli/py_srvcli.egg-info/top_level.txt
[5.170s] reading manifest file '../../build/py_srvcli/py_srvcli.egg-info/SOURCES.txt'
[5.172s] adding license file 'LICENSE'
[5.175s] writing manifest file '../../build/py_srvcli/py_srvcli.egg-info/SOURCES.txt'
[5.175s] running build
[5.175s] running build_py
[5.182s] running install
[5.183s] running install_lib
[5.189s] running install_data
[5.190s] running install_egg_info
[5.198s] removing '/home/gargie/service/install/py_srvcli/lib/python3.10/site-packages/py_srvcli-0.0.0-py3.10.egg-info' (and everything under it)
[5.199s] Copying ../../build/py_srvcli/py_srvcli.egg-info to /home/gargie/service/install/py_srvcli/lib/python3.10/site-packages/py_srvcli-0.0.0-py3.10.egg-info
[5.203s] running install_scripts
[5.292s] Installing client script to /home/gargie/service/install/py_srvcli/lib/py_srvcli
[5.293s] Installing service script to /home/gargie/service/install/py_srvcli/lib/py_srvcli
[5.294s] writing list of installed files to '/home/gargie/service/build/py_srvcli/install.log'
