running egg_info
creating ../../build/py_parameter/py_parameter.egg-info
writing ../../build/py_parameter/py_parameter.egg-info/PKG-INFO
writing dependency_links to ../../build/py_parameter/py_parameter.egg-info/dependency_links.txt
writing entry points to ../../build/py_parameter/py_parameter.egg-info/entry_points.txt
writing requirements to ../../build/py_parameter/py_parameter.egg-info/requires.txt
writing top-level names to ../../build/py_parameter/py_parameter.egg-info/top_level.txt
writing manifest file '../../build/py_parameter/py_parameter.egg-info/SOURCES.txt'
reading manifest file '../../build/py_parameter/py_parameter.egg-info/SOURCES.txt'
adding license file 'LICENSE'
writing manifest file '../../build/py_parameter/py_parameter.egg-info/SOURCES.txt'
running build
running build_py
creating /home/gargie/service/build/py_parameter/build
creating /home/gargie/service/build/py_parameter/build/lib
creating /home/gargie/service/build/py_parameter/build/lib/py_parameter
copying py_parameter/py_para_node.py -> /home/gargie/service/build/py_parameter/build/lib/py_parameter
copying py_parameter/__init__.py -> /home/gargie/service/build/py_parameter/build/lib/py_parameter
running install
running install_lib
creating /home/gargie/service/install/py_parameter/lib/python3.10/site-packages/py_parameter
copying /home/gargie/service/build/py_parameter/build/lib/py_parameter/py_para_node.py -> /home/gargie/service/install/py_parameter/lib/python3.10/site-packages/py_parameter
copying /home/gargie/service/build/py_parameter/build/lib/py_parameter/__init__.py -> /home/gargie/service/install/py_parameter/lib/python3.10/site-packages/py_parameter
byte-compiling /home/gargie/service/install/py_parameter/lib/python3.10/site-packages/py_parameter/py_para_node.py to py_para_node.cpython-310.pyc
byte-compiling /home/gargie/service/install/py_parameter/lib/python3.10/site-packages/py_parameter/__init__.py to __init__.cpython-310.pyc
running install_data
creating /home/gargie/service/install/py_parameter/share/ament_index
creating /home/gargie/service/install/py_parameter/share/ament_index/resource_index
creating /home/gargie/service/install/py_parameter/share/ament_index/resource_index/packages
copying resource/py_parameter -> /home/gargie/service/install/py_parameter/share/ament_index/resource_index/packages
copying package.xml -> /home/gargie/service/install/py_parameter/share/py_parameter
running install_egg_info
Copying ../../build/py_parameter/py_parameter.egg-info to /home/gargie/service/install/py_parameter/lib/python3.10/site-packages/py_parameter-0.0.0-py3.10.egg-info
running install_scripts
Installing py_para_node script to /home/gargie/service/install/py_parameter/lib/py_parameter
writing list of installed files to '/home/gargie/service/build/py_parameter/install.log'
