[1.761s] Invoking command in '/home/nihit/servcli/src/py_srvcli': PYTHONPATH=/home/nihit/servcli/build/py_srvcli/prefix_override:/usr/lib/python3/dist-packages/colcon_core/task/python/colcon_distutils_commands:/home/nihit/servcli/install/py_srvcli/lib/python3.10/site-packages:${PYTHONPATH} /usr/bin/python3 -W ignore:setup.py install is deprecated -W ignore:easy_install command is deprecated setup.py egg_info --egg-base ../../build/py_srvcli build --build-base /home/nihit/servcli/build/py_srvcli/build install --record /home/nihit/servcli/build/py_srvcli/install.log --single-version-externally-managed install_data
[2.447s] running egg_info
[2.450s] writing ../../build/py_srvcli/py_srvcli.egg-info/PKG-INFO
[2.450s] writing dependency_links to ../../build/py_srvcli/py_srvcli.egg-info/dependency_links.txt
[2.451s] writing entry points to ../../build/py_srvcli/py_srvcli.egg-info/entry_points.txt
[2.451s] writing requirements to ../../build/py_srvcli/py_srvcli.egg-info/requires.txt
[2.451s] writing top-level names to ../../build/py_srvcli/py_srvcli.egg-info/top_level.txt
[2.456s] reading manifest file '../../build/py_srvcli/py_srvcli.egg-info/SOURCES.txt'
[2.457s] writing manifest file '../../build/py_srvcli/py_srvcli.egg-info/SOURCES.txt'
[2.458s] running build
[2.458s] running build_py
[2.459s] running install
[2.459s] running install_lib
[2.462s] running install_data
[2.463s] running install_egg_info
[2.467s] removing '/home/nihit/servcli/install/py_srvcli/lib/python3.10/site-packages/py_srvcli-0.0.0-py3.10.egg-info' (and everything under it)
[2.467s] Copying ../../build/py_srvcli/py_srvcli.egg-info to /home/nihit/servcli/install/py_srvcli/lib/python3.10/site-packages/py_srvcli-0.0.0-py3.10.egg-info
[2.469s] running install_scripts
[2.510s] Installing client script to /home/nihit/servcli/install/py_srvcli/lib/py_srvcli
[2.510s] Installing publish script to /home/nihit/servcli/install/py_srvcli/lib/py_srvcli
[2.511s] Installing service script to /home/nihit/servcli/install/py_srvcli/lib/py_srvcli
[2.511s] Installing subscribe script to /home/nihit/servcli/install/py_srvcli/lib/py_srvcli
[2.512s] writing list of installed files to '/home/nihit/servcli/build/py_srvcli/install.log'
[2.563s] Invoked command in '/home/nihit/servcli/src/py_srvcli' returned '0': PYTHONPATH=/home/nihit/servcli/build/py_srvcli/prefix_override:/usr/lib/python3/dist-packages/colcon_core/task/python/colcon_distutils_commands:/home/nihit/servcli/install/py_srvcli/lib/python3.10/site-packages:${PYTHONPATH} /usr/bin/python3 -W ignore:setup.py install is deprecated -W ignore:easy_install command is deprecated setup.py egg_info --egg-base ../../build/py_srvcli build --build-base /home/nihit/servcli/build/py_srvcli/build install --record /home/nihit/servcli/build/py_srvcli/install.log --single-version-externally-managed install_data
