[1.365s] Invoking command in '/home/gargie/service/build/tutorial_interface': CMAKE_PREFIX_PATH=${CMAKE_PREFIX_PATH}:/home/gargie/service/install/py_srvcli:/home/gargie/key_ws/install/key1_pkg:/opt/ros/humble /usr/bin/cmake /home/gargie/service/src/tutorial_interface -DCMAKE_INSTALL_PREFIX=/home/gargie/service/install/tutorial_interface
[1.409s] -- Found ament_cmake: 1.3.11 (/opt/ros/humble/share/ament_cmake/cmake)
[2.048s] -- Found geometry_msgs: 4.8.0 (/opt/ros/humble/share/geometry_msgs/cmake)
[2.149s] -- Found rosidl_generator_c: 3.1.6 (/opt/ros/humble/share/rosidl_generator_c/cmake)
[2.162s] -- Found rosidl_adapter: 3.1.6 (/opt/ros/humble/share/rosidl_adapter/cmake)
[2.188s] -- Found rosidl_generator_cpp: 3.1.6 (/opt/ros/humble/share/rosidl_generator_cpp/cmake)
[2.236s] -- Using all available rosidl_typesupport_c: rosidl_typesupport_fastrtps_c;rosidl_typesupport_introspection_c
[2.295s] -- Using all available rosidl_typesupport_cpp: rosidl_typesupport_fastrtps_cpp;rosidl_typesupport_introspection_cpp
[2.466s] -- Found rosidl_default_generators: 1.2.0 (/opt/ros/humble/share/rosidl_default_generators/cmake)
[2.501s] -- Found ament_lint_auto: 0.12.12 (/opt/ros/humble/share/ament_lint_auto/cmake)
[3.659s] [31mCMake Error at /opt/ros/humble/share/rosidl_adapter/cmake/rosidl_adapt_interfaces.cmake:59 (message):
[3.659s]   execute_process(/usr/bin/python3 -m rosidl_adapter --package-name
[3.660s]   tutorial_interface --arguments-file
[3.660s]   /home/gargie/service/build/tutorial_interface/rosidl_adapter__arguments__tutorial_interface.json
[3.661s]   --output-dir
[3.661s]   /home/gargie/service/build/tutorial_interface/rosidl_adapter/tutorial_interface
[3.661s]   --output-file
[3.662s]   /home/gargie/service/build/tutorial_interface/rosidl_adapter/tutorial_interface.idls)
[3.662s]   returned error code 1:
[3.662s] 
[3.663s]   Error processing 'float4 radius' of 'tutorial_interface/Sphere': ''float4'
[3.663s]   is an invalid message name.  It should have the pattern
[3.664s]   '^[A-Z][A-Za-z0-9]*$''
[3.664s] 
[3.665s]   Traceback (most recent call last):
[3.666s] 
[3.666s]     File "/usr/lib/python3.10/runpy.py", line 196, in _run_module_as_main
[3.667s]       return _run_code(code, main_globals, None,
[3.667s]     File "/usr/lib/python3.10/runpy.py", line 86, in _run_code
[3.668s]       exec(code, run_globals)
[3.668s]     File "/opt/ros/humble/local/lib/python3.10/dist-packages/rosidl_adapter/__main__.py", line 19, in <module>
[3.669s]       sys.exit(main())
[3.669s]     File "/opt/ros/humble/local/lib/python3.10/dist-packages/rosidl_adapter/main.py", line 53, in main
[3.670s]       abs_idl_file = convert_to_idl(
[3.670s]     File "/opt/ros/humble/local/lib/python3.10/dist-packages/rosidl_adapter/__init__.py", line 19, in convert_to_idl
[3.671s]       return convert_msg_to_idl(
[3.671s]     File "/opt/ros/humble/local/lib/python3.10/dist-packages/rosidl_adapter/msg/__init__.py", line 28, in convert_msg_to_idl
[3.672s]       msg = parse_message_string(package_name, input_file.stem, content)
[3.673s]     File "/opt/ros/humble/local/lib/python3.10/dist-packages/rosidl_adapter/parser.py", line 520, in parse_message_string
[3.673s]       Type(type_string, context_package_name=pkg_name),
[3.674s]     File "/opt/ros/humble/local/lib/python3.10/dist-packages/rosidl_adapter/parser.py", line 277, in __init__
[3.675s]       super(Type, self).__init__(
[3.675s]     File "/opt/ros/humble/local/lib/python3.10/dist-packages/rosidl_adapter/parser.py", line 205, in __init__
[3.676s]       raise InvalidResourceName(
[3.676s] 
[3.676s]   rosidl_adapter.parser.InvalidResourceName: 'float4' is an invalid message
[3.677s]   name.  It should have the pattern '^[A-Z][A-Za-z0-9]*$'
[3.678s] 
[3.678s] Call Stack (most recent call first):
[3.679s]   /opt/ros/humble/share/rosidl_cmake/cmake/rosidl_generate_interfaces.cmake:130 (rosidl_adapt_interfaces)
[3.679s]   CMakeLists.txt:28 (rosidl_generate_interfaces)
[3.680s] 
[3.680s] [0m
[3.681s] -- Configuring incomplete, errors occurred!
[3.681s] See also "/home/gargie/service/build/tutorial_interface/CMakeFiles/CMakeOutput.log".
[3.689s] Invoked command in '/home/gargie/service/build/tutorial_interface' returned '1': CMAKE_PREFIX_PATH=${CMAKE_PREFIX_PATH}:/home/gargie/service/install/py_srvcli:/home/gargie/key_ws/install/key1_pkg:/opt/ros/humble /usr/bin/cmake /home/gargie/service/src/tutorial_interface -DCMAKE_INSTALL_PREFIX=/home/gargie/service/install/tutorial_interface
