[0.050s] Invoking command in '/home/gargie/service/build/cpp_srvcli': CMAKE_PREFIX_PATH=${CMAKE_PREFIX_PATH}:/home/gargie/service/install/py_srvcli:/home/gargie/key_ws/install/key1_pkg:/opt/ros/humble /usr/bin/cmake --build /home/gargie/service/build/cpp_srvcli -- -j4 -l4
[0.153s] -- Found ament_cmake: 1.3.11 (/opt/ros/humble/share/ament_cmake/cmake)
[0.776s] -- Found rclcpp: 16.0.12 (/opt/ros/humble/share/rclcpp/cmake)
[0.904s] -- Found rosidl_generator_c: 3.1.6 (/opt/ros/humble/share/rosidl_generator_c/cmake)
[0.917s] -- Found rosidl_adapter: 3.1.6 (/opt/ros/humble/share/rosidl_adapter/cmake)
[0.944s] -- Found rosidl_generator_cpp: 3.1.6 (/opt/ros/humble/share/rosidl_generator_cpp/cmake)
[0.994s] -- Using all available rosidl_typesupport_c: rosidl_typesupport_fastrtps_c;rosidl_typesupport_introspection_c
[1.054s] -- Using all available rosidl_typesupport_cpp: rosidl_typesupport_fastrtps_cpp;rosidl_typesupport_introspection_cpp
[1.207s] -- Found rmw_implementation_cmake: 6.1.2 (/opt/ros/humble/share/rmw_implementation_cmake/cmake)
[1.214s] -- Found rmw_fastrtps_cpp: 6.2.7 (/opt/ros/humble/share/rmw_fastrtps_cpp/cmake)
[1.574s] -- Using RMW implementation 'rmw_fastrtps_cpp' as default
[1.805s] -- Found tutorial_interface: 0.0.0 (/home/gargie/service/install/tutorial_interface/share/tutorial_interface/cmake)
[1.943s] -- Found ament_lint_auto: 0.12.12 (/opt/ros/humble/share/ament_lint_auto/cmake)
[2.280s] -- Added test 'cppcheck' to perform static code analysis on C / C++ code
[2.282s] -- Configured cppcheck include dirs: 
[2.282s] -- Configured cppcheck exclude dirs and/or files: 
[2.283s] -- Added test 'lint_cmake' to check CMake code style
[2.289s] -- Added test 'uncrustify' to check C / C++ code style
[2.290s] -- Configured uncrustify additional arguments: 
[2.291s] -- Added test 'xmllint' to check XML markup files
[2.294s] -- Configuring done
[2.355s] -- Generating done
[2.377s] -- Build files have been written to: /home/gargie/service/build/cpp_srvcli
[2.493s] [35m[1mConsolidate compiler generated dependencies of target server[0m
[2.494s] [35m[1mConsolidate compiler generated dependencies of target client[0m
[2.565s] [ 50%] [32mBuilding CXX object CMakeFiles/client.dir/src/add_two_ints_client.cpp.o[0m
[2.566s] [ 50%] [32mBuilding CXX object CMakeFiles/server.dir/src/add_two_ints.cpp.o[0m
[19.306s] [ 75%] [32m[1mLinking CXX executable server[0m
[20.205s] [ 75%] Built target server
[20.231s] [100%] [32m[1mLinking CXX executable client[0m
[21.142s] [100%] Built target client
[21.189s] Invoked command in '/home/gargie/service/build/cpp_srvcli' returned '0': CMAKE_PREFIX_PATH=${CMAKE_PREFIX_PATH}:/home/gargie/service/install/py_srvcli:/home/gargie/key_ws/install/key1_pkg:/opt/ros/humble /usr/bin/cmake --build /home/gargie/service/build/cpp_srvcli -- -j4 -l4
[21.197s] Invoking command in '/home/gargie/service/build/cpp_srvcli': CMAKE_PREFIX_PATH=${CMAKE_PREFIX_PATH}:/home/gargie/service/install/py_srvcli:/home/gargie/key_ws/install/key1_pkg:/opt/ros/humble /usr/bin/cmake --install /home/gargie/service/build/cpp_srvcli
[21.223s] -- Install configuration: ""
[21.224s] -- Installing: /home/gargie/service/install/cpp_srvcli/lib/cpp_srvcli/server
[21.229s] -- Set runtime path of "/home/gargie/service/install/cpp_srvcli/lib/cpp_srvcli/server" to ""
[21.230s] -- Installing: /home/gargie/service/install/cpp_srvcli/lib/cpp_srvcli/client
[21.235s] -- Set runtime path of "/home/gargie/service/install/cpp_srvcli/lib/cpp_srvcli/client" to ""
[21.236s] -- Installing: /home/gargie/service/install/cpp_srvcli/share/ament_index/resource_index/package_run_dependencies/cpp_srvcli
[21.236s] -- Installing: /home/gargie/service/install/cpp_srvcli/share/ament_index/resource_index/parent_prefix_path/cpp_srvcli
[21.237s] -- Up-to-date: /home/gargie/service/install/cpp_srvcli/share/cpp_srvcli/environment/ament_prefix_path.sh
[21.238s] -- Installing: /home/gargie/service/install/cpp_srvcli/share/cpp_srvcli/environment/ament_prefix_path.dsv
[21.239s] -- Up-to-date: /home/gargie/service/install/cpp_srvcli/share/cpp_srvcli/environment/path.sh
[21.240s] -- Installing: /home/gargie/service/install/cpp_srvcli/share/cpp_srvcli/environment/path.dsv
[21.240s] -- Up-to-date: /home/gargie/service/install/cpp_srvcli/share/cpp_srvcli/local_setup.bash
[21.241s] -- Up-to-date: /home/gargie/service/install/cpp_srvcli/share/cpp_srvcli/local_setup.sh
[21.241s] -- Up-to-date: /home/gargie/service/install/cpp_srvcli/share/cpp_srvcli/local_setup.zsh
[21.242s] -- Installing: /home/gargie/service/install/cpp_srvcli/share/cpp_srvcli/local_setup.dsv
[21.243s] -- Installing: /home/gargie/service/install/cpp_srvcli/share/cpp_srvcli/package.dsv
[21.244s] -- Up-to-date: /home/gargie/service/install/cpp_srvcli/share/ament_index/resource_index/packages/cpp_srvcli
[21.244s] -- Up-to-date: /home/gargie/service/install/cpp_srvcli/share/cpp_srvcli/cmake/cpp_srvcliConfig.cmake
[21.245s] -- Up-to-date: /home/gargie/service/install/cpp_srvcli/share/cpp_srvcli/cmake/cpp_srvcliConfig-version.cmake
[21.245s] -- Installing: /home/gargie/service/install/cpp_srvcli/share/cpp_srvcli/package.xml
[21.252s] Invoked command in '/home/gargie/service/build/cpp_srvcli' returned '0': CMAKE_PREFIX_PATH=${CMAKE_PREFIX_PATH}:/home/gargie/service/install/py_srvcli:/home/gargie/key_ws/install/key1_pkg:/opt/ros/humble /usr/bin/cmake --install /home/gargie/service/build/cpp_srvcli
