[0.066s] Invoking command in '/home/gargie/service/build/cpp_srvcli': CMAKE_PREFIX_PATH=/home/gargie/service/install/tutorial_interface:/home/gargie/service/install/cpp_srvcli:/home/gargie/service/install/cpp_parameter:/home/gargie/key_ws/install/key_pkg:/home/gargie/project/install/project_pkg:/home/gargie/service/install/py_srvcli:/home/gargie/key_ws/install/key1_pkg:/opt/ros/humble /usr/bin/cmake --build /home/gargie/service/build/cpp_srvcli -- -j4 -l4
[0.332s] [ 50%] Built target server
[0.357s] [100%] Built target client
[0.407s] Invoked command in '/home/gargie/service/build/cpp_srvcli' returned '0': CMAKE_PREFIX_PATH=/home/gargie/service/install/tutorial_interface:/home/gargie/service/install/cpp_srvcli:/home/gargie/service/install/cpp_parameter:/home/gargie/key_ws/install/key_pkg:/home/gargie/project/install/project_pkg:/home/gargie/service/install/py_srvcli:/home/gargie/key_ws/install/key1_pkg:/opt/ros/humble /usr/bin/cmake --build /home/gargie/service/build/cpp_srvcli -- -j4 -l4
[0.417s] Invoking command in '/home/gargie/service/build/cpp_srvcli': CMAKE_PREFIX_PATH=/home/gargie/service/install/tutorial_interface:/home/gargie/service/install/cpp_srvcli:/home/gargie/service/install/cpp_parameter:/home/gargie/key_ws/install/key_pkg:/home/gargie/project/install/project_pkg:/home/gargie/service/install/py_srvcli:/home/gargie/key_ws/install/key1_pkg:/opt/ros/humble /usr/bin/cmake --install /home/gargie/service/build/cpp_srvcli
[0.451s] -- Install configuration: ""
[0.456s] -- Up-to-date: /home/gargie/service/install/cpp_srvcli/lib/cpp_srvcli/server
[0.459s] -- Up-to-date: /home/gargie/service/install/cpp_srvcli/lib/cpp_srvcli/client
[0.460s] -- Up-to-date: /home/gargie/service/install/cpp_srvcli/share/ament_index/resource_index/package_run_dependencies/cpp_srvcli
[0.460s] -- Up-to-date: /home/gargie/service/install/cpp_srvcli/share/ament_index/resource_index/parent_prefix_path/cpp_srvcli
[0.461s] -- Up-to-date: /home/gargie/service/install/cpp_srvcli/share/cpp_srvcli/environment/ament_prefix_path.sh
[0.462s] -- Up-to-date: /home/gargie/service/install/cpp_srvcli/share/cpp_srvcli/environment/ament_prefix_path.dsv
[0.463s] -- Up-to-date: /home/gargie/service/install/cpp_srvcli/share/cpp_srvcli/environment/path.sh
[0.464s] -- Up-to-date: /home/gargie/service/install/cpp_srvcli/share/cpp_srvcli/environment/path.dsv
[0.465s] -- Up-to-date: /home/gargie/service/install/cpp_srvcli/share/cpp_srvcli/local_setup.bash
[0.465s] -- Up-to-date: /home/gargie/service/install/cpp_srvcli/share/cpp_srvcli/local_setup.sh
[0.466s] -- Up-to-date: /home/gargie/service/install/cpp_srvcli/share/cpp_srvcli/local_setup.zsh
[0.466s] -- Up-to-date: /home/gargie/service/install/cpp_srvcli/share/cpp_srvcli/local_setup.dsv
[0.470s] -- Installing: /home/gargie/service/install/cpp_srvcli/share/cpp_srvcli/package.dsv
[0.470s] -- Up-to-date: /home/gargie/service/install/cpp_srvcli/share/ament_index/resource_index/packages/cpp_srvcli
[0.471s] -- Up-to-date: /home/gargie/service/install/cpp_srvcli/share/cpp_srvcli/cmake/cpp_srvcliConfig.cmake
[0.473s] -- Up-to-date: /home/gargie/service/install/cpp_srvcli/share/cpp_srvcli/cmake/cpp_srvcliConfig-version.cmake
[0.473s] -- Up-to-date: /home/gargie/service/install/cpp_srvcli/share/cpp_srvcli/package.xml
[0.479s] Invoked command in '/home/gargie/service/build/cpp_srvcli' returned '0': CMAKE_PREFIX_PATH=/home/gargie/service/install/tutorial_interface:/home/gargie/service/install/cpp_srvcli:/home/gargie/service/install/cpp_parameter:/home/gargie/key_ws/install/key_pkg:/home/gargie/project/install/project_pkg:/home/gargie/service/install/py_srvcli:/home/gargie/key_ws/install/key1_pkg:/opt/ros/humble /usr/bin/cmake --install /home/gargie/service/build/cpp_srvcli
