[0.536s] DEBUG:colcon:Command line arguments: ['/usr/bin/colcon', 'build']
[0.536s] DEBUG:colcon:Parsed command line arguments: Namespace(log_base=None, log_level=None, verb_name='build', build_base='build', install_base='install', merge_install=False, symlink_install=False, test_result_base=None, continue_on_error=False, executor='parallel', parallel_workers=4, event_handlers=None, ignore_user_meta=False, metas=['./colcon.meta'], base_paths=['.'], packages_ignore=None, packages_ignore_regex=None, paths=None, packages_up_to=None, packages_up_to_regex=None, packages_above=None, packages_above_and_dependencies=None, packages_above_depth=None, packages_select_by_dep=None, packages_skip_by_dep=None, packages_skip_up_to=None, packages_select_build_failed=False, packages_skip_build_finished=False, packages_select_test_failures=False, packages_skip_test_passed=False, packages_select=None, packages_skip=None, packages_select_regex=None, packages_skip_regex=None, packages_start=None, packages_end=None, allow_overriding=[], cmake_args=None, cmake_target=None, cmake_target_skip_unavailable=False, cmake_clean_cache=False, cmake_clean_first=False, cmake_force_configure=False, ament_cmake_args=None, catkin_cmake_args=None, catkin_skip_building_tests=False, mixin_files=None, mixin=None, verb_parser=<colcon_mixin.mixin.mixin_argument.MixinArgumentDecorator object at 0x7871471cadd0>, verb_extension=<colcon_core.verb.build.BuildVerb object at 0x7871471ca920>, main=<bound method BuildVerb.main of <colcon_core.verb.build.BuildVerb object at 0x7871471ca920>>, mixin_verb=('build',))
[1.396s] Level 1:colcon.colcon_core.package_discovery:discover_packages(colcon_meta) check parameters
[1.396s] Level 1:colcon.colcon_core.package_discovery:discover_packages(recursive) check parameters
[1.397s] Level 1:colcon.colcon_core.package_discovery:discover_packages(ignore) check parameters
[1.397s] Level 1:colcon.colcon_core.package_discovery:discover_packages(path) check parameters
[1.397s] Level 1:colcon.colcon_core.package_discovery:discover_packages(colcon_meta) discover
[1.397s] Level 1:colcon.colcon_core.package_discovery:discover_packages(recursive) discover
[1.397s] INFO:colcon.colcon_core.package_discovery:Crawling recursively for packages in '/home/gargie/launch_ws'
[1.398s] Level 1:colcon.colcon_core.package_identification:_identify(.) by extensions ['ignore', 'ignore_ament_install']
[1.398s] Level 1:colcon.colcon_core.package_identification:_identify(.) by extension 'ignore'
[1.398s] Level 1:colcon.colcon_core.package_identification:_identify(.) by extension 'ignore_ament_install'
[1.398s] Level 1:colcon.colcon_core.package_identification:_identify(.) by extensions ['colcon_pkg']
[1.399s] Level 1:colcon.colcon_core.package_identification:_identify(.) by extension 'colcon_pkg'
[1.399s] Level 1:colcon.colcon_core.package_identification:_identify(.) by extensions ['colcon_meta']
[1.399s] Level 1:colcon.colcon_core.package_identification:_identify(.) by extension 'colcon_meta'
[1.399s] Level 1:colcon.colcon_core.package_identification:_identify(.) by extensions ['ros']
[1.399s] Level 1:colcon.colcon_core.package_identification:_identify(.) by extension 'ros'
[1.449s] Level 1:colcon.colcon_core.package_identification:_identify(.) by extensions ['cmake', 'python']
[1.449s] Level 1:colcon.colcon_core.package_identification:_identify(.) by extension 'cmake'
[1.450s] Level 1:colcon.colcon_core.package_identification:_identify(.) by extension 'python'
[1.450s] Level 1:colcon.colcon_core.package_identification:_identify(.) by extensions ['python_setup_py']
[1.450s] Level 1:colcon.colcon_core.package_identification:_identify(.) by extension 'python_setup_py'
[1.450s] Level 1:colcon.colcon_core.package_identification:_identify(build) by extensions ['ignore', 'ignore_ament_install']
[1.451s] Level 1:colcon.colcon_core.package_identification:_identify(build) by extension 'ignore'
[1.451s] Level 1:colcon.colcon_core.package_identification:_identify(build) ignored
[1.452s] Level 1:colcon.colcon_core.package_identification:_identify(install) by extensions ['ignore', 'ignore_ament_install']
[1.452s] Level 1:colcon.colcon_core.package_identification:_identify(install) by extension 'ignore'
[1.452s] Level 1:colcon.colcon_core.package_identification:_identify(install) ignored
[1.453s] Level 1:colcon.colcon_core.package_identification:_identify(log) by extensions ['ignore', 'ignore_ament_install']
[1.453s] Level 1:colcon.colcon_core.package_identification:_identify(log) by extension 'ignore'
[1.453s] Level 1:colcon.colcon_core.package_identification:_identify(log) ignored
[1.454s] Level 1:colcon.colcon_core.package_identification:_identify(src) by extensions ['ignore', 'ignore_ament_install']
[1.454s] Level 1:colcon.colcon_core.package_identification:_identify(src) by extension 'ignore'
[1.454s] Level 1:colcon.colcon_core.package_identification:_identify(src) by extension 'ignore_ament_install'
[1.454s] Level 1:colcon.colcon_core.package_identification:_identify(src) by extensions ['colcon_pkg']
[1.455s] Level 1:colcon.colcon_core.package_identification:_identify(src) by extension 'colcon_pkg'
[1.455s] Level 1:colcon.colcon_core.package_identification:_identify(src) by extensions ['colcon_meta']
[1.455s] Level 1:colcon.colcon_core.package_identification:_identify(src) by extension 'colcon_meta'
[1.455s] Level 1:colcon.colcon_core.package_identification:_identify(src) by extensions ['ros']
[1.455s] Level 1:colcon.colcon_core.package_identification:_identify(src) by extension 'ros'
[1.456s] Level 1:colcon.colcon_core.package_identification:_identify(src) by extensions ['cmake', 'python']
[1.456s] Level 1:colcon.colcon_core.package_identification:_identify(src) by extension 'cmake'
[1.456s] Level 1:colcon.colcon_core.package_identification:_identify(src) by extension 'python'
[1.456s] Level 1:colcon.colcon_core.package_identification:_identify(src) by extensions ['python_setup_py']
[1.456s] Level 1:colcon.colcon_core.package_identification:_identify(src) by extension 'python_setup_py'
[1.457s] Level 1:colcon.colcon_core.package_identification:_identify(src/launch_tutorial) by extensions ['ignore', 'ignore_ament_install']
[1.457s] Level 1:colcon.colcon_core.package_identification:_identify(src/launch_tutorial) by extension 'ignore'
[1.457s] Level 1:colcon.colcon_core.package_identification:_identify(src/launch_tutorial) by extension 'ignore_ament_install'
[1.458s] Level 1:colcon.colcon_core.package_identification:_identify(src/launch_tutorial) by extensions ['colcon_pkg']
[1.458s] Level 1:colcon.colcon_core.package_identification:_identify(src/launch_tutorial) by extension 'colcon_pkg'
[1.458s] Level 1:colcon.colcon_core.package_identification:_identify(src/launch_tutorial) by extensions ['colcon_meta']
[1.458s] Level 1:colcon.colcon_core.package_identification:_identify(src/launch_tutorial) by extension 'colcon_meta'
[1.458s] Level 1:colcon.colcon_core.package_identification:_identify(src/launch_tutorial) by extensions ['ros']
[1.458s] Level 1:colcon.colcon_core.package_identification:_identify(src/launch_tutorial) by extension 'ros'
[1.468s] DEBUG:colcon.colcon_core.package_identification:Package 'src/launch_tutorial' with type 'ros.ament_cmake' and name 'launch_tutorial'
[1.469s] Level 1:colcon.colcon_core.package_identification:_identify(src/py_launch_example) by extensions ['ignore', 'ignore_ament_install']
[1.469s] Level 1:colcon.colcon_core.package_identification:_identify(src/py_launch_example) by extension 'ignore'
[1.469s] Level 1:colcon.colcon_core.package_identification:_identify(src/py_launch_example) by extension 'ignore_ament_install'
[1.470s] Level 1:colcon.colcon_core.package_identification:_identify(src/py_launch_example) by extensions ['colcon_pkg']
[1.470s] Level 1:colcon.colcon_core.package_identification:_identify(src/py_launch_example) by extension 'colcon_pkg'
[1.470s] Level 1:colcon.colcon_core.package_identification:_identify(src/py_launch_example) by extensions ['colcon_meta']
[1.470s] Level 1:colcon.colcon_core.package_identification:_identify(src/py_launch_example) by extension 'colcon_meta'
[1.470s] Level 1:colcon.colcon_core.package_identification:_identify(src/py_launch_example) by extensions ['ros']
[1.471s] Level 1:colcon.colcon_core.package_identification:_identify(src/py_launch_example) by extension 'ros'
[1.473s] DEBUG:colcon.colcon_core.package_identification:Package 'src/py_launch_example' with type 'ros.ament_python' and name 'py_launch_example'
[1.473s] Level 1:colcon.colcon_core.package_discovery:discover_packages(recursive) using defaults
[1.473s] Level 1:colcon.colcon_core.package_discovery:discover_packages(ignore) discover
[1.474s] Level 1:colcon.colcon_core.package_discovery:discover_packages(ignore) using defaults
[1.474s] Level 1:colcon.colcon_core.package_discovery:discover_packages(path) discover
[1.474s] Level 1:colcon.colcon_core.package_discovery:discover_packages(path) using defaults
[1.608s] Level 1:colcon.colcon_core.package_discovery:discover_packages(prefix_path) check parameters
[1.609s] Level 1:colcon.colcon_core.package_discovery:discover_packages(prefix_path) discover
[1.620s] DEBUG:colcon.colcon_installed_package_information.package_discovery:Found 2 installed packages in /home/gargie/launch_ws/install
[1.622s] DEBUG:colcon.colcon_installed_package_information.package_discovery:Found 1 installed packages in /home/gargie/interm_ws/install
[1.625s] DEBUG:colcon.colcon_installed_package_information.package_discovery:Found 5 installed packages in /home/gargie/service/install
[1.627s] DEBUG:colcon.colcon_installed_package_information.package_discovery:Found 1 installed packages in /home/gargie/project/install
[1.629s] DEBUG:colcon.colcon_installed_package_information.package_discovery:Found 2 installed packages in /home/gargie/key_ws/install
[1.631s] DEBUG:colcon.colcon_installed_package_information.package_discovery:Found 1 installed packages in /home/gargie/chem_ws/install
[1.639s] DEBUG:colcon.colcon_installed_package_information.package_discovery:Found 295 installed packages in /opt/ros/humble
[1.649s] Level 1:colcon.colcon_core.package_discovery:discover_packages(prefix_path) using defaults
[1.860s] Level 5:colcon.colcon_core.verb:set package 'launch_tutorial' build argument 'cmake_args' from command line to 'None'
[1.860s] Level 5:colcon.colcon_core.verb:set package 'launch_tutorial' build argument 'cmake_target' from command line to 'None'
[1.861s] Level 5:colcon.colcon_core.verb:set package 'launch_tutorial' build argument 'cmake_target_skip_unavailable' from command line to 'False'
[1.861s] Level 5:colcon.colcon_core.verb:set package 'launch_tutorial' build argument 'cmake_clean_cache' from command line to 'False'
[1.861s] Level 5:colcon.colcon_core.verb:set package 'launch_tutorial' build argument 'cmake_clean_first' from command line to 'False'
[1.861s] Level 5:colcon.colcon_core.verb:set package 'launch_tutorial' build argument 'cmake_force_configure' from command line to 'False'
[1.861s] Level 5:colcon.colcon_core.verb:set package 'launch_tutorial' build argument 'ament_cmake_args' from command line to 'None'
[1.861s] Level 5:colcon.colcon_core.verb:set package 'launch_tutorial' build argument 'catkin_cmake_args' from command line to 'None'
[1.861s] Level 5:colcon.colcon_core.verb:set package 'launch_tutorial' build argument 'catkin_skip_building_tests' from command line to 'False'
[1.861s] DEBUG:colcon.colcon_core.verb:Building package 'launch_tutorial' with the following arguments: {'ament_cmake_args': None, 'build_base': '/home/gargie/launch_ws/build/launch_tutorial', 'catkin_cmake_args': None, 'catkin_skip_building_tests': False, 'cmake_args': None, 'cmake_clean_cache': False, 'cmake_clean_first': False, 'cmake_force_configure': False, 'cmake_target': None, 'cmake_target_skip_unavailable': False, 'install_base': '/home/gargie/launch_ws/install/launch_tutorial', 'merge_install': False, 'path': '/home/gargie/launch_ws/src/launch_tutorial', 'symlink_install': False, 'test_result_base': None}
[1.863s] Level 5:colcon.colcon_core.verb:set package 'py_launch_example' build argument 'cmake_args' from command line to 'None'
[1.864s] Level 5:colcon.colcon_core.verb:set package 'py_launch_example' build argument 'cmake_target' from command line to 'None'
[1.864s] Level 5:colcon.colcon_core.verb:set package 'py_launch_example' build argument 'cmake_target_skip_unavailable' from command line to 'False'
[1.864s] Level 5:colcon.colcon_core.verb:set package 'py_launch_example' build argument 'cmake_clean_cache' from command line to 'False'
[1.864s] Level 5:colcon.colcon_core.verb:set package 'py_launch_example' build argument 'cmake_clean_first' from command line to 'False'
[1.864s] Level 5:colcon.colcon_core.verb:set package 'py_launch_example' build argument 'cmake_force_configure' from command line to 'False'
[1.864s] Level 5:colcon.colcon_core.verb:set package 'py_launch_example' build argument 'ament_cmake_args' from command line to 'None'
[1.864s] Level 5:colcon.colcon_core.verb:set package 'py_launch_example' build argument 'catkin_cmake_args' from command line to 'None'
[1.864s] Level 5:colcon.colcon_core.verb:set package 'py_launch_example' build argument 'catkin_skip_building_tests' from command line to 'False'
[1.865s] DEBUG:colcon.colcon_core.verb:Building package 'py_launch_example' with the following arguments: {'ament_cmake_args': None, 'build_base': '/home/gargie/launch_ws/build/py_launch_example', 'catkin_cmake_args': None, 'catkin_skip_building_tests': False, 'cmake_args': None, 'cmake_clean_cache': False, 'cmake_clean_first': False, 'cmake_force_configure': False, 'cmake_target': None, 'cmake_target_skip_unavailable': False, 'install_base': '/home/gargie/launch_ws/install/py_launch_example', 'merge_install': False, 'path': '/home/gargie/launch_ws/src/py_launch_example', 'symlink_install': False, 'test_result_base': None}
[1.865s] INFO:colcon.colcon_core.executor:Executing jobs using 'parallel' executor
[1.870s] DEBUG:colcon.colcon_parallel_executor.executor.parallel:run_until_complete
[1.871s] INFO:colcon.colcon_ros.task.ament_cmake.build:Building ROS package in '/home/gargie/launch_ws/src/launch_tutorial' with build type 'ament_cmake'
[1.872s] INFO:colcon.colcon_cmake.task.cmake.build:Building CMake package in '/home/gargie/launch_ws/src/launch_tutorial'
[1.882s] INFO:colcon.colcon_core.plugin_system:Skipping extension 'colcon_core.shell.bat': Not used on non-Windows systems
[1.883s] INFO:colcon.colcon_core.shell:Skip shell extension 'powershell' for command environment: Not usable outside of PowerShell
[1.883s] DEBUG:colcon.colcon_core.shell:Skip shell extension 'dsv' for command environment
[1.913s] INFO:colcon.colcon_ros.task.ament_python.build:Building ROS package in '/home/gargie/launch_ws/src/py_launch_example' with build type 'ament_python'
[1.914s] Level 1:colcon.colcon_core.shell:create_environment_hook('py_launch_example', 'ament_prefix_path')
[1.917s] INFO:colcon.colcon_core.shell:Creating environment hook '/home/gargie/launch_ws/install/py_launch_example/share/py_launch_example/hook/ament_prefix_path.ps1'
[1.920s] INFO:colcon.colcon_core.shell:Creating environment descriptor '/home/gargie/launch_ws/install/py_launch_example/share/py_launch_example/hook/ament_prefix_path.dsv'
[1.922s] INFO:colcon.colcon_core.shell:Creating environment hook '/home/gargie/launch_ws/install/py_launch_example/share/py_launch_example/hook/ament_prefix_path.sh'
[1.927s] INFO:colcon.colcon_core.shell:Skip shell extension 'powershell' for command environment: Not usable outside of PowerShell
[1.927s] DEBUG:colcon.colcon_core.shell:Skip shell extension 'dsv' for command environment
[1.973s] DEBUG:colcon.colcon_core.event_handler.log_command:Invoking command in '/home/gargie/launch_ws/build/launch_tutorial': CMAKE_PREFIX_PATH=${CMAKE_PREFIX_PATH}:/home/gargie/launch_ws/install/py_launch_example:/home/gargie/service/install/py_srvcli:/home/gargie/service/install/py_parameter:/home/gargie/key_ws/install/key1_pkg:/opt/ros/humble /usr/bin/cmake --build /home/gargie/launch_ws/build/launch_tutorial -- -j4 -l4
[3.297s] INFO:colcon.colcon_core.task.python.build:Building Python package in '/home/gargie/launch_ws/src/py_launch_example'
[3.298s] INFO:colcon.colcon_core.shell:Skip shell extension 'powershell' for command environment: Not usable outside of PowerShell
[3.298s] DEBUG:colcon.colcon_core.shell:Skip shell extension 'dsv' for command environment
[3.330s] DEBUG:colcon.colcon_core.event_handler.log_command:Invoked command in '/home/gargie/launch_ws/build/launch_tutorial' returned '0': CMAKE_PREFIX_PATH=${CMAKE_PREFIX_PATH}:/home/gargie/launch_ws/install/py_launch_example:/home/gargie/service/install/py_srvcli:/home/gargie/service/install/py_parameter:/home/gargie/key_ws/install/key1_pkg:/opt/ros/humble /usr/bin/cmake --build /home/gargie/launch_ws/build/launch_tutorial -- -j4 -l4
[3.370s] DEBUG:colcon.colcon_core.event_handler.log_command:Invoking command in '/home/gargie/launch_ws/build/launch_tutorial': CMAKE_PREFIX_PATH=${CMAKE_PREFIX_PATH}:/home/gargie/launch_ws/install/py_launch_example:/home/gargie/service/install/py_srvcli:/home/gargie/service/install/py_parameter:/home/gargie/key_ws/install/key1_pkg:/opt/ros/humble /usr/bin/cmake --install /home/gargie/launch_ws/build/launch_tutorial
[3.413s] Level 1:colcon.colcon_core.environment:create_environment_scripts_only(launch_tutorial)
[3.421s] DEBUG:colcon.colcon_core.event_handler.log_command:Invoked command in '/home/gargie/launch_ws/build/launch_tutorial' returned '0': CMAKE_PREFIX_PATH=${CMAKE_PREFIX_PATH}:/home/gargie/launch_ws/install/py_launch_example:/home/gargie/service/install/py_srvcli:/home/gargie/service/install/py_parameter:/home/gargie/key_ws/install/key1_pkg:/opt/ros/humble /usr/bin/cmake --install /home/gargie/launch_ws/build/launch_tutorial
[3.433s] Level 1:colcon.colcon_core.environment:checking '/home/gargie/launch_ws/install/launch_tutorial' for CMake module files
[3.436s] Level 1:colcon.colcon_core.environment:checking '/home/gargie/launch_ws/install/launch_tutorial' for CMake config files
[3.437s] Level 1:colcon.colcon_core.shell:create_environment_hook('launch_tutorial', 'cmake_prefix_path')
[3.438s] INFO:colcon.colcon_core.shell:Creating environment hook '/home/gargie/launch_ws/install/launch_tutorial/share/launch_tutorial/hook/cmake_prefix_path.ps1'
[3.440s] INFO:colcon.colcon_core.shell:Creating environment descriptor '/home/gargie/launch_ws/install/launch_tutorial/share/launch_tutorial/hook/cmake_prefix_path.dsv'
[3.442s] INFO:colcon.colcon_core.shell:Creating environment hook '/home/gargie/launch_ws/install/launch_tutorial/share/launch_tutorial/hook/cmake_prefix_path.sh'
[3.446s] Level 1:colcon.colcon_core.environment:checking '/home/gargie/launch_ws/install/launch_tutorial/bin'
[3.447s] Level 1:colcon.colcon_core.environment:checking '/home/gargie/launch_ws/install/launch_tutorial/lib/pkgconfig/launch_tutorial.pc'
[3.448s] Level 1:colcon.colcon_core.environment:checking '/home/gargie/launch_ws/install/launch_tutorial/lib/python3.10/site-packages'
[3.449s] Level 1:colcon.colcon_core.environment:checking '/home/gargie/launch_ws/install/launch_tutorial/bin'
[3.450s] INFO:colcon.colcon_core.shell:Creating package script '/home/gargie/launch_ws/install/launch_tutorial/share/launch_tutorial/package.ps1'
[3.454s] INFO:colcon.colcon_core.shell:Creating package descriptor '/home/gargie/launch_ws/install/launch_tutorial/share/launch_tutorial/package.dsv'
[3.457s] INFO:colcon.colcon_core.shell:Creating package script '/home/gargie/launch_ws/install/launch_tutorial/share/launch_tutorial/package.sh'
[3.461s] INFO:colcon.colcon_core.shell:Creating package script '/home/gargie/launch_ws/install/launch_tutorial/share/launch_tutorial/package.bash'
[3.465s] INFO:colcon.colcon_core.shell:Creating package script '/home/gargie/launch_ws/install/launch_tutorial/share/launch_tutorial/package.zsh'
[3.468s] Level 1:colcon.colcon_core.environment:create_file_with_runtime_dependencies(/home/gargie/launch_ws/install/launch_tutorial/share/colcon-core/packages/launch_tutorial)
[3.470s] Level 1:colcon.colcon_core.environment:create_environment_scripts_only(launch_tutorial)
[3.472s] Level 1:colcon.colcon_core.environment:checking '/home/gargie/launch_ws/install/launch_tutorial' for CMake module files
[3.474s] Level 1:colcon.colcon_core.environment:checking '/home/gargie/launch_ws/install/launch_tutorial' for CMake config files
[3.475s] Level 1:colcon.colcon_core.shell:create_environment_hook('launch_tutorial', 'cmake_prefix_path')
[3.476s] INFO:colcon.colcon_core.shell:Creating environment hook '/home/gargie/launch_ws/install/launch_tutorial/share/launch_tutorial/hook/cmake_prefix_path.ps1'
[3.478s] INFO:colcon.colcon_core.shell:Creating environment descriptor '/home/gargie/launch_ws/install/launch_tutorial/share/launch_tutorial/hook/cmake_prefix_path.dsv'
[3.480s] INFO:colcon.colcon_core.shell:Creating environment hook '/home/gargie/launch_ws/install/launch_tutorial/share/launch_tutorial/hook/cmake_prefix_path.sh'
[3.483s] Level 1:colcon.colcon_core.environment:checking '/home/gargie/launch_ws/install/launch_tutorial/bin'
[3.483s] Level 1:colcon.colcon_core.environment:checking '/home/gargie/launch_ws/install/launch_tutorial/lib/pkgconfig/launch_tutorial.pc'
[3.484s] Level 1:colcon.colcon_core.environment:checking '/home/gargie/launch_ws/install/launch_tutorial/lib/python3.10/site-packages'
[3.485s] Level 1:colcon.colcon_core.environment:checking '/home/gargie/launch_ws/install/launch_tutorial/bin'
[3.486s] INFO:colcon.colcon_core.shell:Creating package script '/home/gargie/launch_ws/install/launch_tutorial/share/launch_tutorial/package.ps1'
[3.489s] INFO:colcon.colcon_core.shell:Creating package descriptor '/home/gargie/launch_ws/install/launch_tutorial/share/launch_tutorial/package.dsv'
[3.491s] INFO:colcon.colcon_core.shell:Creating package script '/home/gargie/launch_ws/install/launch_tutorial/share/launch_tutorial/package.sh'
[3.494s] INFO:colcon.colcon_core.shell:Creating package script '/home/gargie/launch_ws/install/launch_tutorial/share/launch_tutorial/package.bash'
[3.497s] INFO:colcon.colcon_core.shell:Creating package script '/home/gargie/launch_ws/install/launch_tutorial/share/launch_tutorial/package.zsh'
[3.499s] Level 1:colcon.colcon_core.environment:create_file_with_runtime_dependencies(/home/gargie/launch_ws/install/launch_tutorial/share/colcon-core/packages/launch_tutorial)
[4.974s] DEBUG:colcon.colcon_core.event_handler.log_command:Invoking command in '/home/gargie/launch_ws/src/py_launch_example': PYTHONPATH=/home/gargie/launch_ws/build/py_launch_example/prefix_override:/usr/lib/python3/dist-packages/colcon_core/task/python/colcon_distutils_commands:/home/gargie/launch_ws/install/py_launch_example/lib/python3.10/site-packages:${PYTHONPATH} /usr/bin/python3 -W ignore:setup.py install is deprecated -W ignore:easy_install command is deprecated setup.py egg_info --egg-base ../../build/py_launch_example build --build-base /home/gargie/launch_ws/build/py_launch_example/build install --record /home/gargie/launch_ws/build/py_launch_example/install.log --single-version-externally-managed install_data
[6.461s] Level 1:colcon.colcon_core.environment:checking '/home/gargie/launch_ws/install/py_launch_example' for CMake module files
[6.468s] DEBUG:colcon.colcon_core.event_handler.log_command:Invoked command in '/home/gargie/launch_ws/src/py_launch_example' returned '0': PYTHONPATH=/home/gargie/launch_ws/build/py_launch_example/prefix_override:/usr/lib/python3/dist-packages/colcon_core/task/python/colcon_distutils_commands:/home/gargie/launch_ws/install/py_launch_example/lib/python3.10/site-packages:${PYTHONPATH} /usr/bin/python3 -W ignore:setup.py install is deprecated -W ignore:easy_install command is deprecated setup.py egg_info --egg-base ../../build/py_launch_example build --build-base /home/gargie/launch_ws/build/py_launch_example/build install --record /home/gargie/launch_ws/build/py_launch_example/install.log --single-version-externally-managed install_data
[6.470s] Level 1:colcon.colcon_core.environment:checking '/home/gargie/launch_ws/install/py_launch_example' for CMake config files
[6.475s] Level 1:colcon.colcon_core.environment:checking '/home/gargie/launch_ws/install/py_launch_example/lib'
[6.478s] Level 1:colcon.colcon_core.environment:checking '/home/gargie/launch_ws/install/py_launch_example/bin'
[6.479s] Level 1:colcon.colcon_core.environment:checking '/home/gargie/launch_ws/install/py_launch_example/lib/pkgconfig/py_launch_example.pc'
[6.483s] Level 1:colcon.colcon_core.environment:checking '/home/gargie/launch_ws/install/py_launch_example/lib/python3.10/site-packages'
[6.483s] Level 1:colcon.colcon_core.shell:create_environment_hook('py_launch_example', 'pythonpath')
[6.487s] INFO:colcon.colcon_core.shell:Creating environment hook '/home/gargie/launch_ws/install/py_launch_example/share/py_launch_example/hook/pythonpath.ps1'
[6.492s] INFO:colcon.colcon_core.shell:Creating environment descriptor '/home/gargie/launch_ws/install/py_launch_example/share/py_launch_example/hook/pythonpath.dsv'
[6.497s] INFO:colcon.colcon_core.shell:Creating environment hook '/home/gargie/launch_ws/install/py_launch_example/share/py_launch_example/hook/pythonpath.sh'
[6.504s] Level 1:colcon.colcon_core.environment:checking '/home/gargie/launch_ws/install/py_launch_example/bin'
[6.505s] Level 1:colcon.colcon_core.environment:create_environment_scripts_only(py_launch_example)
[6.508s] INFO:colcon.colcon_core.shell:Creating package script '/home/gargie/launch_ws/install/py_launch_example/share/py_launch_example/package.ps1'
[6.512s] INFO:colcon.colcon_core.shell:Creating package descriptor '/home/gargie/launch_ws/install/py_launch_example/share/py_launch_example/package.dsv'
[6.516s] INFO:colcon.colcon_core.shell:Creating package script '/home/gargie/launch_ws/install/py_launch_example/share/py_launch_example/package.sh'
[6.520s] INFO:colcon.colcon_core.shell:Creating package script '/home/gargie/launch_ws/install/py_launch_example/share/py_launch_example/package.bash'
[6.523s] INFO:colcon.colcon_core.shell:Creating package script '/home/gargie/launch_ws/install/py_launch_example/share/py_launch_example/package.zsh'
[6.526s] Level 1:colcon.colcon_core.environment:create_file_with_runtime_dependencies(/home/gargie/launch_ws/install/py_launch_example/share/colcon-core/packages/py_launch_example)
[6.527s] DEBUG:colcon.colcon_parallel_executor.executor.parallel:closing loop
[6.529s] DEBUG:colcon.colcon_parallel_executor.executor.parallel:loop closed
[6.530s] DEBUG:colcon.colcon_parallel_executor.executor.parallel:run_until_complete finished with '0'
[6.530s] DEBUG:colcon.colcon_core.event_reactor:joining thread
[6.596s] INFO:colcon.colcon_core.plugin_system:Skipping extension 'colcon_notification.desktop_notification.terminal_notifier': Not used on non-Darwin systems
[6.596s] INFO:colcon.colcon_core.plugin_system:Skipping extension 'colcon_notification.desktop_notification.win32': Not used on non-Windows systems
[6.597s] INFO:colcon.colcon_notification.desktop_notification:Sending desktop notification using 'notify2'
[6.742s] DEBUG:colcon.colcon_core.event_reactor:joined thread
[6.743s] INFO:colcon.colcon_core.shell:Creating prefix script '/home/gargie/launch_ws/install/local_setup.ps1'
[6.750s] INFO:colcon.colcon_core.shell:Creating prefix util module '/home/gargie/launch_ws/install/_local_setup_util_ps1.py'
[6.758s] INFO:colcon.colcon_core.shell:Creating prefix chain script '/home/gargie/launch_ws/install/setup.ps1'
[6.768s] INFO:colcon.colcon_core.shell:Creating prefix script '/home/gargie/launch_ws/install/local_setup.sh'
[6.771s] INFO:colcon.colcon_core.shell:Creating prefix util module '/home/gargie/launch_ws/install/_local_setup_util_sh.py'
[6.774s] INFO:colcon.colcon_core.shell:Creating prefix chain script '/home/gargie/launch_ws/install/setup.sh'
[6.784s] INFO:colcon.colcon_core.shell:Creating prefix script '/home/gargie/launch_ws/install/local_setup.bash'
[6.786s] INFO:colcon.colcon_core.shell:Creating prefix chain script '/home/gargie/launch_ws/install/setup.bash'
[6.795s] INFO:colcon.colcon_core.shell:Creating prefix script '/home/gargie/launch_ws/install/local_setup.zsh'
[6.798s] INFO:colcon.colcon_core.shell:Creating prefix chain script '/home/gargie/launch_ws/install/setup.zsh'
