[0.807s] DEBUG:colcon:Command line arguments: ['/usr/bin/colcon', 'build']
[0.808s] DEBUG:colcon:Parsed command line arguments: Namespace(log_base=None, log_level=None, verb_name='build', build_base='build', install_base='install', merge_install=False, symlink_install=False, test_result_base=None, continue_on_error=False, executor='parallel', parallel_workers=4, event_handlers=None, ignore_user_meta=False, metas=['./colcon.meta'], base_paths=['.'], packages_ignore=None, packages_ignore_regex=None, paths=None, packages_up_to=None, packages_up_to_regex=None, packages_above=None, packages_above_and_dependencies=None, packages_above_depth=None, packages_select_by_dep=None, packages_skip_by_dep=None, packages_skip_up_to=None, packages_select_build_failed=False, packages_skip_build_finished=False, packages_select_test_failures=False, packages_skip_test_passed=False, packages_select=None, packages_skip=None, packages_select_regex=None, packages_skip_regex=None, packages_start=None, packages_end=None, allow_overriding=[], cmake_args=None, cmake_target=None, cmake_target_skip_unavailable=False, cmake_clean_cache=False, cmake_clean_first=False, cmake_force_configure=False, ament_cmake_args=None, catkin_cmake_args=None, catkin_skip_building_tests=False, mixin_files=None, mixin=None, verb_parser=<colcon_mixin.mixin.mixin_argument.MixinArgumentDecorator object at 0x7527fa569d50>, verb_extension=<colcon_core.verb.build.BuildVerb object at 0x7527fa5698a0>, main=<bound method BuildVerb.main of <colcon_core.verb.build.BuildVerb object at 0x7527fa5698a0>>, mixin_verb=('build',))
[2.058s] Level 1:colcon.colcon_core.package_discovery:discover_packages(colcon_meta) check parameters
[2.059s] Level 1:colcon.colcon_core.package_discovery:discover_packages(recursive) check parameters
[2.059s] Level 1:colcon.colcon_core.package_discovery:discover_packages(ignore) check parameters
[2.059s] Level 1:colcon.colcon_core.package_discovery:discover_packages(path) check parameters
[2.059s] Level 1:colcon.colcon_core.package_discovery:discover_packages(colcon_meta) discover
[2.059s] Level 1:colcon.colcon_core.package_discovery:discover_packages(recursive) discover
[2.059s] INFO:colcon.colcon_core.package_discovery:Crawling recursively for packages in '/home/gargie/project'
[2.060s] Level 1:colcon.colcon_core.package_identification:_identify(.) by extensions ['ignore', 'ignore_ament_install']
[2.060s] Level 1:colcon.colcon_core.package_identification:_identify(.) by extension 'ignore'
[2.061s] Level 1:colcon.colcon_core.package_identification:_identify(.) by extension 'ignore_ament_install'
[2.061s] Level 1:colcon.colcon_core.package_identification:_identify(.) by extensions ['colcon_pkg']
[2.061s] Level 1:colcon.colcon_core.package_identification:_identify(.) by extension 'colcon_pkg'
[2.061s] Level 1:colcon.colcon_core.package_identification:_identify(.) by extensions ['colcon_meta']
[2.061s] Level 1:colcon.colcon_core.package_identification:_identify(.) by extension 'colcon_meta'
[2.062s] Level 1:colcon.colcon_core.package_identification:_identify(.) by extensions ['ros']
[2.062s] Level 1:colcon.colcon_core.package_identification:_identify(.) by extension 'ros'
[2.138s] Level 1:colcon.colcon_core.package_identification:_identify(.) by extensions ['cmake', 'python']
[2.138s] Level 1:colcon.colcon_core.package_identification:_identify(.) by extension 'cmake'
[2.139s] Level 1:colcon.colcon_core.package_identification:_identify(.) by extension 'python'
[2.139s] Level 1:colcon.colcon_core.package_identification:_identify(.) by extensions ['python_setup_py']
[2.139s] Level 1:colcon.colcon_core.package_identification:_identify(.) by extension 'python_setup_py'
[2.140s] Level 1:colcon.colcon_core.package_identification:_identify(build) by extensions ['ignore', 'ignore_ament_install']
[2.140s] Level 1:colcon.colcon_core.package_identification:_identify(build) by extension 'ignore'
[2.140s] Level 1:colcon.colcon_core.package_identification:_identify(build) ignored
[2.141s] Level 1:colcon.colcon_core.package_identification:_identify(install) by extensions ['ignore', 'ignore_ament_install']
[2.141s] Level 1:colcon.colcon_core.package_identification:_identify(install) by extension 'ignore'
[2.142s] Level 1:colcon.colcon_core.package_identification:_identify(install) ignored
[2.142s] Level 1:colcon.colcon_core.package_identification:_identify(log) by extensions ['ignore', 'ignore_ament_install']
[2.143s] Level 1:colcon.colcon_core.package_identification:_identify(log) by extension 'ignore'
[2.143s] Level 1:colcon.colcon_core.package_identification:_identify(log) ignored
[2.144s] Level 1:colcon.colcon_core.package_identification:_identify(src) by extensions ['ignore', 'ignore_ament_install']
[2.144s] Level 1:colcon.colcon_core.package_identification:_identify(src) by extension 'ignore'
[2.145s] Level 1:colcon.colcon_core.package_identification:_identify(src) by extension 'ignore_ament_install'
[2.145s] Level 1:colcon.colcon_core.package_identification:_identify(src) by extensions ['colcon_pkg']
[2.145s] Level 1:colcon.colcon_core.package_identification:_identify(src) by extension 'colcon_pkg'
[2.145s] Level 1:colcon.colcon_core.package_identification:_identify(src) by extensions ['colcon_meta']
[2.145s] Level 1:colcon.colcon_core.package_identification:_identify(src) by extension 'colcon_meta'
[2.146s] Level 1:colcon.colcon_core.package_identification:_identify(src) by extensions ['ros']
[2.146s] Level 1:colcon.colcon_core.package_identification:_identify(src) by extension 'ros'
[2.146s] Level 1:colcon.colcon_core.package_identification:_identify(src) by extensions ['cmake', 'python']
[2.146s] Level 1:colcon.colcon_core.package_identification:_identify(src) by extension 'cmake'
[2.147s] Level 1:colcon.colcon_core.package_identification:_identify(src) by extension 'python'
[2.147s] Level 1:colcon.colcon_core.package_identification:_identify(src) by extensions ['python_setup_py']
[2.147s] Level 1:colcon.colcon_core.package_identification:_identify(src) by extension 'python_setup_py'
[2.148s] Level 1:colcon.colcon_core.package_identification:_identify(src/project_pkg) by extensions ['ignore', 'ignore_ament_install']
[2.148s] Level 1:colcon.colcon_core.package_identification:_identify(src/project_pkg) by extension 'ignore'
[2.149s] Level 1:colcon.colcon_core.package_identification:_identify(src/project_pkg) by extension 'ignore_ament_install'
[2.149s] Level 1:colcon.colcon_core.package_identification:_identify(src/project_pkg) by extensions ['colcon_pkg']
[2.149s] Level 1:colcon.colcon_core.package_identification:_identify(src/project_pkg) by extension 'colcon_pkg'
[2.149s] Level 1:colcon.colcon_core.package_identification:_identify(src/project_pkg) by extensions ['colcon_meta']
[2.149s] Level 1:colcon.colcon_core.package_identification:_identify(src/project_pkg) by extension 'colcon_meta'
[2.150s] Level 1:colcon.colcon_core.package_identification:_identify(src/project_pkg) by extensions ['ros']
[2.150s] Level 1:colcon.colcon_core.package_identification:_identify(src/project_pkg) by extension 'ros'
[2.162s] DEBUG:colcon.colcon_core.package_identification:Package 'src/project_pkg' with type 'ros.ament_cmake' and name 'project_pkg'
[2.163s] Level 1:colcon.colcon_core.package_discovery:discover_packages(recursive) using defaults
[2.163s] Level 1:colcon.colcon_core.package_discovery:discover_packages(ignore) discover
[2.163s] Level 1:colcon.colcon_core.package_discovery:discover_packages(ignore) using defaults
[2.163s] Level 1:colcon.colcon_core.package_discovery:discover_packages(path) discover
[2.163s] Level 1:colcon.colcon_core.package_discovery:discover_packages(path) using defaults
[2.325s] Level 1:colcon.colcon_core.package_discovery:discover_packages(prefix_path) check parameters
[2.325s] Level 1:colcon.colcon_core.package_discovery:discover_packages(prefix_path) discover
[2.339s] DEBUG:colcon.colcon_installed_package_information.package_discovery:Found 1 installed packages in /home/gargie/project/install
[2.341s] DEBUG:colcon.colcon_installed_package_information.package_discovery:Found 2 installed packages in /home/gargie/key_ws/install
[2.344s] DEBUG:colcon.colcon_installed_package_information.package_discovery:Found 1 installed packages in /home/gargie/chem_ws/install
[2.353s] DEBUG:colcon.colcon_installed_package_information.package_discovery:Found 295 installed packages in /opt/ros/humble
[2.363s] Level 1:colcon.colcon_core.package_discovery:discover_packages(prefix_path) using defaults
[2.609s] Level 5:colcon.colcon_core.verb:set package 'project_pkg' build argument 'cmake_args' from command line to 'None'
[2.609s] Level 5:colcon.colcon_core.verb:set package 'project_pkg' build argument 'cmake_target' from command line to 'None'
[2.610s] Level 5:colcon.colcon_core.verb:set package 'project_pkg' build argument 'cmake_target_skip_unavailable' from command line to 'False'
[2.610s] Level 5:colcon.colcon_core.verb:set package 'project_pkg' build argument 'cmake_clean_cache' from command line to 'False'
[2.610s] Level 5:colcon.colcon_core.verb:set package 'project_pkg' build argument 'cmake_clean_first' from command line to 'False'
[2.610s] Level 5:colcon.colcon_core.verb:set package 'project_pkg' build argument 'cmake_force_configure' from command line to 'False'
[2.610s] Level 5:colcon.colcon_core.verb:set package 'project_pkg' build argument 'ament_cmake_args' from command line to 'None'
[2.610s] Level 5:colcon.colcon_core.verb:set package 'project_pkg' build argument 'catkin_cmake_args' from command line to 'None'
[2.610s] Level 5:colcon.colcon_core.verb:set package 'project_pkg' build argument 'catkin_skip_building_tests' from command line to 'False'
[2.610s] DEBUG:colcon.colcon_core.verb:Building package 'project_pkg' with the following arguments: {'ament_cmake_args': None, 'build_base': '/home/gargie/project/build/project_pkg', 'catkin_cmake_args': None, 'catkin_skip_building_tests': False, 'cmake_args': None, 'cmake_clean_cache': False, 'cmake_clean_first': False, 'cmake_force_configure': False, 'cmake_target': None, 'cmake_target_skip_unavailable': False, 'install_base': '/home/gargie/project/install/project_pkg', 'merge_install': False, 'path': '/home/gargie/project/src/project_pkg', 'symlink_install': False, 'test_result_base': None}
[2.611s] INFO:colcon.colcon_core.executor:Executing jobs using 'parallel' executor
[2.616s] DEBUG:colcon.colcon_parallel_executor.executor.parallel:run_until_complete
[2.616s] INFO:colcon.colcon_ros.task.ament_cmake.build:Building ROS package in '/home/gargie/project/src/project_pkg' with build type 'ament_cmake'
[2.617s] INFO:colcon.colcon_cmake.task.cmake.build:Building CMake package in '/home/gargie/project/src/project_pkg'
[2.641s] INFO:colcon.colcon_core.plugin_system:Skipping extension 'colcon_core.shell.bat': Not used on non-Windows systems
[2.642s] INFO:colcon.colcon_core.shell:Skip shell extension 'powershell' for command environment: Not usable outside of PowerShell
[2.642s] DEBUG:colcon.colcon_core.shell:Skip shell extension 'dsv' for command environment
[2.713s] DEBUG:colcon.colcon_core.event_handler.log_command:Invoking command in '/home/gargie/project/build/project_pkg': CMAKE_PREFIX_PATH=${CMAKE_PREFIX_PATH}:/home/gargie/key_ws/install/key1_pkg:/opt/ros/humble /usr/bin/cmake --build /home/gargie/project/build/project_pkg -- -j4 -l4
[4.734s] DEBUG:colcon.colcon_core.event_handler.log_command:Invoked command in '/home/gargie/project/build/project_pkg' returned '2': CMAKE_PREFIX_PATH=${CMAKE_PREFIX_PATH}:/home/gargie/key_ws/install/key1_pkg:/opt/ros/humble /usr/bin/cmake --build /home/gargie/project/build/project_pkg -- -j4 -l4
[4.738s] Level 1:colcon.colcon_core.environment:create_environment_scripts_only(project_pkg)
[4.760s] Level 1:colcon.colcon_core.environment:checking '/home/gargie/project/install/project_pkg' for CMake module files
[4.764s] Level 1:colcon.colcon_core.environment:checking '/home/gargie/project/install/project_pkg' for CMake config files
[4.767s] Level 1:colcon.colcon_core.shell:create_environment_hook('project_pkg', 'cmake_prefix_path')
[4.768s] INFO:colcon.colcon_core.shell:Creating environment hook '/home/gargie/project/install/project_pkg/share/project_pkg/hook/cmake_prefix_path.ps1'
[4.772s] INFO:colcon.colcon_core.shell:Creating environment descriptor '/home/gargie/project/install/project_pkg/share/project_pkg/hook/cmake_prefix_path.dsv'
[4.775s] INFO:colcon.colcon_core.shell:Creating environment hook '/home/gargie/project/install/project_pkg/share/project_pkg/hook/cmake_prefix_path.sh'
[4.780s] Level 1:colcon.colcon_core.environment:checking '/home/gargie/project/install/project_pkg/lib'
[4.781s] Level 1:colcon.colcon_core.environment:checking '/home/gargie/project/install/project_pkg/bin'
[4.781s] Level 1:colcon.colcon_core.environment:checking '/home/gargie/project/install/project_pkg/lib/pkgconfig/project_pkg.pc'
[4.783s] Level 1:colcon.colcon_core.environment:checking '/home/gargie/project/install/project_pkg/lib/python3.10/site-packages'
[4.784s] Level 1:colcon.colcon_core.environment:checking '/home/gargie/project/install/project_pkg/bin'
[4.786s] INFO:colcon.colcon_core.shell:Creating package script '/home/gargie/project/install/project_pkg/share/project_pkg/package.ps1'
[4.792s] INFO:colcon.colcon_core.shell:Creating package descriptor '/home/gargie/project/install/project_pkg/share/project_pkg/package.dsv'
[4.797s] INFO:colcon.colcon_core.shell:Creating package script '/home/gargie/project/install/project_pkg/share/project_pkg/package.sh'
[4.804s] INFO:colcon.colcon_core.shell:Creating package script '/home/gargie/project/install/project_pkg/share/project_pkg/package.bash'
[4.810s] INFO:colcon.colcon_core.shell:Creating package script '/home/gargie/project/install/project_pkg/share/project_pkg/package.zsh'
[4.814s] Level 1:colcon.colcon_core.environment:create_file_with_runtime_dependencies(/home/gargie/project/install/project_pkg/share/colcon-core/packages/project_pkg)
[4.826s] DEBUG:colcon.colcon_parallel_executor.executor.parallel:closing loop
[4.826s] DEBUG:colcon.colcon_parallel_executor.executor.parallel:loop closed
[4.827s] DEBUG:colcon.colcon_parallel_executor.executor.parallel:run_until_complete finished with '2'
[4.827s] DEBUG:colcon.colcon_core.event_reactor:joining thread
[4.862s] INFO:colcon.colcon_core.plugin_system:Skipping extension 'colcon_notification.desktop_notification.terminal_notifier': Not used on non-Darwin systems
[4.862s] INFO:colcon.colcon_core.plugin_system:Skipping extension 'colcon_notification.desktop_notification.win32': Not used on non-Windows systems
[4.863s] INFO:colcon.colcon_notification.desktop_notification:Sending desktop notification using 'notify2'
[5.001s] DEBUG:colcon.colcon_core.event_reactor:joined thread
[5.003s] INFO:colcon.colcon_core.shell:Creating prefix script '/home/gargie/project/install/local_setup.ps1'
[5.008s] INFO:colcon.colcon_core.shell:Creating prefix util module '/home/gargie/project/install/_local_setup_util_ps1.py'
[5.016s] INFO:colcon.colcon_core.shell:Creating prefix chain script '/home/gargie/project/install/setup.ps1'
[5.024s] INFO:colcon.colcon_core.shell:Creating prefix script '/home/gargie/project/install/local_setup.sh'
[5.028s] INFO:colcon.colcon_core.shell:Creating prefix util module '/home/gargie/project/install/_local_setup_util_sh.py'
[5.032s] INFO:colcon.colcon_core.shell:Creating prefix chain script '/home/gargie/project/install/setup.sh'
[5.039s] INFO:colcon.colcon_core.shell:Creating prefix script '/home/gargie/project/install/local_setup.bash'
[5.042s] INFO:colcon.colcon_core.shell:Creating prefix chain script '/home/gargie/project/install/setup.bash'
[5.049s] INFO:colcon.colcon_core.shell:Creating prefix script '/home/gargie/project/install/local_setup.zsh'
[5.052s] INFO:colcon.colcon_core.shell:Creating prefix chain script '/home/gargie/project/install/setup.zsh'
