running egg_info
creating ../../build/turtlebounds/turtlebounds.egg-info
writing ../../build/turtlebounds/turtlebounds.egg-info/PKG-INFO
writing dependency_links to ../../build/turtlebounds/turtlebounds.egg-info/dependency_links.txt
writing entry points to ../../build/turtlebounds/turtlebounds.egg-info/entry_points.txt
writing requirements to ../../build/turtlebounds/turtlebounds.egg-info/requires.txt
writing top-level names to ../../build/turtlebounds/turtlebounds.egg-info/top_level.txt
writing manifest file '../../build/turtlebounds/turtlebounds.egg-info/SOURCES.txt'
reading manifest file '../../build/turtlebounds/turtlebounds.egg-info/SOURCES.txt'
writing manifest file '../../build/turtlebounds/turtlebounds.egg-info/SOURCES.txt'
running build
running build_py
creating /home/nihit/servcli/build/turtlebounds/build
creating /home/nihit/servcli/build/turtlebounds/build/lib
creating /home/nihit/servcli/build/turtlebounds/build/lib/turtlebounds
copying turtlebounds/Bounds_Server.py -> /home/nihit/servcli/build/turtlebounds/build/lib/turtlebounds
copying turtlebounds/Bounds_client.py -> /home/nihit/servcli/build/turtlebounds/build/lib/turtlebounds
copying turtlebounds/__init__.py -> /home/nihit/servcli/build/turtlebounds/build/lib/turtlebounds
running install
running install_lib
creating /home/nihit/servcli/install/turtlebounds/lib/python3.10/site-packages/turtlebounds
copying /home/nihit/servcli/build/turtlebounds/build/lib/turtlebounds/Bounds_Server.py -> /home/nihit/servcli/install/turtlebounds/lib/python3.10/site-packages/turtlebounds
copying /home/nihit/servcli/build/turtlebounds/build/lib/turtlebounds/Bounds_client.py -> /home/nihit/servcli/install/turtlebounds/lib/python3.10/site-packages/turtlebounds
copying /home/nihit/servcli/build/turtlebounds/build/lib/turtlebounds/__init__.py -> /home/nihit/servcli/install/turtlebounds/lib/python3.10/site-packages/turtlebounds
byte-compiling /home/nihit/servcli/install/turtlebounds/lib/python3.10/site-packages/turtlebounds/Bounds_Server.py to Bounds_Server.cpython-310.pyc
byte-compiling /home/nihit/servcli/install/turtlebounds/lib/python3.10/site-packages/turtlebounds/Bounds_client.py to Bounds_client.cpython-310.pyc
byte-compiling /home/nihit/servcli/install/turtlebounds/lib/python3.10/site-packages/turtlebounds/__init__.py to __init__.cpython-310.pyc
running install_data
creating /home/nihit/servcli/install/turtlebounds/share/ament_index
creating /home/nihit/servcli/install/turtlebounds/share/ament_index/resource_index
creating /home/nihit/servcli/install/turtlebounds/share/ament_index/resource_index/packages
copying resource/turtlebounds -> /home/nihit/servcli/install/turtlebounds/share/ament_index/resource_index/packages
copying package.xml -> /home/nihit/servcli/install/turtlebounds/share/turtlebounds
running install_egg_info
Copying ../../build/turtlebounds/turtlebounds.egg-info to /home/nihit/servcli/install/turtlebounds/lib/python3.10/site-packages/turtlebounds-0.0.0-py3.10.egg-info
running install_scripts
Installing Bounds_cli script to /home/nihit/servcli/install/turtlebounds/lib/turtlebounds
Installing Bounds_srv script to /home/nihit/servcli/install/turtlebounds/lib/turtlebounds
writing list of installed files to '/home/nihit/servcli/build/turtlebounds/install.log'
