[3.503s] Invoking command in '/home/nihit/servcli/src/turtlebounds': PYTHONPATH=/home/nihit/servcli/build/turtlebounds/prefix_override:/usr/lib/python3/dist-packages/colcon_core/task/python/colcon_distutils_commands:/home/nihit/servcli/install/turtlebounds/lib/python3.10/site-packages:${PYTHONPATH} /usr/bin/python3 -W ignore:setup.py install is deprecated -W ignore:easy_install command is deprecated setup.py egg_info --egg-base ../../build/turtlebounds build --build-base /home/nihit/servcli/build/turtlebounds/build install --record /home/nihit/servcli/build/turtlebounds/install.log --single-version-externally-managed install_data
[4.412s] running egg_info
[4.412s] creating ../../build/turtlebounds/turtlebounds.egg-info
[4.412s] writing ../../build/turtlebounds/turtlebounds.egg-info/PKG-INFO
[4.412s] writing dependency_links to ../../build/turtlebounds/turtlebounds.egg-info/dependency_links.txt
[4.412s] writing entry points to ../../build/turtlebounds/turtlebounds.egg-info/entry_points.txt
[4.413s] writing requirements to ../../build/turtlebounds/turtlebounds.egg-info/requires.txt
[4.413s] writing top-level names to ../../build/turtlebounds/turtlebounds.egg-info/top_level.txt
[4.413s] writing manifest file '../../build/turtlebounds/turtlebounds.egg-info/SOURCES.txt'
[4.416s] reading manifest file '../../build/turtlebounds/turtlebounds.egg-info/SOURCES.txt'
[4.418s] writing manifest file '../../build/turtlebounds/turtlebounds.egg-info/SOURCES.txt'
[4.419s] running build
[4.421s] running build_py
[4.421s] creating /home/nihit/servcli/build/turtlebounds/build
[4.421s] creating /home/nihit/servcli/build/turtlebounds/build/lib
[4.422s] creating /home/nihit/servcli/build/turtlebounds/build/lib/turtlebounds
[4.422s] copying turtlebounds/Bounds_Server.py -> /home/nihit/servcli/build/turtlebounds/build/lib/turtlebounds
[4.422s] copying turtlebounds/Bounds_client.py -> /home/nihit/servcli/build/turtlebounds/build/lib/turtlebounds
[4.422s] copying turtlebounds/__init__.py -> /home/nihit/servcli/build/turtlebounds/build/lib/turtlebounds
[4.422s] running install
[4.423s] running install_lib
[4.426s] creating /home/nihit/servcli/install/turtlebounds/lib/python3.10/site-packages/turtlebounds
[4.427s] copying /home/nihit/servcli/build/turtlebounds/build/lib/turtlebounds/Bounds_Server.py -> /home/nihit/servcli/install/turtlebounds/lib/python3.10/site-packages/turtlebounds
[4.427s] copying /home/nihit/servcli/build/turtlebounds/build/lib/turtlebounds/Bounds_client.py -> /home/nihit/servcli/install/turtlebounds/lib/python3.10/site-packages/turtlebounds
[4.427s] copying /home/nihit/servcli/build/turtlebounds/build/lib/turtlebounds/__init__.py -> /home/nihit/servcli/install/turtlebounds/lib/python3.10/site-packages/turtlebounds
[4.427s] byte-compiling /home/nihit/servcli/install/turtlebounds/lib/python3.10/site-packages/turtlebounds/Bounds_Server.py to Bounds_Server.cpython-310.pyc
[4.428s] byte-compiling /home/nihit/servcli/install/turtlebounds/lib/python3.10/site-packages/turtlebounds/Bounds_client.py to Bounds_client.cpython-310.pyc
[4.428s] byte-compiling /home/nihit/servcli/install/turtlebounds/lib/python3.10/site-packages/turtlebounds/__init__.py to __init__.cpython-310.pyc
[4.429s] running install_data
[4.429s] creating /home/nihit/servcli/install/turtlebounds/share/ament_index
[4.429s] creating /home/nihit/servcli/install/turtlebounds/share/ament_index/resource_index
[4.430s] creating /home/nihit/servcli/install/turtlebounds/share/ament_index/resource_index/packages
[4.430s] copying resource/turtlebounds -> /home/nihit/servcli/install/turtlebounds/share/ament_index/resource_index/packages
[4.430s] copying package.xml -> /home/nihit/servcli/install/turtlebounds/share/turtlebounds
[4.430s] running install_egg_info
[4.437s] Copying ../../build/turtlebounds/turtlebounds.egg-info to /home/nihit/servcli/install/turtlebounds/lib/python3.10/site-packages/turtlebounds-0.0.0-py3.10.egg-info
[4.438s] running install_scripts
[4.514s] Installing Bounds_cli script to /home/nihit/servcli/install/turtlebounds/lib/turtlebounds
[4.514s] Installing Bounds_srv script to /home/nihit/servcli/install/turtlebounds/lib/turtlebounds
[4.515s] writing list of installed files to '/home/nihit/servcli/build/turtlebounds/install.log'
