[01m[K/home/gargie/service/src/cpp_srvcli/src/add_two_ints.cpp:7:22:[m[K [01;31m[Kerror: [m[K‘[01m[Kexample_interface[m[K’ was not declared in this scope; did you mean ‘[01m[Kexample_interfaces[m[K’?
    7 |      std::shared_ptr<[01;31m[Kexample_interface[m[K::srv::AddTwoInts::Response> response)
      |                      [01;31m[K^~~~~~~~~~~~~~~~~[m[K
      |                      [32m[Kexample_interfaces[m[K
[01m[K/home/gargie/service/src/cpp_srvcli/src/add_two_ints.cpp:7:66:[m[K [01;31m[Kerror: [m[Ktemplate argument 1 is invalid
    7 | d_ptr<example_interface::srv::AddTwoInts::Response[01;31m[K>[m[K response)
      |                                                   [01;31m[K^[m[K

[01m[K/home/gargie/service/src/cpp_srvcli/src/add_two_ints.cpp:7:22:[m[K [01;31m[Kerror: [m[K‘[01m[Kexample_interface[m[K’ was not declared in this scope; did you mean ‘[01m[Kexample_interfaces[m[K’?
    7 |      std::shared_ptr<[01;31m[Kexample_interface[m[K::srv::AddTwoInts::Response> response)
      |                      [01;31m[K^~~~~~~~~~~~~~~~~[m[K
      |                      [32m[Kexample_interfaces[m[K
[01m[K/home/gargie/service/src/cpp_srvcli/src/add_two_ints.cpp:7:66:[m[K [01;31m[Kerror: [m[Ktemplate argument 1 is invalid
    7 | d_ptr<example_interface::srv::AddTwoInts::Response[01;31m[K>[m[K response)
      |                                                   [01;31m[K^[m[K

[01m[K/home/gargie/service/src/cpp_srvcli/src/add_two_ints.cpp:7:22:[m[K [01;31m[Kerror: [m[K‘[01m[Kexample_interface[m[K’ was not declared in this scope; did you mean ‘[01m[Kexample_interfaces[m[K’?
    7 |      std::shared_ptr<[01;31m[Kexample_interface[m[K::srv::AddTwoInts::Response> response)
      |                      [01;31m[K^~~~~~~~~~~~~~~~~[m[K
      |                      [32m[Kexample_interfaces[m[K
[01m[K/home/gargie/service/src/cpp_srvcli/src/add_two_ints.cpp:7:66:[m[K [01;31m[Kerror: [m[Ktemplate argument 1 is invalid
    7 | d_ptr<example_interface::srv::AddTwoInts::Response[01;31m[K>[m[K response)
      |                                                   [01;31m[K^[m[K

[01m[K/home/gargie/service/src/cpp_srvcli/src/add_two_ints.cpp:7:6:[m[K [01;31m[Kerror: [m[Kinvalid template-id
    7 |      [01;31m[Kstd[m[K::shared_ptr<example_interface::srv::AddTwoInts::Response> response)
      |      [01;31m[K^~~[m[K
[01m[K/home/gargie/service/src/cpp_srvcli/src/add_two_ints.cpp:7:22:[m[K [01;31m[Kerror: [m[K‘[01m[Kexample_interface[m[K’ has not been declared
    7 |      std::shared_ptr<[01;31m[Kexample_interface[m[K::srv::AddTwoInts::Response> response)
      |                      [01;31m[K^~~~~~~~~~~~~~~~~[m[K
[01m[K/home/gargie/service/src/cpp_srvcli/src/add_two_ints.cpp:7:6:[m[K [01;31m[Kerror: [m[Kclass template placeholder ‘[01m[Kstd::shared_ptr[m[K’ not permitted in this context
    7 |      [01;31m[Kstd[m[K::shared_ptr<example_interface::srv::AddTwoInts::Response> response)
      |      [01;31m[K^~~[m[K
[01m[K/home/gargie/service/src/cpp_srvcli/src/add_two_ints.cpp:[m[K In function ‘[01m[Kvoid add(...)[m[K’:
[01m[K/home/gargie/service/src/cpp_srvcli/src/add_two_ints.cpp:8:7:[m[K [01;31m[Kerror: [m[K‘[01m[Kresponse[m[K’ was not declared in this scope
    8 |      {[01;31m[Kresponse[m[K->sum = request->a+request->b;
      |       [01;31m[K^~~~~~~~[m[K
In file included from [01m[K/opt/ros/humble/include/rclcpp/rclcpp/logging.hpp:24[m[K,
                 from [01m[K/opt/ros/humble/include/rclcpp/rclcpp/client.hpp:40[m[K,
                 from [01m[K/opt/ros/humble/include/rclcpp/rclcpp/callback_group.hpp:24[m[K,
                 from [01m[K/opt/ros/humble/include/rclcpp/rclcpp/any_executable.hpp:20[m[K,
                 from [01m[K/opt/ros/humble/include/rclcpp/rclcpp/memory_strategy.hpp:25[m[K,
                 from [01m[K/opt/ros/humble/include/rclcpp/rclcpp/memory_strategies.hpp:18[m[K,
                 from [01m[K/opt/ros/humble/include/rclcpp/rclcpp/executor_options.hpp:20[m[K,
                 from [01m[K/opt/ros/humble/include/rclcpp/rclcpp/executor.hpp:37[m[K,
                 from [01m[K/opt/ros/humble/include/rclcpp/rclcpp/executors/multi_threaded_executor.hpp:25[m[K,
                 from [01m[K/opt/ros/humble/include/rclcpp/rclcpp/executors.hpp:21[m[K,
                 from [01m[K/opt/ros/humble/include/rclcpp/rclcpp/rclcpp.hpp:155[m[K,
                 from [01m[K/home/gargie/service/src/cpp_srvcli/src/add_two_ints.cpp:1[m[K:
[01m[K/home/gargie/service/src/cpp_srvcli/src/add_two_ints.cpp:10:17:[m[K [01;31m[Kerror: [m[K‘[01m[Krequeat[m[K’ was not declared in this scope; did you mean ‘[01m[Krequest[m[K’?
   10 |      request->a,[01;31m[Krequeat[m[K->b);
      |                 [01;31m[K^~~~~~~[m[K
[01m[K/home/gargie/service/src/cpp_srvcli/src/add_two_ints.cpp:11:79:[m[K [01;31m[Kerror: [m[K‘[01m[Klongint[m[K’ was not declared in this scope; did you mean ‘[01m[Klrint[m[K’?
   11 | _logger("rclcpp"),"sending back response: [%1d]",([01;31m[Klongint[m[K)response->sum);
      |                                                   [01;31m[K^~~~~~~[m[K

[01m[K/home/gargie/service/src/cpp_srvcli/src/add_two_ints.cpp:[m[K In function ‘[01m[Kint main(int, char**)[m[K’:
[01m[K/home/gargie/service/src/cpp_srvcli/src/add_two_ints.cpp:19:21:[m[K [01;31m[Kerror: [m[K‘[01m[Kexampe_interfaces[m[K’ was not declared in this scope; did you mean ‘[01m[Kexample_interfaces[m[K’?
   19 |     rclcpp::Service<[01;31m[Kexampe_interfaces[m[K::srv::AddTwoInts>::SharedPtr service= node->create_service<exaple_interfaces::srv::AddTwoInts>("add_two_ints", &add);
      |                     [01;31m[K^~~~~~~~~~~~~~~~~[m[K
      |                     [32m[Kexample_interfaces[m[K
[01m[K/home/gargie/service/src/cpp_srvcli/src/add_two_ints.cpp:19:55:[m[K [01;31m[Kerror: [m[Ktemplate argument 1 is invalid
   19 | rclcpp::Service<exampe_interfaces::srv::AddTwoInts[01;31m[K>[m[K::SharedPtr service= node->create_service<exaple_interfaces::srv::AddTwoInts>("add_two_ints", &add);
      |                                                   [01;31m[K^[m[K

[01m[K/home/gargie/service/src/cpp_srvcli/src/add_two_ints.cpp:19:68:[m[K [01;31m[Kerror: [m[Kqualified-id in declaration before ‘[01m[Kservice[m[K’
   19 | ce<exampe_interfaces::srv::AddTwoInts>::SharedPtr [01;31m[Kservice[m[K= node->create_service<exaple_interfaces::srv::AddTwoInts>("add_two_ints", &add);
      |                                                   [01;31m[K^~~~~~~[m[K

[01m[K/home/gargie/service/src/cpp_srvcli/src/add_two_ints.cpp:23:13:[m[K [01;31m[Kerror: [m[K‘[01m[Kspine[m[K’ is not a member of ‘[01m[Krclcpp[m[K’; did you mean ‘[01m[Kspin[m[K’?
   23 |     rclcpp::[01;31m[Kspine[m[K(node);
      |             [01;31m[K^~~~~[m[K
      |             [32m[Kspin[m[K
gmake[2]: *** [CMakeFiles/server.dir/build.make:76: CMakeFiles/server.dir/src/add_two_ints.cpp.o] Error 1
gmake[1]: *** [CMakeFiles/Makefile2:139: CMakeFiles/server.dir/all] Error 2
gmake: *** [Makefile:146: all] Error 2
