[0.048s] Invoking command in '/home/gargie/service/build/cpp_srvcli': CMAKE_PREFIX_PATH=${CMAKE_PREFIX_PATH}:/home/gargie/key_ws/install/key1_pkg:/opt/ros/humble /usr/bin/cmake /home/gargie/service/src/cpp_srvcli -DCMAKE_INSTALL_PREFIX=/home/gargie/service/install/cpp_srvcli
[0.105s] -- Found ament_cmake: 1.3.11 (/opt/ros/humble/share/ament_cmake/cmake)
[0.696s] -- Found rclcpp: 16.0.12 (/opt/ros/humble/share/rclcpp/cmake)
[0.820s] -- Found rosidl_generator_c: 3.1.6 (/opt/ros/humble/share/rosidl_generator_c/cmake)
[0.833s] -- Found rosidl_adapter: 3.1.6 (/opt/ros/humble/share/rosidl_adapter/cmake)
[0.861s] -- Found rosidl_generator_cpp: 3.1.6 (/opt/ros/humble/share/rosidl_generator_cpp/cmake)
[0.908s] -- Using all available rosidl_typesupport_c: rosidl_typesupport_fastrtps_c;rosidl_typesupport_introspection_c
[0.968s] -- Using all available rosidl_typesupport_cpp: rosidl_typesupport_fastrtps_cpp;rosidl_typesupport_introspection_cpp
[1.115s] -- Found rmw_implementation_cmake: 6.1.2 (/opt/ros/humble/share/rmw_implementation_cmake/cmake)
[1.121s] -- Found rmw_fastrtps_cpp: 6.2.7 (/opt/ros/humble/share/rmw_fastrtps_cpp/cmake)
[1.473s] -- Using RMW implementation 'rmw_fastrtps_cpp' as default
[1.690s] -- Found example_interfaces: 0.9.3 (/opt/ros/humble/share/example_interfaces/cmake)
[1.865s] -- Found ament_lint_auto: 0.12.12 (/opt/ros/humble/share/ament_lint_auto/cmake)
[2.183s] -- Added test 'cppcheck' to perform static code analysis on C / C++ code
[2.184s] -- Configured cppcheck include dirs: 
[2.184s] -- Configured cppcheck exclude dirs and/or files: 
[2.187s] -- Added test 'lint_cmake' to check CMake code style
[2.191s] -- Added test 'uncrustify' to check C / C++ code style
[2.192s] -- Configured uncrustify additional arguments: 
[2.193s] -- Added test 'xmllint' to check XML markup files
[2.197s] -- Configuring done
[2.206s] [31mCMake Error at CMakeLists.txt:13 (add_executable):
[2.207s]   Cannot find source file:
[2.208s] 
[2.208s]     src/add_two_ints_server.cpp
[2.209s] 
[2.209s]   Tried extensions .c .C .c++ .cc .cpp .cxx .cu .mpp .m .M .mm .ixx .cppm .h
[2.210s]   .hh .h++ .hm .hpp .hxx .in .txx .f .F .for .f77 .f90 .f95 .f03 .hip .ispc
[2.210s] 
[2.211s] [0m
[2.214s] [31mCMake Error at CMakeLists.txt:13 (add_executable):
[2.214s]   No SOURCES given to target: server
[2.214s] 
[2.215s] [0m
[2.216s] [0mCMake Generate step failed.  Build files cannot be regenerated correctly.[0m
[2.247s] Invoked command in '/home/gargie/service/build/cpp_srvcli' returned '1': CMAKE_PREFIX_PATH=${CMAKE_PREFIX_PATH}:/home/gargie/key_ws/install/key1_pkg:/opt/ros/humble /usr/bin/cmake /home/gargie/service/src/cpp_srvcli -DCMAKE_INSTALL_PREFIX=/home/gargie/service/install/cpp_srvcli
