-- The C compiler identification is GNU 11.4.0
-- The CXX compiler identification is GNU 11.4.0
-- Detecting C compiler ABI info
-- Detecting C compiler ABI info - done
-- Check for working C compiler: /usr/bin/cc - skipped
-- Detecting C compile features
-- Detecting C compile features - done
-- Detecting CXX compiler ABI info
-- Detecting CXX compiler ABI info - done
-- Check for working CXX compiler: /usr/bin/c++ - skipped
-- Detecting CXX compile features
-- Detecting CXX compile features - done
-- Found ament_cmake: 1.3.11 (/opt/ros/humble/share/ament_cmake/cmake)
-- Found Python3: /usr/bin/python3 (found version "3.10.12") found components: Interpreter 
-- Found rclcpp: 16.0.12 (/opt/ros/humble/share/rclcpp/cmake)
-- Found rosidl_generator_c: 3.1.6 (/opt/ros/humble/share/rosidl_generator_c/cmake)
-- Found rosidl_adapter: 3.1.6 (/opt/ros/humble/share/rosidl_adapter/cmake)
-- Found rosidl_generator_cpp: 3.1.6 (/opt/ros/humble/share/rosidl_generator_cpp/cmake)
-- Using all available rosidl_typesupport_c: rosidl_typesupport_fastrtps_c;rosidl_typesupport_introspection_c
-- Using all available rosidl_typesupport_cpp: rosidl_typesupport_fastrtps_cpp;rosidl_typesupport_introspection_cpp
-- Found rmw_implementation_cmake: 6.1.2 (/opt/ros/humble/share/rmw_implementation_cmake/cmake)
-- Found rmw_fastrtps_cpp: 6.2.7 (/opt/ros/humble/share/rmw_fastrtps_cpp/cmake)
-- Found OpenSSL: /usr/lib/x86_64-linux-gnu/libcrypto.so (found version "3.0.2")  
-- Found FastRTPS: /opt/ros/humble/include  
-- Using RMW implementation 'rmw_fastrtps_cpp' as default
-- Looking for pthread.h
-- Looking for pthread.h - found
-- Performing Test CMAKE_HAVE_LIBC_PTHREAD
-- Performing Test CMAKE_HAVE_LIBC_PTHREAD - Success
-- Found Threads: TRUE  
-- Found lifecycle_msgs: 1.2.1 (/opt/ros/humble/share/lifecycle_msgs/cmake)
-- Found rclcpp_lifecycle: 16.0.12 (/opt/ros/humble/share/rclcpp_lifecycle/cmake)
-- Found ament_lint_auto: 0.12.12 (/opt/ros/humble/share/ament_lint_auto/cmake)
-- Added test 'cppcheck' to perform static code analysis on C / C++ code
-- Configured cppcheck include dirs: $<BUILD_INTERFACE:/home/gargie/interfaces/src/inter_pkg/include>
-- Configured cppcheck exclude dirs and/or files: 
-- Added test 'lint_cmake' to check CMake code style
-- Added test 'uncrustify' to check C / C++ code style
-- Configured uncrustify additional arguments: 
-- Added test 'xmllint' to check XML markup files
-- Configuring done
-- Generating done
-- Build files have been written to: /home/gargie/interfaces/build/inter_pkg
[ 25%] [32mBuilding CXX object CMakeFiles/interface_n.dir/src/interface_n.cpp.o[0m
[ 50%] [32mBuilding CXX object CMakeFiles/node_interf.dir/src/node_interf.cpp.o[0m
[ 75%] [32m[1mLinking CXX executable interface_n[0m
[100%] [32m[1mLinking CXX executable node_interf[0m
[100%] Built target interface_n
[100%] Built target node_interf
-- Install configuration: ""
-- Installing: /home/gargie/interfaces/install/inter_pkg/lib/inter_pkg/interface_n
-- Set runtime path of "/home/gargie/interfaces/install/inter_pkg/lib/inter_pkg/interface_n" to ""
-- Installing: /home/gargie/interfaces/install/inter_pkg/lib/inter_pkg/node_interf
-- Set runtime path of "/home/gargie/interfaces/install/inter_pkg/lib/inter_pkg/node_interf" to ""
-- Installing: /home/gargie/interfaces/install/inter_pkg/share/ament_index/resource_index/package_run_dependencies/inter_pkg
-- Installing: /home/gargie/interfaces/install/inter_pkg/share/ament_index/resource_index/parent_prefix_path/inter_pkg
-- Installing: /home/gargie/interfaces/install/inter_pkg/share/inter_pkg/environment/ament_prefix_path.sh
-- Installing: /home/gargie/interfaces/install/inter_pkg/share/inter_pkg/environment/ament_prefix_path.dsv
-- Installing: /home/gargie/interfaces/install/inter_pkg/share/inter_pkg/environment/path.sh
-- Installing: /home/gargie/interfaces/install/inter_pkg/share/inter_pkg/environment/path.dsv
-- Installing: /home/gargie/interfaces/install/inter_pkg/share/inter_pkg/local_setup.bash
-- Installing: /home/gargie/interfaces/install/inter_pkg/share/inter_pkg/local_setup.sh
-- Installing: /home/gargie/interfaces/install/inter_pkg/share/inter_pkg/local_setup.zsh
-- Installing: /home/gargie/interfaces/install/inter_pkg/share/inter_pkg/local_setup.dsv
-- Installing: /home/gargie/interfaces/install/inter_pkg/share/inter_pkg/package.dsv
-- Installing: /home/gargie/interfaces/install/inter_pkg/share/ament_index/resource_index/packages/inter_pkg
-- Installing: /home/gargie/interfaces/install/inter_pkg/share/inter_pkg/cmake/inter_pkgConfig.cmake
-- Installing: /home/gargie/interfaces/install/inter_pkg/share/inter_pkg/cmake/inter_pkgConfig-version.cmake
-- Installing: /home/gargie/interfaces/install/inter_pkg/share/inter_pkg/package.xml
