[0.019s] Invoking command in '/home/nihit/servcli/build/tutorial_interfaces': /usr/bin/cmake /home/nihit/servcli/src/tutorial_interfaces -DCMAKE_INSTALL_PREFIX=/home/nihit/servcli/install/tutorial_interfaces
[0.040s] -- Found ament_cmake: 1.3.11 (/opt/ros/humble/share/ament_cmake/cmake)
[0.290s] -- Found ament_lint_auto: 0.12.12 (/opt/ros/humble/share/ament_lint_auto/cmake)
[0.421s] Error parsing '/home/nihit/servcli/src/tutorial_interfaces/package.xml':
[0.498s] Traceback (most recent call last):
[0.499s]   File "/opt/ros/humble/share/ament_cmake_core/cmake/core/package_xml_2_cmake.py", line 150, in <module>
[0.499s]     main()
[0.499s]   File "/opt/ros/humble/share/ament_cmake_core/cmake/core/package_xml_2_cmake.py", line 53, in main
[0.499s]     raise e
[0.499s]   File "/opt/ros/humble/share/ament_cmake_core/cmake/core/package_xml_2_cmake.py", line 49, in main
[0.499s]     package = parse_package_string(
[0.499s]   File "/usr/lib/python3/dist-packages/catkin_pkg/package.py", line 786, in parse_package_string
[0.499s]     raise InvalidPackage('Error(s):%s' % (''.join(['\n- %s' % e for e in errors])), filename)
[0.499s] catkin_pkg.package.InvalidPackage: Error(s) in package '/home/nihit/servcli/src/tutorial_interfaces/package.xml':
[0.500s] Error(s):
[0.500s] - The generic dependency on 'action_msgs' is redundant with: build_depend, build_export_depend, exec_depend
[0.529s] [31mCMake Error at /opt/ros/humble/share/ament_cmake_core/cmake/core/ament_package_xml.cmake:95 (message):
[0.529s]   execute_process(/usr/bin/python3
[0.529s]   /opt/ros/humble/share/ament_cmake_core/cmake/core/package_xml_2_cmake.py
[0.530s]   /home/nihit/servcli/src/tutorial_interfaces/package.xml
[0.530s]   /home/nihit/servcli/build/tutorial_interfaces/ament_cmake_core/package.cmake)
[0.530s]   returned error code 1
[0.530s] Call Stack (most recent call first):
[0.530s]   /opt/ros/humble/share/ament_cmake_core/cmake/core/ament_package_xml.cmake:49 (_ament_package_xml)
[0.531s]   /opt/ros/humble/share/ament_lint_auto/cmake/ament_lint_auto_find_test_dependencies.cmake:31 (ament_package_xml)
[0.531s]   CMakeLists.txt:24 (ament_lint_auto_find_test_dependencies)
[0.531s] 
[0.531s] [0m
[0.531s] -- Configuring incomplete, errors occurred!
[0.531s] See also "/home/nihit/servcli/build/tutorial_interfaces/CMakeFiles/CMakeOutput.log".
[0.534s] Invoked command in '/home/nihit/servcli/build/tutorial_interfaces' returned '1': /usr/bin/cmake /home/nihit/servcli/src/tutorial_interfaces -DCMAKE_INSTALL_PREFIX=/home/nihit/servcli/install/tutorial_interfaces
