[0.027s] Invoking command in '/home/nihit/servcli/build/tutorial_interfaces': CMAKE_PREFIX_PATH=${CMAKE_PREFIX_PATH}:/home/nihit/servcli/install/py_srvcli:/opt/ros/humble /usr/bin/cmake --build /home/nihit/servcli/build/tutorial_interfaces -- -j8 -l8
[0.070s] -- Found ament_cmake: 1.3.11 (/opt/ros/humble/share/ament_cmake/cmake)
[0.309s] -- Found ament_lint_auto: 0.12.12 (/opt/ros/humble/share/ament_lint_auto/cmake)
[0.467s] -- Found geometry_msgs: 4.8.0 (/opt/ros/humble/share/geometry_msgs/cmake)
[0.509s] -- Found rosidl_generator_c: 3.1.6 (/opt/ros/humble/share/rosidl_generator_c/cmake)
[0.514s] -- Found rosidl_adapter: 3.1.6 (/opt/ros/humble/share/rosidl_adapter/cmake)
[0.524s] -- Found rosidl_generator_cpp: 3.1.6 (/opt/ros/humble/share/rosidl_generator_cpp/cmake)
[0.541s] -- Using all available rosidl_typesupport_c: rosidl_typesupport_fastrtps_c;rosidl_typesupport_introspection_c
[0.562s] -- Using all available rosidl_typesupport_cpp: rosidl_typesupport_fastrtps_cpp;rosidl_typesupport_introspection_cpp
[0.623s] -- Found rosidl_default_generators: 1.2.0 (/opt/ros/humble/share/rosidl_default_generators/cmake)
[1.059s] -- Found ament_cmake_ros: 0.10.0 (/opt/ros/humble/share/ament_cmake_ros/cmake)
[1.813s] -- Using all available rosidl_typesupport_c: rosidl_typesupport_fastrtps_c;rosidl_typesupport_introspection_c
[2.112s] -- Using all available rosidl_typesupport_cpp: rosidl_typesupport_fastrtps_cpp;rosidl_typesupport_introspection_cpp
[2.157s] -- Found python_cmake_module: 0.10.0 (/opt/ros/humble/share/python_cmake_module/cmake)
[2.201s] -- Using PYTHON_EXECUTABLE: /usr/bin/python3
[2.201s] -- Using PYTHON_INCLUDE_DIRS: /usr/include/python3.10
[2.201s] -- Using PYTHON_LIBRARIES: /usr/lib/x86_64-linux-gnu/libpython3.10.so
[2.271s] -- Added test 'lint_cmake' to check CMake code style
[2.273s] -- Added test 'xmllint' to check XML markup files
[2.278s] -- Configuring done
[2.340s] -- Generating done
[2.362s] -- Build files have been written to: /home/nihit/servcli/build/tutorial_interfaces
[2.405s] [35m[1mConsolidate compiler generated dependencies of target tutorial_interfaces__rosidl_generator_c[0m
[2.423s] [  2%] Built target tutorial_interfaces__cpp
[2.431s] [  4%] [32mBuilding C object CMakeFiles/tutorial_interfaces__rosidl_generator_c.dir/rosidl_generator_c/tutorial_interfaces/action/detail/count_untill__functions.c.o[0m
[2.447s] [  4%] Built target ament_cmake_python_copy_tutorial_interfaces
[2.449s] [35m[1mConsolidate compiler generated dependencies of target tutorial_interfaces__rosidl_typesupport_fastrtps_cpp[0m
[2.451s] [35m[1mConsolidate compiler generated dependencies of target tutorial_interfaces__rosidl_typesupport_introspection_cpp[0m
[2.452s] [35m[1mConsolidate compiler generated dependencies of target tutorial_interfaces__rosidl_typesupport_cpp[0m
[2.474s] In file included from [01m[K/home/nihit/servcli/build/tutorial_interfaces/rosidl_generator_c/tutorial_interfaces/action/detail/count_untill__functions.h:19[m[K,
[2.474s]                  from [01m[K/home/nihit/servcli/build/tutorial_interfaces/rosidl_generator_c/tutorial_interfaces/action/detail/count_untill__functions.c:4[m[K:
[2.474s] [01m[K/home/nihit/servcli/build/tutorial_interfaces/rosidl_generator_c/tutorial_interfaces/action/detail/count_untill__struct.h:88:10:[m[K [01;31m[Kfatal error: [m[Kunique_identifier_msgs/msg/detail/uuid__struct.h: No such file or directory
[2.475s]    88 | #include [01;31m[K"unique_identifier_msgs/msg/detail/uuid__struct.h"[m[K
[2.475s]       |          [01;31m[K^~~~~~~~~~~~~~~~~~~~~~~~~~~~~~~~~~~~~~~~~~~~~~~~~~[m[K
[2.475s] compilation terminated.
[2.476s] gmake[2]: *** [CMakeFiles/tutorial_interfaces__rosidl_generator_c.dir/build.make:225: CMakeFiles/tutorial_interfaces__rosidl_generator_c.dir/rosidl_generator_c/tutorial_interfaces/action/detail/count_untill__functions.c.o] Error 1
[2.476s] gmake[1]: *** [CMakeFiles/Makefile2:213: CMakeFiles/tutorial_interfaces__rosidl_generator_c.dir/all] Error 2
[2.476s] gmake[1]: *** Waiting for unfinished jobs....
[2.480s] [  6%] [32mBuilding CXX object CMakeFiles/tutorial_interfaces__rosidl_typesupport_fastrtps_cpp.dir/rosidl_typesupport_fastrtps_cpp/tutorial_interfaces/action/detail/dds_fastrtps/count_untill__type_support.cpp.o[0m
[2.481s] [  8%] [32mBuilding CXX object CMakeFiles/tutorial_interfaces__rosidl_typesupport_cpp.dir/rosidl_typesupport_cpp/tutorial_interfaces/action/count_untill__type_support.cpp.o[0m
[2.483s] [ 10%] [32mBuilding CXX object CMakeFiles/tutorial_interfaces__rosidl_typesupport_introspection_cpp.dir/rosidl_typesupport_introspection_cpp/tutorial_interfaces/action/detail/count_untill__type_support.cpp.o[0m
[2.578s] In file included from [01m[K/home/nihit/servcli/build/tutorial_interfaces/rosidl_typesupport_cpp/tutorial_interfaces/action/count_untill__type_support.cpp:7[m[K:
[2.578s] [01m[K/home/nihit/servcli/build/tutorial_interfaces/rosidl_generator_cpp/tutorial_interfaces/action/detail/count_untill__struct.hpp:346:10:[m[K [01;31m[Kfatal error: [m[Kunique_identifier_msgs/msg/detail/uuid__struct.hpp: No such file or directory
[2.578s]   346 | #include [01;31m[K"unique_identifier_msgs/msg/detail/uuid__struct.hpp"[m[K
[2.578s]       |          [01;31m[K^~~~~~~~~~~~~~~~~~~~~~~~~~~~~~~~~~~~~~~~~~~~~~~~~~~~[m[K
[2.579s] compilation terminated.
[2.580s] gmake[2]: *** [CMakeFiles/tutorial_interfaces__rosidl_typesupport_cpp.dir/build.make:182: CMakeFiles/tutorial_interfaces__rosidl_typesupport_cpp.dir/rosidl_typesupport_cpp/tutorial_interfaces/action/count_untill__type_support.cpp.o] Error 1
[2.581s] gmake[1]: *** [CMakeFiles/Makefile2:395: CMakeFiles/tutorial_interfaces__rosidl_typesupport_cpp.dir/all] Error 2
[2.593s] In file included from [01m[K/home/nihit/servcli/build/tutorial_interfaces/rosidl_typesupport_introspection_cpp/tutorial_interfaces/action/detail/count_untill__type_support.cpp:12[m[K:
[2.593s] [01m[K/home/nihit/servcli/build/tutorial_interfaces/rosidl_generator_cpp/tutorial_interfaces/action/detail/count_untill__struct.hpp:346:10:[m[K [01;31m[Kfatal error: [m[Kunique_identifier_msgs/msg/detail/uuid__struct.hpp: No such file or directory
[2.593s]   346 | #include [01;31m[K"unique_identifier_msgs/msg/detail/uuid__struct.hpp"[m[K
[2.594s]       |          [01;31m[K^~~~~~~~~~~~~~~~~~~~~~~~~~~~~~~~~~~~~~~~~~~~~~~~~~~~[m[K
[2.594s] compilation terminated.
[2.596s] gmake[2]: *** [CMakeFiles/tutorial_interfaces__rosidl_typesupport_introspection_cpp.dir/build.make:193: CMakeFiles/tutorial_interfaces__rosidl_typesupport_introspection_cpp.dir/rosidl_typesupport_introspection_cpp/tutorial_interfaces/action/detail/count_untill__type_support.cpp.o] Error 1
[2.596s] gmake[1]: *** [CMakeFiles/Makefile2:369: CMakeFiles/tutorial_interfaces__rosidl_typesupport_introspection_cpp.dir/all] Error 2
[2.645s] In file included from [01m[K/home/nihit/servcli/build/tutorial_interfaces/rosidl_typesupport_fastrtps_cpp/tutorial_interfaces/action/detail/count_untill__rosidl_typesupport_fastrtps_cpp.hpp:11[m[K,
[2.645s]                  from [01m[K/home/nihit/servcli/build/tutorial_interfaces/rosidl_typesupport_fastrtps_cpp/tutorial_interfaces/action/detail/dds_fastrtps/count_untill__type_support.cpp:4[m[K:
[2.645s] [01m[K/home/nihit/servcli/build/tutorial_interfaces/rosidl_generator_cpp/tutorial_interfaces/action/detail/count_untill__struct.hpp:346:10:[m[K [01;31m[Kfatal error: [m[Kunique_identifier_msgs/msg/detail/uuid__struct.hpp: No such file or directory
[2.645s]   346 | #include [01;31m[K"unique_identifier_msgs/msg/detail/uuid__struct.hpp"[m[K
[2.646s]       |          [01;31m[K^~~~~~~~~~~~~~~~~~~~~~~~~~~~~~~~~~~~~~~~~~~~~~~~~~~~[m[K
[2.646s] compilation terminated.
[2.648s] gmake[2]: *** [CMakeFiles/tutorial_interfaces__rosidl_typesupport_fastrtps_cpp.dir/build.make:193: CMakeFiles/tutorial_interfaces__rosidl_typesupport_fastrtps_cpp.dir/rosidl_typesupport_fastrtps_cpp/tutorial_interfaces/action/detail/dds_fastrtps/count_untill__type_support.cpp.o] Error 1
[2.648s] gmake[1]: *** [CMakeFiles/Makefile2:291: CMakeFiles/tutorial_interfaces__rosidl_typesupport_fastrtps_cpp.dir/all] Error 2
[3.059s] running egg_info
[3.061s] writing tutorial_interfaces.egg-info/PKG-INFO
[3.061s] writing dependency_links to tutorial_interfaces.egg-info/dependency_links.txt
[3.061s] writing top-level names to tutorial_interfaces.egg-info/top_level.txt
[3.065s] reading manifest file 'tutorial_interfaces.egg-info/SOURCES.txt'
[3.066s] writing manifest file 'tutorial_interfaces.egg-info/SOURCES.txt'
[3.116s] [ 10%] Built target ament_cmake_python_build_tutorial_interfaces_egg
[3.118s] gmake: *** [Makefile:146: all] Error 2
[3.122s] Invoked command in '/home/nihit/servcli/build/tutorial_interfaces' returned '2': CMAKE_PREFIX_PATH=${CMAKE_PREFIX_PATH}:/home/nihit/servcli/install/py_srvcli:/opt/ros/humble /usr/bin/cmake --build /home/nihit/servcli/build/tutorial_interfaces -- -j8 -l8
