[0.529s] DEBUG:colcon:Command line arguments: ['/usr/bin/colcon', 'build']
[0.529s] DEBUG:colcon:Parsed command line arguments: Namespace(log_base=None, log_level=None, verb_name='build', build_base='build', install_base='install', merge_install=False, symlink_install=False, test_result_base=None, continue_on_error=False, executor='parallel', parallel_workers=4, event_handlers=None, ignore_user_meta=False, metas=['./colcon.meta'], base_paths=['.'], packages_ignore=None, packages_ignore_regex=None, paths=None, packages_up_to=None, packages_up_to_regex=None, packages_above=None, packages_above_and_dependencies=None, packages_above_depth=None, packages_select_by_dep=None, packages_skip_by_dep=None, packages_skip_up_to=None, packages_select_build_failed=False, packages_skip_build_finished=False, packages_select_test_failures=False, packages_skip_test_passed=False, packages_select=None, packages_skip=None, packages_select_regex=None, packages_skip_regex=None, packages_start=None, packages_end=None, allow_overriding=[], cmake_args=None, cmake_target=None, cmake_target_skip_unavailable=False, cmake_clean_cache=False, cmake_clean_first=False, cmake_force_configure=False, ament_cmake_args=None, catkin_cmake_args=None, catkin_skip_building_tests=False, mixin_files=None, mixin=None, verb_parser=<colcon_mixin.mixin.mixin_argument.MixinArgumentDecorator object at 0x760ab213ab60>, verb_extension=<colcon_core.verb.build.BuildVerb object at 0x760ab213a6b0>, main=<bound method BuildVerb.main of <colcon_core.verb.build.BuildVerb object at 0x760ab213a6b0>>, mixin_verb=('build',))
[1.354s] Level 1:colcon.colcon_core.package_discovery:discover_packages(colcon_meta) check parameters
[1.355s] Level 1:colcon.colcon_core.package_discovery:discover_packages(recursive) check parameters
[1.355s] Level 1:colcon.colcon_core.package_discovery:discover_packages(ignore) check parameters
[1.355s] Level 1:colcon.colcon_core.package_discovery:discover_packages(path) check parameters
[1.355s] Level 1:colcon.colcon_core.package_discovery:discover_packages(colcon_meta) discover
[1.355s] Level 1:colcon.colcon_core.package_discovery:discover_packages(recursive) discover
[1.356s] INFO:colcon.colcon_core.package_discovery:Crawling recursively for packages in '/home/gargie/interfaces'
[1.356s] Level 1:colcon.colcon_core.package_identification:_identify(.) by extensions ['ignore', 'ignore_ament_install']
[1.356s] Level 1:colcon.colcon_core.package_identification:_identify(.) by extension 'ignore'
[1.357s] Level 1:colcon.colcon_core.package_identification:_identify(.) by extension 'ignore_ament_install'
[1.357s] Level 1:colcon.colcon_core.package_identification:_identify(.) by extensions ['colcon_pkg']
[1.357s] Level 1:colcon.colcon_core.package_identification:_identify(.) by extension 'colcon_pkg'
[1.357s] Level 1:colcon.colcon_core.package_identification:_identify(.) by extensions ['colcon_meta']
[1.357s] Level 1:colcon.colcon_core.package_identification:_identify(.) by extension 'colcon_meta'
[1.357s] Level 1:colcon.colcon_core.package_identification:_identify(.) by extensions ['ros']
[1.358s] Level 1:colcon.colcon_core.package_identification:_identify(.) by extension 'ros'
[1.407s] Level 1:colcon.colcon_core.package_identification:_identify(.) by extensions ['cmake', 'python']
[1.407s] Level 1:colcon.colcon_core.package_identification:_identify(.) by extension 'cmake'
[1.408s] Level 1:colcon.colcon_core.package_identification:_identify(.) by extension 'python'
[1.408s] Level 1:colcon.colcon_core.package_identification:_identify(.) by extensions ['python_setup_py']
[1.408s] Level 1:colcon.colcon_core.package_identification:_identify(.) by extension 'python_setup_py'
[1.408s] Level 1:colcon.colcon_core.package_identification:_identify(build) by extensions ['ignore', 'ignore_ament_install']
[1.409s] Level 1:colcon.colcon_core.package_identification:_identify(build) by extension 'ignore'
[1.409s] Level 1:colcon.colcon_core.package_identification:_identify(build) ignored
[1.410s] Level 1:colcon.colcon_core.package_identification:_identify(install) by extensions ['ignore', 'ignore_ament_install']
[1.410s] Level 1:colcon.colcon_core.package_identification:_identify(install) by extension 'ignore'
[1.410s] Level 1:colcon.colcon_core.package_identification:_identify(install) ignored
[1.411s] Level 1:colcon.colcon_core.package_identification:_identify(log) by extensions ['ignore', 'ignore_ament_install']
[1.411s] Level 1:colcon.colcon_core.package_identification:_identify(log) by extension 'ignore'
[1.411s] Level 1:colcon.colcon_core.package_identification:_identify(log) ignored
[1.412s] Level 1:colcon.colcon_core.package_identification:_identify(src) by extensions ['ignore', 'ignore_ament_install']
[1.412s] Level 1:colcon.colcon_core.package_identification:_identify(src) by extension 'ignore'
[1.412s] Level 1:colcon.colcon_core.package_identification:_identify(src) by extension 'ignore_ament_install'
[1.412s] Level 1:colcon.colcon_core.package_identification:_identify(src) by extensions ['colcon_pkg']
[1.412s] Level 1:colcon.colcon_core.package_identification:_identify(src) by extension 'colcon_pkg'
[1.413s] Level 1:colcon.colcon_core.package_identification:_identify(src) by extensions ['colcon_meta']
[1.413s] Level 1:colcon.colcon_core.package_identification:_identify(src) by extension 'colcon_meta'
[1.413s] Level 1:colcon.colcon_core.package_identification:_identify(src) by extensions ['ros']
[1.413s] Level 1:colcon.colcon_core.package_identification:_identify(src) by extension 'ros'
[1.413s] Level 1:colcon.colcon_core.package_identification:_identify(src) by extensions ['cmake', 'python']
[1.414s] Level 1:colcon.colcon_core.package_identification:_identify(src) by extension 'cmake'
[1.414s] Level 1:colcon.colcon_core.package_identification:_identify(src) by extension 'python'
[1.414s] Level 1:colcon.colcon_core.package_identification:_identify(src) by extensions ['python_setup_py']
[1.414s] Level 1:colcon.colcon_core.package_identification:_identify(src) by extension 'python_setup_py'
[1.415s] Level 1:colcon.colcon_core.package_identification:_identify(src/cpp_eventhandle) by extensions ['ignore', 'ignore_ament_install']
[1.415s] Level 1:colcon.colcon_core.package_identification:_identify(src/cpp_eventhandle) by extension 'ignore'
[1.415s] Level 1:colcon.colcon_core.package_identification:_identify(src/cpp_eventhandle) by extension 'ignore_ament_install'
[1.415s] Level 1:colcon.colcon_core.package_identification:_identify(src/cpp_eventhandle) by extensions ['colcon_pkg']
[1.416s] Level 1:colcon.colcon_core.package_identification:_identify(src/cpp_eventhandle) by extension 'colcon_pkg'
[1.416s] Level 1:colcon.colcon_core.package_identification:_identify(src/cpp_eventhandle) by extensions ['colcon_meta']
[1.416s] Level 1:colcon.colcon_core.package_identification:_identify(src/cpp_eventhandle) by extension 'colcon_meta'
[1.416s] Level 1:colcon.colcon_core.package_identification:_identify(src/cpp_eventhandle) by extensions ['ros']
[1.416s] Level 1:colcon.colcon_core.package_identification:_identify(src/cpp_eventhandle) by extension 'ros'
[1.426s] DEBUG:colcon.colcon_core.package_identification:Package 'src/cpp_eventhandle' with type 'ros.ament_cmake' and name 'cpp_eventhandle'
[1.427s] Level 1:colcon.colcon_core.package_identification:_identify(src/inter_pkg) by extensions ['ignore', 'ignore_ament_install']
[1.427s] Level 1:colcon.colcon_core.package_identification:_identify(src/inter_pkg) by extension 'ignore'
[1.428s] Level 1:colcon.colcon_core.package_identification:_identify(src/inter_pkg) by extension 'ignore_ament_install'
[1.428s] Level 1:colcon.colcon_core.package_identification:_identify(src/inter_pkg) by extensions ['colcon_pkg']
[1.428s] Level 1:colcon.colcon_core.package_identification:_identify(src/inter_pkg) by extension 'colcon_pkg'
[1.428s] Level 1:colcon.colcon_core.package_identification:_identify(src/inter_pkg) by extensions ['colcon_meta']
[1.428s] Level 1:colcon.colcon_core.package_identification:_identify(src/inter_pkg) by extension 'colcon_meta'
[1.428s] Level 1:colcon.colcon_core.package_identification:_identify(src/inter_pkg) by extensions ['ros']
[1.429s] Level 1:colcon.colcon_core.package_identification:_identify(src/inter_pkg) by extension 'ros'
[1.432s] DEBUG:colcon.colcon_core.package_identification:Package 'src/inter_pkg' with type 'ros.ament_cmake' and name 'inter_pkg'
[1.432s] Level 1:colcon.colcon_core.package_discovery:discover_packages(recursive) using defaults
[1.432s] Level 1:colcon.colcon_core.package_discovery:discover_packages(ignore) discover
[1.432s] Level 1:colcon.colcon_core.package_discovery:discover_packages(ignore) using defaults
[1.433s] Level 1:colcon.colcon_core.package_discovery:discover_packages(path) discover
[1.433s] Level 1:colcon.colcon_core.package_discovery:discover_packages(path) using defaults
[1.565s] Level 1:colcon.colcon_core.package_discovery:discover_packages(prefix_path) check parameters
[1.566s] Level 1:colcon.colcon_core.package_discovery:discover_packages(prefix_path) discover
[1.576s] DEBUG:colcon.colcon_installed_package_information.package_discovery:Found 1 installed packages in /home/gargie/interm_ws/install
[1.579s] DEBUG:colcon.colcon_installed_package_information.package_discovery:Found 5 installed packages in /home/gargie/service/install
[1.581s] DEBUG:colcon.colcon_installed_package_information.package_discovery:Found 1 installed packages in /home/gargie/project/install
[1.583s] DEBUG:colcon.colcon_installed_package_information.package_discovery:Found 2 installed packages in /home/gargie/key_ws/install
[1.585s] DEBUG:colcon.colcon_installed_package_information.package_discovery:Found 1 installed packages in /home/gargie/chem_ws/install
[1.593s] DEBUG:colcon.colcon_installed_package_information.package_discovery:Found 295 installed packages in /opt/ros/humble
[1.603s] Level 1:colcon.colcon_core.package_discovery:discover_packages(prefix_path) using defaults
[1.812s] Level 5:colcon.colcon_core.verb:set package 'cpp_eventhandle' build argument 'cmake_args' from command line to 'None'
[1.812s] Level 5:colcon.colcon_core.verb:set package 'cpp_eventhandle' build argument 'cmake_target' from command line to 'None'
[1.812s] Level 5:colcon.colcon_core.verb:set package 'cpp_eventhandle' build argument 'cmake_target_skip_unavailable' from command line to 'False'
[1.812s] Level 5:colcon.colcon_core.verb:set package 'cpp_eventhandle' build argument 'cmake_clean_cache' from command line to 'False'
[1.812s] Level 5:colcon.colcon_core.verb:set package 'cpp_eventhandle' build argument 'cmake_clean_first' from command line to 'False'
[1.813s] Level 5:colcon.colcon_core.verb:set package 'cpp_eventhandle' build argument 'cmake_force_configure' from command line to 'False'
[1.813s] Level 5:colcon.colcon_core.verb:set package 'cpp_eventhandle' build argument 'ament_cmake_args' from command line to 'None'
[1.813s] Level 5:colcon.colcon_core.verb:set package 'cpp_eventhandle' build argument 'catkin_cmake_args' from command line to 'None'
[1.813s] Level 5:colcon.colcon_core.verb:set package 'cpp_eventhandle' build argument 'catkin_skip_building_tests' from command line to 'False'
[1.813s] DEBUG:colcon.colcon_core.verb:Building package 'cpp_eventhandle' with the following arguments: {'ament_cmake_args': None, 'build_base': '/home/gargie/interfaces/build/cpp_eventhandle', 'catkin_cmake_args': None, 'catkin_skip_building_tests': False, 'cmake_args': None, 'cmake_clean_cache': False, 'cmake_clean_first': False, 'cmake_force_configure': False, 'cmake_target': None, 'cmake_target_skip_unavailable': False, 'install_base': '/home/gargie/interfaces/install/cpp_eventhandle', 'merge_install': False, 'path': '/home/gargie/interfaces/src/cpp_eventhandle', 'symlink_install': False, 'test_result_base': None}
[1.815s] Level 5:colcon.colcon_core.verb:set package 'inter_pkg' build argument 'cmake_args' from command line to 'None'
[1.815s] Level 5:colcon.colcon_core.verb:set package 'inter_pkg' build argument 'cmake_target' from command line to 'None'
[1.815s] Level 5:colcon.colcon_core.verb:set package 'inter_pkg' build argument 'cmake_target_skip_unavailable' from command line to 'False'
[1.815s] Level 5:colcon.colcon_core.verb:set package 'inter_pkg' build argument 'cmake_clean_cache' from command line to 'False'
[1.816s] Level 5:colcon.colcon_core.verb:set package 'inter_pkg' build argument 'cmake_clean_first' from command line to 'False'
[1.816s] Level 5:colcon.colcon_core.verb:set package 'inter_pkg' build argument 'cmake_force_configure' from command line to 'False'
[1.816s] Level 5:colcon.colcon_core.verb:set package 'inter_pkg' build argument 'ament_cmake_args' from command line to 'None'
[1.816s] Level 5:colcon.colcon_core.verb:set package 'inter_pkg' build argument 'catkin_cmake_args' from command line to 'None'
[1.816s] Level 5:colcon.colcon_core.verb:set package 'inter_pkg' build argument 'catkin_skip_building_tests' from command line to 'False'
[1.816s] DEBUG:colcon.colcon_core.verb:Building package 'inter_pkg' with the following arguments: {'ament_cmake_args': None, 'build_base': '/home/gargie/interfaces/build/inter_pkg', 'catkin_cmake_args': None, 'catkin_skip_building_tests': False, 'cmake_args': None, 'cmake_clean_cache': False, 'cmake_clean_first': False, 'cmake_force_configure': False, 'cmake_target': None, 'cmake_target_skip_unavailable': False, 'install_base': '/home/gargie/interfaces/install/inter_pkg', 'merge_install': False, 'path': '/home/gargie/interfaces/src/inter_pkg', 'symlink_install': False, 'test_result_base': None}
[1.817s] INFO:colcon.colcon_core.executor:Executing jobs using 'parallel' executor
[1.822s] DEBUG:colcon.colcon_parallel_executor.executor.parallel:run_until_complete
[1.823s] INFO:colcon.colcon_ros.task.ament_cmake.build:Building ROS package in '/home/gargie/interfaces/src/cpp_eventhandle' with build type 'ament_cmake'
[1.824s] INFO:colcon.colcon_cmake.task.cmake.build:Building CMake package in '/home/gargie/interfaces/src/cpp_eventhandle'
[1.833s] INFO:colcon.colcon_core.plugin_system:Skipping extension 'colcon_core.shell.bat': Not used on non-Windows systems
[1.834s] INFO:colcon.colcon_core.shell:Skip shell extension 'powershell' for command environment: Not usable outside of PowerShell
[1.834s] DEBUG:colcon.colcon_core.shell:Skip shell extension 'dsv' for command environment
[1.861s] INFO:colcon.colcon_ros.task.ament_cmake.build:Building ROS package in '/home/gargie/interfaces/src/inter_pkg' with build type 'ament_cmake'
[1.862s] INFO:colcon.colcon_cmake.task.cmake.build:Building CMake package in '/home/gargie/interfaces/src/inter_pkg'
[1.863s] INFO:colcon.colcon_core.shell:Skip shell extension 'powershell' for command environment: Not usable outside of PowerShell
[1.864s] DEBUG:colcon.colcon_core.shell:Skip shell extension 'dsv' for command environment
[1.903s] DEBUG:colcon.colcon_core.event_handler.log_command:Invoking command in '/home/gargie/interfaces/build/cpp_eventhandle': CMAKE_PREFIX_PATH=${CMAKE_PREFIX_PATH}:/home/gargie/service/install/py_srvcli:/home/gargie/service/install/py_parameter:/home/gargie/key_ws/install/key1_pkg:/opt/ros/humble /usr/bin/cmake /home/gargie/interfaces/src/cpp_eventhandle -DCMAKE_INSTALL_PREFIX=/home/gargie/interfaces/install/cpp_eventhandle
[1.927s] DEBUG:colcon.colcon_core.event_handler.log_command:Invoking command in '/home/gargie/interfaces/build/inter_pkg': CMAKE_PREFIX_PATH=${CMAKE_PREFIX_PATH}:/home/gargie/service/install/py_srvcli:/home/gargie/service/install/py_parameter:/home/gargie/key_ws/install/key1_pkg:/opt/ros/humble /usr/bin/cmake --build /home/gargie/interfaces/build/inter_pkg -- -j4 -l4
[2.230s] DEBUG:colcon.colcon_core.event_handler.log_command:Invoked command in '/home/gargie/interfaces/build/inter_pkg' returned '0': CMAKE_PREFIX_PATH=${CMAKE_PREFIX_PATH}:/home/gargie/service/install/py_srvcli:/home/gargie/service/install/py_parameter:/home/gargie/key_ws/install/key1_pkg:/opt/ros/humble /usr/bin/cmake --build /home/gargie/interfaces/build/inter_pkg -- -j4 -l4
[2.272s] DEBUG:colcon.colcon_core.event_handler.log_command:Invoking command in '/home/gargie/interfaces/build/inter_pkg': CMAKE_PREFIX_PATH=${CMAKE_PREFIX_PATH}:/home/gargie/service/install/py_srvcli:/home/gargie/service/install/py_parameter:/home/gargie/key_ws/install/key1_pkg:/opt/ros/humble /usr/bin/cmake --install /home/gargie/interfaces/build/inter_pkg
[2.313s] Level 1:colcon.colcon_core.environment:create_environment_scripts_only(inter_pkg)
[2.318s] DEBUG:colcon.colcon_core.event_handler.log_command:Invoked command in '/home/gargie/interfaces/build/inter_pkg' returned '0': CMAKE_PREFIX_PATH=${CMAKE_PREFIX_PATH}:/home/gargie/service/install/py_srvcli:/home/gargie/service/install/py_parameter:/home/gargie/key_ws/install/key1_pkg:/opt/ros/humble /usr/bin/cmake --install /home/gargie/interfaces/build/inter_pkg
[2.329s] Level 1:colcon.colcon_core.environment:checking '/home/gargie/interfaces/install/inter_pkg' for CMake module files
[2.333s] Level 1:colcon.colcon_core.environment:checking '/home/gargie/interfaces/install/inter_pkg' for CMake config files
[2.335s] Level 1:colcon.colcon_core.shell:create_environment_hook('inter_pkg', 'cmake_prefix_path')
[2.336s] INFO:colcon.colcon_core.shell:Creating environment hook '/home/gargie/interfaces/install/inter_pkg/share/inter_pkg/hook/cmake_prefix_path.ps1'
[2.340s] INFO:colcon.colcon_core.shell:Creating environment descriptor '/home/gargie/interfaces/install/inter_pkg/share/inter_pkg/hook/cmake_prefix_path.dsv'
[2.342s] INFO:colcon.colcon_core.shell:Creating environment hook '/home/gargie/interfaces/install/inter_pkg/share/inter_pkg/hook/cmake_prefix_path.sh'
[2.347s] Level 1:colcon.colcon_core.environment:checking '/home/gargie/interfaces/install/inter_pkg/lib'
[2.348s] Level 1:colcon.colcon_core.environment:checking '/home/gargie/interfaces/install/inter_pkg/bin'
[2.348s] Level 1:colcon.colcon_core.environment:checking '/home/gargie/interfaces/install/inter_pkg/lib/pkgconfig/inter_pkg.pc'
[2.350s] Level 1:colcon.colcon_core.environment:checking '/home/gargie/interfaces/install/inter_pkg/lib/python3.10/site-packages'
[2.351s] Level 1:colcon.colcon_core.environment:checking '/home/gargie/interfaces/install/inter_pkg/bin'
[2.353s] INFO:colcon.colcon_core.shell:Creating package script '/home/gargie/interfaces/install/inter_pkg/share/inter_pkg/package.ps1'
[2.357s] INFO:colcon.colcon_core.shell:Creating package descriptor '/home/gargie/interfaces/install/inter_pkg/share/inter_pkg/package.dsv'
[2.362s] INFO:colcon.colcon_core.shell:Creating package script '/home/gargie/interfaces/install/inter_pkg/share/inter_pkg/package.sh'
[2.368s] INFO:colcon.colcon_core.shell:Creating package script '/home/gargie/interfaces/install/inter_pkg/share/inter_pkg/package.bash'
[2.373s] INFO:colcon.colcon_core.shell:Creating package script '/home/gargie/interfaces/install/inter_pkg/share/inter_pkg/package.zsh'
[2.376s] Level 1:colcon.colcon_core.environment:create_file_with_runtime_dependencies(/home/gargie/interfaces/install/inter_pkg/share/colcon-core/packages/inter_pkg)
[2.380s] Level 1:colcon.colcon_core.environment:create_environment_scripts_only(inter_pkg)
[2.381s] Level 1:colcon.colcon_core.environment:checking '/home/gargie/interfaces/install/inter_pkg' for CMake module files
[2.384s] Level 1:colcon.colcon_core.environment:checking '/home/gargie/interfaces/install/inter_pkg' for CMake config files
[2.386s] Level 1:colcon.colcon_core.shell:create_environment_hook('inter_pkg', 'cmake_prefix_path')
[2.387s] INFO:colcon.colcon_core.shell:Creating environment hook '/home/gargie/interfaces/install/inter_pkg/share/inter_pkg/hook/cmake_prefix_path.ps1'
[2.390s] INFO:colcon.colcon_core.shell:Creating environment descriptor '/home/gargie/interfaces/install/inter_pkg/share/inter_pkg/hook/cmake_prefix_path.dsv'
[2.392s] INFO:colcon.colcon_core.shell:Creating environment hook '/home/gargie/interfaces/install/inter_pkg/share/inter_pkg/hook/cmake_prefix_path.sh'
[2.395s] Level 1:colcon.colcon_core.environment:checking '/home/gargie/interfaces/install/inter_pkg/lib'
[2.396s] Level 1:colcon.colcon_core.environment:checking '/home/gargie/interfaces/install/inter_pkg/bin'
[2.396s] Level 1:colcon.colcon_core.environment:checking '/home/gargie/interfaces/install/inter_pkg/lib/pkgconfig/inter_pkg.pc'
[2.397s] Level 1:colcon.colcon_core.environment:checking '/home/gargie/interfaces/install/inter_pkg/lib/python3.10/site-packages'
[2.398s] Level 1:colcon.colcon_core.environment:checking '/home/gargie/interfaces/install/inter_pkg/bin'
[2.399s] INFO:colcon.colcon_core.shell:Creating package script '/home/gargie/interfaces/install/inter_pkg/share/inter_pkg/package.ps1'
[2.402s] INFO:colcon.colcon_core.shell:Creating package descriptor '/home/gargie/interfaces/install/inter_pkg/share/inter_pkg/package.dsv'
[2.405s] INFO:colcon.colcon_core.shell:Creating package script '/home/gargie/interfaces/install/inter_pkg/share/inter_pkg/package.sh'
[2.407s] INFO:colcon.colcon_core.shell:Creating package script '/home/gargie/interfaces/install/inter_pkg/share/inter_pkg/package.bash'
[2.410s] INFO:colcon.colcon_core.shell:Creating package script '/home/gargie/interfaces/install/inter_pkg/share/inter_pkg/package.zsh'
[2.412s] Level 1:colcon.colcon_core.environment:create_file_with_runtime_dependencies(/home/gargie/interfaces/install/inter_pkg/share/colcon-core/packages/inter_pkg)
[6.762s] DEBUG:colcon.colcon_core.event_handler.log_command:Invoked command in '/home/gargie/interfaces/build/cpp_eventhandle' returned '1': CMAKE_PREFIX_PATH=${CMAKE_PREFIX_PATH}:/home/gargie/service/install/py_srvcli:/home/gargie/service/install/py_parameter:/home/gargie/key_ws/install/key1_pkg:/opt/ros/humble /usr/bin/cmake /home/gargie/interfaces/src/cpp_eventhandle -DCMAKE_INSTALL_PREFIX=/home/gargie/interfaces/install/cpp_eventhandle
[6.814s] Level 1:colcon.colcon_core.environment:create_environment_scripts_only(cpp_eventhandle)
[6.815s] Level 1:colcon.colcon_core.environment:checking '/home/gargie/interfaces/install/cpp_eventhandle' for CMake module files
[6.818s] Level 1:colcon.colcon_core.environment:checking '/home/gargie/interfaces/install/cpp_eventhandle' for CMake config files
[6.819s] Level 1:colcon.colcon_core.environment:checking '/home/gargie/interfaces/install/cpp_eventhandle/bin'
[6.820s] Level 1:colcon.colcon_core.environment:checking '/home/gargie/interfaces/install/cpp_eventhandle/lib/pkgconfig/cpp_eventhandle.pc'
[6.822s] Level 1:colcon.colcon_core.environment:checking '/home/gargie/interfaces/install/cpp_eventhandle/lib/python3.10/site-packages'
[6.823s] Level 1:colcon.colcon_core.environment:checking '/home/gargie/interfaces/install/cpp_eventhandle/bin'
[6.825s] INFO:colcon.colcon_core.shell:Creating package script '/home/gargie/interfaces/install/cpp_eventhandle/share/cpp_eventhandle/package.ps1'
[6.828s] INFO:colcon.colcon_core.shell:Creating package descriptor '/home/gargie/interfaces/install/cpp_eventhandle/share/cpp_eventhandle/package.dsv'
[6.830s] INFO:colcon.colcon_core.shell:Creating package script '/home/gargie/interfaces/install/cpp_eventhandle/share/cpp_eventhandle/package.sh'
[6.832s] INFO:colcon.colcon_core.shell:Creating package script '/home/gargie/interfaces/install/cpp_eventhandle/share/cpp_eventhandle/package.bash'
[6.834s] INFO:colcon.colcon_core.shell:Creating package script '/home/gargie/interfaces/install/cpp_eventhandle/share/cpp_eventhandle/package.zsh'
[6.837s] Level 1:colcon.colcon_core.environment:create_file_with_runtime_dependencies(/home/gargie/interfaces/install/cpp_eventhandle/share/colcon-core/packages/cpp_eventhandle)
[6.849s] DEBUG:colcon.colcon_parallel_executor.executor.parallel:closing loop
[6.850s] DEBUG:colcon.colcon_parallel_executor.executor.parallel:loop closed
[6.850s] DEBUG:colcon.colcon_parallel_executor.executor.parallel:run_until_complete finished with '1'
[6.851s] DEBUG:colcon.colcon_core.event_reactor:joining thread
[6.914s] INFO:colcon.colcon_core.plugin_system:Skipping extension 'colcon_notification.desktop_notification.terminal_notifier': Not used on non-Darwin systems
[6.915s] INFO:colcon.colcon_core.plugin_system:Skipping extension 'colcon_notification.desktop_notification.win32': Not used on non-Windows systems
[6.916s] INFO:colcon.colcon_notification.desktop_notification:Sending desktop notification using 'notify2'
[7.021s] DEBUG:colcon.colcon_core.event_reactor:joined thread
[7.023s] INFO:colcon.colcon_core.shell:Creating prefix script '/home/gargie/interfaces/install/local_setup.ps1'
[7.029s] INFO:colcon.colcon_core.shell:Creating prefix util module '/home/gargie/interfaces/install/_local_setup_util_ps1.py'
[7.038s] INFO:colcon.colcon_core.shell:Creating prefix chain script '/home/gargie/interfaces/install/setup.ps1'
[7.047s] INFO:colcon.colcon_core.shell:Creating prefix script '/home/gargie/interfaces/install/local_setup.sh'
[7.050s] INFO:colcon.colcon_core.shell:Creating prefix util module '/home/gargie/interfaces/install/_local_setup_util_sh.py'
[7.053s] INFO:colcon.colcon_core.shell:Creating prefix chain script '/home/gargie/interfaces/install/setup.sh'
[7.064s] INFO:colcon.colcon_core.shell:Creating prefix script '/home/gargie/interfaces/install/local_setup.bash'
[7.067s] INFO:colcon.colcon_core.shell:Creating prefix chain script '/home/gargie/interfaces/install/setup.bash'
[7.076s] INFO:colcon.colcon_core.shell:Creating prefix script '/home/gargie/interfaces/install/local_setup.zsh'
[7.079s] INFO:colcon.colcon_core.shell:Creating prefix chain script '/home/gargie/interfaces/install/setup.zsh'
