[0.055s] Invoking command in '/home/gargie/interfaces/build/inter_pkg': CMAKE_PREFIX_PATH=${CMAKE_PREFIX_PATH}:/home/gargie/service/install/py_srvcli:/home/gargie/service/install/py_parameter:/home/gargie/key_ws/install/key1_pkg:/opt/ros/humble /usr/bin/cmake --build /home/gargie/interfaces/build/inter_pkg -- -j4 -l4
[0.244s] [35m[1mConsolidate compiler generated dependencies of target node_interf[0m
[0.290s] [ 50%] Built target interface_n
[0.312s] [ 75%] [32mBuilding CXX object CMakeFiles/node_interf.dir/src/node_interf.cpp.o[0m
[14.119s] [100%] [32m[1mLinking CXX executable node_interf[0m
[14.809s] [100%] Built target node_interf
[14.857s] Invoked command in '/home/gargie/interfaces/build/inter_pkg' returned '0': CMAKE_PREFIX_PATH=${CMAKE_PREFIX_PATH}:/home/gargie/service/install/py_srvcli:/home/gargie/service/install/py_parameter:/home/gargie/key_ws/install/key1_pkg:/opt/ros/humble /usr/bin/cmake --build /home/gargie/interfaces/build/inter_pkg -- -j4 -l4
[14.906s] Invoking command in '/home/gargie/interfaces/build/inter_pkg': CMAKE_PREFIX_PATH=${CMAKE_PREFIX_PATH}:/home/gargie/service/install/py_srvcli:/home/gargie/service/install/py_parameter:/home/gargie/key_ws/install/key1_pkg:/opt/ros/humble /usr/bin/cmake --install /home/gargie/interfaces/build/inter_pkg
[14.935s] -- Install configuration: ""
[14.937s] -- Up-to-date: /home/gargie/interfaces/install/inter_pkg/lib/inter_pkg/interface_n
[14.939s] -- Installing: /home/gargie/interfaces/install/inter_pkg/lib/inter_pkg/node_interf
[14.941s] -- Set runtime path of "/home/gargie/interfaces/install/inter_pkg/lib/inter_pkg/node_interf" to ""
[14.943s] -- Up-to-date: /home/gargie/interfaces/install/inter_pkg/share/ament_index/resource_index/package_run_dependencies/inter_pkg
[14.945s] -- Up-to-date: /home/gargie/interfaces/install/inter_pkg/share/ament_index/resource_index/parent_prefix_path/inter_pkg
[14.946s] -- Up-to-date: /home/gargie/interfaces/install/inter_pkg/share/inter_pkg/environment/ament_prefix_path.sh
[14.948s] -- Up-to-date: /home/gargie/interfaces/install/inter_pkg/share/inter_pkg/environment/ament_prefix_path.dsv
[14.949s] -- Up-to-date: /home/gargie/interfaces/install/inter_pkg/share/inter_pkg/environment/path.sh
[14.951s] -- Up-to-date: /home/gargie/interfaces/install/inter_pkg/share/inter_pkg/environment/path.dsv
[14.955s] -- Up-to-date: /home/gargie/interfaces/install/inter_pkg/share/inter_pkg/local_setup.bash
[14.959s] -- Up-to-date: /home/gargie/interfaces/install/inter_pkg/share/inter_pkg/local_setup.sh
[14.961s] -- Up-to-date: /home/gargie/interfaces/install/inter_pkg/share/inter_pkg/local_setup.zsh
[14.962s] -- Up-to-date: /home/gargie/interfaces/install/inter_pkg/share/inter_pkg/local_setup.dsv
[14.964s] -- Installing: /home/gargie/interfaces/install/inter_pkg/share/inter_pkg/package.dsv
[14.965s] -- Up-to-date: /home/gargie/interfaces/install/inter_pkg/share/ament_index/resource_index/packages/inter_pkg
[14.967s] -- Up-to-date: /home/gargie/interfaces/install/inter_pkg/share/inter_pkg/cmake/inter_pkgConfig.cmake
[14.969s] -- Up-to-date: /home/gargie/interfaces/install/inter_pkg/share/inter_pkg/cmake/inter_pkgConfig-version.cmake
[14.970s] -- Up-to-date: /home/gargie/interfaces/install/inter_pkg/share/inter_pkg/package.xml
[14.973s] Invoked command in '/home/gargie/interfaces/build/inter_pkg' returned '0': CMAKE_PREFIX_PATH=${CMAKE_PREFIX_PATH}:/home/gargie/service/install/py_srvcli:/home/gargie/service/install/py_parameter:/home/gargie/key_ws/install/key1_pkg:/opt/ros/humble /usr/bin/cmake --install /home/gargie/interfaces/build/inter_pkg
