[1.963s] Invoking command in '/home/nihit/servcli/src/py_srvcli': PYTHONPATH=/home/nihit/servcli/build/py_srvcli/prefix_override:/usr/lib/python3/dist-packages/colcon_core/task/python/colcon_distutils_commands:/home/nihit/servcli/install/py_srvcli/lib/python3.10/site-packages:${PYTHONPATH} /usr/bin/python3 -W ignore:setup.py install is deprecated -W ignore:easy_install command is deprecated setup.py egg_info --egg-base ../../build/py_srvcli build --build-base /home/nihit/servcli/build/py_srvcli/build install --record /home/nihit/servcli/build/py_srvcli/install.log --single-version-externally-managed install_data
[2.640s] running egg_info
[2.642s] creating ../../build/py_srvcli/py_srvcli.egg-info
[2.645s] writing ../../build/py_srvcli/py_srvcli.egg-info/PKG-INFO
[2.645s] writing dependency_links to ../../build/py_srvcli/py_srvcli.egg-info/dependency_links.txt
[2.645s] writing entry points to ../../build/py_srvcli/py_srvcli.egg-info/entry_points.txt
[2.646s] writing requirements to ../../build/py_srvcli/py_srvcli.egg-info/requires.txt
[2.646s] writing top-level names to ../../build/py_srvcli/py_srvcli.egg-info/top_level.txt
[2.646s] writing manifest file '../../build/py_srvcli/py_srvcli.egg-info/SOURCES.txt'
[2.650s] reading manifest file '../../build/py_srvcli/py_srvcli.egg-info/SOURCES.txt'
[2.652s] writing manifest file '../../build/py_srvcli/py_srvcli.egg-info/SOURCES.txt'
[2.652s] running build
[2.652s] running build_py
[2.653s] creating /home/nihit/servcli/build/py_srvcli/build
[2.653s] creating /home/nihit/servcli/build/py_srvcli/build/lib
[2.653s] creating /home/nihit/servcli/build/py_srvcli/build/lib/py_srvcli
[2.654s] copying py_srvcli/subscriber_node.py -> /home/nihit/servcli/build/py_srvcli/build/lib/py_srvcli
[2.654s] copying py_srvcli/actions_srv.py -> /home/nihit/servcli/build/py_srvcli/build/lib/py_srvcli
[2.654s] copying py_srvcli/publisher_node.py -> /home/nihit/servcli/build/py_srvcli/build/lib/py_srvcli
[2.654s] copying py_srvcli/service_member_function.py -> /home/nihit/servcli/build/py_srvcli/build/lib/py_srvcli
[2.655s] copying py_srvcli/client_member_function.py -> /home/nihit/servcli/build/py_srvcli/build/lib/py_srvcli
[2.655s] copying py_srvcli/actions_client.py -> /home/nihit/servcli/build/py_srvcli/build/lib/py_srvcli
[2.655s] copying py_srvcli/__init__.py -> /home/nihit/servcli/build/py_srvcli/build/lib/py_srvcli
[2.656s] running install
[2.656s] running install_lib
[2.658s] creating /home/nihit/servcli/install/py_srvcli/lib/python3.10/site-packages/py_srvcli
[2.658s] copying /home/nihit/servcli/build/py_srvcli/build/lib/py_srvcli/subscriber_node.py -> /home/nihit/servcli/install/py_srvcli/lib/python3.10/site-packages/py_srvcli
[2.659s] copying /home/nihit/servcli/build/py_srvcli/build/lib/py_srvcli/actions_srv.py -> /home/nihit/servcli/install/py_srvcli/lib/python3.10/site-packages/py_srvcli
[2.659s] copying /home/nihit/servcli/build/py_srvcli/build/lib/py_srvcli/publisher_node.py -> /home/nihit/servcli/install/py_srvcli/lib/python3.10/site-packages/py_srvcli
[2.659s] copying /home/nihit/servcli/build/py_srvcli/build/lib/py_srvcli/service_member_function.py -> /home/nihit/servcli/install/py_srvcli/lib/python3.10/site-packages/py_srvcli
[2.659s] copying /home/nihit/servcli/build/py_srvcli/build/lib/py_srvcli/client_member_function.py -> /home/nihit/servcli/install/py_srvcli/lib/python3.10/site-packages/py_srvcli
[2.660s] copying /home/nihit/servcli/build/py_srvcli/build/lib/py_srvcli/actions_client.py -> /home/nihit/servcli/install/py_srvcli/lib/python3.10/site-packages/py_srvcli
[2.660s] copying /home/nihit/servcli/build/py_srvcli/build/lib/py_srvcli/__init__.py -> /home/nihit/servcli/install/py_srvcli/lib/python3.10/site-packages/py_srvcli
[2.661s] byte-compiling /home/nihit/servcli/install/py_srvcli/lib/python3.10/site-packages/py_srvcli/subscriber_node.py to subscriber_node.cpython-310.pyc
[2.662s] byte-compiling /home/nihit/servcli/install/py_srvcli/lib/python3.10/site-packages/py_srvcli/actions_srv.py to actions_srv.cpython-310.pyc
[2.662s] byte-compiling /home/nihit/servcli/install/py_srvcli/lib/python3.10/site-packages/py_srvcli/publisher_node.py to publisher_node.cpython-310.pyc
[2.663s] byte-compiling /home/nihit/servcli/install/py_srvcli/lib/python3.10/site-packages/py_srvcli/service_member_function.py to service_member_function.cpython-310.pyc
[2.664s] byte-compiling /home/nihit/servcli/install/py_srvcli/lib/python3.10/site-packages/py_srvcli/client_member_function.py to client_member_function.cpython-310.pyc
[2.665s] byte-compiling /home/nihit/servcli/install/py_srvcli/lib/python3.10/site-packages/py_srvcli/actions_client.py to actions_client.cpython-310.pyc
[2.665s] byte-compiling /home/nihit/servcli/install/py_srvcli/lib/python3.10/site-packages/py_srvcli/__init__.py to __init__.cpython-310.pyc
[2.666s] running install_data
[2.666s] creating /home/nihit/servcli/install/py_srvcli/share/ament_index
[2.666s] creating /home/nihit/servcli/install/py_srvcli/share/ament_index/resource_index
[2.666s] creating /home/nihit/servcli/install/py_srvcli/share/ament_index/resource_index/packages
[2.666s] copying resource/py_srvcli -> /home/nihit/servcli/install/py_srvcli/share/ament_index/resource_index/packages
[2.666s] copying package.xml -> /home/nihit/servcli/install/py_srvcli/share/py_srvcli
[2.667s] running install_egg_info
[2.670s] Copying ../../build/py_srvcli/py_srvcli.egg-info to /home/nihit/servcli/install/py_srvcli/lib/python3.10/site-packages/py_srvcli-0.0.0-py3.10.egg-info
[2.672s] running install_scripts
[2.713s] Installing client script to /home/nihit/servcli/install/py_srvcli/lib/py_srvcli
[2.713s] Installing publish script to /home/nihit/servcli/install/py_srvcli/lib/py_srvcli
[2.713s] Installing service script to /home/nihit/servcli/install/py_srvcli/lib/py_srvcli
[2.714s] Installing subscribe script to /home/nihit/servcli/install/py_srvcli/lib/py_srvcli
[2.714s] writing list of installed files to '/home/nihit/servcli/build/py_srvcli/install.log'
[2.769s] Invoked command in '/home/nihit/servcli/src/py_srvcli' returned '0': PYTHONPATH=/home/nihit/servcli/build/py_srvcli/prefix_override:/usr/lib/python3/dist-packages/colcon_core/task/python/colcon_distutils_commands:/home/nihit/servcli/install/py_srvcli/lib/python3.10/site-packages:${PYTHONPATH} /usr/bin/python3 -W ignore:setup.py install is deprecated -W ignore:easy_install command is deprecated setup.py egg_info --egg-base ../../build/py_srvcli build --build-base /home/nihit/servcli/build/py_srvcli/build install --record /home/nihit/servcli/build/py_srvcli/install.log --single-version-externally-managed install_data
