[5.803s] Invoking command in '/home/gargie/service/src/py_srvcli': PYTHONPATH=/home/gargie/service/build/py_srvcli/prefix_override:/usr/lib/python3/dist-packages/colcon_core/task/python/colcon_distutils_commands:/home/gargie/service/install/py_srvcli/lib/python3.10/site-packages:${PYTHONPATH} /usr/bin/python3 -W ignore:setup.py install is deprecated -W ignore:easy_install command is deprecated setup.py egg_info --egg-base ../../build/py_srvcli build --build-base /home/gargie/service/build/py_srvcli/build install --record /home/gargie/service/build/py_srvcli/install.log --single-version-externally-managed install_data
[7.801s] running egg_info
[7.808s] writing ../../build/py_srvcli/py_srvcli.egg-info/PKG-INFO
[7.818s] writing dependency_links to ../../build/py_srvcli/py_srvcli.egg-info/dependency_links.txt
[7.823s] writing entry points to ../../build/py_srvcli/py_srvcli.egg-info/entry_points.txt
[7.823s] writing requirements to ../../build/py_srvcli/py_srvcli.egg-info/requires.txt
[7.824s] writing top-level names to ../../build/py_srvcli/py_srvcli.egg-info/top_level.txt
[7.845s] reading manifest file '../../build/py_srvcli/py_srvcli.egg-info/SOURCES.txt'
[7.850s] adding license file 'LICENSE'
[7.871s] writing manifest file '../../build/py_srvcli/py_srvcli.egg-info/SOURCES.txt'
[7.872s] running build
[7.873s] running build_py
[7.880s] running install
[7.882s] running install_lib
[7.887s] running install_data
[7.894s] running install_egg_info
[7.899s] removing '/home/gargie/service/install/py_srvcli/lib/python3.10/site-packages/py_srvcli-0.0.0-py3.10.egg-info' (and everything under it)
[7.901s] Copying ../../build/py_srvcli/py_srvcli.egg-info to /home/gargie/service/install/py_srvcli/lib/python3.10/site-packages/py_srvcli-0.0.0-py3.10.egg-info
[7.911s] running install_scripts
[8.034s] Installing client script to /home/gargie/service/install/py_srvcli/lib/py_srvcli
[8.037s] Installing service script to /home/gargie/service/install/py_srvcli/lib/py_srvcli
[8.039s] writing list of installed files to '/home/gargie/service/build/py_srvcli/install.log'
[8.229s] Invoked command in '/home/gargie/service/src/py_srvcli' returned '0': PYTHONPATH=/home/gargie/service/build/py_srvcli/prefix_override:/usr/lib/python3/dist-packages/colcon_core/task/python/colcon_distutils_commands:/home/gargie/service/install/py_srvcli/lib/python3.10/site-packages:${PYTHONPATH} /usr/bin/python3 -W ignore:setup.py install is deprecated -W ignore:easy_install command is deprecated setup.py egg_info --egg-base ../../build/py_srvcli build --build-base /home/gargie/service/build/py_srvcli/build install --record /home/gargie/service/build/py_srvcli/install.log --single-version-externally-managed install_data
