[3.792s] Invoking command in '/home/gargie/service/src/py_srvcli': PYTHONPATH=/home/gargie/service/build/py_srvcli/prefix_override:/usr/lib/python3/dist-packages/colcon_core/task/python/colcon_distutils_commands:/home/gargie/service/install/py_srvcli/lib/python3.10/site-packages:${PYTHONPATH} /usr/bin/python3 -W ignore:setup.py install is deprecated -W ignore:easy_install command is deprecated setup.py egg_info --egg-base ../../build/py_srvcli build --build-base /home/gargie/service/build/py_srvcli/build install --record /home/gargie/service/build/py_srvcli/install.log --single-version-externally-managed install_data
[4.960s] running egg_info
[4.963s] writing ../../build/py_srvcli/py_srvcli.egg-info/PKG-INFO
[4.964s] writing dependency_links to ../../build/py_srvcli/py_srvcli.egg-info/dependency_links.txt
[4.965s] writing entry points to ../../build/py_srvcli/py_srvcli.egg-info/entry_points.txt
[4.966s] writing requirements to ../../build/py_srvcli/py_srvcli.egg-info/requires.txt
[4.967s] writing top-level names to ../../build/py_srvcli/py_srvcli.egg-info/top_level.txt
[4.975s] reading manifest file '../../build/py_srvcli/py_srvcli.egg-info/SOURCES.txt'
[4.976s] adding license file 'LICENSE'
[4.979s] writing manifest file '../../build/py_srvcli/py_srvcli.egg-info/SOURCES.txt'
[4.980s] running build
[4.981s] running build_py
[4.988s] running install
[4.989s] running install_lib
[4.995s] running install_data
[4.996s] running install_egg_info
[5.004s] removing '/home/gargie/service/install/py_srvcli/lib/python3.10/site-packages/py_srvcli-0.0.0-py3.10.egg-info' (and everything under it)
[5.005s] Copying ../../build/py_srvcli/py_srvcli.egg-info to /home/gargie/service/install/py_srvcli/lib/python3.10/site-packages/py_srvcli-0.0.0-py3.10.egg-info
[5.010s] running install_scripts
[5.097s] Installing client script to /home/gargie/service/install/py_srvcli/lib/py_srvcli
[5.098s] Installing service script to /home/gargie/service/install/py_srvcli/lib/py_srvcli
[5.100s] writing list of installed files to '/home/gargie/service/build/py_srvcli/install.log'
[5.232s] Invoked command in '/home/gargie/service/src/py_srvcli' returned '0': PYTHONPATH=/home/gargie/service/build/py_srvcli/prefix_override:/usr/lib/python3/dist-packages/colcon_core/task/python/colcon_distutils_commands:/home/gargie/service/install/py_srvcli/lib/python3.10/site-packages:${PYTHONPATH} /usr/bin/python3 -W ignore:setup.py install is deprecated -W ignore:easy_install command is deprecated setup.py egg_info --egg-base ../../build/py_srvcli build --build-base /home/gargie/service/build/py_srvcli/build install --record /home/gargie/service/build/py_srvcli/install.log --single-version-externally-managed install_data
