[3.017s] Invoking command in '/home/gargie/service/src/py_srvcli': PYTHONPATH=/home/gargie/service/build/py_srvcli/prefix_override:/usr/lib/python3/dist-packages/colcon_core/task/python/colcon_distutils_commands:/home/gargie/service/install/py_srvcli/lib/python3.10/site-packages:${PYTHONPATH} /usr/bin/python3 -W ignore:setup.py install is deprecated -W ignore:easy_install command is deprecated setup.py egg_info --egg-base ../../build/py_srvcli build --build-base /home/gargie/service/build/py_srvcli/build install --record /home/gargie/service/build/py_srvcli/install.log --single-version-externally-managed install_data
[4.203s] running egg_info
[4.205s] writing ../../build/py_srvcli/py_srvcli.egg-info/PKG-INFO
[4.206s] writing dependency_links to ../../build/py_srvcli/py_srvcli.egg-info/dependency_links.txt
[4.208s] writing entry points to ../../build/py_srvcli/py_srvcli.egg-info/entry_points.txt
[4.209s] writing requirements to ../../build/py_srvcli/py_srvcli.egg-info/requires.txt
[4.210s] writing top-level names to ../../build/py_srvcli/py_srvcli.egg-info/top_level.txt
[4.217s] reading manifest file '../../build/py_srvcli/py_srvcli.egg-info/SOURCES.txt'
[4.218s] adding license file 'LICENSE'
[4.221s] writing manifest file '../../build/py_srvcli/py_srvcli.egg-info/SOURCES.txt'
[4.222s] running build
[4.223s] running build_py
[4.224s] copying py_srvcli/service.py -> /home/gargie/service/build/py_srvcli/build/lib/py_srvcli
[4.225s] running install
[4.226s] running install_lib
[4.229s] copying /home/gargie/service/build/py_srvcli/build/lib/py_srvcli/service.py -> /home/gargie/service/install/py_srvcli/lib/python3.10/site-packages/py_srvcli
[4.233s] byte-compiling /home/gargie/service/install/py_srvcli/lib/python3.10/site-packages/py_srvcli/service.py to service.cpython-310.pyc
[4.236s]   File "/home/gargie/service/install/py_srvcli/lib/python3.10/site-packages/py_srvcli/service.py", line 24
[4.237s]     if __name__='__main__':
[4.237s]        ^^^^^^^^^^^^^^^^^^^
[4.238s] SyntaxError: invalid syntax. Maybe you meant '==' or ':=' instead of '='?
[4.238s] 
[4.239s] running install_data
[4.239s] running install_egg_info
[4.251s] removing '/home/gargie/service/install/py_srvcli/lib/python3.10/site-packages/py_srvcli-0.0.0-py3.10.egg-info' (and everything under it)
[4.252s] Copying ../../build/py_srvcli/py_srvcli.egg-info to /home/gargie/service/install/py_srvcli/lib/python3.10/site-packages/py_srvcli-0.0.0-py3.10.egg-info
[4.256s] running install_scripts
[4.355s] Installing client script to /home/gargie/service/install/py_srvcli/lib/py_srvcli
[4.356s] Installing service script to /home/gargie/service/install/py_srvcli/lib/py_srvcli
[4.358s] writing list of installed files to '/home/gargie/service/build/py_srvcli/install.log'
[4.507s] Invoked command in '/home/gargie/service/src/py_srvcli' returned '0': PYTHONPATH=/home/gargie/service/build/py_srvcli/prefix_override:/usr/lib/python3/dist-packages/colcon_core/task/python/colcon_distutils_commands:/home/gargie/service/install/py_srvcli/lib/python3.10/site-packages:${PYTHONPATH} /usr/bin/python3 -W ignore:setup.py install is deprecated -W ignore:easy_install command is deprecated setup.py egg_info --egg-base ../../build/py_srvcli build --build-base /home/gargie/service/build/py_srvcli/build install --record /home/gargie/service/build/py_srvcli/install.log --single-version-externally-managed install_data
