[01m[K/home/gargie/key_ws/src/key_pkg/src/pub_key.cpp:5:12:[m[K [01;31m[Kerror: [m[K‘[01m[Kstd::placeholder[m[K’ has not been declared
    5 | using std::[01;31m[Kplaceholder[m[K::_1;
      |            [01;31m[K^~~~~~~~~~~[m[K
[01m[K/home/gargie/key_ws/src/key_pkg/src/pub_key.cpp:38:51:[m[K [01;31m[Kerror: [m[K‘[01m[KSharePtr[m[K’ in ‘[01m[Kclass rclcpp::Publisher<std_msgs::msg::String_<std::allocator<void> > >[m[K’ does not name a type
   38 |         rclcpp::Publisher<std_msgs::msg::String>::[01;31m[KSharePtr[m[K publisher_;
      |                                                   [01;31m[K^~~~~~~~[m[K
[01m[K/home/gargie/key_ws/src/key_pkg/src/pub_key.cpp:[m[K In constructor ‘[01m[KKeyboard::Keyboard()[m[K’:
[01m[K/home/gargie/key_ws/src/key_pkg/src/pub_key.cpp:13:9:[m[K [01;31m[Kerror: [m[K‘[01m[Kpublisher_[m[K’ was not declared in this scope; did you mean ‘[01m[Krmw_publisher_t[m[K’?
   13 |         [01;31m[Kpublisher_[m[K=this->create_publisher<std_msgs::msg::String>("topic_command",10);
      |         [01;31m[K^~~~~~~~~~[m[K
      |         [32m[Krmw_publisher_t[m[K
[01m[K/home/gargie/key_ws/src/key_pkg/src/pub_key.cpp:23:31:[m[K [01;31m[Kerror: [m[Kno match for ‘[01m[Koperator||[m[K’ (operand types are ‘[01m[Kbool[m[K’ and ‘[01m[Kstd::string[m[K’ {aka ‘[01m[Kstd::__cxx11::basic_string<char>[m[K’})
   23 |         else if ([32m[Kinput == "S"[m[K [01;31m[K||[m[K [34m[Kinput[m[K = "s") msg.data ="backward";
      |                  [32m[K~~~~~~~~~~~~[m[K [01;31m[K^~[m[K [34m[K~~~~~[m[K
      |                        [32m[K|[m[K         [34m[K|[m[K
      |                        [32m[Kbool[m[K      [34m[Kstd::string {aka std::__cxx11::basic_string<char>}[m[K
[01m[K/home/gargie/key_ws/src/key_pkg/src/pub_key.cpp:23:31:[m[K [01;36m[Knote: [m[Kcandidate: ‘[01m[Koperator||(bool, bool)[m[K’ (built-in)
   23 |         else if ([01;36m[Kinput == "S" || input[m[K = "s") msg.data ="backward";
      |                  [01;36m[K~~~~~~~~~~~~~^~~~~~~~[m[K
[01m[K/home/gargie/key_ws/src/key_pkg/src/pub_key.cpp:23:31:[m[K [01;36m[Knote: [m[K  no known conversion for argument 2 from ‘[01m[Kstd::string[m[K’ {aka ‘[01m[Kstd::__cxx11::basic_string<char>[m[K’} to ‘[01m[Kbool[m[K’
[01m[K/home/gargie/key_ws/src/key_pkg/src/pub_key.cpp:24:31:[m[K [01;31m[Kerror: [m[Kno match for ‘[01m[Koperator||[m[K’ (operand types are ‘[01m[Kbool[m[K’ and ‘[01m[Kstd::string[m[K’ {aka ‘[01m[Kstd::__cxx11::basic_string<char>[m[K’})
   24 |         else if ([32m[Kinput == "A"[m[K [01;31m[K||[m[K [34m[Kinput[m[K = "a") msg.data ="left";
      |                  [32m[K~~~~~~~~~~~~[m[K [01;31m[K^~[m[K [34m[K~~~~~[m[K
      |                        [32m[K|[m[K         [34m[K|[m[K
      |                        [32m[Kbool[m[K      [34m[Kstd::string {aka std::__cxx11::basic_string<char>}[m[K
[01m[K/home/gargie/key_ws/src/key_pkg/src/pub_key.cpp:24:31:[m[K [01;36m[Knote: [m[Kcandidate: ‘[01m[Koperator||(bool, bool)[m[K’ (built-in)
   24 |         else if ([01;36m[Kinput == "A" || input[m[K = "a") msg.data ="left";
      |                  [01;36m[K~~~~~~~~~~~~~^~~~~~~~[m[K
[01m[K/home/gargie/key_ws/src/key_pkg/src/pub_key.cpp:24:31:[m[K [01;36m[Knote: [m[K  no known conversion for argument 2 from ‘[01m[Kstd::string[m[K’ {aka ‘[01m[Kstd::__cxx11::basic_string<char>[m[K’} to ‘[01m[Kbool[m[K’
[01m[K/home/gargie/key_ws/src/key_pkg/src/pub_key.cpp:25:31:[m[K [01;31m[Kerror: [m[Kno match for ‘[01m[Koperator||[m[K’ (operand types are ‘[01m[Kbool[m[K’ and ‘[01m[Kstd::string[m[K’ {aka ‘[01m[Kstd::__cxx11::basic_string<char>[m[K’})
   25 |         else if ([32m[Kinput == "D"[m[K [01;31m[K||[m[K [34m[Kinput[m[K = "d") msg.data ="right";
      |                  [32m[K~~~~~~~~~~~~[m[K [01;31m[K^~[m[K [34m[K~~~~~[m[K
      |                        [32m[K|[m[K         [34m[K|[m[K
      |                        [32m[Kbool[m[K      [34m[Kstd::string {aka std::__cxx11::basic_string<char>}[m[K
[01m[K/home/gargie/key_ws/src/key_pkg/src/pub_key.cpp:25:31:[m[K [01;36m[Knote: [m[Kcandidate: ‘[01m[Koperator||(bool, bool)[m[K’ (built-in)
   25 |         else if ([01;36m[Kinput == "D" || input[m[K = "d") msg.data ="right";
      |                  [01;36m[K~~~~~~~~~~~~~^~~~~~~~[m[K
[01m[K/home/gargie/key_ws/src/key_pkg/src/pub_key.cpp:25:31:[m[K [01;36m[Knote: [m[K  no known conversion for argument 2 from ‘[01m[Kstd::string[m[K’ {aka ‘[01m[Kstd::__cxx11::basic_string<char>[m[K’} to ‘[01m[Kbool[m[K’
[01m[K/home/gargie/key_ws/src/key_pkg/src/pub_key.cpp:26:31:[m[K [01;31m[Kerror: [m[Kno match for ‘[01m[Koperator||[m[K’ (operand types are ‘[01m[Kbool[m[K’ and ‘[01m[Kstd::string[m[K’ {aka ‘[01m[Kstd::__cxx11::basic_string<char>[m[K’})
   26 |         else if ([32m[Kinput == "X"[m[K [01;31m[K||[m[K [34m[Kinput[m[K = "x") msg.data ="stop";
      |                  [32m[K~~~~~~~~~~~~[m[K [01;31m[K^~[m[K [34m[K~~~~~[m[K
      |                        [32m[K|[m[K         [34m[K|[m[K
      |                        [32m[Kbool[m[K      [34m[Kstd::string {aka std::__cxx11::basic_string<char>}[m[K
[01m[K/home/gargie/key_ws/src/key_pkg/src/pub_key.cpp:26:31:[m[K [01;36m[Knote: [m[Kcandidate: ‘[01m[Koperator||(bool, bool)[m[K’ (built-in)
   26 |         else if ([01;36m[Kinput == "X" || input[m[K = "x") msg.data ="stop";
      |                  [01;36m[K~~~~~~~~~~~~~^~~~~~~~[m[K
[01m[K/home/gargie/key_ws/src/key_pkg/src/pub_key.cpp:26:31:[m[K [01;36m[Knote: [m[K  no known conversion for argument 2 from ‘[01m[Kstd::string[m[K’ {aka ‘[01m[Kstd::__cxx11::basic_string<char>[m[K’} to ‘[01m[Kbool[m[K’
In file included from [01m[K/opt/ros/humble/include/rclcpp/rclcpp/client.hpp:40[m[K,
                 from [01m[K/opt/ros/humble/include/rclcpp/rclcpp/callback_group.hpp:24[m[K,
                 from [01m[K/opt/ros/humble/include/rclcpp/rclcpp/any_executable.hpp:20[m[K,
                 from [01m[K/opt/ros/humble/include/rclcpp/rclcpp/memory_strategy.hpp:25[m[K,
                 from [01m[K/opt/ros/humble/include/rclcpp/rclcpp/memory_strategies.hpp:18[m[K,
                 from [01m[K/opt/ros/humble/include/rclcpp/rclcpp/executor_options.hpp:20[m[K,
                 from [01m[K/opt/ros/humble/include/rclcpp/rclcpp/executor.hpp:37[m[K,
                 from [01m[K/opt/ros/humble/include/rclcpp/rclcpp/executors/multi_threaded_executor.hpp:25[m[K,
                 from [01m[K/opt/ros/humble/include/rclcpp/rclcpp/executors.hpp:21[m[K,
                 from [01m[K/opt/ros/humble/include/rclcpp/rclcpp/rclcpp.hpp:155[m[K,
                 from [01m[K/home/gargie/key_ws/src/key_pkg/src/sub_key.cpp:1[m[K:
[01m[K/home/gargie/key_ws/src/key_pkg/src/sub_key.cpp:[m[K In constructor ‘[01m[KSubscriber::Subscriber()[m[K’:
[01m[K/home/gargie/key_ws/src/key_pkg/src/sub_key.cpp:11:9:[m[K [01;31m[Kerror: [m[Kexpected ‘[01m[K)[m[K’ before ‘[01m[Kdo[m[K’
   11 |         [01;31m[KRCLCPP_INFO[m[K(this->get_logger()," Stimulation is ready,");
      |         [01;31m[K^~~~~~~~~~~[m[K
[01m[K/home/gargie/key_ws/src/key_pkg/src/sub_key.cpp:9:73:[m[K [01;36m[Knote: [m[Kto match this ‘[01m[K([m[K’
    9 |         subscription_ = this->create_subscription<std_msgs::msg::String>[01;36m[K([m[K"topic_command",10,
      |                                                                         [01;36m[K^[m[K
gmake[2]: *** [CMakeFiles/sub_key.dir/build.make:76: CMakeFiles/sub_key.dir/src/sub_key.cpp.o] Error 1
gmake[1]: *** [CMakeFiles/Makefile2:165: CMakeFiles/sub_key.dir/all] Error 2
gmake[1]: *** Waiting for unfinished jobs....
gmake[2]: *** [CMakeFiles/pub_key.dir/build.make:76: CMakeFiles/pub_key.dir/src/pub_key.cpp.o] Error 1
gmake[1]: *** [CMakeFiles/Makefile2:139: CMakeFiles/pub_key.dir/all] Error 2
gmake: *** [Makefile:146: all] Error 2
