[0.518s] DEBUG:colcon:Command line arguments: ['/usr/bin/colcon', 'build']
[0.519s] DEBUG:colcon:Parsed command line arguments: Namespace(log_base=None, log_level=None, verb_name='build', build_base='build', install_base='install', merge_install=False, symlink_install=False, test_result_base=None, continue_on_error=False, executor='parallel', parallel_workers=4, event_handlers=None, ignore_user_meta=False, metas=['./colcon.meta'], base_paths=['.'], packages_ignore=None, packages_ignore_regex=None, paths=None, packages_up_to=None, packages_up_to_regex=None, packages_above=None, packages_above_and_dependencies=None, packages_above_depth=None, packages_select_by_dep=None, packages_skip_by_dep=None, packages_skip_up_to=None, packages_select_build_failed=False, packages_skip_build_finished=False, packages_select_test_failures=False, packages_skip_test_passed=False, packages_select=None, packages_skip=None, packages_select_regex=None, packages_skip_regex=None, packages_start=None, packages_end=None, allow_overriding=[], cmake_args=None, cmake_target=None, cmake_target_skip_unavailable=False, cmake_clean_cache=False, cmake_clean_first=False, cmake_force_configure=False, ament_cmake_args=None, catkin_cmake_args=None, catkin_skip_building_tests=False, mixin_files=None, mixin=None, verb_parser=<colcon_mixin.mixin.mixin_argument.MixinArgumentDecorator object at 0x75acec665cf0>, verb_extension=<colcon_core.verb.build.BuildVerb object at 0x75acec665840>, main=<bound method BuildVerb.main of <colcon_core.verb.build.BuildVerb object at 0x75acec665840>>, mixin_verb=('build',))
[1.353s] Level 1:colcon.colcon_core.package_discovery:discover_packages(colcon_meta) check parameters
[1.353s] Level 1:colcon.colcon_core.package_discovery:discover_packages(recursive) check parameters
[1.354s] Level 1:colcon.colcon_core.package_discovery:discover_packages(ignore) check parameters
[1.354s] Level 1:colcon.colcon_core.package_discovery:discover_packages(path) check parameters
[1.354s] Level 1:colcon.colcon_core.package_discovery:discover_packages(colcon_meta) discover
[1.354s] Level 1:colcon.colcon_core.package_discovery:discover_packages(recursive) discover
[1.354s] INFO:colcon.colcon_core.package_discovery:Crawling recursively for packages in '/home/gargie/key_ws'
[1.355s] Level 1:colcon.colcon_core.package_identification:_identify(.) by extensions ['ignore', 'ignore_ament_install']
[1.355s] Level 1:colcon.colcon_core.package_identification:_identify(.) by extension 'ignore'
[1.355s] Level 1:colcon.colcon_core.package_identification:_identify(.) by extension 'ignore_ament_install'
[1.356s] Level 1:colcon.colcon_core.package_identification:_identify(.) by extensions ['colcon_pkg']
[1.356s] Level 1:colcon.colcon_core.package_identification:_identify(.) by extension 'colcon_pkg'
[1.356s] Level 1:colcon.colcon_core.package_identification:_identify(.) by extensions ['colcon_meta']
[1.356s] Level 1:colcon.colcon_core.package_identification:_identify(.) by extension 'colcon_meta'
[1.356s] Level 1:colcon.colcon_core.package_identification:_identify(.) by extensions ['ros']
[1.356s] Level 1:colcon.colcon_core.package_identification:_identify(.) by extension 'ros'
[1.406s] Level 1:colcon.colcon_core.package_identification:_identify(.) by extensions ['cmake', 'python']
[1.406s] Level 1:colcon.colcon_core.package_identification:_identify(.) by extension 'cmake'
[1.406s] Level 1:colcon.colcon_core.package_identification:_identify(.) by extension 'python'
[1.406s] Level 1:colcon.colcon_core.package_identification:_identify(.) by extensions ['python_setup_py']
[1.407s] Level 1:colcon.colcon_core.package_identification:_identify(.) by extension 'python_setup_py'
[1.407s] Level 1:colcon.colcon_core.package_identification:_identify(build) by extensions ['ignore', 'ignore_ament_install']
[1.408s] Level 1:colcon.colcon_core.package_identification:_identify(build) by extension 'ignore'
[1.408s] Level 1:colcon.colcon_core.package_identification:_identify(build) ignored
[1.408s] Level 1:colcon.colcon_core.package_identification:_identify(install) by extensions ['ignore', 'ignore_ament_install']
[1.409s] Level 1:colcon.colcon_core.package_identification:_identify(install) by extension 'ignore'
[1.409s] Level 1:colcon.colcon_core.package_identification:_identify(install) ignored
[1.410s] Level 1:colcon.colcon_core.package_identification:_identify(log) by extensions ['ignore', 'ignore_ament_install']
[1.410s] Level 1:colcon.colcon_core.package_identification:_identify(log) by extension 'ignore'
[1.410s] Level 1:colcon.colcon_core.package_identification:_identify(log) ignored
[1.411s] Level 1:colcon.colcon_core.package_identification:_identify(src) by extensions ['ignore', 'ignore_ament_install']
[1.411s] Level 1:colcon.colcon_core.package_identification:_identify(src) by extension 'ignore'
[1.411s] Level 1:colcon.colcon_core.package_identification:_identify(src) by extension 'ignore_ament_install'
[1.411s] Level 1:colcon.colcon_core.package_identification:_identify(src) by extensions ['colcon_pkg']
[1.412s] Level 1:colcon.colcon_core.package_identification:_identify(src) by extension 'colcon_pkg'
[1.412s] Level 1:colcon.colcon_core.package_identification:_identify(src) by extensions ['colcon_meta']
[1.412s] Level 1:colcon.colcon_core.package_identification:_identify(src) by extension 'colcon_meta'
[1.412s] Level 1:colcon.colcon_core.package_identification:_identify(src) by extensions ['ros']
[1.412s] Level 1:colcon.colcon_core.package_identification:_identify(src) by extension 'ros'
[1.413s] Level 1:colcon.colcon_core.package_identification:_identify(src) by extensions ['cmake', 'python']
[1.413s] Level 1:colcon.colcon_core.package_identification:_identify(src) by extension 'cmake'
[1.413s] Level 1:colcon.colcon_core.package_identification:_identify(src) by extension 'python'
[1.413s] Level 1:colcon.colcon_core.package_identification:_identify(src) by extensions ['python_setup_py']
[1.413s] Level 1:colcon.colcon_core.package_identification:_identify(src) by extension 'python_setup_py'
[1.414s] Level 1:colcon.colcon_core.package_identification:_identify(src/key1_pkg) by extensions ['ignore', 'ignore_ament_install']
[1.414s] Level 1:colcon.colcon_core.package_identification:_identify(src/key1_pkg) by extension 'ignore'
[1.414s] Level 1:colcon.colcon_core.package_identification:_identify(src/key1_pkg) by extension 'ignore_ament_install'
[1.415s] Level 1:colcon.colcon_core.package_identification:_identify(src/key1_pkg) by extensions ['colcon_pkg']
[1.415s] Level 1:colcon.colcon_core.package_identification:_identify(src/key1_pkg) by extension 'colcon_pkg'
[1.415s] Level 1:colcon.colcon_core.package_identification:_identify(src/key1_pkg) by extensions ['colcon_meta']
[1.415s] Level 1:colcon.colcon_core.package_identification:_identify(src/key1_pkg) by extension 'colcon_meta'
[1.415s] Level 1:colcon.colcon_core.package_identification:_identify(src/key1_pkg) by extensions ['ros']
[1.415s] Level 1:colcon.colcon_core.package_identification:_identify(src/key1_pkg) by extension 'ros'
[1.420s] DEBUG:colcon.colcon_core.package_identification:Failed to parse potential ROS package manifest in'src/key1_pkg': Error(s) in package 'src/key1_pkg/package.xml':
The manifest contains invalid XML:
mismatched tag: line 21, column 2
[1.421s] Level 1:colcon.colcon_core.package_identification:_identify(src/key1_pkg) by extensions ['cmake', 'python']
[1.421s] Level 1:colcon.colcon_core.package_identification:_identify(src/key1_pkg) by extension 'cmake'
[1.421s] Level 1:colcon.colcon_core.package_identification:_identify(src/key1_pkg) by extension 'python'
[1.421s] DEBUG:colcon.colcon_core.package_identification:Python package in 'src/key1_pkg' passes arguments to the setup() function which requires a different identification extension than 'python'
[1.422s] Level 1:colcon.colcon_core.package_identification:_identify(src/key1_pkg) by extensions ['python_setup_py']
[1.422s] Level 1:colcon.colcon_core.package_identification:_identify(src/key1_pkg) by extension 'python_setup_py'
[2.642s] DEBUG:colcon.colcon_core.package_identification:Package 'src/key1_pkg' with type 'python' and name 'key1_pkg'
[2.642s] Level 1:colcon.colcon_core.package_identification:_identify(src/key_pkg) by extensions ['ignore', 'ignore_ament_install']
[2.643s] Level 1:colcon.colcon_core.package_identification:_identify(src/key_pkg) by extension 'ignore'
[2.643s] Level 1:colcon.colcon_core.package_identification:_identify(src/key_pkg) by extension 'ignore_ament_install'
[2.643s] Level 1:colcon.colcon_core.package_identification:_identify(src/key_pkg) by extensions ['colcon_pkg']
[2.643s] Level 1:colcon.colcon_core.package_identification:_identify(src/key_pkg) by extension 'colcon_pkg'
[2.644s] Level 1:colcon.colcon_core.package_identification:_identify(src/key_pkg) by extensions ['colcon_meta']
[2.644s] Level 1:colcon.colcon_core.package_identification:_identify(src/key_pkg) by extension 'colcon_meta'
[2.644s] Level 1:colcon.colcon_core.package_identification:_identify(src/key_pkg) by extensions ['ros']
[2.644s] Level 1:colcon.colcon_core.package_identification:_identify(src/key_pkg) by extension 'ros'
[2.651s] DEBUG:colcon.colcon_core.package_identification:Package 'src/key_pkg' with type 'ros.ament_cmake' and name 'key_pkg'
[2.652s] Level 1:colcon.colcon_core.package_discovery:discover_packages(recursive) using defaults
[2.652s] Level 1:colcon.colcon_core.package_discovery:discover_packages(ignore) discover
[2.652s] Level 1:colcon.colcon_core.package_discovery:discover_packages(ignore) using defaults
[2.652s] Level 1:colcon.colcon_core.package_discovery:discover_packages(path) discover
[2.652s] Level 1:colcon.colcon_core.package_discovery:discover_packages(path) using defaults
[2.784s] Level 1:colcon.colcon_core.package_discovery:discover_packages(prefix_path) check parameters
[2.784s] Level 1:colcon.colcon_core.package_discovery:discover_packages(prefix_path) discover
[2.792s] DEBUG:colcon.colcon_installed_package_information.package_discovery:Found 2 installed packages in /home/gargie/key_ws/install
[2.794s] DEBUG:colcon.colcon_installed_package_information.package_discovery:Found 1 installed packages in /home/gargie/project/install
[2.796s] DEBUG:colcon.colcon_installed_package_information.package_discovery:Found 1 installed packages in /home/gargie/chem_ws/install
[2.804s] DEBUG:colcon.colcon_installed_package_information.package_discovery:Found 295 installed packages in /opt/ros/humble
[2.814s] Level 1:colcon.colcon_core.package_discovery:discover_packages(prefix_path) using defaults
[3.022s] Level 5:colcon.colcon_core.verb:set package 'key1_pkg' build argument 'cmake_args' from command line to 'None'
[3.023s] Level 5:colcon.colcon_core.verb:set package 'key1_pkg' build argument 'cmake_target' from command line to 'None'
[3.023s] Level 5:colcon.colcon_core.verb:set package 'key1_pkg' build argument 'cmake_target_skip_unavailable' from command line to 'False'
[3.023s] Level 5:colcon.colcon_core.verb:set package 'key1_pkg' build argument 'cmake_clean_cache' from command line to 'False'
[3.023s] Level 5:colcon.colcon_core.verb:set package 'key1_pkg' build argument 'cmake_clean_first' from command line to 'False'
[3.023s] Level 5:colcon.colcon_core.verb:set package 'key1_pkg' build argument 'cmake_force_configure' from command line to 'False'
[3.023s] Level 5:colcon.colcon_core.verb:set package 'key1_pkg' build argument 'ament_cmake_args' from command line to 'None'
[3.023s] Level 5:colcon.colcon_core.verb:set package 'key1_pkg' build argument 'catkin_cmake_args' from command line to 'None'
[3.023s] Level 5:colcon.colcon_core.verb:set package 'key1_pkg' build argument 'catkin_skip_building_tests' from command line to 'False'
[3.024s] DEBUG:colcon.colcon_core.verb:Building package 'key1_pkg' with the following arguments: {'ament_cmake_args': None, 'build_base': '/home/gargie/key_ws/build/key1_pkg', 'catkin_cmake_args': None, 'catkin_skip_building_tests': False, 'cmake_args': None, 'cmake_clean_cache': False, 'cmake_clean_first': False, 'cmake_force_configure': False, 'cmake_target': None, 'cmake_target_skip_unavailable': False, 'install_base': '/home/gargie/key_ws/install/key1_pkg', 'merge_install': False, 'path': '/home/gargie/key_ws/src/key1_pkg', 'symlink_install': False, 'test_result_base': None}
[3.025s] Level 5:colcon.colcon_core.verb:set package 'key_pkg' build argument 'cmake_args' from command line to 'None'
[3.026s] Level 5:colcon.colcon_core.verb:set package 'key_pkg' build argument 'cmake_target' from command line to 'None'
[3.026s] Level 5:colcon.colcon_core.verb:set package 'key_pkg' build argument 'cmake_target_skip_unavailable' from command line to 'False'
[3.026s] Level 5:colcon.colcon_core.verb:set package 'key_pkg' build argument 'cmake_clean_cache' from command line to 'False'
[3.026s] Level 5:colcon.colcon_core.verb:set package 'key_pkg' build argument 'cmake_clean_first' from command line to 'False'
[3.026s] Level 5:colcon.colcon_core.verb:set package 'key_pkg' build argument 'cmake_force_configure' from command line to 'False'
[3.026s] Level 5:colcon.colcon_core.verb:set package 'key_pkg' build argument 'ament_cmake_args' from command line to 'None'
[3.026s] Level 5:colcon.colcon_core.verb:set package 'key_pkg' build argument 'catkin_cmake_args' from command line to 'None'
[3.027s] Level 5:colcon.colcon_core.verb:set package 'key_pkg' build argument 'catkin_skip_building_tests' from command line to 'False'
[3.027s] DEBUG:colcon.colcon_core.verb:Building package 'key_pkg' with the following arguments: {'ament_cmake_args': None, 'build_base': '/home/gargie/key_ws/build/key_pkg', 'catkin_cmake_args': None, 'catkin_skip_building_tests': False, 'cmake_args': None, 'cmake_clean_cache': False, 'cmake_clean_first': False, 'cmake_force_configure': False, 'cmake_target': None, 'cmake_target_skip_unavailable': False, 'install_base': '/home/gargie/key_ws/install/key_pkg', 'merge_install': False, 'path': '/home/gargie/key_ws/src/key_pkg', 'symlink_install': False, 'test_result_base': None}
[3.027s] INFO:colcon.colcon_core.executor:Executing jobs using 'parallel' executor
[3.032s] DEBUG:colcon.colcon_parallel_executor.executor.parallel:run_until_complete
[3.033s] INFO:colcon.colcon_core.task.python.build:Building Python package in '/home/gargie/key_ws/src/key1_pkg'
[3.044s] INFO:colcon.colcon_core.plugin_system:Skipping extension 'colcon_core.shell.bat': Not used on non-Windows systems
[3.045s] INFO:colcon.colcon_core.shell:Skip shell extension 'powershell' for command environment: Not usable outside of PowerShell
[3.045s] DEBUG:colcon.colcon_core.shell:Skip shell extension 'dsv' for command environment
[3.069s] INFO:colcon.colcon_ros.task.ament_cmake.build:Building ROS package in '/home/gargie/key_ws/src/key_pkg' with build type 'ament_cmake'
[3.070s] INFO:colcon.colcon_cmake.task.cmake.build:Building CMake package in '/home/gargie/key_ws/src/key_pkg'
[3.071s] INFO:colcon.colcon_core.shell:Skip shell extension 'powershell' for command environment: Not usable outside of PowerShell
[3.071s] DEBUG:colcon.colcon_core.shell:Skip shell extension 'dsv' for command environment
[4.364s] DEBUG:colcon.colcon_core.event_handler.log_command:Invoking command in '/home/gargie/key_ws/build/key_pkg': CMAKE_PREFIX_PATH=${CMAKE_PREFIX_PATH}:/opt/ros/humble /usr/bin/cmake --build /home/gargie/key_ws/build/key_pkg -- -j4 -l4
[4.643s] DEBUG:colcon.colcon_core.event_handler.log_command:Invoked command in '/home/gargie/key_ws/build/key_pkg' returned '0': CMAKE_PREFIX_PATH=${CMAKE_PREFIX_PATH}:/opt/ros/humble /usr/bin/cmake --build /home/gargie/key_ws/build/key_pkg -- -j4 -l4
[4.677s] DEBUG:colcon.colcon_core.event_handler.log_command:Invoking command in '/home/gargie/key_ws/build/key_pkg': CMAKE_PREFIX_PATH=${CMAKE_PREFIX_PATH}:/opt/ros/humble /usr/bin/cmake --install /home/gargie/key_ws/build/key_pkg
[4.722s] Level 1:colcon.colcon_core.environment:create_environment_scripts_only(key_pkg)
[4.724s] DEBUG:colcon.colcon_core.event_handler.log_command:Invoked command in '/home/gargie/key_ws/build/key_pkg' returned '0': CMAKE_PREFIX_PATH=${CMAKE_PREFIX_PATH}:/opt/ros/humble /usr/bin/cmake --install /home/gargie/key_ws/build/key_pkg
[4.736s] Level 1:colcon.colcon_core.environment:checking '/home/gargie/key_ws/install/key_pkg' for CMake module files
[4.739s] Level 1:colcon.colcon_core.environment:checking '/home/gargie/key_ws/install/key_pkg' for CMake config files
[4.741s] Level 1:colcon.colcon_core.shell:create_environment_hook('key_pkg', 'cmake_prefix_path')
[4.743s] INFO:colcon.colcon_core.shell:Creating environment hook '/home/gargie/key_ws/install/key_pkg/share/key_pkg/hook/cmake_prefix_path.ps1'
[4.746s] INFO:colcon.colcon_core.shell:Creating environment descriptor '/home/gargie/key_ws/install/key_pkg/share/key_pkg/hook/cmake_prefix_path.dsv'
[4.749s] INFO:colcon.colcon_core.shell:Creating environment hook '/home/gargie/key_ws/install/key_pkg/share/key_pkg/hook/cmake_prefix_path.sh'
[4.753s] Level 1:colcon.colcon_core.environment:checking '/home/gargie/key_ws/install/key_pkg/lib'
[4.754s] Level 1:colcon.colcon_core.environment:checking '/home/gargie/key_ws/install/key_pkg/bin'
[4.754s] Level 1:colcon.colcon_core.environment:checking '/home/gargie/key_ws/install/key_pkg/lib/pkgconfig/key_pkg.pc'
[4.756s] Level 1:colcon.colcon_core.environment:checking '/home/gargie/key_ws/install/key_pkg/lib/python3.10/site-packages'
[4.757s] Level 1:colcon.colcon_core.environment:checking '/home/gargie/key_ws/install/key_pkg/bin'
[4.758s] INFO:colcon.colcon_core.shell:Creating package script '/home/gargie/key_ws/install/key_pkg/share/key_pkg/package.ps1'
[4.762s] INFO:colcon.colcon_core.shell:Creating package descriptor '/home/gargie/key_ws/install/key_pkg/share/key_pkg/package.dsv'
[4.765s] INFO:colcon.colcon_core.shell:Creating package script '/home/gargie/key_ws/install/key_pkg/share/key_pkg/package.sh'
[4.770s] INFO:colcon.colcon_core.shell:Creating package script '/home/gargie/key_ws/install/key_pkg/share/key_pkg/package.bash'
[4.774s] INFO:colcon.colcon_core.shell:Creating package script '/home/gargie/key_ws/install/key_pkg/share/key_pkg/package.zsh'
[4.778s] Level 1:colcon.colcon_core.environment:create_file_with_runtime_dependencies(/home/gargie/key_ws/install/key_pkg/share/colcon-core/packages/key_pkg)
[4.781s] Level 1:colcon.colcon_core.environment:create_environment_scripts_only(key_pkg)
[4.782s] Level 1:colcon.colcon_core.environment:checking '/home/gargie/key_ws/install/key_pkg' for CMake module files
[4.785s] Level 1:colcon.colcon_core.environment:checking '/home/gargie/key_ws/install/key_pkg' for CMake config files
[4.787s] Level 1:colcon.colcon_core.shell:create_environment_hook('key_pkg', 'cmake_prefix_path')
[4.788s] INFO:colcon.colcon_core.shell:Creating environment hook '/home/gargie/key_ws/install/key_pkg/share/key_pkg/hook/cmake_prefix_path.ps1'
[4.792s] INFO:colcon.colcon_core.shell:Creating environment descriptor '/home/gargie/key_ws/install/key_pkg/share/key_pkg/hook/cmake_prefix_path.dsv'
[4.794s] INFO:colcon.colcon_core.shell:Creating environment hook '/home/gargie/key_ws/install/key_pkg/share/key_pkg/hook/cmake_prefix_path.sh'
[4.797s] Level 1:colcon.colcon_core.environment:checking '/home/gargie/key_ws/install/key_pkg/lib'
[4.797s] Level 1:colcon.colcon_core.environment:checking '/home/gargie/key_ws/install/key_pkg/bin'
[4.798s] Level 1:colcon.colcon_core.environment:checking '/home/gargie/key_ws/install/key_pkg/lib/pkgconfig/key_pkg.pc'
[4.799s] Level 1:colcon.colcon_core.environment:checking '/home/gargie/key_ws/install/key_pkg/lib/python3.10/site-packages'
[4.801s] Level 1:colcon.colcon_core.environment:checking '/home/gargie/key_ws/install/key_pkg/bin'
[4.803s] INFO:colcon.colcon_core.shell:Creating package script '/home/gargie/key_ws/install/key_pkg/share/key_pkg/package.ps1'
[4.806s] INFO:colcon.colcon_core.shell:Creating package descriptor '/home/gargie/key_ws/install/key_pkg/share/key_pkg/package.dsv'
[4.809s] INFO:colcon.colcon_core.shell:Creating package script '/home/gargie/key_ws/install/key_pkg/share/key_pkg/package.sh'
[4.812s] INFO:colcon.colcon_core.shell:Creating package script '/home/gargie/key_ws/install/key_pkg/share/key_pkg/package.bash'
[4.814s] INFO:colcon.colcon_core.shell:Creating package script '/home/gargie/key_ws/install/key_pkg/share/key_pkg/package.zsh'
[4.817s] Level 1:colcon.colcon_core.environment:create_file_with_runtime_dependencies(/home/gargie/key_ws/install/key_pkg/share/colcon-core/packages/key_pkg)
[5.946s] DEBUG:colcon.colcon_core.event_handler.log_command:Invoking command in '/home/gargie/key_ws/src/key1_pkg': PYTHONPATH=/home/gargie/key_ws/build/key1_pkg/prefix_override:/usr/lib/python3/dist-packages/colcon_core/task/python/colcon_distutils_commands:/home/gargie/key_ws/install/key1_pkg/lib/python3.10/site-packages:${PYTHONPATH} /usr/bin/python3 -W ignore:setup.py install is deprecated -W ignore:easy_install command is deprecated setup.py egg_info --egg-base ../../build/key1_pkg build --build-base /home/gargie/key_ws/build/key1_pkg/build install --record /home/gargie/key_ws/build/key1_pkg/install.log --single-version-externally-managed install_data
[7.364s] Level 1:colcon.colcon_core.environment:checking '/home/gargie/key_ws/install/key1_pkg' for CMake module files
[7.370s] DEBUG:colcon.colcon_core.event_handler.log_command:Invoked command in '/home/gargie/key_ws/src/key1_pkg' returned '0': PYTHONPATH=/home/gargie/key_ws/build/key1_pkg/prefix_override:/usr/lib/python3/dist-packages/colcon_core/task/python/colcon_distutils_commands:/home/gargie/key_ws/install/key1_pkg/lib/python3.10/site-packages:${PYTHONPATH} /usr/bin/python3 -W ignore:setup.py install is deprecated -W ignore:easy_install command is deprecated setup.py egg_info --egg-base ../../build/key1_pkg build --build-base /home/gargie/key_ws/build/key1_pkg/build install --record /home/gargie/key_ws/build/key1_pkg/install.log --single-version-externally-managed install_data
[7.372s] Level 1:colcon.colcon_core.environment:checking '/home/gargie/key_ws/install/key1_pkg' for CMake config files
[7.378s] Level 1:colcon.colcon_core.environment:checking '/home/gargie/key_ws/install/key1_pkg/lib'
[7.380s] Level 1:colcon.colcon_core.environment:checking '/home/gargie/key_ws/install/key1_pkg/bin'
[7.381s] Level 1:colcon.colcon_core.environment:checking '/home/gargie/key_ws/install/key1_pkg/lib/pkgconfig/key1_pkg.pc'
[7.384s] Level 1:colcon.colcon_core.environment:checking '/home/gargie/key_ws/install/key1_pkg/lib/python3.10/site-packages'
[7.385s] Level 1:colcon.colcon_core.shell:create_environment_hook('key1_pkg', 'pythonpath')
[7.389s] INFO:colcon.colcon_core.shell:Creating environment hook '/home/gargie/key_ws/install/key1_pkg/share/key1_pkg/hook/pythonpath.ps1'
[7.395s] INFO:colcon.colcon_core.shell:Creating environment descriptor '/home/gargie/key_ws/install/key1_pkg/share/key1_pkg/hook/pythonpath.dsv'
[7.400s] INFO:colcon.colcon_core.shell:Creating environment hook '/home/gargie/key_ws/install/key1_pkg/share/key1_pkg/hook/pythonpath.sh'
[7.409s] Level 1:colcon.colcon_core.environment:checking '/home/gargie/key_ws/install/key1_pkg/bin'
[7.409s] Level 1:colcon.colcon_core.environment:create_environment_scripts_only(key1_pkg)
[7.413s] INFO:colcon.colcon_core.shell:Creating package script '/home/gargie/key_ws/install/key1_pkg/share/key1_pkg/package.ps1'
[7.419s] INFO:colcon.colcon_core.shell:Creating package descriptor '/home/gargie/key_ws/install/key1_pkg/share/key1_pkg/package.dsv'
[7.424s] INFO:colcon.colcon_core.shell:Creating package script '/home/gargie/key_ws/install/key1_pkg/share/key1_pkg/package.sh'
[7.428s] INFO:colcon.colcon_core.shell:Creating package script '/home/gargie/key_ws/install/key1_pkg/share/key1_pkg/package.bash'
[7.433s] INFO:colcon.colcon_core.shell:Creating package script '/home/gargie/key_ws/install/key1_pkg/share/key1_pkg/package.zsh'
[7.436s] Level 1:colcon.colcon_core.environment:create_file_with_runtime_dependencies(/home/gargie/key_ws/install/key1_pkg/share/colcon-core/packages/key1_pkg)
[7.438s] DEBUG:colcon.colcon_parallel_executor.executor.parallel:closing loop
[7.442s] DEBUG:colcon.colcon_parallel_executor.executor.parallel:loop closed
[7.442s] DEBUG:colcon.colcon_parallel_executor.executor.parallel:run_until_complete finished with '0'
[7.443s] DEBUG:colcon.colcon_core.event_reactor:joining thread
[7.498s] INFO:colcon.colcon_core.plugin_system:Skipping extension 'colcon_notification.desktop_notification.terminal_notifier': Not used on non-Darwin systems
[7.499s] INFO:colcon.colcon_core.plugin_system:Skipping extension 'colcon_notification.desktop_notification.win32': Not used on non-Windows systems
[7.499s] INFO:colcon.colcon_notification.desktop_notification:Sending desktop notification using 'notify2'
[7.628s] DEBUG:colcon.colcon_core.event_reactor:joined thread
[7.630s] INFO:colcon.colcon_core.shell:Creating prefix script '/home/gargie/key_ws/install/local_setup.ps1'
[7.640s] INFO:colcon.colcon_core.shell:Creating prefix util module '/home/gargie/key_ws/install/_local_setup_util_ps1.py'
[7.659s] INFO:colcon.colcon_core.shell:Creating prefix chain script '/home/gargie/key_ws/install/setup.ps1'
[7.672s] INFO:colcon.colcon_core.shell:Creating prefix script '/home/gargie/key_ws/install/local_setup.sh'
[7.678s] INFO:colcon.colcon_core.shell:Creating prefix util module '/home/gargie/key_ws/install/_local_setup_util_sh.py'
[7.684s] INFO:colcon.colcon_core.shell:Creating prefix chain script '/home/gargie/key_ws/install/setup.sh'
[7.693s] INFO:colcon.colcon_core.shell:Creating prefix script '/home/gargie/key_ws/install/local_setup.bash'
[7.697s] INFO:colcon.colcon_core.shell:Creating prefix chain script '/home/gargie/key_ws/install/setup.bash'
[7.704s] INFO:colcon.colcon_core.shell:Creating prefix script '/home/gargie/key_ws/install/local_setup.zsh'
[7.707s] INFO:colcon.colcon_core.shell:Creating prefix chain script '/home/gargie/key_ws/install/setup.zsh'
