[0.051s] Invoking command in '/home/gargie/project/build/project_pkg': CMAKE_PREFIX_PATH=${CMAKE_PREFIX_PATH}:/home/gargie/key_ws/install/key1_pkg:/opt/ros/humble /usr/bin/cmake --build /home/gargie/project/build/project_pkg -- -j4 -l4
[0.223s] [35m[1mConsolidate compiler generated dependencies of target shapes_node[0m
[0.295s] [ 50%] [32mBuilding CXX object CMakeFiles/shapes_node.dir/src/shapes_node.cpp.o[0m
[12.281s] [01m[K/home/gargie/project/src/project_pkg/src/shapes_node.cpp:[m[K In constructor ‘[01m[KShape::Shape()[m[K’:
[12.282s] [01m[K/home/gargie/project/src/project_pkg/src/shapes_node.cpp:98:31:[m[K [01;31m[Kerror: [m[K‘[01m[KEmpty[m[K’ is not a member of ‘[01m[Kstd_srvs[m[K’
[12.282s]    98 |     std::shared_ptr<std_srvs::[01;31m[KEmpty[m[K::Request> clear_req=std::make_shared<std_srvs::srv::Empty::Request>();
[12.283s]       |                               [01;31m[K^~~~~[m[K
[12.283s] [01m[K/home/gargie/project/src/project_pkg/src/shapes_node.cpp:98:31:[m[K [01;36m[Knote: [m[Ksuggested alternatives:
[12.284s] In file included from [01m[K/opt/ros/humble/include/rclcpp/rclcpp/wait_result.hpp:25[m[K,
[12.284s]                  from [01m[K/opt/ros/humble/include/rclcpp/rclcpp/wait_set_policies/sequential_synchronization.hpp:32[m[K,
[12.285s]                  from [01m[K/opt/ros/humble/include/rclcpp/rclcpp/wait_set.hpp:26[m[K,
[12.285s]                  from [01m[K/opt/ros/humble/include/rclcpp/rclcpp/rclcpp.hpp:168[m[K,
[12.286s]                  from [01m[K/home/gargie/project/src/project_pkg/src/shapes_node.cpp:2[m[K:
[12.286s] [01m[K/opt/ros/humble/include/rclcpp/rclcpp/wait_result_kind.hpp:28:3:[m[K [01;36m[Knote: [m[K  ‘[01m[Krclcpp::Empty[m[K’
[12.287s]    28 |   [01;36m[KEmpty[m[K,  //<! Kind used when trying to wait on an empty wait set.
[12.288s]       |   [01;36m[K^~~~~[m[K
[12.288s] In file included from [01m[K/opt/ros/humble/include/std_srvs/std_srvs/srv/empty.hpp:7[m[K,
[12.289s]                  from [01m[K/home/gargie/project/src/project_pkg/src/shapes_node.cpp:5[m[K:
[12.290s] [01m[K/opt/ros/humble/include/std_srvs/std_srvs/srv/detail/empty__struct.hpp:237:8:[m[K [01;36m[Knote: [m[K  ‘[01m[Kstd_srvs::srv::Empty[m[K’
[12.291s]   237 | struct [01;36m[KEmpty[m[K
[12.292s]       |        [01;36m[K^~~~~[m[K
[12.293s] [01m[K/home/gargie/project/src/project_pkg/src/shapes_node.cpp:98:45:[m[K [01;31m[Kerror: [m[Ktemplate argument 1 is invalid
[12.294s]    98 |     std::shared_ptr<std_srvs::Empty::Request[01;31m[K>[m[K clear_req=std::make_shared<std_srvs::srv::Empty::Request>();
[12.295s]       |                                             [01;31m[K^[m[K
[12.297s] [01m[K/home/gargie/project/src/project_pkg/src/shapes_node.cpp:98:104:[m[K [01;31m[Kerror: [m[Kcannot convert ‘[01m[Kstd::shared_ptr<std_srvs::srv::Empty_Request_<std::allocator<void> > >[m[K’ to ‘[01m[Kint[m[K’ in initialization
[12.298s]    98 | ::Request> clear_req=[01;31m[Kstd::make_shared<std_srvs::srv::Empty::Request>()[m[K;
[12.299s]       |                      [01;31m[K~~~~~~~~~~~~~~~~~~~~~~~~~~~~~~~~~~~~~~~~~~~~~~~^~[m[K
[12.300s]       |                                                                     [01;31m[K|[m[K
[12.301s]       |                                                                     [01;31m[Kstd::shared_ptr<std_srvs::srv::Empty_Request_<std::allocator<void> > >[m[K
[12.302s] 
[12.303s] [01m[K/home/gargie/project/src/project_pkg/src/shapes_node.cpp:99:38:[m[K [01;31m[Kerror: [m[Kno matching function for call to ‘[01m[Krclcpp::Client<std_srvs::srv::Empty>::async_send_request(int&)[m[K’
[12.304s]    99 |     [01;31m[Kclear_client_->async_send_request(clear_req)[m[K;
[12.305s]       |     [01;31m[K~~~~~~~~~~~~~~~~~~~~~~~~~~~~~~~~~^~~~~~~~~~~[m[K
[12.306s] In file included from [01m[K/opt/ros/humble/include/rclcpp/rclcpp/callback_group.hpp:24[m[K,
[12.307s]                  from [01m[K/opt/ros/humble/include/rclcpp/rclcpp/any_executable.hpp:20[m[K,
[12.308s]                  from [01m[K/opt/ros/humble/include/rclcpp/rclcpp/memory_strategy.hpp:25[m[K,
[12.308s]                  from [01m[K/opt/ros/humble/include/rclcpp/rclcpp/memory_strategies.hpp:18[m[K,
[12.309s]                  from [01m[K/opt/ros/humble/include/rclcpp/rclcpp/executor_options.hpp:20[m[K,
[12.310s]                  from [01m[K/opt/ros/humble/include/rclcpp/rclcpp/executor.hpp:37[m[K,
[12.311s]                  from [01m[K/opt/ros/humble/include/rclcpp/rclcpp/executors/multi_threaded_executor.hpp:25[m[K,
[12.312s]                  from [01m[K/opt/ros/humble/include/rclcpp/rclcpp/executors.hpp:21[m[K,
[12.312s]                  from [01m[K/opt/ros/humble/include/rclcpp/rclcpp/rclcpp.hpp:155[m[K,
[12.313s]                  from [01m[K/home/gargie/project/src/project_pkg/src/shapes_node.cpp:2[m[K:
[12.314s] [01m[K/opt/ros/humble/include/rclcpp/rclcpp/client.hpp:643:3:[m[K [01;36m[Knote: [m[Kcandidate: ‘[01m[Ktemplate<class CallbackT, typename std::enable_if<rclcpp::function_traits::same_arguments<CallbackT, std::function<void(std::shared_future<std::shared_ptr<std_srvs::srv::Empty_Response_<std::allocator<void> > > >)> >::value, void>::type* <anonymous> > rclcpp::Client<ServiceT>::SharedFutureAndRequestId rclcpp::Client<ServiceT>::async_send_request(rclcpp::Client<ServiceT>::SharedRequest, CallbackT&&) [with CallbackT = CallbackT; typename std::enable_if<rclcpp::function_traits::same_arguments<CallbackT, std::function<void(std::shared_future<typename ServiceT::Response::SharedPtr>)> >::value>::type* <anonymous> = <anonymous>; ServiceT = std_srvs::srv::Empty][m[K’
[12.315s]   643 |   [01;36m[Kasync_send_request[m[K(SharedRequest request, CallbackT && cb)
[12.316s]       |   [01;36m[K^~~~~~~~~~~~~~~~~~[m[K
[12.316s] [01m[K/opt/ros/humble/include/rclcpp/rclcpp/client.hpp:643:3:[m[K [01;36m[Knote: [m[K  template argument deduction/substitution failed:
[12.317s] [01m[K/home/gargie/project/src/project_pkg/src/shapes_node.cpp:99:38:[m[K [01;36m[Knote: [m[K  candidate expects 2 arguments, 1 provided
[12.318s]    99 |     [01;36m[Kclear_client_->async_send_request(clear_req)[m[K;
[12.318s]       |     [01;36m[K~~~~~~~~~~~~~~~~~~~~~~~~~~~~~~~~~^~~~~~~~~~~[m[K
[12.319s] In file included from [01m[K/opt/ros/humble/include/rclcpp/rclcpp/callback_group.hpp:24[m[K,
[12.320s]                  from [01m[K/opt/ros/humble/include/rclcpp/rclcpp/any_executable.hpp:20[m[K,
[12.320s]                  from [01m[K/opt/ros/humble/include/rclcpp/rclcpp/memory_strategy.hpp:25[m[K,
[12.321s]                  from [01m[K/opt/ros/humble/include/rclcpp/rclcpp/memory_strategies.hpp:18[m[K,
[12.322s]                  from [01m[K/opt/ros/humble/include/rclcpp/rclcpp/executor_options.hpp:20[m[K,
[12.322s]                  from [01m[K/opt/ros/humble/include/rclcpp/rclcpp/executor.hpp:37[m[K,
[12.323s]                  from [01m[K/opt/ros/humble/include/rclcpp/rclcpp/executors/multi_threaded_executor.hpp:25[m[K,
[12.324s]                  from [01m[K/opt/ros/humble/include/rclcpp/rclcpp/executors.hpp:21[m[K,
[12.324s]                  from [01m[K/opt/ros/humble/include/rclcpp/rclcpp/rclcpp.hpp:155[m[K,
[12.325s]                  from [01m[K/home/gargie/project/src/project_pkg/src/shapes_node.cpp:2[m[K:
[12.326s] [01m[K/opt/ros/humble/include/rclcpp/rclcpp/client.hpp:674:3:[m[K [01;36m[Knote: [m[Kcandidate: ‘[01m[Ktemplate<class CallbackT, typename std::enable_if<rclcpp::function_traits::same_arguments<CallbackT, std::function<void(std::shared_future<std::pair<std::shared_ptr<std_srvs::srv::Empty_Request_<std::allocator<void> > >, std::shared_ptr<std_srvs::srv::Empty_Response_<std::allocator<void> > > > >)> >::value, void>::type* <anonymous> > rclcpp::Client<ServiceT>::SharedFutureWithRequestAndRequestId rclcpp::Client<ServiceT>::async_send_request(rclcpp::Client<ServiceT>::SharedRequest, CallbackT&&) [with CallbackT = CallbackT; typename std::enable_if<rclcpp::function_traits::same_arguments<CallbackT, std::function<void(std::shared_future<std::pair<typename ServiceT::Request::SharedPtr, typename ServiceT::Response::SharedPtr> >)> >::value>::type* <anonymous> = <anonymous>; ServiceT = std_srvs::srv::Empty][m[K’
[12.326s]   674 |   [01;36m[Kasync_send_request[m[K(SharedRequest request, CallbackT && cb)
[12.327s]       |   [01;36m[K^~~~~~~~~~~~~~~~~~[m[K
[12.327s] [01m[K/opt/ros/humble/include/rclcpp/rclcpp/client.hpp:674:3:[m[K [01;36m[Knote: [m[K  template argument deduction/substitution failed:
[12.328s] [01m[K/home/gargie/project/src/project_pkg/src/shapes_node.cpp:99:38:[m[K [01;36m[Knote: [m[K  candidate expects 2 arguments, 1 provided
[12.328s]    99 |     [01;36m[Kclear_client_->async_send_request(clear_req)[m[K;
[12.329s]       |     [01;36m[K~~~~~~~~~~~~~~~~~~~~~~~~~~~~~~~~~^~~~~~~~~~~[m[K
[12.330s] In file included from [01m[K/opt/ros/humble/include/rclcpp/rclcpp/callback_group.hpp:24[m[K,
[12.330s]                  from [01m[K/opt/ros/humble/include/rclcpp/rclcpp/any_executable.hpp:20[m[K,
[12.331s]                  from [01m[K/opt/ros/humble/include/rclcpp/rclcpp/memory_strategy.hpp:25[m[K,
[12.332s]                  from [01m[K/opt/ros/humble/include/rclcpp/rclcpp/memory_strategies.hpp:18[m[K,
[12.333s]                  from [01m[K/opt/ros/humble/include/rclcpp/rclcpp/executor_options.hpp:20[m[K,
[12.333s]                  from [01m[K/opt/ros/humble/include/rclcpp/rclcpp/executor.hpp:37[m[K,
[12.334s]                  from [01m[K/opt/ros/humble/include/rclcpp/rclcpp/executors/multi_threaded_executor.hpp:25[m[K,
[12.334s]                  from [01m[K/opt/ros/humble/include/rclcpp/rclcpp/executors.hpp:21[m[K,
[12.335s]                  from [01m[K/opt/ros/humble/include/rclcpp/rclcpp/rclcpp.hpp:155[m[K,
[12.335s]                  from [01m[K/home/gargie/project/src/project_pkg/src/shapes_node.cpp:2[m[K:
[12.336s] [01m[K/opt/ros/humble/include/rclcpp/rclcpp/client.hpp:608:3:[m[K [01;36m[Knote: [m[Kcandidate: ‘[01m[Krclcpp::Client<ServiceT>::FutureAndRequestId rclcpp::Client<ServiceT>::async_send_request(rclcpp::Client<ServiceT>::SharedRequest) [with ServiceT = std_srvs::srv::Empty; rclcpp::Client<ServiceT>::SharedRequest = std::shared_ptr<std_srvs::srv::Empty_Request_<std::allocator<void> > >][m[K’
[12.336s]   608 |   [01;36m[Kasync_send_request[m[K(SharedRequest request)
[12.337s]       |   [01;36m[K^~~~~~~~~~~~~~~~~~[m[K
[12.337s] [01m[K/opt/ros/humble/include/rclcpp/rclcpp/client.hpp:608:36:[m[K [01;36m[Knote: [m[K  no known conversion for argument 1 from ‘[01m[Kint[m[K’ to ‘[01m[Krclcpp::Client<std_srvs::srv::Empty>::SharedRequest[m[K’ {aka ‘[01m[Kstd::shared_ptr<std_srvs::srv::Empty_Request_<std::allocator<void> > >[m[K’}
[12.338s]   608 |   async_send_request([01;36m[KSharedRequest request[m[K)
[12.338s]       |                      [01;36m[K~~~~~~~~~~~~~~^~~~~~~[m[K
[17.169s] gmake[2]: *** [CMakeFiles/shapes_node.dir/build.make:76: CMakeFiles/shapes_node.dir/src/shapes_node.cpp.o] Error 1
[17.170s] gmake[1]: *** [CMakeFiles/Makefile2:137: CMakeFiles/shapes_node.dir/all] Error 2
[17.171s] gmake: *** [Makefile:146: all] Error 2
[17.179s] Invoked command in '/home/gargie/project/build/project_pkg' returned '2': CMAKE_PREFIX_PATH=${CMAKE_PREFIX_PATH}:/home/gargie/key_ws/install/key1_pkg:/opt/ros/humble /usr/bin/cmake --build /home/gargie/project/build/project_pkg -- -j4 -l4
