[1.014s] DEBUG:colcon:Command line arguments: ['/usr/bin/colcon', 'build']
[1.016s] DEBUG:colcon:Parsed command line arguments: Namespace(log_base=None, log_level=None, verb_name='build', build_base='build', install_base='install', merge_install=False, symlink_install=False, test_result_base=None, continue_on_error=False, executor='parallel', parallel_workers=4, event_handlers=None, ignore_user_meta=False, metas=['./colcon.meta'], base_paths=['.'], packages_ignore=None, packages_ignore_regex=None, paths=None, packages_up_to=None, packages_up_to_regex=None, packages_above=None, packages_above_and_dependencies=None, packages_above_depth=None, packages_select_by_dep=None, packages_skip_by_dep=None, packages_skip_up_to=None, packages_select_build_failed=False, packages_skip_build_finished=False, packages_select_test_failures=False, packages_skip_test_passed=False, packages_select=None, packages_skip=None, packages_select_regex=None, packages_skip_regex=None, packages_start=None, packages_end=None, allow_overriding=[], cmake_args=None, cmake_target=None, cmake_target_skip_unavailable=False, cmake_clean_cache=False, cmake_clean_first=False, cmake_force_configure=False, ament_cmake_args=None, catkin_cmake_args=None, catkin_skip_building_tests=False, mixin_files=None, mixin=None, verb_parser=<colcon_mixin.mixin.mixin_argument.MixinArgumentDecorator object at 0x7fcef825dd50>, verb_extension=<colcon_core.verb.build.BuildVerb object at 0x7fcef825d8a0>, main=<bound method BuildVerb.main of <colcon_core.verb.build.BuildVerb object at 0x7fcef825d8a0>>, mixin_verb=('build',))
[2.545s] Level 1:colcon.colcon_core.package_discovery:discover_packages(colcon_meta) check parameters
[2.546s] Level 1:colcon.colcon_core.package_discovery:discover_packages(recursive) check parameters
[2.546s] Level 1:colcon.colcon_core.package_discovery:discover_packages(ignore) check parameters
[2.546s] Level 1:colcon.colcon_core.package_discovery:discover_packages(path) check parameters
[2.547s] Level 1:colcon.colcon_core.package_discovery:discover_packages(colcon_meta) discover
[2.547s] Level 1:colcon.colcon_core.package_discovery:discover_packages(recursive) discover
[2.547s] INFO:colcon.colcon_core.package_discovery:Crawling recursively for packages in '/home/gargie/project'
[2.548s] Level 1:colcon.colcon_core.package_identification:_identify(.) by extensions ['ignore', 'ignore_ament_install']
[2.549s] Level 1:colcon.colcon_core.package_identification:_identify(.) by extension 'ignore'
[2.550s] Level 1:colcon.colcon_core.package_identification:_identify(.) by extension 'ignore_ament_install'
[2.550s] Level 1:colcon.colcon_core.package_identification:_identify(.) by extensions ['colcon_pkg']
[2.550s] Level 1:colcon.colcon_core.package_identification:_identify(.) by extension 'colcon_pkg'
[2.551s] Level 1:colcon.colcon_core.package_identification:_identify(.) by extensions ['colcon_meta']
[2.551s] Level 1:colcon.colcon_core.package_identification:_identify(.) by extension 'colcon_meta'
[2.551s] Level 1:colcon.colcon_core.package_identification:_identify(.) by extensions ['ros']
[2.551s] Level 1:colcon.colcon_core.package_identification:_identify(.) by extension 'ros'
[2.630s] Level 1:colcon.colcon_core.package_identification:_identify(.) by extensions ['cmake', 'python']
[2.631s] Level 1:colcon.colcon_core.package_identification:_identify(.) by extension 'cmake'
[2.631s] Level 1:colcon.colcon_core.package_identification:_identify(.) by extension 'python'
[2.632s] Level 1:colcon.colcon_core.package_identification:_identify(.) by extensions ['python_setup_py']
[2.632s] Level 1:colcon.colcon_core.package_identification:_identify(.) by extension 'python_setup_py'
[2.635s] Level 1:colcon.colcon_core.package_identification:_identify(build) by extensions ['ignore', 'ignore_ament_install']
[2.636s] Level 1:colcon.colcon_core.package_identification:_identify(build) by extension 'ignore'
[2.636s] Level 1:colcon.colcon_core.package_identification:_identify(build) ignored
[2.637s] Level 1:colcon.colcon_core.package_identification:_identify(install) by extensions ['ignore', 'ignore_ament_install']
[2.638s] Level 1:colcon.colcon_core.package_identification:_identify(install) by extension 'ignore'
[2.639s] Level 1:colcon.colcon_core.package_identification:_identify(install) ignored
[2.639s] Level 1:colcon.colcon_core.package_identification:_identify(log) by extensions ['ignore', 'ignore_ament_install']
[2.640s] Level 1:colcon.colcon_core.package_identification:_identify(log) by extension 'ignore'
[2.641s] Level 1:colcon.colcon_core.package_identification:_identify(log) ignored
[2.641s] Level 1:colcon.colcon_core.package_identification:_identify(src) by extensions ['ignore', 'ignore_ament_install']
[2.642s] Level 1:colcon.colcon_core.package_identification:_identify(src) by extension 'ignore'
[2.643s] Level 1:colcon.colcon_core.package_identification:_identify(src) by extension 'ignore_ament_install'
[2.643s] Level 1:colcon.colcon_core.package_identification:_identify(src) by extensions ['colcon_pkg']
[2.643s] Level 1:colcon.colcon_core.package_identification:_identify(src) by extension 'colcon_pkg'
[2.644s] Level 1:colcon.colcon_core.package_identification:_identify(src) by extensions ['colcon_meta']
[2.644s] Level 1:colcon.colcon_core.package_identification:_identify(src) by extension 'colcon_meta'
[2.644s] Level 1:colcon.colcon_core.package_identification:_identify(src) by extensions ['ros']
[2.645s] Level 1:colcon.colcon_core.package_identification:_identify(src) by extension 'ros'
[2.646s] Level 1:colcon.colcon_core.package_identification:_identify(src) by extensions ['cmake', 'python']
[2.646s] Level 1:colcon.colcon_core.package_identification:_identify(src) by extension 'cmake'
[2.647s] Level 1:colcon.colcon_core.package_identification:_identify(src) by extension 'python'
[2.648s] Level 1:colcon.colcon_core.package_identification:_identify(src) by extensions ['python_setup_py']
[2.648s] Level 1:colcon.colcon_core.package_identification:_identify(src) by extension 'python_setup_py'
[2.649s] Level 1:colcon.colcon_core.package_identification:_identify(src/project_pkg) by extensions ['ignore', 'ignore_ament_install']
[2.650s] Level 1:colcon.colcon_core.package_identification:_identify(src/project_pkg) by extension 'ignore'
[2.651s] Level 1:colcon.colcon_core.package_identification:_identify(src/project_pkg) by extension 'ignore_ament_install'
[2.651s] Level 1:colcon.colcon_core.package_identification:_identify(src/project_pkg) by extensions ['colcon_pkg']
[2.651s] Level 1:colcon.colcon_core.package_identification:_identify(src/project_pkg) by extension 'colcon_pkg'
[2.652s] Level 1:colcon.colcon_core.package_identification:_identify(src/project_pkg) by extensions ['colcon_meta']
[2.652s] Level 1:colcon.colcon_core.package_identification:_identify(src/project_pkg) by extension 'colcon_meta'
[2.652s] Level 1:colcon.colcon_core.package_identification:_identify(src/project_pkg) by extensions ['ros']
[2.653s] Level 1:colcon.colcon_core.package_identification:_identify(src/project_pkg) by extension 'ros'
[2.669s] DEBUG:colcon.colcon_core.package_identification:Package 'src/project_pkg' with type 'ros.ament_cmake' and name 'project_pkg'
[2.669s] Level 1:colcon.colcon_core.package_discovery:discover_packages(recursive) using defaults
[2.670s] Level 1:colcon.colcon_core.package_discovery:discover_packages(ignore) discover
[2.671s] Level 1:colcon.colcon_core.package_discovery:discover_packages(ignore) using defaults
[2.671s] Level 1:colcon.colcon_core.package_discovery:discover_packages(path) discover
[2.671s] Level 1:colcon.colcon_core.package_discovery:discover_packages(path) using defaults
[2.898s] Level 1:colcon.colcon_core.package_discovery:discover_packages(prefix_path) check parameters
[2.898s] Level 1:colcon.colcon_core.package_discovery:discover_packages(prefix_path) discover
[2.915s] DEBUG:colcon.colcon_installed_package_information.package_discovery:Found 1 installed packages in /home/gargie/project/install
[2.918s] DEBUG:colcon.colcon_installed_package_information.package_discovery:Found 2 installed packages in /home/gargie/key_ws/install
[2.921s] DEBUG:colcon.colcon_installed_package_information.package_discovery:Found 1 installed packages in /home/gargie/chem_ws/install
[2.933s] DEBUG:colcon.colcon_installed_package_information.package_discovery:Found 295 installed packages in /opt/ros/humble
[2.947s] Level 1:colcon.colcon_core.package_discovery:discover_packages(prefix_path) using defaults
[3.437s] Level 5:colcon.colcon_core.verb:set package 'project_pkg' build argument 'cmake_args' from command line to 'None'
[3.438s] Level 5:colcon.colcon_core.verb:set package 'project_pkg' build argument 'cmake_target' from command line to 'None'
[3.438s] Level 5:colcon.colcon_core.verb:set package 'project_pkg' build argument 'cmake_target_skip_unavailable' from command line to 'False'
[3.439s] Level 5:colcon.colcon_core.verb:set package 'project_pkg' build argument 'cmake_clean_cache' from command line to 'False'
[3.439s] Level 5:colcon.colcon_core.verb:set package 'project_pkg' build argument 'cmake_clean_first' from command line to 'False'
[3.439s] Level 5:colcon.colcon_core.verb:set package 'project_pkg' build argument 'cmake_force_configure' from command line to 'False'
[3.439s] Level 5:colcon.colcon_core.verb:set package 'project_pkg' build argument 'ament_cmake_args' from command line to 'None'
[3.439s] Level 5:colcon.colcon_core.verb:set package 'project_pkg' build argument 'catkin_cmake_args' from command line to 'None'
[3.440s] Level 5:colcon.colcon_core.verb:set package 'project_pkg' build argument 'catkin_skip_building_tests' from command line to 'False'
[3.440s] DEBUG:colcon.colcon_core.verb:Building package 'project_pkg' with the following arguments: {'ament_cmake_args': None, 'build_base': '/home/gargie/project/build/project_pkg', 'catkin_cmake_args': None, 'catkin_skip_building_tests': False, 'cmake_args': None, 'cmake_clean_cache': False, 'cmake_clean_first': False, 'cmake_force_configure': False, 'cmake_target': None, 'cmake_target_skip_unavailable': False, 'install_base': '/home/gargie/project/install/project_pkg', 'merge_install': False, 'path': '/home/gargie/project/src/project_pkg', 'symlink_install': False, 'test_result_base': None}
[3.442s] INFO:colcon.colcon_core.executor:Executing jobs using 'parallel' executor
[3.449s] DEBUG:colcon.colcon_parallel_executor.executor.parallel:run_until_complete
[3.454s] INFO:colcon.colcon_ros.task.ament_cmake.build:Building ROS package in '/home/gargie/project/src/project_pkg' with build type 'ament_cmake'
[3.455s] INFO:colcon.colcon_cmake.task.cmake.build:Building CMake package in '/home/gargie/project/src/project_pkg'
[3.474s] INFO:colcon.colcon_core.plugin_system:Skipping extension 'colcon_core.shell.bat': Not used on non-Windows systems
[3.475s] INFO:colcon.colcon_core.shell:Skip shell extension 'powershell' for command environment: Not usable outside of PowerShell
[3.476s] DEBUG:colcon.colcon_core.shell:Skip shell extension 'dsv' for command environment
[3.557s] DEBUG:colcon.colcon_core.event_handler.log_command:Invoking command in '/home/gargie/project/build/project_pkg': CMAKE_PREFIX_PATH=${CMAKE_PREFIX_PATH}:/home/gargie/key_ws/install/key1_pkg:/opt/ros/humble /usr/bin/cmake --build /home/gargie/project/build/project_pkg -- -j4 -l4
[36.567s] DEBUG:colcon.colcon_core.event_handler.log_command:Invoked command in '/home/gargie/project/build/project_pkg' returned '0': CMAKE_PREFIX_PATH=${CMAKE_PREFIX_PATH}:/home/gargie/key_ws/install/key1_pkg:/opt/ros/humble /usr/bin/cmake --build /home/gargie/project/build/project_pkg -- -j4 -l4
[36.629s] DEBUG:colcon.colcon_core.event_handler.log_command:Invoking command in '/home/gargie/project/build/project_pkg': CMAKE_PREFIX_PATH=${CMAKE_PREFIX_PATH}:/home/gargie/key_ws/install/key1_pkg:/opt/ros/humble /usr/bin/cmake --install /home/gargie/project/build/project_pkg
[36.720s] Level 1:colcon.colcon_core.environment:create_environment_scripts_only(project_pkg)
[36.732s] DEBUG:colcon.colcon_core.event_handler.log_command:Invoked command in '/home/gargie/project/build/project_pkg' returned '0': CMAKE_PREFIX_PATH=${CMAKE_PREFIX_PATH}:/home/gargie/key_ws/install/key1_pkg:/opt/ros/humble /usr/bin/cmake --install /home/gargie/project/build/project_pkg
[36.745s] Level 1:colcon.colcon_core.environment:checking '/home/gargie/project/install/project_pkg' for CMake module files
[36.754s] Level 1:colcon.colcon_core.environment:checking '/home/gargie/project/install/project_pkg' for CMake config files
[36.756s] Level 1:colcon.colcon_core.shell:create_environment_hook('project_pkg', 'cmake_prefix_path')
[36.758s] INFO:colcon.colcon_core.shell:Creating environment hook '/home/gargie/project/install/project_pkg/share/project_pkg/hook/cmake_prefix_path.ps1'
[36.762s] INFO:colcon.colcon_core.shell:Creating environment descriptor '/home/gargie/project/install/project_pkg/share/project_pkg/hook/cmake_prefix_path.dsv'
[36.768s] INFO:colcon.colcon_core.shell:Creating environment hook '/home/gargie/project/install/project_pkg/share/project_pkg/hook/cmake_prefix_path.sh'
[36.775s] Level 1:colcon.colcon_core.environment:checking '/home/gargie/project/install/project_pkg/lib'
[36.777s] Level 1:colcon.colcon_core.environment:checking '/home/gargie/project/install/project_pkg/bin'
[36.779s] Level 1:colcon.colcon_core.environment:checking '/home/gargie/project/install/project_pkg/lib/pkgconfig/project_pkg.pc'
[36.780s] Level 1:colcon.colcon_core.environment:checking '/home/gargie/project/install/project_pkg/lib/python3.10/site-packages'
[36.784s] Level 1:colcon.colcon_core.environment:checking '/home/gargie/project/install/project_pkg/bin'
[36.787s] INFO:colcon.colcon_core.shell:Creating package script '/home/gargie/project/install/project_pkg/share/project_pkg/package.ps1'
[36.794s] INFO:colcon.colcon_core.shell:Creating package descriptor '/home/gargie/project/install/project_pkg/share/project_pkg/package.dsv'
[36.802s] INFO:colcon.colcon_core.shell:Creating package script '/home/gargie/project/install/project_pkg/share/project_pkg/package.sh'
[36.807s] INFO:colcon.colcon_core.shell:Creating package script '/home/gargie/project/install/project_pkg/share/project_pkg/package.bash'
[36.814s] INFO:colcon.colcon_core.shell:Creating package script '/home/gargie/project/install/project_pkg/share/project_pkg/package.zsh'
[36.820s] Level 1:colcon.colcon_core.environment:create_file_with_runtime_dependencies(/home/gargie/project/install/project_pkg/share/colcon-core/packages/project_pkg)
[36.829s] Level 1:colcon.colcon_core.environment:create_environment_scripts_only(project_pkg)
[36.832s] Level 1:colcon.colcon_core.environment:checking '/home/gargie/project/install/project_pkg' for CMake module files
[36.837s] Level 1:colcon.colcon_core.environment:checking '/home/gargie/project/install/project_pkg' for CMake config files
[36.840s] Level 1:colcon.colcon_core.shell:create_environment_hook('project_pkg', 'cmake_prefix_path')
[36.841s] INFO:colcon.colcon_core.shell:Creating environment hook '/home/gargie/project/install/project_pkg/share/project_pkg/hook/cmake_prefix_path.ps1'
[36.845s] INFO:colcon.colcon_core.shell:Creating environment descriptor '/home/gargie/project/install/project_pkg/share/project_pkg/hook/cmake_prefix_path.dsv'
[36.848s] INFO:colcon.colcon_core.shell:Creating environment hook '/home/gargie/project/install/project_pkg/share/project_pkg/hook/cmake_prefix_path.sh'
[36.854s] Level 1:colcon.colcon_core.environment:checking '/home/gargie/project/install/project_pkg/lib'
[36.855s] Level 1:colcon.colcon_core.environment:checking '/home/gargie/project/install/project_pkg/bin'
[36.856s] Level 1:colcon.colcon_core.environment:checking '/home/gargie/project/install/project_pkg/lib/pkgconfig/project_pkg.pc'
[36.857s] Level 1:colcon.colcon_core.environment:checking '/home/gargie/project/install/project_pkg/lib/python3.10/site-packages'
[36.859s] Level 1:colcon.colcon_core.environment:checking '/home/gargie/project/install/project_pkg/bin'
[36.860s] INFO:colcon.colcon_core.shell:Creating package script '/home/gargie/project/install/project_pkg/share/project_pkg/package.ps1'
[36.866s] INFO:colcon.colcon_core.shell:Creating package descriptor '/home/gargie/project/install/project_pkg/share/project_pkg/package.dsv'
[36.872s] INFO:colcon.colcon_core.shell:Creating package script '/home/gargie/project/install/project_pkg/share/project_pkg/package.sh'
[36.876s] INFO:colcon.colcon_core.shell:Creating package script '/home/gargie/project/install/project_pkg/share/project_pkg/package.bash'
[36.883s] INFO:colcon.colcon_core.shell:Creating package script '/home/gargie/project/install/project_pkg/share/project_pkg/package.zsh'
[36.888s] Level 1:colcon.colcon_core.environment:create_file_with_runtime_dependencies(/home/gargie/project/install/project_pkg/share/colcon-core/packages/project_pkg)
[36.890s] DEBUG:colcon.colcon_parallel_executor.executor.parallel:closing loop
[36.890s] DEBUG:colcon.colcon_parallel_executor.executor.parallel:loop closed
[36.891s] DEBUG:colcon.colcon_parallel_executor.executor.parallel:run_until_complete finished with '0'
[36.891s] DEBUG:colcon.colcon_core.event_reactor:joining thread
[36.934s] INFO:colcon.colcon_core.plugin_system:Skipping extension 'colcon_notification.desktop_notification.terminal_notifier': Not used on non-Darwin systems
[36.934s] INFO:colcon.colcon_core.plugin_system:Skipping extension 'colcon_notification.desktop_notification.win32': Not used on non-Windows systems
[36.935s] INFO:colcon.colcon_notification.desktop_notification:Sending desktop notification using 'notify2'
[37.046s] DEBUG:colcon.colcon_core.event_reactor:joined thread
[37.048s] INFO:colcon.colcon_core.shell:Creating prefix script '/home/gargie/project/install/local_setup.ps1'
[37.058s] INFO:colcon.colcon_core.shell:Creating prefix util module '/home/gargie/project/install/_local_setup_util_ps1.py'
[37.072s] INFO:colcon.colcon_core.shell:Creating prefix chain script '/home/gargie/project/install/setup.ps1'
[37.086s] INFO:colcon.colcon_core.shell:Creating prefix script '/home/gargie/project/install/local_setup.sh'
[37.092s] INFO:colcon.colcon_core.shell:Creating prefix util module '/home/gargie/project/install/_local_setup_util_sh.py'
[37.098s] INFO:colcon.colcon_core.shell:Creating prefix chain script '/home/gargie/project/install/setup.sh'
[37.110s] INFO:colcon.colcon_core.shell:Creating prefix script '/home/gargie/project/install/local_setup.bash'
[37.115s] INFO:colcon.colcon_core.shell:Creating prefix chain script '/home/gargie/project/install/setup.bash'
[37.127s] INFO:colcon.colcon_core.shell:Creating prefix script '/home/gargie/project/install/local_setup.zsh'
[37.133s] INFO:colcon.colcon_core.shell:Creating prefix chain script '/home/gargie/project/install/setup.zsh'
