[0.735s] DEBUG:colcon:Command line arguments: ['/usr/bin/colcon', 'build']
[0.736s] DEBUG:colcon:Parsed command line arguments: Namespace(log_base=None, log_level=None, verb_name='build', build_base='build', install_base='install', merge_install=False, symlink_install=False, test_result_base=None, continue_on_error=False, executor='parallel', parallel_workers=4, event_handlers=None, ignore_user_meta=False, metas=['./colcon.meta'], base_paths=['.'], packages_ignore=None, packages_ignore_regex=None, paths=None, packages_up_to=None, packages_up_to_regex=None, packages_above=None, packages_above_and_dependencies=None, packages_above_depth=None, packages_select_by_dep=None, packages_skip_by_dep=None, packages_skip_up_to=None, packages_select_build_failed=False, packages_skip_build_finished=False, packages_select_test_failures=False, packages_skip_test_passed=False, packages_select=None, packages_skip=None, packages_select_regex=None, packages_skip_regex=None, packages_start=None, packages_end=None, allow_overriding=[], cmake_args=None, cmake_target=None, cmake_target_skip_unavailable=False, cmake_clean_cache=False, cmake_clean_first=False, cmake_force_configure=False, ament_cmake_args=None, catkin_cmake_args=None, catkin_skip_building_tests=False, mixin_files=None, mixin=None, verb_parser=<colcon_mixin.mixin.mixin_argument.MixinArgumentDecorator object at 0x705b0c91a860>, verb_extension=<colcon_core.verb.build.BuildVerb object at 0x705b0c91a3b0>, main=<bound method BuildVerb.main of <colcon_core.verb.build.BuildVerb object at 0x705b0c91a3b0>>, mixin_verb=('build',))
[1.951s] Level 1:colcon.colcon_core.package_discovery:discover_packages(colcon_meta) check parameters
[1.951s] Level 1:colcon.colcon_core.package_discovery:discover_packages(recursive) check parameters
[1.952s] Level 1:colcon.colcon_core.package_discovery:discover_packages(ignore) check parameters
[1.952s] Level 1:colcon.colcon_core.package_discovery:discover_packages(path) check parameters
[1.952s] Level 1:colcon.colcon_core.package_discovery:discover_packages(colcon_meta) discover
[1.952s] Level 1:colcon.colcon_core.package_discovery:discover_packages(recursive) discover
[1.952s] INFO:colcon.colcon_core.package_discovery:Crawling recursively for packages in '/home/gargie/class_ws'
[1.953s] Level 1:colcon.colcon_core.package_identification:_identify(.) by extensions ['ignore', 'ignore_ament_install']
[1.953s] Level 1:colcon.colcon_core.package_identification:_identify(.) by extension 'ignore'
[1.953s] Level 1:colcon.colcon_core.package_identification:_identify(.) by extension 'ignore_ament_install'
[1.954s] Level 1:colcon.colcon_core.package_identification:_identify(.) by extensions ['colcon_pkg']
[1.954s] Level 1:colcon.colcon_core.package_identification:_identify(.) by extension 'colcon_pkg'
[1.954s] Level 1:colcon.colcon_core.package_identification:_identify(.) by extensions ['colcon_meta']
[1.954s] Level 1:colcon.colcon_core.package_identification:_identify(.) by extension 'colcon_meta'
[1.954s] Level 1:colcon.colcon_core.package_identification:_identify(.) by extensions ['ros']
[1.954s] Level 1:colcon.colcon_core.package_identification:_identify(.) by extension 'ros'
[2.004s] Level 1:colcon.colcon_core.package_identification:_identify(.) by extensions ['cmake', 'python']
[2.004s] Level 1:colcon.colcon_core.package_identification:_identify(.) by extension 'cmake'
[2.004s] Level 1:colcon.colcon_core.package_identification:_identify(.) by extension 'python'
[2.005s] Level 1:colcon.colcon_core.package_identification:_identify(.) by extensions ['python_setup_py']
[2.005s] Level 1:colcon.colcon_core.package_identification:_identify(.) by extension 'python_setup_py'
[2.005s] Level 1:colcon.colcon_core.package_identification:_identify(build) by extensions ['ignore', 'ignore_ament_install']
[2.006s] Level 1:colcon.colcon_core.package_identification:_identify(build) by extension 'ignore'
[2.006s] Level 1:colcon.colcon_core.package_identification:_identify(build) ignored
[2.006s] Level 1:colcon.colcon_core.package_identification:_identify(install) by extensions ['ignore', 'ignore_ament_install']
[2.007s] Level 1:colcon.colcon_core.package_identification:_identify(install) by extension 'ignore'
[2.007s] Level 1:colcon.colcon_core.package_identification:_identify(install) ignored
[2.007s] Level 1:colcon.colcon_core.package_identification:_identify(log) by extensions ['ignore', 'ignore_ament_install']
[2.008s] Level 1:colcon.colcon_core.package_identification:_identify(log) by extension 'ignore'
[2.008s] Level 1:colcon.colcon_core.package_identification:_identify(log) ignored
[2.008s] Level 1:colcon.colcon_core.package_identification:_identify(src) by extensions ['ignore', 'ignore_ament_install']
[2.009s] Level 1:colcon.colcon_core.package_identification:_identify(src) by extension 'ignore'
[2.009s] Level 1:colcon.colcon_core.package_identification:_identify(src) by extension 'ignore_ament_install'
[2.009s] Level 1:colcon.colcon_core.package_identification:_identify(src) by extensions ['colcon_pkg']
[2.009s] Level 1:colcon.colcon_core.package_identification:_identify(src) by extension 'colcon_pkg'
[2.010s] Level 1:colcon.colcon_core.package_identification:_identify(src) by extensions ['colcon_meta']
[2.010s] Level 1:colcon.colcon_core.package_identification:_identify(src) by extension 'colcon_meta'
[2.010s] Level 1:colcon.colcon_core.package_identification:_identify(src) by extensions ['ros']
[2.010s] Level 1:colcon.colcon_core.package_identification:_identify(src) by extension 'ros'
[2.010s] Level 1:colcon.colcon_core.package_identification:_identify(src) by extensions ['cmake', 'python']
[2.011s] Level 1:colcon.colcon_core.package_identification:_identify(src) by extension 'cmake'
[2.011s] Level 1:colcon.colcon_core.package_identification:_identify(src) by extension 'python'
[2.011s] Level 1:colcon.colcon_core.package_identification:_identify(src) by extensions ['python_setup_py']
[2.011s] Level 1:colcon.colcon_core.package_identification:_identify(src) by extension 'python_setup_py'
[2.012s] Level 1:colcon.colcon_core.package_identification:_identify(src/polygon_base) by extensions ['ignore', 'ignore_ament_install']
[2.012s] Level 1:colcon.colcon_core.package_identification:_identify(src/polygon_base) by extension 'ignore'
[2.012s] Level 1:colcon.colcon_core.package_identification:_identify(src/polygon_base) by extension 'ignore_ament_install'
[2.012s] Level 1:colcon.colcon_core.package_identification:_identify(src/polygon_base) by extensions ['colcon_pkg']
[2.013s] Level 1:colcon.colcon_core.package_identification:_identify(src/polygon_base) by extension 'colcon_pkg'
[2.013s] Level 1:colcon.colcon_core.package_identification:_identify(src/polygon_base) by extensions ['colcon_meta']
[2.013s] Level 1:colcon.colcon_core.package_identification:_identify(src/polygon_base) by extension 'colcon_meta'
[2.013s] Level 1:colcon.colcon_core.package_identification:_identify(src/polygon_base) by extensions ['ros']
[2.013s] Level 1:colcon.colcon_core.package_identification:_identify(src/polygon_base) by extension 'ros'
[2.032s] DEBUG:colcon.colcon_core.package_identification:Package 'src/polygon_base' with type 'ros.ament_cmake' and name 'polygon_base'
[2.033s] Level 1:colcon.colcon_core.package_identification:_identify(src/polygon_plugins) by extensions ['ignore', 'ignore_ament_install']
[2.033s] Level 1:colcon.colcon_core.package_identification:_identify(src/polygon_plugins) by extension 'ignore'
[2.033s] Level 1:colcon.colcon_core.package_identification:_identify(src/polygon_plugins) by extension 'ignore_ament_install'
[2.034s] Level 1:colcon.colcon_core.package_identification:_identify(src/polygon_plugins) by extensions ['colcon_pkg']
[2.034s] Level 1:colcon.colcon_core.package_identification:_identify(src/polygon_plugins) by extension 'colcon_pkg'
[2.034s] Level 1:colcon.colcon_core.package_identification:_identify(src/polygon_plugins) by extensions ['colcon_meta']
[2.034s] Level 1:colcon.colcon_core.package_identification:_identify(src/polygon_plugins) by extension 'colcon_meta'
[2.034s] Level 1:colcon.colcon_core.package_identification:_identify(src/polygon_plugins) by extensions ['ros']
[2.035s] Level 1:colcon.colcon_core.package_identification:_identify(src/polygon_plugins) by extension 'ros'
[2.037s] DEBUG:colcon.colcon_core.package_identification:Package 'src/polygon_plugins' with type 'ros.ament_cmake' and name 'polygon_plugins'
[2.038s] Level 1:colcon.colcon_core.package_discovery:discover_packages(recursive) using defaults
[2.038s] Level 1:colcon.colcon_core.package_discovery:discover_packages(ignore) discover
[2.038s] Level 1:colcon.colcon_core.package_discovery:discover_packages(ignore) using defaults
[2.038s] Level 1:colcon.colcon_core.package_discovery:discover_packages(path) discover
[2.038s] Level 1:colcon.colcon_core.package_discovery:discover_packages(path) using defaults
[2.202s] Level 1:colcon.colcon_core.package_discovery:discover_packages(prefix_path) check parameters
[2.202s] Level 1:colcon.colcon_core.package_discovery:discover_packages(prefix_path) discover
[2.222s] DEBUG:colcon.colcon_installed_package_information.package_discovery:Found 4 installed packages in /home/gargie/service/install
[2.224s] DEBUG:colcon.colcon_installed_package_information.package_discovery:Found 1 installed packages in /home/gargie/project/install
[2.226s] DEBUG:colcon.colcon_installed_package_information.package_discovery:Found 2 installed packages in /home/gargie/key_ws/install
[2.229s] DEBUG:colcon.colcon_installed_package_information.package_discovery:Found 1 installed packages in /home/gargie/chem_ws/install
[2.237s] DEBUG:colcon.colcon_installed_package_information.package_discovery:Found 295 installed packages in /opt/ros/humble
[2.246s] Level 1:colcon.colcon_core.package_discovery:discover_packages(prefix_path) using defaults
[2.471s] Level 5:colcon.colcon_core.verb:set package 'polygon_base' build argument 'cmake_args' from command line to 'None'
[2.471s] Level 5:colcon.colcon_core.verb:set package 'polygon_base' build argument 'cmake_target' from command line to 'None'
[2.471s] Level 5:colcon.colcon_core.verb:set package 'polygon_base' build argument 'cmake_target_skip_unavailable' from command line to 'False'
[2.471s] Level 5:colcon.colcon_core.verb:set package 'polygon_base' build argument 'cmake_clean_cache' from command line to 'False'
[2.472s] Level 5:colcon.colcon_core.verb:set package 'polygon_base' build argument 'cmake_clean_first' from command line to 'False'
[2.472s] Level 5:colcon.colcon_core.verb:set package 'polygon_base' build argument 'cmake_force_configure' from command line to 'False'
[2.472s] Level 5:colcon.colcon_core.verb:set package 'polygon_base' build argument 'ament_cmake_args' from command line to 'None'
[2.472s] Level 5:colcon.colcon_core.verb:set package 'polygon_base' build argument 'catkin_cmake_args' from command line to 'None'
[2.472s] Level 5:colcon.colcon_core.verb:set package 'polygon_base' build argument 'catkin_skip_building_tests' from command line to 'False'
[2.472s] DEBUG:colcon.colcon_core.verb:Building package 'polygon_base' with the following arguments: {'ament_cmake_args': None, 'build_base': '/home/gargie/class_ws/build/polygon_base', 'catkin_cmake_args': None, 'catkin_skip_building_tests': False, 'cmake_args': None, 'cmake_clean_cache': False, 'cmake_clean_first': False, 'cmake_force_configure': False, 'cmake_target': None, 'cmake_target_skip_unavailable': False, 'install_base': '/home/gargie/class_ws/install/polygon_base', 'merge_install': False, 'path': '/home/gargie/class_ws/src/polygon_base', 'symlink_install': False, 'test_result_base': None}
[2.474s] Level 5:colcon.colcon_core.verb:set package 'polygon_plugins' build argument 'cmake_args' from command line to 'None'
[2.474s] Level 5:colcon.colcon_core.verb:set package 'polygon_plugins' build argument 'cmake_target' from command line to 'None'
[2.474s] Level 5:colcon.colcon_core.verb:set package 'polygon_plugins' build argument 'cmake_target_skip_unavailable' from command line to 'False'
[2.475s] Level 5:colcon.colcon_core.verb:set package 'polygon_plugins' build argument 'cmake_clean_cache' from command line to 'False'
[2.475s] Level 5:colcon.colcon_core.verb:set package 'polygon_plugins' build argument 'cmake_clean_first' from command line to 'False'
[2.475s] Level 5:colcon.colcon_core.verb:set package 'polygon_plugins' build argument 'cmake_force_configure' from command line to 'False'
[2.475s] Level 5:colcon.colcon_core.verb:set package 'polygon_plugins' build argument 'ament_cmake_args' from command line to 'None'
[2.475s] Level 5:colcon.colcon_core.verb:set package 'polygon_plugins' build argument 'catkin_cmake_args' from command line to 'None'
[2.475s] Level 5:colcon.colcon_core.verb:set package 'polygon_plugins' build argument 'catkin_skip_building_tests' from command line to 'False'
[2.475s] DEBUG:colcon.colcon_core.verb:Building package 'polygon_plugins' with the following arguments: {'ament_cmake_args': None, 'build_base': '/home/gargie/class_ws/build/polygon_plugins', 'catkin_cmake_args': None, 'catkin_skip_building_tests': False, 'cmake_args': None, 'cmake_clean_cache': False, 'cmake_clean_first': False, 'cmake_force_configure': False, 'cmake_target': None, 'cmake_target_skip_unavailable': False, 'install_base': '/home/gargie/class_ws/install/polygon_plugins', 'merge_install': False, 'path': '/home/gargie/class_ws/src/polygon_plugins', 'symlink_install': False, 'test_result_base': None}
[2.476s] INFO:colcon.colcon_core.executor:Executing jobs using 'parallel' executor
[2.480s] DEBUG:colcon.colcon_parallel_executor.executor.parallel:run_until_complete
[2.481s] INFO:colcon.colcon_ros.task.ament_cmake.build:Building ROS package in '/home/gargie/class_ws/src/polygon_base' with build type 'ament_cmake'
[2.482s] INFO:colcon.colcon_cmake.task.cmake.build:Building CMake package in '/home/gargie/class_ws/src/polygon_base'
[2.505s] INFO:colcon.colcon_core.plugin_system:Skipping extension 'colcon_core.shell.bat': Not used on non-Windows systems
[2.506s] INFO:colcon.colcon_core.shell:Skip shell extension 'powershell' for command environment: Not usable outside of PowerShell
[2.506s] DEBUG:colcon.colcon_core.shell:Skip shell extension 'dsv' for command environment
[2.543s] DEBUG:colcon.colcon_core.event_handler.log_command:Invoking command in '/home/gargie/class_ws/build/polygon_base': CMAKE_PREFIX_PATH=${CMAKE_PREFIX_PATH}:/home/gargie/service/install/py_srvcli:/home/gargie/key_ws/install/key1_pkg:/opt/ros/humble /usr/bin/cmake /home/gargie/class_ws/src/polygon_base -DCMAKE_INSTALL_PREFIX=/home/gargie/class_ws/install/polygon_base
[6.443s] DEBUG:colcon.colcon_core.event_handler.log_command:Invoked command in '/home/gargie/class_ws/build/polygon_base' returned '0': CMAKE_PREFIX_PATH=${CMAKE_PREFIX_PATH}:/home/gargie/service/install/py_srvcli:/home/gargie/key_ws/install/key1_pkg:/opt/ros/humble /usr/bin/cmake /home/gargie/class_ws/src/polygon_base -DCMAKE_INSTALL_PREFIX=/home/gargie/class_ws/install/polygon_base
[6.465s] DEBUG:colcon.colcon_core.event_handler.log_command:Invoking command in '/home/gargie/class_ws/build/polygon_base': CMAKE_PREFIX_PATH=${CMAKE_PREFIX_PATH}:/home/gargie/service/install/py_srvcli:/home/gargie/key_ws/install/key1_pkg:/opt/ros/humble /usr/bin/cmake --build /home/gargie/class_ws/build/polygon_base -- -j4 -l4
[20.525s] DEBUG:colcon.colcon_core.event_handler.log_command:Invoked command in '/home/gargie/class_ws/build/polygon_base' returned '0': CMAKE_PREFIX_PATH=${CMAKE_PREFIX_PATH}:/home/gargie/service/install/py_srvcli:/home/gargie/key_ws/install/key1_pkg:/opt/ros/humble /usr/bin/cmake --build /home/gargie/class_ws/build/polygon_base -- -j4 -l4
[20.569s] DEBUG:colcon.colcon_core.event_handler.log_command:Invoking command in '/home/gargie/class_ws/build/polygon_base': CMAKE_PREFIX_PATH=${CMAKE_PREFIX_PATH}:/home/gargie/service/install/py_srvcli:/home/gargie/key_ws/install/key1_pkg:/opt/ros/humble /usr/bin/cmake --install /home/gargie/class_ws/build/polygon_base
[20.627s] Level 1:colcon.colcon_core.environment:create_environment_scripts_only(polygon_base)
[20.630s] DEBUG:colcon.colcon_core.event_handler.log_command:Invoked command in '/home/gargie/class_ws/build/polygon_base' returned '0': CMAKE_PREFIX_PATH=${CMAKE_PREFIX_PATH}:/home/gargie/service/install/py_srvcli:/home/gargie/key_ws/install/key1_pkg:/opt/ros/humble /usr/bin/cmake --install /home/gargie/class_ws/build/polygon_base
[20.657s] Level 1:colcon.colcon_core.environment:checking '/home/gargie/class_ws/install/polygon_base' for CMake module files
[20.663s] Level 1:colcon.colcon_core.environment:checking '/home/gargie/class_ws/install/polygon_base' for CMake config files
[20.666s] Level 1:colcon.colcon_core.shell:create_environment_hook('polygon_base', 'cmake_prefix_path')
[20.668s] INFO:colcon.colcon_core.shell:Creating environment hook '/home/gargie/class_ws/install/polygon_base/share/polygon_base/hook/cmake_prefix_path.ps1'
[20.676s] INFO:colcon.colcon_core.shell:Creating environment descriptor '/home/gargie/class_ws/install/polygon_base/share/polygon_base/hook/cmake_prefix_path.dsv'
[20.680s] INFO:colcon.colcon_core.shell:Creating environment hook '/home/gargie/class_ws/install/polygon_base/share/polygon_base/hook/cmake_prefix_path.sh'
[20.688s] Level 1:colcon.colcon_core.environment:checking '/home/gargie/class_ws/install/polygon_base/lib'
[20.689s] Level 1:colcon.colcon_core.environment:checking '/home/gargie/class_ws/install/polygon_base/bin'
[20.690s] Level 1:colcon.colcon_core.environment:checking '/home/gargie/class_ws/install/polygon_base/lib/pkgconfig/polygon_base.pc'
[20.692s] Level 1:colcon.colcon_core.environment:checking '/home/gargie/class_ws/install/polygon_base/lib/python3.10/site-packages'
[20.694s] Level 1:colcon.colcon_core.environment:checking '/home/gargie/class_ws/install/polygon_base/bin'
[20.696s] INFO:colcon.colcon_core.shell:Creating package script '/home/gargie/class_ws/install/polygon_base/share/polygon_base/package.ps1'
[20.703s] INFO:colcon.colcon_core.shell:Creating package descriptor '/home/gargie/class_ws/install/polygon_base/share/polygon_base/package.dsv'
[20.708s] INFO:colcon.colcon_core.shell:Creating package script '/home/gargie/class_ws/install/polygon_base/share/polygon_base/package.sh'
[20.714s] INFO:colcon.colcon_core.shell:Creating package script '/home/gargie/class_ws/install/polygon_base/share/polygon_base/package.bash'
[20.721s] INFO:colcon.colcon_core.shell:Creating package script '/home/gargie/class_ws/install/polygon_base/share/polygon_base/package.zsh'
[20.727s] Level 1:colcon.colcon_core.environment:create_file_with_runtime_dependencies(/home/gargie/class_ws/install/polygon_base/share/colcon-core/packages/polygon_base)
[20.731s] Level 1:colcon.colcon_core.environment:create_environment_scripts_only(polygon_base)
[20.733s] Level 1:colcon.colcon_core.environment:checking '/home/gargie/class_ws/install/polygon_base' for CMake module files
[20.737s] Level 1:colcon.colcon_core.environment:checking '/home/gargie/class_ws/install/polygon_base' for CMake config files
[20.739s] Level 1:colcon.colcon_core.shell:create_environment_hook('polygon_base', 'cmake_prefix_path')
[20.741s] INFO:colcon.colcon_core.shell:Creating environment hook '/home/gargie/class_ws/install/polygon_base/share/polygon_base/hook/cmake_prefix_path.ps1'
[20.744s] INFO:colcon.colcon_core.shell:Creating environment descriptor '/home/gargie/class_ws/install/polygon_base/share/polygon_base/hook/cmake_prefix_path.dsv'
[20.747s] INFO:colcon.colcon_core.shell:Creating environment hook '/home/gargie/class_ws/install/polygon_base/share/polygon_base/hook/cmake_prefix_path.sh'
[20.750s] Level 1:colcon.colcon_core.environment:checking '/home/gargie/class_ws/install/polygon_base/lib'
[20.751s] Level 1:colcon.colcon_core.environment:checking '/home/gargie/class_ws/install/polygon_base/bin'
[20.751s] Level 1:colcon.colcon_core.environment:checking '/home/gargie/class_ws/install/polygon_base/lib/pkgconfig/polygon_base.pc'
[20.753s] Level 1:colcon.colcon_core.environment:checking '/home/gargie/class_ws/install/polygon_base/lib/python3.10/site-packages'
[20.754s] Level 1:colcon.colcon_core.environment:checking '/home/gargie/class_ws/install/polygon_base/bin'
[20.756s] INFO:colcon.colcon_core.shell:Creating package script '/home/gargie/class_ws/install/polygon_base/share/polygon_base/package.ps1'
[20.759s] INFO:colcon.colcon_core.shell:Creating package descriptor '/home/gargie/class_ws/install/polygon_base/share/polygon_base/package.dsv'
[20.763s] INFO:colcon.colcon_core.shell:Creating package script '/home/gargie/class_ws/install/polygon_base/share/polygon_base/package.sh'
[20.766s] INFO:colcon.colcon_core.shell:Creating package script '/home/gargie/class_ws/install/polygon_base/share/polygon_base/package.bash'
[20.768s] INFO:colcon.colcon_core.shell:Creating package script '/home/gargie/class_ws/install/polygon_base/share/polygon_base/package.zsh'
[20.771s] Level 1:colcon.colcon_core.environment:create_file_with_runtime_dependencies(/home/gargie/class_ws/install/polygon_base/share/colcon-core/packages/polygon_base)
[20.773s] INFO:colcon.colcon_ros.task.ament_cmake.build:Building ROS package in '/home/gargie/class_ws/src/polygon_plugins' with build type 'ament_cmake'
[20.774s] INFO:colcon.colcon_cmake.task.cmake.build:Building CMake package in '/home/gargie/class_ws/src/polygon_plugins'
[20.776s] INFO:colcon.colcon_core.shell:Skip shell extension 'powershell' for command environment: Not usable outside of PowerShell
[20.776s] DEBUG:colcon.colcon_core.shell:Skip shell extension 'dsv' for command environment
[20.833s] DEBUG:colcon.colcon_core.event_handler.log_command:Invoking command in '/home/gargie/class_ws/build/polygon_plugins': AMENT_PREFIX_PATH=/home/gargie/class_ws/install/polygon_base:${AMENT_PREFIX_PATH} CMAKE_PREFIX_PATH=/home/gargie/class_ws/install/polygon_base:/home/gargie/service/install/cpp_srvcli:/home/gargie/service/install/tutorial_interface:/home/gargie/service/install/cpp_parameter:/home/gargie/key_ws/install/key_pkg:/home/gargie/project/install/project_pkg:/home/gargie/service/install/py_srvcli:/home/gargie/key_ws/install/key1_pkg:/opt/ros/humble /usr/bin/cmake /home/gargie/class_ws/src/polygon_plugins -DCMAKE_INSTALL_PREFIX=/home/gargie/class_ws/install/polygon_plugins
[24.018s] DEBUG:colcon.colcon_core.event_handler.log_command:Invoked command in '/home/gargie/class_ws/build/polygon_plugins' returned '0': AMENT_PREFIX_PATH=/home/gargie/class_ws/install/polygon_base:${AMENT_PREFIX_PATH} CMAKE_PREFIX_PATH=/home/gargie/class_ws/install/polygon_base:/home/gargie/service/install/cpp_srvcli:/home/gargie/service/install/tutorial_interface:/home/gargie/service/install/cpp_parameter:/home/gargie/key_ws/install/key_pkg:/home/gargie/project/install/project_pkg:/home/gargie/service/install/py_srvcli:/home/gargie/key_ws/install/key1_pkg:/opt/ros/humble /usr/bin/cmake /home/gargie/class_ws/src/polygon_plugins -DCMAKE_INSTALL_PREFIX=/home/gargie/class_ws/install/polygon_plugins
[24.025s] DEBUG:colcon.colcon_core.event_handler.log_command:Invoking command in '/home/gargie/class_ws/build/polygon_plugins': AMENT_PREFIX_PATH=/home/gargie/class_ws/install/polygon_base:${AMENT_PREFIX_PATH} CMAKE_PREFIX_PATH=/home/gargie/class_ws/install/polygon_base:/home/gargie/service/install/cpp_srvcli:/home/gargie/service/install/tutorial_interface:/home/gargie/service/install/cpp_parameter:/home/gargie/key_ws/install/key_pkg:/home/gargie/project/install/project_pkg:/home/gargie/service/install/py_srvcli:/home/gargie/key_ws/install/key1_pkg:/opt/ros/humble /usr/bin/cmake --build /home/gargie/class_ws/build/polygon_plugins -- -j4 -l4
[27.735s] DEBUG:colcon.colcon_core.event_handler.log_command:Invoked command in '/home/gargie/class_ws/build/polygon_plugins' returned '0': AMENT_PREFIX_PATH=/home/gargie/class_ws/install/polygon_base:${AMENT_PREFIX_PATH} CMAKE_PREFIX_PATH=/home/gargie/class_ws/install/polygon_base:/home/gargie/service/install/cpp_srvcli:/home/gargie/service/install/tutorial_interface:/home/gargie/service/install/cpp_parameter:/home/gargie/key_ws/install/key_pkg:/home/gargie/project/install/project_pkg:/home/gargie/service/install/py_srvcli:/home/gargie/key_ws/install/key1_pkg:/opt/ros/humble /usr/bin/cmake --build /home/gargie/class_ws/build/polygon_plugins -- -j4 -l4
[27.739s] DEBUG:colcon.colcon_core.event_handler.log_command:Invoking command in '/home/gargie/class_ws/build/polygon_plugins': AMENT_PREFIX_PATH=/home/gargie/class_ws/install/polygon_base:${AMENT_PREFIX_PATH} CMAKE_PREFIX_PATH=/home/gargie/class_ws/install/polygon_base:/home/gargie/service/install/cpp_srvcli:/home/gargie/service/install/tutorial_interface:/home/gargie/service/install/cpp_parameter:/home/gargie/key_ws/install/key_pkg:/home/gargie/project/install/project_pkg:/home/gargie/service/install/py_srvcli:/home/gargie/key_ws/install/key1_pkg:/opt/ros/humble /usr/bin/cmake --install /home/gargie/class_ws/build/polygon_plugins
[27.796s] Level 1:colcon.colcon_core.environment:create_environment_scripts_only(polygon_plugins)
[27.798s] Level 1:colcon.colcon_core.environment:checking '/home/gargie/class_ws/install/polygon_plugins' for CMake module files
[27.800s] DEBUG:colcon.colcon_core.event_handler.log_command:Invoked command in '/home/gargie/class_ws/build/polygon_plugins' returned '0': AMENT_PREFIX_PATH=/home/gargie/class_ws/install/polygon_base:${AMENT_PREFIX_PATH} CMAKE_PREFIX_PATH=/home/gargie/class_ws/install/polygon_base:/home/gargie/service/install/cpp_srvcli:/home/gargie/service/install/tutorial_interface:/home/gargie/service/install/cpp_parameter:/home/gargie/key_ws/install/key_pkg:/home/gargie/project/install/project_pkg:/home/gargie/service/install/py_srvcli:/home/gargie/key_ws/install/key1_pkg:/opt/ros/humble /usr/bin/cmake --install /home/gargie/class_ws/build/polygon_plugins
[27.802s] Level 1:colcon.colcon_core.environment:checking '/home/gargie/class_ws/install/polygon_plugins' for CMake config files
[27.804s] Level 1:colcon.colcon_core.shell:create_environment_hook('polygon_plugins', 'cmake_prefix_path')
[27.805s] INFO:colcon.colcon_core.shell:Creating environment hook '/home/gargie/class_ws/install/polygon_plugins/share/polygon_plugins/hook/cmake_prefix_path.ps1'
[27.807s] INFO:colcon.colcon_core.shell:Creating environment descriptor '/home/gargie/class_ws/install/polygon_plugins/share/polygon_plugins/hook/cmake_prefix_path.dsv'
[27.809s] INFO:colcon.colcon_core.shell:Creating environment hook '/home/gargie/class_ws/install/polygon_plugins/share/polygon_plugins/hook/cmake_prefix_path.sh'
[27.811s] Level 1:colcon.colcon_core.environment:checking '/home/gargie/class_ws/install/polygon_plugins/lib'
[27.812s] Level 1:colcon.colcon_core.shell:create_environment_hook('polygon_plugins', 'ld_library_path_lib')
[27.813s] INFO:colcon.colcon_core.shell:Creating environment hook '/home/gargie/class_ws/install/polygon_plugins/share/polygon_plugins/hook/ld_library_path_lib.ps1'
[27.815s] INFO:colcon.colcon_core.shell:Creating environment descriptor '/home/gargie/class_ws/install/polygon_plugins/share/polygon_plugins/hook/ld_library_path_lib.dsv'
[27.816s] INFO:colcon.colcon_core.shell:Creating environment hook '/home/gargie/class_ws/install/polygon_plugins/share/polygon_plugins/hook/ld_library_path_lib.sh'
[27.818s] Level 1:colcon.colcon_core.environment:checking '/home/gargie/class_ws/install/polygon_plugins/bin'
[27.819s] Level 1:colcon.colcon_core.environment:checking '/home/gargie/class_ws/install/polygon_plugins/lib/pkgconfig/polygon_plugins.pc'
[27.820s] Level 1:colcon.colcon_core.environment:checking '/home/gargie/class_ws/install/polygon_plugins/lib/python3.10/site-packages'
[27.821s] Level 1:colcon.colcon_core.environment:checking '/home/gargie/class_ws/install/polygon_plugins/bin'
[27.822s] INFO:colcon.colcon_core.shell:Creating package script '/home/gargie/class_ws/install/polygon_plugins/share/polygon_plugins/package.ps1'
[27.824s] INFO:colcon.colcon_core.shell:Creating package descriptor '/home/gargie/class_ws/install/polygon_plugins/share/polygon_plugins/package.dsv'
[27.827s] INFO:colcon.colcon_core.shell:Creating package script '/home/gargie/class_ws/install/polygon_plugins/share/polygon_plugins/package.sh'
[27.829s] INFO:colcon.colcon_core.shell:Creating package script '/home/gargie/class_ws/install/polygon_plugins/share/polygon_plugins/package.bash'
[27.831s] INFO:colcon.colcon_core.shell:Creating package script '/home/gargie/class_ws/install/polygon_plugins/share/polygon_plugins/package.zsh'
[27.833s] Level 1:colcon.colcon_core.environment:create_file_with_runtime_dependencies(/home/gargie/class_ws/install/polygon_plugins/share/colcon-core/packages/polygon_plugins)
[27.835s] Level 1:colcon.colcon_core.environment:create_environment_scripts_only(polygon_plugins)
[27.837s] Level 1:colcon.colcon_core.environment:checking '/home/gargie/class_ws/install/polygon_plugins' for CMake module files
[27.839s] Level 1:colcon.colcon_core.environment:checking '/home/gargie/class_ws/install/polygon_plugins' for CMake config files
[27.841s] Level 1:colcon.colcon_core.shell:create_environment_hook('polygon_plugins', 'cmake_prefix_path')
[27.842s] INFO:colcon.colcon_core.shell:Creating environment hook '/home/gargie/class_ws/install/polygon_plugins/share/polygon_plugins/hook/cmake_prefix_path.ps1'
[27.844s] INFO:colcon.colcon_core.shell:Creating environment descriptor '/home/gargie/class_ws/install/polygon_plugins/share/polygon_plugins/hook/cmake_prefix_path.dsv'
[27.846s] INFO:colcon.colcon_core.shell:Creating environment hook '/home/gargie/class_ws/install/polygon_plugins/share/polygon_plugins/hook/cmake_prefix_path.sh'
[27.849s] Level 1:colcon.colcon_core.environment:checking '/home/gargie/class_ws/install/polygon_plugins/lib'
[27.849s] Level 1:colcon.colcon_core.shell:create_environment_hook('polygon_plugins', 'ld_library_path_lib')
[27.851s] INFO:colcon.colcon_core.shell:Creating environment hook '/home/gargie/class_ws/install/polygon_plugins/share/polygon_plugins/hook/ld_library_path_lib.ps1'
[27.853s] INFO:colcon.colcon_core.shell:Creating environment descriptor '/home/gargie/class_ws/install/polygon_plugins/share/polygon_plugins/hook/ld_library_path_lib.dsv'
[27.854s] INFO:colcon.colcon_core.shell:Creating environment hook '/home/gargie/class_ws/install/polygon_plugins/share/polygon_plugins/hook/ld_library_path_lib.sh'
[27.857s] Level 1:colcon.colcon_core.environment:checking '/home/gargie/class_ws/install/polygon_plugins/bin'
[27.857s] Level 1:colcon.colcon_core.environment:checking '/home/gargie/class_ws/install/polygon_plugins/lib/pkgconfig/polygon_plugins.pc'
[27.858s] Level 1:colcon.colcon_core.environment:checking '/home/gargie/class_ws/install/polygon_plugins/lib/python3.10/site-packages'
[27.859s] Level 1:colcon.colcon_core.environment:checking '/home/gargie/class_ws/install/polygon_plugins/bin'
[27.860s] INFO:colcon.colcon_core.shell:Creating package script '/home/gargie/class_ws/install/polygon_plugins/share/polygon_plugins/package.ps1'
[27.863s] INFO:colcon.colcon_core.shell:Creating package descriptor '/home/gargie/class_ws/install/polygon_plugins/share/polygon_plugins/package.dsv'
[27.866s] INFO:colcon.colcon_core.shell:Creating package script '/home/gargie/class_ws/install/polygon_plugins/share/polygon_plugins/package.sh'
[27.868s] INFO:colcon.colcon_core.shell:Creating package script '/home/gargie/class_ws/install/polygon_plugins/share/polygon_plugins/package.bash'
[27.871s] INFO:colcon.colcon_core.shell:Creating package script '/home/gargie/class_ws/install/polygon_plugins/share/polygon_plugins/package.zsh'
[27.873s] Level 1:colcon.colcon_core.environment:create_file_with_runtime_dependencies(/home/gargie/class_ws/install/polygon_plugins/share/colcon-core/packages/polygon_plugins)
[27.875s] DEBUG:colcon.colcon_parallel_executor.executor.parallel:closing loop
[27.876s] DEBUG:colcon.colcon_parallel_executor.executor.parallel:loop closed
[27.877s] DEBUG:colcon.colcon_parallel_executor.executor.parallel:run_until_complete finished with '0'
[27.877s] DEBUG:colcon.colcon_core.event_reactor:joining thread
[27.900s] INFO:colcon.colcon_core.plugin_system:Skipping extension 'colcon_notification.desktop_notification.terminal_notifier': Not used on non-Darwin systems
[27.901s] INFO:colcon.colcon_core.plugin_system:Skipping extension 'colcon_notification.desktop_notification.win32': Not used on non-Windows systems
[27.901s] INFO:colcon.colcon_notification.desktop_notification:Sending desktop notification using 'notify2'
[27.974s] DEBUG:colcon.colcon_core.event_reactor:joined thread
[27.976s] INFO:colcon.colcon_core.shell:Creating prefix script '/home/gargie/class_ws/install/local_setup.ps1'
[27.981s] INFO:colcon.colcon_core.shell:Creating prefix util module '/home/gargie/class_ws/install/_local_setup_util_ps1.py'
[27.988s] INFO:colcon.colcon_core.shell:Creating prefix chain script '/home/gargie/class_ws/install/setup.ps1'
[27.995s] INFO:colcon.colcon_core.shell:Creating prefix script '/home/gargie/class_ws/install/local_setup.sh'
[27.998s] INFO:colcon.colcon_core.shell:Creating prefix util module '/home/gargie/class_ws/install/_local_setup_util_sh.py'
[28.001s] INFO:colcon.colcon_core.shell:Creating prefix chain script '/home/gargie/class_ws/install/setup.sh'
[28.009s] INFO:colcon.colcon_core.shell:Creating prefix script '/home/gargie/class_ws/install/local_setup.bash'
[28.012s] INFO:colcon.colcon_core.shell:Creating prefix chain script '/home/gargie/class_ws/install/setup.bash'
[28.020s] INFO:colcon.colcon_core.shell:Creating prefix script '/home/gargie/class_ws/install/local_setup.zsh'
[28.024s] INFO:colcon.colcon_core.shell:Creating prefix chain script '/home/gargie/class_ws/install/setup.zsh'
