[0.022s] Invoking command in '/home/nihit/servcli/build/tutorial_interfaces': CMAKE_PREFIX_PATH=${CMAKE_PREFIX_PATH}:/home/nihit/servcli/install/py_srvcli:/opt/ros/humble /usr/bin/cmake --build /home/nihit/servcli/build/tutorial_interfaces -- -j8 -l8
[0.145s] [  2%] Built target tutorial_interfaces__cpp
[0.158s] [  4%] [32mBuilding C object CMakeFiles/tutorial_interfaces__rosidl_generator_c.dir/rosidl_generator_c/tutorial_interfaces/action/detail/count_untill__functions.c.o[0m
[0.170s] [  4%] Built target ament_cmake_python_copy_tutorial_interfaces
[0.198s] In file included from [01m[K/home/nihit/servcli/build/tutorial_interfaces/rosidl_generator_c/tutorial_interfaces/action/detail/count_untill__functions.h:19[m[K,
[0.200s]                  from [01m[K/home/nihit/servcli/build/tutorial_interfaces/rosidl_generator_c/tutorial_interfaces/action/detail/count_untill__functions.c:4[m[K:
[0.200s] [01m[K/home/nihit/servcli/build/tutorial_interfaces/rosidl_generator_c/tutorial_interfaces/action/detail/count_untill__struct.h:88:10:[m[K [01;31m[Kfatal error: [m[Kunique_identifier_msgs/msg/detail/uuid__struct.h: No such file or directory
[0.200s]    88 | #include [01;31m[K"unique_identifier_msgs/msg/detail/uuid__struct.h"[m[K
[0.200s]       |          [01;31m[K^~~~~~~~~~~~~~~~~~~~~~~~~~~~~~~~~~~~~~~~~~~~~~~~~~[m[K
[0.201s] compilation terminated.
[0.204s] gmake[2]: *** [CMakeFiles/tutorial_interfaces__rosidl_generator_c.dir/build.make:225: CMakeFiles/tutorial_interfaces__rosidl_generator_c.dir/rosidl_generator_c/tutorial_interfaces/action/detail/count_untill__functions.c.o] Error 1
[0.204s] gmake[1]: *** [CMakeFiles/Makefile2:213: CMakeFiles/tutorial_interfaces__rosidl_generator_c.dir/all] Error 2
[0.205s] gmake[1]: *** Waiting for unfinished jobs....
[0.225s] [  6%] [32mBuilding CXX object CMakeFiles/tutorial_interfaces__rosidl_typesupport_fastrtps_cpp.dir/rosidl_typesupport_fastrtps_cpp/tutorial_interfaces/action/detail/dds_fastrtps/count_untill__type_support.cpp.o[0m
[0.225s] [  8%] [32mBuilding CXX object CMakeFiles/tutorial_interfaces__rosidl_typesupport_cpp.dir/rosidl_typesupport_cpp/tutorial_interfaces/action/count_untill__type_support.cpp.o[0m
[0.238s] [ 10%] [32mBuilding CXX object CMakeFiles/tutorial_interfaces__rosidl_typesupport_introspection_cpp.dir/rosidl_typesupport_introspection_cpp/tutorial_interfaces/action/detail/count_untill__type_support.cpp.o[0m
[0.367s] In file included from [01m[K/home/nihit/servcli/build/tutorial_interfaces/rosidl_typesupport_fastrtps_cpp/tutorial_interfaces/action/detail/count_untill__rosidl_typesupport_fastrtps_cpp.hpp:11[m[K,
[0.367s]                  from [01m[K/home/nihit/servcli/build/tutorial_interfaces/rosidl_typesupport_fastrtps_cpp/tutorial_interfaces/action/detail/dds_fastrtps/count_untill__type_support.cpp:4[m[K:
[0.367s] [01m[K/home/nihit/servcli/build/tutorial_interfaces/rosidl_generator_cpp/tutorial_interfaces/action/detail/count_untill__struct.hpp:346:10:[m[K [01;31m[Kfatal error: [m[Kunique_identifier_msgs/msg/detail/uuid__struct.hpp: No such file or directory
[0.368s]   346 | #include [01;31m[K"unique_identifier_msgs/msg/detail/uuid__struct.hpp"[m[K
[0.368s]       |          [01;31m[K^~~~~~~~~~~~~~~~~~~~~~~~~~~~~~~~~~~~~~~~~~~~~~~~~~~~[m[K
[0.368s] compilation terminated.
[0.372s] In file included from [01m[K/home/nihit/servcli/build/tutorial_interfaces/rosidl_typesupport_cpp/tutorial_interfaces/action/count_untill__type_support.cpp:7[m[K:
[0.373s] [01m[K/home/nihit/servcli/build/tutorial_interfaces/rosidl_generator_cpp/tutorial_interfaces/action/detail/count_untill__struct.hpp:346:10:[m[K [01;31m[Kfatal error: [m[Kunique_identifier_msgs/msg/detail/uuid__struct.hpp: No such file or directory
[0.373s]   346 | #include [01;31m[K"unique_identifier_msgs/msg/detail/uuid__struct.hpp"[m[K
[0.373s]       |          [01;31m[K^~~~~~~~~~~~~~~~~~~~~~~~~~~~~~~~~~~~~~~~~~~~~~~~~~~~[m[K
[0.373s] compilation terminated.
[0.375s] gmake[2]: *** [CMakeFiles/tutorial_interfaces__rosidl_typesupport_cpp.dir/build.make:182: CMakeFiles/tutorial_interfaces__rosidl_typesupport_cpp.dir/rosidl_typesupport_cpp/tutorial_interfaces/action/count_untill__type_support.cpp.o] Error 1
[0.375s] gmake[2]: *** [CMakeFiles/tutorial_interfaces__rosidl_typesupport_fastrtps_cpp.dir/build.make:193: CMakeFiles/tutorial_interfaces__rosidl_typesupport_fastrtps_cpp.dir/rosidl_typesupport_fastrtps_cpp/tutorial_interfaces/action/detail/dds_fastrtps/count_untill__type_support.cpp.o] Error 1
[0.375s] gmake[1]: *** [CMakeFiles/Makefile2:291: CMakeFiles/tutorial_interfaces__rosidl_typesupport_fastrtps_cpp.dir/all] Error 2
[0.375s] gmake[1]: *** [CMakeFiles/Makefile2:395: CMakeFiles/tutorial_interfaces__rosidl_typesupport_cpp.dir/all] Error 2
[0.384s] In file included from [01m[K/home/nihit/servcli/build/tutorial_interfaces/rosidl_typesupport_introspection_cpp/tutorial_interfaces/action/detail/count_untill__type_support.cpp:12[m[K:
[0.385s] [01m[K/home/nihit/servcli/build/tutorial_interfaces/rosidl_generator_cpp/tutorial_interfaces/action/detail/count_untill__struct.hpp:346:10:[m[K [01;31m[Kfatal error: [m[Kunique_identifier_msgs/msg/detail/uuid__struct.hpp: No such file or directory
[0.385s]   346 | #include [01;31m[K"unique_identifier_msgs/msg/detail/uuid__struct.hpp"[m[K
[0.385s]       |          [01;31m[K^~~~~~~~~~~~~~~~~~~~~~~~~~~~~~~~~~~~~~~~~~~~~~~~~~~~[m[K
[0.385s] compilation terminated.
[0.387s] gmake[2]: *** [CMakeFiles/tutorial_interfaces__rosidl_typesupport_introspection_cpp.dir/build.make:193: CMakeFiles/tutorial_interfaces__rosidl_typesupport_introspection_cpp.dir/rosidl_typesupport_introspection_cpp/tutorial_interfaces/action/detail/count_untill__type_support.cpp.o] Error 1
[0.388s] gmake[1]: *** [CMakeFiles/Makefile2:369: CMakeFiles/tutorial_interfaces__rosidl_typesupport_introspection_cpp.dir/all] Error 2
[0.902s] running egg_info
[0.905s] writing tutorial_interfaces.egg-info/PKG-INFO
[0.905s] writing dependency_links to tutorial_interfaces.egg-info/dependency_links.txt
[0.905s] writing top-level names to tutorial_interfaces.egg-info/top_level.txt
[0.912s] reading manifest file 'tutorial_interfaces.egg-info/SOURCES.txt'
[0.913s] writing manifest file 'tutorial_interfaces.egg-info/SOURCES.txt'
[0.976s] [ 10%] Built target ament_cmake_python_build_tutorial_interfaces_egg
[0.980s] gmake: *** [Makefile:146: all] Error 2
[0.984s] Invoked command in '/home/nihit/servcli/build/tutorial_interfaces' returned '2': CMAKE_PREFIX_PATH=${CMAKE_PREFIX_PATH}:/home/nihit/servcli/install/py_srvcli:/opt/ros/humble /usr/bin/cmake --build /home/nihit/servcli/build/tutorial_interfaces -- -j8 -l8
