[0.120s] Invoking command in '/home/gargie/service/build/tutorial_interface': CMAKE_PREFIX_PATH=${CMAKE_PREFIX_PATH}:/home/gargie/service/install/py_srvcli:/home/gargie/key_ws/install/key1_pkg:/opt/ros/humble /usr/bin/cmake --build /home/gargie/service/build/tutorial_interface -- -j4 -l4
[0.381s] [  2%] Built target tutorial_interface__cpp
[0.410s] [ 12%] Built target tutorial_interface__rosidl_generator_c
[0.493s] [ 12%] Built target ament_cmake_python_copy_tutorial_interface
[0.572s] [ 23%] Built target tutorial_interface__rosidl_typesupport_fastrtps_cpp
[0.583s] [ 34%] Built target tutorial_interface__rosidl_typesupport_introspection_cpp
[0.610s] [ 44%] Built target tutorial_interface__rosidl_typesupport_cpp
[0.626s] [ 55%] Built target tutorial_interface__rosidl_typesupport_fastrtps_c
[0.753s] [ 65%] Built target tutorial_interface__rosidl_typesupport_c
[0.770s] [ 76%] Built target tutorial_interface__rosidl_typesupport_introspection_c
[0.870s] [ 76%] Built target tutorial_interface
[0.974s] [ 78%] Built target tutorial_interface__py
[1.085s] [ 87%] Built target tutorial_interface__rosidl_generator_py
[1.291s] [ 91%] Built target tutorial_interface__rosidl_typesupport_fastrtps_c__pyext
[1.298s] [ 95%] Built target tutorial_interface__rosidl_typesupport_introspection_c__pyext
[1.307s] [100%] Built target tutorial_interface__rosidl_typesupport_c__pyext
[2.082s] running egg_info
[2.086s] writing tutorial_interface.egg-info/PKG-INFO
[2.087s] writing dependency_links to tutorial_interface.egg-info/dependency_links.txt
[2.088s] writing top-level names to tutorial_interface.egg-info/top_level.txt
[2.100s] reading manifest file 'tutorial_interface.egg-info/SOURCES.txt'
[2.104s] writing manifest file 'tutorial_interface.egg-info/SOURCES.txt'
[2.261s] [100%] Built target ament_cmake_python_build_tutorial_interface_egg
[2.308s] Invoked command in '/home/gargie/service/build/tutorial_interface' returned '0': CMAKE_PREFIX_PATH=${CMAKE_PREFIX_PATH}:/home/gargie/service/install/py_srvcli:/home/gargie/key_ws/install/key1_pkg:/opt/ros/humble /usr/bin/cmake --build /home/gargie/service/build/tutorial_interface -- -j4 -l4
[2.361s] Invoking command in '/home/gargie/service/build/tutorial_interface': CMAKE_PREFIX_PATH=${CMAKE_PREFIX_PATH}:/home/gargie/service/install/py_srvcli:/home/gargie/key_ws/install/key1_pkg:/opt/ros/humble /usr/bin/cmake --install /home/gargie/service/build/tutorial_interface
[2.393s] -- Install configuration: ""
[2.394s] -- Up-to-date: /home/gargie/service/install/tutorial_interface/share/ament_index/resource_index/rosidl_interfaces/tutorial_interface
[2.395s] -- Up-to-date: /home/gargie/service/install/tutorial_interface/include/tutorial_interface/tutorial_interface
[2.395s] -- Up-to-date: /home/gargie/service/install/tutorial_interface/include/tutorial_interface/tutorial_interface/srv
[2.396s] -- Up-to-date: /home/gargie/service/install/tutorial_interface/include/tutorial_interface/tutorial_interface/srv/detail
[2.397s] -- Up-to-date: /home/gargie/service/install/tutorial_interface/include/tutorial_interface/tutorial_interface/srv/detail/add_three_ints__type_support.h
[2.398s] -- Up-to-date: /home/gargie/service/install/tutorial_interface/include/tutorial_interface/tutorial_interface/srv/detail/add_three_ints__functions.h
[2.399s] -- Up-to-date: /home/gargie/service/install/tutorial_interface/include/tutorial_interface/tutorial_interface/srv/detail/add_three_ints__struct.h
[2.400s] -- Up-to-date: /home/gargie/service/install/tutorial_interface/include/tutorial_interface/tutorial_interface/srv/detail/add_three_ints__functions.c
[2.400s] -- Up-to-date: /home/gargie/service/install/tutorial_interface/include/tutorial_interface/tutorial_interface/srv/add_three_ints.h
[2.401s] -- Up-to-date: /home/gargie/service/install/tutorial_interface/include/tutorial_interface/tutorial_interface/msg
[2.403s] -- Up-to-date: /home/gargie/service/install/tutorial_interface/include/tutorial_interface/tutorial_interface/msg/num.h
[2.404s] -- Up-to-date: /home/gargie/service/install/tutorial_interface/include/tutorial_interface/tutorial_interface/msg/rosidl_generator_c__visibility_control.h
[2.405s] -- Up-to-date: /home/gargie/service/install/tutorial_interface/include/tutorial_interface/tutorial_interface/msg/sphere.h
[2.406s] -- Up-to-date: /home/gargie/service/install/tutorial_interface/include/tutorial_interface/tutorial_interface/msg/detail
[2.406s] -- Up-to-date: /home/gargie/service/install/tutorial_interface/include/tutorial_interface/tutorial_interface/msg/detail/sphere__struct.h
[2.407s] -- Up-to-date: /home/gargie/service/install/tutorial_interface/include/tutorial_interface/tutorial_interface/msg/detail/num__functions.h
[2.408s] -- Up-to-date: /home/gargie/service/install/tutorial_interface/include/tutorial_interface/tutorial_interface/msg/detail/num__functions.c
[2.409s] -- Up-to-date: /home/gargie/service/install/tutorial_interface/include/tutorial_interface/tutorial_interface/msg/detail/num__struct.h
[2.410s] -- Up-to-date: /home/gargie/service/install/tutorial_interface/include/tutorial_interface/tutorial_interface/msg/detail/sphere__functions.h
[2.410s] -- Up-to-date: /home/gargie/service/install/tutorial_interface/include/tutorial_interface/tutorial_interface/msg/detail/sphere__type_support.h
[2.411s] -- Up-to-date: /home/gargie/service/install/tutorial_interface/include/tutorial_interface/tutorial_interface/msg/detail/num__type_support.h
[2.411s] -- Up-to-date: /home/gargie/service/install/tutorial_interface/include/tutorial_interface/tutorial_interface/msg/detail/sphere__functions.c
[2.412s] -- Up-to-date: /home/gargie/service/install/tutorial_interface/share/tutorial_interface/environment/library_path.sh
[2.413s] -- Up-to-date: /home/gargie/service/install/tutorial_interface/share/tutorial_interface/environment/library_path.dsv
[2.418s] -- Up-to-date: /home/gargie/service/install/tutorial_interface/lib/libtutorial_interface__rosidl_generator_c.so
[2.419s] -- Up-to-date: /home/gargie/service/install/tutorial_interface/include/tutorial_interface/tutorial_interface
[2.419s] -- Up-to-date: /home/gargie/service/install/tutorial_interface/include/tutorial_interface/tutorial_interface/srv
[2.420s] -- Up-to-date: /home/gargie/service/install/tutorial_interface/include/tutorial_interface/tutorial_interface/srv/detail
[2.421s] -- Up-to-date: /home/gargie/service/install/tutorial_interface/include/tutorial_interface/tutorial_interface/srv/detail/add_three_ints__rosidl_typesupport_fastrtps_c.h
[2.421s] -- Up-to-date: /home/gargie/service/install/tutorial_interface/include/tutorial_interface/tutorial_interface/msg
[2.422s] -- Up-to-date: /home/gargie/service/install/tutorial_interface/include/tutorial_interface/tutorial_interface/msg/detail
[2.422s] -- Up-to-date: /home/gargie/service/install/tutorial_interface/include/tutorial_interface/tutorial_interface/msg/detail/sphere__rosidl_typesupport_fastrtps_c.h
[2.423s] -- Up-to-date: /home/gargie/service/install/tutorial_interface/include/tutorial_interface/tutorial_interface/msg/detail/num__rosidl_typesupport_fastrtps_c.h
[2.423s] -- Up-to-date: /home/gargie/service/install/tutorial_interface/include/tutorial_interface/tutorial_interface/msg/rosidl_typesupport_fastrtps_c__visibility_control.h
[2.424s] -- Up-to-date: /home/gargie/service/install/tutorial_interface/lib/libtutorial_interface__rosidl_typesupport_fastrtps_c.so
[2.425s] -- Up-to-date: /home/gargie/service/install/tutorial_interface/include/tutorial_interface/tutorial_interface
[2.425s] -- Up-to-date: /home/gargie/service/install/tutorial_interface/include/tutorial_interface/tutorial_interface/srv
[2.426s] -- Up-to-date: /home/gargie/service/install/tutorial_interface/include/tutorial_interface/tutorial_interface/srv/detail
[2.427s] -- Up-to-date: /home/gargie/service/install/tutorial_interface/include/tutorial_interface/tutorial_interface/srv/detail/add_three_ints__struct.hpp
[2.427s] -- Up-to-date: /home/gargie/service/install/tutorial_interface/include/tutorial_interface/tutorial_interface/srv/detail/add_three_ints__traits.hpp
[2.428s] -- Up-to-date: /home/gargie/service/install/tutorial_interface/include/tutorial_interface/tutorial_interface/srv/detail/add_three_ints__builder.hpp
[2.429s] -- Up-to-date: /home/gargie/service/install/tutorial_interface/include/tutorial_interface/tutorial_interface/srv/detail/add_three_ints__type_support.hpp
[2.430s] -- Up-to-date: /home/gargie/service/install/tutorial_interface/include/tutorial_interface/tutorial_interface/srv/add_three_ints.hpp
[2.432s] -- Up-to-date: /home/gargie/service/install/tutorial_interface/include/tutorial_interface/tutorial_interface/msg
[2.432s] -- Up-to-date: /home/gargie/service/install/tutorial_interface/include/tutorial_interface/tutorial_interface/msg/num.hpp
[2.433s] -- Up-to-date: /home/gargie/service/install/tutorial_interface/include/tutorial_interface/tutorial_interface/msg/detail
[2.434s] -- Up-to-date: /home/gargie/service/install/tutorial_interface/include/tutorial_interface/tutorial_interface/msg/detail/num__traits.hpp
[2.434s] -- Up-to-date: /home/gargie/service/install/tutorial_interface/include/tutorial_interface/tutorial_interface/msg/detail/sphere__type_support.hpp
[2.435s] -- Up-to-date: /home/gargie/service/install/tutorial_interface/include/tutorial_interface/tutorial_interface/msg/detail/num__type_support.hpp
[2.435s] -- Up-to-date: /home/gargie/service/install/tutorial_interface/include/tutorial_interface/tutorial_interface/msg/detail/sphere__traits.hpp
[2.436s] -- Up-to-date: /home/gargie/service/install/tutorial_interface/include/tutorial_interface/tutorial_interface/msg/detail/num__struct.hpp
[2.436s] -- Up-to-date: /home/gargie/service/install/tutorial_interface/include/tutorial_interface/tutorial_interface/msg/detail/num__builder.hpp
[2.437s] -- Up-to-date: /home/gargie/service/install/tutorial_interface/include/tutorial_interface/tutorial_interface/msg/detail/sphere__struct.hpp
[2.437s] -- Up-to-date: /home/gargie/service/install/tutorial_interface/include/tutorial_interface/tutorial_interface/msg/detail/sphere__builder.hpp
[2.438s] -- Up-to-date: /home/gargie/service/install/tutorial_interface/include/tutorial_interface/tutorial_interface/msg/rosidl_generator_cpp__visibility_control.hpp
[2.438s] -- Up-to-date: /home/gargie/service/install/tutorial_interface/include/tutorial_interface/tutorial_interface/msg/sphere.hpp
[2.439s] -- Up-to-date: /home/gargie/service/install/tutorial_interface/include/tutorial_interface/tutorial_interface
[2.439s] -- Up-to-date: /home/gargie/service/install/tutorial_interface/include/tutorial_interface/tutorial_interface/srv
[2.440s] -- Up-to-date: /home/gargie/service/install/tutorial_interface/include/tutorial_interface/tutorial_interface/srv/detail
[2.441s] -- Up-to-date: /home/gargie/service/install/tutorial_interface/include/tutorial_interface/tutorial_interface/srv/detail/dds_fastrtps
[2.441s] -- Up-to-date: /home/gargie/service/install/tutorial_interface/include/tutorial_interface/tutorial_interface/srv/detail/add_three_ints__rosidl_typesupport_fastrtps_cpp.hpp
[2.442s] -- Up-to-date: /home/gargie/service/install/tutorial_interface/include/tutorial_interface/tutorial_interface/msg
[2.442s] -- Up-to-date: /home/gargie/service/install/tutorial_interface/include/tutorial_interface/tutorial_interface/msg/detail
[2.443s] -- Up-to-date: /home/gargie/service/install/tutorial_interface/include/tutorial_interface/tutorial_interface/msg/detail/dds_fastrtps
[2.443s] -- Up-to-date: /home/gargie/service/install/tutorial_interface/include/tutorial_interface/tutorial_interface/msg/detail/sphere__rosidl_typesupport_fastrtps_cpp.hpp
[2.444s] -- Up-to-date: /home/gargie/service/install/tutorial_interface/include/tutorial_interface/tutorial_interface/msg/detail/num__rosidl_typesupport_fastrtps_cpp.hpp
[2.444s] -- Up-to-date: /home/gargie/service/install/tutorial_interface/include/tutorial_interface/tutorial_interface/msg/rosidl_typesupport_fastrtps_cpp__visibility_control.h
[2.444s] -- Up-to-date: /home/gargie/service/install/tutorial_interface/lib/libtutorial_interface__rosidl_typesupport_fastrtps_cpp.so
[2.445s] -- Up-to-date: /home/gargie/service/install/tutorial_interface/include/tutorial_interface/tutorial_interface
[2.445s] -- Up-to-date: /home/gargie/service/install/tutorial_interface/include/tutorial_interface/tutorial_interface/srv
[2.446s] -- Up-to-date: /home/gargie/service/install/tutorial_interface/include/tutorial_interface/tutorial_interface/srv/detail
[2.453s] -- Up-to-date: /home/gargie/service/install/tutorial_interface/include/tutorial_interface/tutorial_interface/srv/detail/add_three_ints__rosidl_typesupport_introspection_c.h
[2.459s] -- Up-to-date: /home/gargie/service/install/tutorial_interface/include/tutorial_interface/tutorial_interface/srv/detail/add_three_ints__type_support.c
[2.459s] -- Up-to-date: /home/gargie/service/install/tutorial_interface/include/tutorial_interface/tutorial_interface/msg
[2.460s] -- Up-to-date: /home/gargie/service/install/tutorial_interface/include/tutorial_interface/tutorial_interface/msg/rosidl_typesupport_introspection_c__visibility_control.h
[2.460s] -- Up-to-date: /home/gargie/service/install/tutorial_interface/include/tutorial_interface/tutorial_interface/msg/detail
[2.461s] -- Up-to-date: /home/gargie/service/install/tutorial_interface/include/tutorial_interface/tutorial_interface/msg/detail/sphere__rosidl_typesupport_introspection_c.h
[2.461s] -- Up-to-date: /home/gargie/service/install/tutorial_interface/include/tutorial_interface/tutorial_interface/msg/detail/num__rosidl_typesupport_introspection_c.h
[2.462s] -- Up-to-date: /home/gargie/service/install/tutorial_interface/include/tutorial_interface/tutorial_interface/msg/detail/num__type_support.c
[2.466s] -- Up-to-date: /home/gargie/service/install/tutorial_interface/include/tutorial_interface/tutorial_interface/msg/detail/sphere__type_support.c
[2.467s] -- Up-to-date: /home/gargie/service/install/tutorial_interface/lib/libtutorial_interface__rosidl_typesupport_introspection_c.so
[2.467s] -- Up-to-date: /home/gargie/service/install/tutorial_interface/lib/libtutorial_interface__rosidl_typesupport_c.so
[2.468s] -- Up-to-date: /home/gargie/service/install/tutorial_interface/include/tutorial_interface/tutorial_interface
[2.469s] -- Up-to-date: /home/gargie/service/install/tutorial_interface/include/tutorial_interface/tutorial_interface/srv
[2.470s] -- Up-to-date: /home/gargie/service/install/tutorial_interface/include/tutorial_interface/tutorial_interface/srv/detail
[2.471s] -- Up-to-date: /home/gargie/service/install/tutorial_interface/include/tutorial_interface/tutorial_interface/srv/detail/add_three_ints__type_support.cpp
[2.471s] -- Up-to-date: /home/gargie/service/install/tutorial_interface/include/tutorial_interface/tutorial_interface/srv/detail/add_three_ints__rosidl_typesupport_introspection_cpp.hpp
[2.472s] -- Up-to-date: /home/gargie/service/install/tutorial_interface/include/tutorial_interface/tutorial_interface/msg
[2.472s] -- Up-to-date: /home/gargie/service/install/tutorial_interface/include/tutorial_interface/tutorial_interface/msg/detail
[2.473s] -- Up-to-date: /home/gargie/service/install/tutorial_interface/include/tutorial_interface/tutorial_interface/msg/detail/sphere__type_support.cpp
[2.473s] -- Up-to-date: /home/gargie/service/install/tutorial_interface/include/tutorial_interface/tutorial_interface/msg/detail/num__rosidl_typesupport_introspection_cpp.hpp
[2.474s] -- Up-to-date: /home/gargie/service/install/tutorial_interface/include/tutorial_interface/tutorial_interface/msg/detail/num__type_support.cpp
[2.474s] -- Up-to-date: /home/gargie/service/install/tutorial_interface/include/tutorial_interface/tutorial_interface/msg/detail/sphere__rosidl_typesupport_introspection_cpp.hpp
[2.475s] -- Up-to-date: /home/gargie/service/install/tutorial_interface/lib/libtutorial_interface__rosidl_typesupport_introspection_cpp.so
[2.475s] -- Up-to-date: /home/gargie/service/install/tutorial_interface/lib/libtutorial_interface__rosidl_typesupport_cpp.so
[2.476s] -- Up-to-date: /home/gargie/service/install/tutorial_interface/share/tutorial_interface/environment/pythonpath.sh
[2.476s] -- Up-to-date: /home/gargie/service/install/tutorial_interface/share/tutorial_interface/environment/pythonpath.dsv
[2.477s] -- Up-to-date: /home/gargie/service/install/tutorial_interface/local/lib/python3.10/dist-packages/tutorial_interface-0.0.0-py3.10.egg-info
[2.478s] -- Installing: /home/gargie/service/install/tutorial_interface/local/lib/python3.10/dist-packages/tutorial_interface-0.0.0-py3.10.egg-info/SOURCES.txt
[2.478s] -- Installing: /home/gargie/service/install/tutorial_interface/local/lib/python3.10/dist-packages/tutorial_interface-0.0.0-py3.10.egg-info/dependency_links.txt
[2.479s] -- Installing: /home/gargie/service/install/tutorial_interface/local/lib/python3.10/dist-packages/tutorial_interface-0.0.0-py3.10.egg-info/top_level.txt
[2.479s] -- Installing: /home/gargie/service/install/tutorial_interface/local/lib/python3.10/dist-packages/tutorial_interface-0.0.0-py3.10.egg-info/PKG-INFO
[2.480s] -- Up-to-date: /home/gargie/service/install/tutorial_interface/local/lib/python3.10/dist-packages/tutorial_interface
[2.480s] -- Up-to-date: /home/gargie/service/install/tutorial_interface/local/lib/python3.10/dist-packages/tutorial_interface/libtutorial_interface__rosidl_generator_py.so
[2.481s] -- Up-to-date: /home/gargie/service/install/tutorial_interface/local/lib/python3.10/dist-packages/tutorial_interface/_tutorial_interface_s.ep.rosidl_typesupport_introspection_c.c
[2.481s] -- Up-to-date: /home/gargie/service/install/tutorial_interface/local/lib/python3.10/dist-packages/tutorial_interface/srv
[2.482s] -- Up-to-date: /home/gargie/service/install/tutorial_interface/local/lib/python3.10/dist-packages/tutorial_interface/srv/_add_three_ints.py
[2.482s] -- Up-to-date: /home/gargie/service/install/tutorial_interface/local/lib/python3.10/dist-packages/tutorial_interface/srv/__init__.py
[2.483s] -- Up-to-date: /home/gargie/service/install/tutorial_interface/local/lib/python3.10/dist-packages/tutorial_interface/srv/_add_three_ints_s.c
[2.483s] -- Up-to-date: /home/gargie/service/install/tutorial_interface/local/lib/python3.10/dist-packages/tutorial_interface/tutorial_interface_s__rosidl_typesupport_c.cpython-310-x86_64-linux-gnu.so
[2.484s] -- Up-to-date: /home/gargie/service/install/tutorial_interface/local/lib/python3.10/dist-packages/tutorial_interface/_tutorial_interface_s.ep.rosidl_typesupport_fastrtps_c.c
[2.484s] -- Up-to-date: /home/gargie/service/install/tutorial_interface/local/lib/python3.10/dist-packages/tutorial_interface/tutorial_interface_s__rosidl_typesupport_fastrtps_c.cpython-310-x86_64-linux-gnu.so
[2.485s] -- Up-to-date: /home/gargie/service/install/tutorial_interface/local/lib/python3.10/dist-packages/tutorial_interface/_tutorial_interface_s.ep.rosidl_typesupport_c.c
[2.485s] -- Up-to-date: /home/gargie/service/install/tutorial_interface/local/lib/python3.10/dist-packages/tutorial_interface/__init__.py
[2.486s] -- Up-to-date: /home/gargie/service/install/tutorial_interface/local/lib/python3.10/dist-packages/tutorial_interface/tutorial_interface_s__rosidl_typesupport_introspection_c.cpython-310-x86_64-linux-gnu.so
[2.486s] -- Up-to-date: /home/gargie/service/install/tutorial_interface/local/lib/python3.10/dist-packages/tutorial_interface/msg
[2.487s] -- Up-to-date: /home/gargie/service/install/tutorial_interface/local/lib/python3.10/dist-packages/tutorial_interface/msg/_num.py
[2.487s] -- Up-to-date: /home/gargie/service/install/tutorial_interface/local/lib/python3.10/dist-packages/tutorial_interface/msg/_num_s.c
[2.488s] -- Up-to-date: /home/gargie/service/install/tutorial_interface/local/lib/python3.10/dist-packages/tutorial_interface/msg/_sphere_s.c
[2.488s] -- Up-to-date: /home/gargie/service/install/tutorial_interface/local/lib/python3.10/dist-packages/tutorial_interface/msg/__init__.py
[2.489s] -- Up-to-date: /home/gargie/service/install/tutorial_interface/local/lib/python3.10/dist-packages/tutorial_interface/msg/_sphere.py
[2.603s] Listing '/home/gargie/service/install/tutorial_interface/local/lib/python3.10/dist-packages/tutorial_interface'...
[2.603s] Listing '/home/gargie/service/install/tutorial_interface/local/lib/python3.10/dist-packages/tutorial_interface/msg'...
[2.604s] Listing '/home/gargie/service/install/tutorial_interface/local/lib/python3.10/dist-packages/tutorial_interface/srv'...
[2.630s] -- Up-to-date: /home/gargie/service/install/tutorial_interface/local/lib/python3.10/dist-packages/tutorial_interface/tutorial_interface_s__rosidl_typesupport_fastrtps_c.cpython-310-x86_64-linux-gnu.so
[2.632s] -- Up-to-date: /home/gargie/service/install/tutorial_interface/local/lib/python3.10/dist-packages/tutorial_interface/tutorial_interface_s__rosidl_typesupport_introspection_c.cpython-310-x86_64-linux-gnu.so
[2.635s] -- Up-to-date: /home/gargie/service/install/tutorial_interface/local/lib/python3.10/dist-packages/tutorial_interface/tutorial_interface_s__rosidl_typesupport_c.cpython-310-x86_64-linux-gnu.so
[2.637s] -- Up-to-date: /home/gargie/service/install/tutorial_interface/lib/libtutorial_interface__rosidl_generator_py.so
[2.638s] -- Up-to-date: /home/gargie/service/install/tutorial_interface/share/tutorial_interface/msg/Num.idl
[2.639s] -- Up-to-date: /home/gargie/service/install/tutorial_interface/share/tutorial_interface/msg/Sphere.idl
[2.641s] -- Up-to-date: /home/gargie/service/install/tutorial_interface/share/tutorial_interface/srv/AddThreeInts.idl
[2.642s] -- Up-to-date: /home/gargie/service/install/tutorial_interface/share/tutorial_interface/msg/Num.msg
[2.643s] -- Up-to-date: /home/gargie/service/install/tutorial_interface/share/tutorial_interface/msg/Sphere.msg
[2.644s] -- Up-to-date: /home/gargie/service/install/tutorial_interface/share/tutorial_interface/srv/AddThreeInts.srv
[2.645s] -- Up-to-date: /home/gargie/service/install/tutorial_interface/share/tutorial_interface/srv/AddThreeInts_Request.msg
[2.646s] -- Up-to-date: /home/gargie/service/install/tutorial_interface/share/tutorial_interface/srv/AddThreeInts_Response.msg
[2.647s] -- Up-to-date: /home/gargie/service/install/tutorial_interface/share/ament_index/resource_index/package_run_dependencies/tutorial_interface
[2.648s] -- Up-to-date: /home/gargie/service/install/tutorial_interface/share/ament_index/resource_index/parent_prefix_path/tutorial_interface
[2.649s] -- Up-to-date: /home/gargie/service/install/tutorial_interface/share/tutorial_interface/environment/ament_prefix_path.sh
[2.651s] -- Up-to-date: /home/gargie/service/install/tutorial_interface/share/tutorial_interface/environment/ament_prefix_path.dsv
[2.652s] -- Up-to-date: /home/gargie/service/install/tutorial_interface/share/tutorial_interface/environment/path.sh
[2.653s] -- Up-to-date: /home/gargie/service/install/tutorial_interface/share/tutorial_interface/environment/path.dsv
[2.654s] -- Up-to-date: /home/gargie/service/install/tutorial_interface/share/tutorial_interface/local_setup.bash
[2.656s] -- Up-to-date: /home/gargie/service/install/tutorial_interface/share/tutorial_interface/local_setup.sh
[2.656s] -- Up-to-date: /home/gargie/service/install/tutorial_interface/share/tutorial_interface/local_setup.zsh
[2.657s] -- Up-to-date: /home/gargie/service/install/tutorial_interface/share/tutorial_interface/local_setup.dsv
[2.657s] -- Installing: /home/gargie/service/install/tutorial_interface/share/tutorial_interface/package.dsv
[2.658s] -- Up-to-date: /home/gargie/service/install/tutorial_interface/share/ament_index/resource_index/packages/tutorial_interface
[2.658s] -- Up-to-date: /home/gargie/service/install/tutorial_interface/share/tutorial_interface/cmake/export_tutorial_interface__rosidl_generator_cExport.cmake
[2.659s] -- Up-to-date: /home/gargie/service/install/tutorial_interface/share/tutorial_interface/cmake/export_tutorial_interface__rosidl_generator_cExport-noconfig.cmake
[2.660s] -- Up-to-date: /home/gargie/service/install/tutorial_interface/share/tutorial_interface/cmake/export_tutorial_interface__rosidl_typesupport_fastrtps_cExport.cmake
[2.661s] -- Up-to-date: /home/gargie/service/install/tutorial_interface/share/tutorial_interface/cmake/export_tutorial_interface__rosidl_typesupport_fastrtps_cExport-noconfig.cmake
[2.662s] -- Up-to-date: /home/gargie/service/install/tutorial_interface/share/tutorial_interface/cmake/export_tutorial_interface__rosidl_generator_cppExport.cmake
[2.662s] -- Up-to-date: /home/gargie/service/install/tutorial_interface/share/tutorial_interface/cmake/export_tutorial_interface__rosidl_typesupport_fastrtps_cppExport.cmake
[2.663s] -- Up-to-date: /home/gargie/service/install/tutorial_interface/share/tutorial_interface/cmake/export_tutorial_interface__rosidl_typesupport_fastrtps_cppExport-noconfig.cmake
[2.664s] -- Up-to-date: /home/gargie/service/install/tutorial_interface/share/tutorial_interface/cmake/tutorial_interface__rosidl_typesupport_introspection_cExport.cmake
[2.665s] -- Up-to-date: /home/gargie/service/install/tutorial_interface/share/tutorial_interface/cmake/tutorial_interface__rosidl_typesupport_introspection_cExport-noconfig.cmake
[2.666s] -- Up-to-date: /home/gargie/service/install/tutorial_interface/share/tutorial_interface/cmake/tutorial_interface__rosidl_typesupport_cExport.cmake
[2.667s] -- Up-to-date: /home/gargie/service/install/tutorial_interface/share/tutorial_interface/cmake/tutorial_interface__rosidl_typesupport_cExport-noconfig.cmake
[2.668s] -- Up-to-date: /home/gargie/service/install/tutorial_interface/share/tutorial_interface/cmake/tutorial_interface__rosidl_typesupport_introspection_cppExport.cmake
[2.668s] -- Up-to-date: /home/gargie/service/install/tutorial_interface/share/tutorial_interface/cmake/tutorial_interface__rosidl_typesupport_introspection_cppExport-noconfig.cmake
[2.669s] -- Up-to-date: /home/gargie/service/install/tutorial_interface/share/tutorial_interface/cmake/tutorial_interface__rosidl_typesupport_cppExport.cmake
[2.669s] -- Up-to-date: /home/gargie/service/install/tutorial_interface/share/tutorial_interface/cmake/tutorial_interface__rosidl_typesupport_cppExport-noconfig.cmake
[2.670s] -- Up-to-date: /home/gargie/service/install/tutorial_interface/share/tutorial_interface/cmake/export_tutorial_interface__rosidl_generator_pyExport.cmake
[2.670s] -- Up-to-date: /home/gargie/service/install/tutorial_interface/share/tutorial_interface/cmake/export_tutorial_interface__rosidl_generator_pyExport-noconfig.cmake
[2.671s] -- Up-to-date: /home/gargie/service/install/tutorial_interface/share/tutorial_interface/cmake/rosidl_cmake-extras.cmake
[2.671s] -- Up-to-date: /home/gargie/service/install/tutorial_interface/share/tutorial_interface/cmake/ament_cmake_export_dependencies-extras.cmake
[2.672s] -- Up-to-date: /home/gargie/service/install/tutorial_interface/share/tutorial_interface/cmake/ament_cmake_export_include_directories-extras.cmake
[2.673s] -- Up-to-date: /home/gargie/service/install/tutorial_interface/share/tutorial_interface/cmake/ament_cmake_export_libraries-extras.cmake
[2.674s] -- Up-to-date: /home/gargie/service/install/tutorial_interface/share/tutorial_interface/cmake/ament_cmake_export_targets-extras.cmake
[2.675s] -- Up-to-date: /home/gargie/service/install/tutorial_interface/share/tutorial_interface/cmake/rosidl_cmake_export_typesupport_targets-extras.cmake
[2.676s] -- Up-to-date: /home/gargie/service/install/tutorial_interface/share/tutorial_interface/cmake/rosidl_cmake_export_typesupport_libraries-extras.cmake
[2.676s] -- Up-to-date: /home/gargie/service/install/tutorial_interface/share/tutorial_interface/cmake/tutorial_interfaceConfig.cmake
[2.679s] -- Up-to-date: /home/gargie/service/install/tutorial_interface/share/tutorial_interface/cmake/tutorial_interfaceConfig-version.cmake
[2.679s] -- Up-to-date: /home/gargie/service/install/tutorial_interface/share/tutorial_interface/package.xml
[2.680s] Invoked command in '/home/gargie/service/build/tutorial_interface' returned '0': CMAKE_PREFIX_PATH=${CMAKE_PREFIX_PATH}:/home/gargie/service/install/py_srvcli:/home/gargie/key_ws/install/key1_pkg:/opt/ros/humble /usr/bin/cmake --install /home/gargie/service/build/tutorial_interface
