[3.112s] Invoking command in '/home/gargie/launch_ws/src/py_launch_example': PYTHONPATH=/home/gargie/launch_ws/build/py_launch_example/prefix_override:/usr/lib/python3/dist-packages/colcon_core/task/python/colcon_distutils_commands:/home/gargie/launch_ws/install/py_launch_example/lib/python3.10/site-packages:${PYTHONPATH} /usr/bin/python3 -W ignore:setup.py install is deprecated -W ignore:easy_install command is deprecated setup.py egg_info --egg-base ../../build/py_launch_example build --build-base /home/gargie/launch_ws/build/py_launch_example/build install --record /home/gargie/launch_ws/build/py_launch_example/install.log --single-version-externally-managed install_data
[4.366s] running egg_info
[4.369s] writing ../../build/py_launch_example/py_launch_example.egg-info/PKG-INFO
[4.371s] writing dependency_links to ../../build/py_launch_example/py_launch_example.egg-info/dependency_links.txt
[4.373s] writing entry points to ../../build/py_launch_example/py_launch_example.egg-info/entry_points.txt
[4.375s] writing requirements to ../../build/py_launch_example/py_launch_example.egg-info/requires.txt
[4.378s] writing top-level names to ../../build/py_launch_example/py_launch_example.egg-info/top_level.txt
[4.380s] reading manifest file '../../build/py_launch_example/py_launch_example.egg-info/SOURCES.txt'
[4.382s] adding license file 'LICENSE'
[4.390s] writing manifest file '../../build/py_launch_example/py_launch_example.egg-info/SOURCES.txt'
[4.392s] running build
[4.393s] running build_py
[4.395s] running install
[4.397s] running install_lib
[4.398s] running install_data
[4.400s] running install_egg_info
[4.406s] removing '/home/gargie/launch_ws/install/py_launch_example/lib/python3.10/site-packages/py_launch_example-0.0.0-py3.10.egg-info' (and everything under it)
[4.408s] Copying ../../build/py_launch_example/py_launch_example.egg-info to /home/gargie/launch_ws/install/py_launch_example/lib/python3.10/site-packages/py_launch_example-0.0.0-py3.10.egg-info
[4.412s] running install_scripts
[4.501s] writing list of installed files to '/home/gargie/launch_ws/build/py_launch_example/install.log'
[4.631s] Invoked command in '/home/gargie/launch_ws/src/py_launch_example' returned '0': PYTHONPATH=/home/gargie/launch_ws/build/py_launch_example/prefix_override:/usr/lib/python3/dist-packages/colcon_core/task/python/colcon_distutils_commands:/home/gargie/launch_ws/install/py_launch_example/lib/python3.10/site-packages:${PYTHONPATH} /usr/bin/python3 -W ignore:setup.py install is deprecated -W ignore:easy_install command is deprecated setup.py egg_info --egg-base ../../build/py_launch_example build --build-base /home/gargie/launch_ws/build/py_launch_example/build install --record /home/gargie/launch_ws/build/py_launch_example/install.log --single-version-externally-managed install_data
