[0.084s] Invoking command in '/home/gargie/service/build/cpp_srvcli': CMAKE_PREFIX_PATH=${CMAKE_PREFIX_PATH}:/home/gargie/key_ws/install/key1_pkg:/opt/ros/humble /usr/bin/cmake --build /home/gargie/service/build/cpp_srvcli -- -j4 -l4
[0.273s] [35m[1mConsolidate compiler generated dependencies of target client[0m
[0.320s] [ 50%] Built target server
[0.344s] [ 75%] [32mBuilding CXX object CMakeFiles/client.dir/src/add_two_ints_client.cpp.o[0m
[17.339s] [100%] [32m[1mLinking CXX executable client[0m
[18.251s] [100%] Built target client
[18.294s] Invoked command in '/home/gargie/service/build/cpp_srvcli' returned '0': CMAKE_PREFIX_PATH=${CMAKE_PREFIX_PATH}:/home/gargie/key_ws/install/key1_pkg:/opt/ros/humble /usr/bin/cmake --build /home/gargie/service/build/cpp_srvcli -- -j4 -l4
[18.332s] Invoking command in '/home/gargie/service/build/cpp_srvcli': CMAKE_PREFIX_PATH=${CMAKE_PREFIX_PATH}:/home/gargie/key_ws/install/key1_pkg:/opt/ros/humble /usr/bin/cmake --install /home/gargie/service/build/cpp_srvcli
[18.361s] -- Install configuration: ""
[18.362s] -- Up-to-date: /home/gargie/service/install/cpp_srvcli/lib/cpp_srvcli/server
[18.363s] -- Installing: /home/gargie/service/install/cpp_srvcli/lib/cpp_srvcli/client
[18.369s] -- Set runtime path of "/home/gargie/service/install/cpp_srvcli/lib/cpp_srvcli/client" to ""
[18.370s] -- Up-to-date: /home/gargie/service/install/cpp_srvcli/share/ament_index/resource_index/package_run_dependencies/cpp_srvcli
[18.371s] -- Up-to-date: /home/gargie/service/install/cpp_srvcli/share/ament_index/resource_index/parent_prefix_path/cpp_srvcli
[18.372s] -- Up-to-date: /home/gargie/service/install/cpp_srvcli/share/cpp_srvcli/environment/ament_prefix_path.sh
[18.373s] -- Up-to-date: /home/gargie/service/install/cpp_srvcli/share/cpp_srvcli/environment/ament_prefix_path.dsv
[18.373s] -- Up-to-date: /home/gargie/service/install/cpp_srvcli/share/cpp_srvcli/environment/path.sh
[18.374s] -- Up-to-date: /home/gargie/service/install/cpp_srvcli/share/cpp_srvcli/environment/path.dsv
[18.375s] -- Up-to-date: /home/gargie/service/install/cpp_srvcli/share/cpp_srvcli/local_setup.bash
[18.377s] -- Up-to-date: /home/gargie/service/install/cpp_srvcli/share/cpp_srvcli/local_setup.sh
[18.378s] -- Up-to-date: /home/gargie/service/install/cpp_srvcli/share/cpp_srvcli/local_setup.zsh
[18.385s] -- Up-to-date: /home/gargie/service/install/cpp_srvcli/share/cpp_srvcli/local_setup.dsv
[18.385s] -- Installing: /home/gargie/service/install/cpp_srvcli/share/cpp_srvcli/package.dsv
[18.386s] -- Up-to-date: /home/gargie/service/install/cpp_srvcli/share/ament_index/resource_index/packages/cpp_srvcli
[18.387s] -- Up-to-date: /home/gargie/service/install/cpp_srvcli/share/cpp_srvcli/cmake/cpp_srvcliConfig.cmake
[18.389s] -- Up-to-date: /home/gargie/service/install/cpp_srvcli/share/cpp_srvcli/cmake/cpp_srvcliConfig-version.cmake
[18.390s] -- Up-to-date: /home/gargie/service/install/cpp_srvcli/share/cpp_srvcli/package.xml
[18.391s] Invoked command in '/home/gargie/service/build/cpp_srvcli' returned '0': CMAKE_PREFIX_PATH=${CMAKE_PREFIX_PATH}:/home/gargie/key_ws/install/key1_pkg:/opt/ros/humble /usr/bin/cmake --install /home/gargie/service/build/cpp_srvcli
