[3.501s] Invoking command in '/home/gargie/service/src/py_srvcli': PYTHONPATH=/home/gargie/service/build/py_srvcli/prefix_override:/usr/lib/python3/dist-packages/colcon_core/task/python/colcon_distutils_commands:/home/gargie/service/install/py_srvcli/lib/python3.10/site-packages:${PYTHONPATH} /usr/bin/python3 -W ignore:setup.py install is deprecated -W ignore:easy_install command is deprecated setup.py egg_info --egg-base ../../build/py_srvcli build --build-base /home/gargie/service/build/py_srvcli/build install --record /home/gargie/service/build/py_srvcli/install.log --single-version-externally-managed install_data
[4.657s] running egg_info
[4.660s] writing ../../build/py_srvcli/py_srvcli.egg-info/PKG-INFO
[4.661s] writing dependency_links to ../../build/py_srvcli/py_srvcli.egg-info/dependency_links.txt
[4.662s] writing entry points to ../../build/py_srvcli/py_srvcli.egg-info/entry_points.txt
[4.663s] writing requirements to ../../build/py_srvcli/py_srvcli.egg-info/requires.txt
[4.664s] writing top-level names to ../../build/py_srvcli/py_srvcli.egg-info/top_level.txt
[4.672s] reading manifest file '../../build/py_srvcli/py_srvcli.egg-info/SOURCES.txt'
[4.673s] adding license file 'LICENSE'
[4.676s] writing manifest file '../../build/py_srvcli/py_srvcli.egg-info/SOURCES.txt'
[4.677s] running build
[4.678s] running build_py
[4.684s] running install
[4.686s] running install_lib
[4.691s] running install_data
[4.692s] running install_egg_info
[4.700s] removing '/home/gargie/service/install/py_srvcli/lib/python3.10/site-packages/py_srvcli-0.0.0-py3.10.egg-info' (and everything under it)
[4.701s] Copying ../../build/py_srvcli/py_srvcli.egg-info to /home/gargie/service/install/py_srvcli/lib/python3.10/site-packages/py_srvcli-0.0.0-py3.10.egg-info
[4.706s] running install_scripts
[4.790s] Installing client script to /home/gargie/service/install/py_srvcli/lib/py_srvcli
[4.791s] Installing service script to /home/gargie/service/install/py_srvcli/lib/py_srvcli
[4.793s] writing list of installed files to '/home/gargie/service/build/py_srvcli/install.log'
[4.919s] Invoked command in '/home/gargie/service/src/py_srvcli' returned '0': PYTHONPATH=/home/gargie/service/build/py_srvcli/prefix_override:/usr/lib/python3/dist-packages/colcon_core/task/python/colcon_distutils_commands:/home/gargie/service/install/py_srvcli/lib/python3.10/site-packages:${PYTHONPATH} /usr/bin/python3 -W ignore:setup.py install is deprecated -W ignore:easy_install command is deprecated setup.py egg_info --egg-base ../../build/py_srvcli build --build-base /home/gargie/service/build/py_srvcli/build install --record /home/gargie/service/build/py_srvcli/install.log --single-version-externally-managed install_data
