[0.524s] DEBUG:colcon:Command line arguments: ['/usr/bin/colcon', 'build']
[0.524s] DEBUG:colcon:Parsed command line arguments: Namespace(log_base=None, log_level=None, verb_name='build', build_base='build', install_base='install', merge_install=False, symlink_install=False, test_result_base=None, continue_on_error=False, executor='parallel', parallel_workers=4, event_handlers=None, ignore_user_meta=False, metas=['./colcon.meta'], base_paths=['.'], packages_ignore=None, packages_ignore_regex=None, paths=None, packages_up_to=None, packages_up_to_regex=None, packages_above=None, packages_above_and_dependencies=None, packages_above_depth=None, packages_select_by_dep=None, packages_skip_by_dep=None, packages_skip_up_to=None, packages_select_build_failed=False, packages_skip_build_finished=False, packages_select_test_failures=False, packages_skip_test_passed=False, packages_select=None, packages_skip=None, packages_select_regex=None, packages_skip_regex=None, packages_start=None, packages_end=None, allow_overriding=[], cmake_args=None, cmake_target=None, cmake_target_skip_unavailable=False, cmake_clean_cache=False, cmake_clean_first=False, cmake_force_configure=False, ament_cmake_args=None, catkin_cmake_args=None, catkin_skip_building_tests=False, mixin_files=None, mixin=None, verb_parser=<colcon_mixin.mixin.mixin_argument.MixinArgumentDecorator object at 0x7f4fe4f66b60>, verb_extension=<colcon_core.verb.build.BuildVerb object at 0x7f4fe4f666b0>, main=<bound method BuildVerb.main of <colcon_core.verb.build.BuildVerb object at 0x7f4fe4f666b0>>, mixin_verb=('build',))
[1.349s] Level 1:colcon.colcon_core.package_discovery:discover_packages(colcon_meta) check parameters
[1.350s] Level 1:colcon.colcon_core.package_discovery:discover_packages(recursive) check parameters
[1.350s] Level 1:colcon.colcon_core.package_discovery:discover_packages(ignore) check parameters
[1.350s] Level 1:colcon.colcon_core.package_discovery:discover_packages(path) check parameters
[1.350s] Level 1:colcon.colcon_core.package_discovery:discover_packages(colcon_meta) discover
[1.350s] Level 1:colcon.colcon_core.package_discovery:discover_packages(recursive) discover
[1.350s] INFO:colcon.colcon_core.package_discovery:Crawling recursively for packages in '/home/gargie/interfaces'
[1.351s] Level 1:colcon.colcon_core.package_identification:_identify(.) by extensions ['ignore', 'ignore_ament_install']
[1.351s] Level 1:colcon.colcon_core.package_identification:_identify(.) by extension 'ignore'
[1.351s] Level 1:colcon.colcon_core.package_identification:_identify(.) by extension 'ignore_ament_install'
[1.352s] Level 1:colcon.colcon_core.package_identification:_identify(.) by extensions ['colcon_pkg']
[1.352s] Level 1:colcon.colcon_core.package_identification:_identify(.) by extension 'colcon_pkg'
[1.352s] Level 1:colcon.colcon_core.package_identification:_identify(.) by extensions ['colcon_meta']
[1.352s] Level 1:colcon.colcon_core.package_identification:_identify(.) by extension 'colcon_meta'
[1.352s] Level 1:colcon.colcon_core.package_identification:_identify(.) by extensions ['ros']
[1.352s] Level 1:colcon.colcon_core.package_identification:_identify(.) by extension 'ros'
[1.402s] Level 1:colcon.colcon_core.package_identification:_identify(.) by extensions ['cmake', 'python']
[1.402s] Level 1:colcon.colcon_core.package_identification:_identify(.) by extension 'cmake'
[1.402s] Level 1:colcon.colcon_core.package_identification:_identify(.) by extension 'python'
[1.403s] Level 1:colcon.colcon_core.package_identification:_identify(.) by extensions ['python_setup_py']
[1.403s] Level 1:colcon.colcon_core.package_identification:_identify(.) by extension 'python_setup_py'
[1.403s] Level 1:colcon.colcon_core.package_identification:_identify(build) by extensions ['ignore', 'ignore_ament_install']
[1.404s] Level 1:colcon.colcon_core.package_identification:_identify(build) by extension 'ignore'
[1.404s] Level 1:colcon.colcon_core.package_identification:_identify(build) ignored
[1.405s] Level 1:colcon.colcon_core.package_identification:_identify(install) by extensions ['ignore', 'ignore_ament_install']
[1.405s] Level 1:colcon.colcon_core.package_identification:_identify(install) by extension 'ignore'
[1.405s] Level 1:colcon.colcon_core.package_identification:_identify(install) ignored
[1.406s] Level 1:colcon.colcon_core.package_identification:_identify(log) by extensions ['ignore', 'ignore_ament_install']
[1.406s] Level 1:colcon.colcon_core.package_identification:_identify(log) by extension 'ignore'
[1.406s] Level 1:colcon.colcon_core.package_identification:_identify(log) ignored
[1.407s] Level 1:colcon.colcon_core.package_identification:_identify(src) by extensions ['ignore', 'ignore_ament_install']
[1.407s] Level 1:colcon.colcon_core.package_identification:_identify(src) by extension 'ignore'
[1.407s] Level 1:colcon.colcon_core.package_identification:_identify(src) by extension 'ignore_ament_install'
[1.407s] Level 1:colcon.colcon_core.package_identification:_identify(src) by extensions ['colcon_pkg']
[1.408s] Level 1:colcon.colcon_core.package_identification:_identify(src) by extension 'colcon_pkg'
[1.408s] Level 1:colcon.colcon_core.package_identification:_identify(src) by extensions ['colcon_meta']
[1.408s] Level 1:colcon.colcon_core.package_identification:_identify(src) by extension 'colcon_meta'
[1.408s] Level 1:colcon.colcon_core.package_identification:_identify(src) by extensions ['ros']
[1.408s] Level 1:colcon.colcon_core.package_identification:_identify(src) by extension 'ros'
[1.409s] Level 1:colcon.colcon_core.package_identification:_identify(src) by extensions ['cmake', 'python']
[1.409s] Level 1:colcon.colcon_core.package_identification:_identify(src) by extension 'cmake'
[1.409s] Level 1:colcon.colcon_core.package_identification:_identify(src) by extension 'python'
[1.409s] Level 1:colcon.colcon_core.package_identification:_identify(src) by extensions ['python_setup_py']
[1.409s] Level 1:colcon.colcon_core.package_identification:_identify(src) by extension 'python_setup_py'
[1.410s] Level 1:colcon.colcon_core.package_identification:_identify(src/cpp_eventhandle) by extensions ['ignore', 'ignore_ament_install']
[1.410s] Level 1:colcon.colcon_core.package_identification:_identify(src/cpp_eventhandle) by extension 'ignore'
[1.410s] Level 1:colcon.colcon_core.package_identification:_identify(src/cpp_eventhandle) by extension 'ignore_ament_install'
[1.410s] Level 1:colcon.colcon_core.package_identification:_identify(src/cpp_eventhandle) by extensions ['colcon_pkg']
[1.411s] Level 1:colcon.colcon_core.package_identification:_identify(src/cpp_eventhandle) by extension 'colcon_pkg'
[1.411s] Level 1:colcon.colcon_core.package_identification:_identify(src/cpp_eventhandle) by extensions ['colcon_meta']
[1.411s] Level 1:colcon.colcon_core.package_identification:_identify(src/cpp_eventhandle) by extension 'colcon_meta'
[1.411s] Level 1:colcon.colcon_core.package_identification:_identify(src/cpp_eventhandle) by extensions ['ros']
[1.411s] Level 1:colcon.colcon_core.package_identification:_identify(src/cpp_eventhandle) by extension 'ros'
[1.421s] DEBUG:colcon.colcon_core.package_identification:Package 'src/cpp_eventhandle' with type 'ros.ament_cmake' and name 'cpp_eventhandle'
[1.422s] Level 1:colcon.colcon_core.package_identification:_identify(src/inter_pkg) by extensions ['ignore', 'ignore_ament_install']
[1.422s] Level 1:colcon.colcon_core.package_identification:_identify(src/inter_pkg) by extension 'ignore'
[1.423s] Level 1:colcon.colcon_core.package_identification:_identify(src/inter_pkg) by extension 'ignore_ament_install'
[1.423s] Level 1:colcon.colcon_core.package_identification:_identify(src/inter_pkg) by extensions ['colcon_pkg']
[1.423s] Level 1:colcon.colcon_core.package_identification:_identify(src/inter_pkg) by extension 'colcon_pkg'
[1.423s] Level 1:colcon.colcon_core.package_identification:_identify(src/inter_pkg) by extensions ['colcon_meta']
[1.423s] Level 1:colcon.colcon_core.package_identification:_identify(src/inter_pkg) by extension 'colcon_meta'
[1.423s] Level 1:colcon.colcon_core.package_identification:_identify(src/inter_pkg) by extensions ['ros']
[1.424s] Level 1:colcon.colcon_core.package_identification:_identify(src/inter_pkg) by extension 'ros'
[1.427s] DEBUG:colcon.colcon_core.package_identification:Package 'src/inter_pkg' with type 'ros.ament_cmake' and name 'inter_pkg'
[1.427s] Level 1:colcon.colcon_core.package_discovery:discover_packages(recursive) using defaults
[1.428s] Level 1:colcon.colcon_core.package_discovery:discover_packages(ignore) discover
[1.428s] Level 1:colcon.colcon_core.package_discovery:discover_packages(ignore) using defaults
[1.428s] Level 1:colcon.colcon_core.package_discovery:discover_packages(path) discover
[1.428s] Level 1:colcon.colcon_core.package_discovery:discover_packages(path) using defaults
[1.559s] Level 1:colcon.colcon_core.package_discovery:discover_packages(prefix_path) check parameters
[1.559s] Level 1:colcon.colcon_core.package_discovery:discover_packages(prefix_path) discover
[1.570s] DEBUG:colcon.colcon_installed_package_information.package_discovery:Found 2 installed packages in /home/gargie/interfaces/install
[1.572s] DEBUG:colcon.colcon_installed_package_information.package_discovery:Found 1 installed packages in /home/gargie/interm_ws/install
[1.575s] DEBUG:colcon.colcon_installed_package_information.package_discovery:Found 5 installed packages in /home/gargie/service/install
[1.577s] DEBUG:colcon.colcon_installed_package_information.package_discovery:Found 1 installed packages in /home/gargie/project/install
[1.579s] DEBUG:colcon.colcon_installed_package_information.package_discovery:Found 2 installed packages in /home/gargie/key_ws/install
[1.581s] DEBUG:colcon.colcon_installed_package_information.package_discovery:Found 1 installed packages in /home/gargie/chem_ws/install
[1.589s] DEBUG:colcon.colcon_installed_package_information.package_discovery:Found 295 installed packages in /opt/ros/humble
[1.599s] Level 1:colcon.colcon_core.package_discovery:discover_packages(prefix_path) using defaults
[1.809s] Level 5:colcon.colcon_core.verb:set package 'cpp_eventhandle' build argument 'cmake_args' from command line to 'None'
[1.810s] Level 5:colcon.colcon_core.verb:set package 'cpp_eventhandle' build argument 'cmake_target' from command line to 'None'
[1.810s] Level 5:colcon.colcon_core.verb:set package 'cpp_eventhandle' build argument 'cmake_target_skip_unavailable' from command line to 'False'
[1.810s] Level 5:colcon.colcon_core.verb:set package 'cpp_eventhandle' build argument 'cmake_clean_cache' from command line to 'False'
[1.810s] Level 5:colcon.colcon_core.verb:set package 'cpp_eventhandle' build argument 'cmake_clean_first' from command line to 'False'
[1.810s] Level 5:colcon.colcon_core.verb:set package 'cpp_eventhandle' build argument 'cmake_force_configure' from command line to 'False'
[1.810s] Level 5:colcon.colcon_core.verb:set package 'cpp_eventhandle' build argument 'ament_cmake_args' from command line to 'None'
[1.810s] Level 5:colcon.colcon_core.verb:set package 'cpp_eventhandle' build argument 'catkin_cmake_args' from command line to 'None'
[1.810s] Level 5:colcon.colcon_core.verb:set package 'cpp_eventhandle' build argument 'catkin_skip_building_tests' from command line to 'False'
[1.811s] DEBUG:colcon.colcon_core.verb:Building package 'cpp_eventhandle' with the following arguments: {'ament_cmake_args': None, 'build_base': '/home/gargie/interfaces/build/cpp_eventhandle', 'catkin_cmake_args': None, 'catkin_skip_building_tests': False, 'cmake_args': None, 'cmake_clean_cache': False, 'cmake_clean_first': False, 'cmake_force_configure': False, 'cmake_target': None, 'cmake_target_skip_unavailable': False, 'install_base': '/home/gargie/interfaces/install/cpp_eventhandle', 'merge_install': False, 'path': '/home/gargie/interfaces/src/cpp_eventhandle', 'symlink_install': False, 'test_result_base': None}
[1.812s] Level 5:colcon.colcon_core.verb:set package 'inter_pkg' build argument 'cmake_args' from command line to 'None'
[1.813s] Level 5:colcon.colcon_core.verb:set package 'inter_pkg' build argument 'cmake_target' from command line to 'None'
[1.813s] Level 5:colcon.colcon_core.verb:set package 'inter_pkg' build argument 'cmake_target_skip_unavailable' from command line to 'False'
[1.813s] Level 5:colcon.colcon_core.verb:set package 'inter_pkg' build argument 'cmake_clean_cache' from command line to 'False'
[1.813s] Level 5:colcon.colcon_core.verb:set package 'inter_pkg' build argument 'cmake_clean_first' from command line to 'False'
[1.813s] Level 5:colcon.colcon_core.verb:set package 'inter_pkg' build argument 'cmake_force_configure' from command line to 'False'
[1.813s] Level 5:colcon.colcon_core.verb:set package 'inter_pkg' build argument 'ament_cmake_args' from command line to 'None'
[1.813s] Level 5:colcon.colcon_core.verb:set package 'inter_pkg' build argument 'catkin_cmake_args' from command line to 'None'
[1.813s] Level 5:colcon.colcon_core.verb:set package 'inter_pkg' build argument 'catkin_skip_building_tests' from command line to 'False'
[1.814s] DEBUG:colcon.colcon_core.verb:Building package 'inter_pkg' with the following arguments: {'ament_cmake_args': None, 'build_base': '/home/gargie/interfaces/build/inter_pkg', 'catkin_cmake_args': None, 'catkin_skip_building_tests': False, 'cmake_args': None, 'cmake_clean_cache': False, 'cmake_clean_first': False, 'cmake_force_configure': False, 'cmake_target': None, 'cmake_target_skip_unavailable': False, 'install_base': '/home/gargie/interfaces/install/inter_pkg', 'merge_install': False, 'path': '/home/gargie/interfaces/src/inter_pkg', 'symlink_install': False, 'test_result_base': None}
[1.814s] INFO:colcon.colcon_core.executor:Executing jobs using 'parallel' executor
[1.818s] DEBUG:colcon.colcon_parallel_executor.executor.parallel:run_until_complete
[1.820s] INFO:colcon.colcon_ros.task.ament_cmake.build:Building ROS package in '/home/gargie/interfaces/src/cpp_eventhandle' with build type 'ament_cmake'
[1.820s] INFO:colcon.colcon_cmake.task.cmake.build:Building CMake package in '/home/gargie/interfaces/src/cpp_eventhandle'
[1.830s] INFO:colcon.colcon_core.plugin_system:Skipping extension 'colcon_core.shell.bat': Not used on non-Windows systems
[1.830s] INFO:colcon.colcon_core.shell:Skip shell extension 'powershell' for command environment: Not usable outside of PowerShell
[1.831s] DEBUG:colcon.colcon_core.shell:Skip shell extension 'dsv' for command environment
[1.863s] INFO:colcon.colcon_ros.task.ament_cmake.build:Building ROS package in '/home/gargie/interfaces/src/inter_pkg' with build type 'ament_cmake'
[1.864s] INFO:colcon.colcon_cmake.task.cmake.build:Building CMake package in '/home/gargie/interfaces/src/inter_pkg'
[1.865s] INFO:colcon.colcon_core.shell:Skip shell extension 'powershell' for command environment: Not usable outside of PowerShell
[1.866s] DEBUG:colcon.colcon_core.shell:Skip shell extension 'dsv' for command environment
[1.912s] DEBUG:colcon.colcon_core.event_handler.log_command:Invoking command in '/home/gargie/interfaces/build/cpp_eventhandle': CMAKE_PREFIX_PATH=${CMAKE_PREFIX_PATH}:/home/gargie/service/install/py_srvcli:/home/gargie/service/install/py_parameter:/home/gargie/key_ws/install/key1_pkg:/opt/ros/humble /usr/bin/cmake --build /home/gargie/interfaces/build/cpp_eventhandle -- -j4 -l4
[1.939s] DEBUG:colcon.colcon_core.event_handler.log_command:Invoking command in '/home/gargie/interfaces/build/inter_pkg': CMAKE_PREFIX_PATH=${CMAKE_PREFIX_PATH}:/home/gargie/service/install/py_srvcli:/home/gargie/service/install/py_parameter:/home/gargie/key_ws/install/key1_pkg:/opt/ros/humble /usr/bin/cmake --build /home/gargie/interfaces/build/inter_pkg -- -j4 -l4
[2.219s] DEBUG:colcon.colcon_core.event_handler.log_command:Invoked command in '/home/gargie/interfaces/build/inter_pkg' returned '0': CMAKE_PREFIX_PATH=${CMAKE_PREFIX_PATH}:/home/gargie/service/install/py_srvcli:/home/gargie/service/install/py_parameter:/home/gargie/key_ws/install/key1_pkg:/opt/ros/humble /usr/bin/cmake --build /home/gargie/interfaces/build/inter_pkg -- -j4 -l4
[2.260s] DEBUG:colcon.colcon_core.event_handler.log_command:Invoking command in '/home/gargie/interfaces/build/inter_pkg': CMAKE_PREFIX_PATH=${CMAKE_PREFIX_PATH}:/home/gargie/service/install/py_srvcli:/home/gargie/service/install/py_parameter:/home/gargie/key_ws/install/key1_pkg:/opt/ros/humble /usr/bin/cmake --install /home/gargie/interfaces/build/inter_pkg
[2.303s] Level 1:colcon.colcon_core.environment:create_environment_scripts_only(inter_pkg)
[2.307s] DEBUG:colcon.colcon_core.event_handler.log_command:Invoked command in '/home/gargie/interfaces/build/inter_pkg' returned '0': CMAKE_PREFIX_PATH=${CMAKE_PREFIX_PATH}:/home/gargie/service/install/py_srvcli:/home/gargie/service/install/py_parameter:/home/gargie/key_ws/install/key1_pkg:/opt/ros/humble /usr/bin/cmake --install /home/gargie/interfaces/build/inter_pkg
[2.317s] Level 1:colcon.colcon_core.environment:checking '/home/gargie/interfaces/install/inter_pkg' for CMake module files
[2.319s] Level 1:colcon.colcon_core.environment:checking '/home/gargie/interfaces/install/inter_pkg' for CMake config files
[2.322s] Level 1:colcon.colcon_core.shell:create_environment_hook('inter_pkg', 'cmake_prefix_path')
[2.324s] INFO:colcon.colcon_core.shell:Creating environment hook '/home/gargie/interfaces/install/inter_pkg/share/inter_pkg/hook/cmake_prefix_path.ps1'
[2.328s] INFO:colcon.colcon_core.shell:Creating environment descriptor '/home/gargie/interfaces/install/inter_pkg/share/inter_pkg/hook/cmake_prefix_path.dsv'
[2.331s] INFO:colcon.colcon_core.shell:Creating environment hook '/home/gargie/interfaces/install/inter_pkg/share/inter_pkg/hook/cmake_prefix_path.sh'
[2.336s] Level 1:colcon.colcon_core.environment:checking '/home/gargie/interfaces/install/inter_pkg/lib'
[2.338s] Level 1:colcon.colcon_core.environment:checking '/home/gargie/interfaces/install/inter_pkg/bin'
[2.339s] Level 1:colcon.colcon_core.environment:checking '/home/gargie/interfaces/install/inter_pkg/lib/pkgconfig/inter_pkg.pc'
[2.340s] Level 1:colcon.colcon_core.environment:checking '/home/gargie/interfaces/install/inter_pkg/lib/python3.10/site-packages'
[2.341s] Level 1:colcon.colcon_core.environment:checking '/home/gargie/interfaces/install/inter_pkg/bin'
[2.343s] INFO:colcon.colcon_core.shell:Creating package script '/home/gargie/interfaces/install/inter_pkg/share/inter_pkg/package.ps1'
[2.348s] INFO:colcon.colcon_core.shell:Creating package descriptor '/home/gargie/interfaces/install/inter_pkg/share/inter_pkg/package.dsv'
[2.352s] INFO:colcon.colcon_core.shell:Creating package script '/home/gargie/interfaces/install/inter_pkg/share/inter_pkg/package.sh'
[2.357s] INFO:colcon.colcon_core.shell:Creating package script '/home/gargie/interfaces/install/inter_pkg/share/inter_pkg/package.bash'
[2.362s] INFO:colcon.colcon_core.shell:Creating package script '/home/gargie/interfaces/install/inter_pkg/share/inter_pkg/package.zsh'
[2.366s] Level 1:colcon.colcon_core.environment:create_file_with_runtime_dependencies(/home/gargie/interfaces/install/inter_pkg/share/colcon-core/packages/inter_pkg)
[2.369s] Level 1:colcon.colcon_core.environment:create_environment_scripts_only(inter_pkg)
[2.370s] Level 1:colcon.colcon_core.environment:checking '/home/gargie/interfaces/install/inter_pkg' for CMake module files
[2.373s] Level 1:colcon.colcon_core.environment:checking '/home/gargie/interfaces/install/inter_pkg' for CMake config files
[2.374s] Level 1:colcon.colcon_core.shell:create_environment_hook('inter_pkg', 'cmake_prefix_path')
[2.375s] INFO:colcon.colcon_core.shell:Creating environment hook '/home/gargie/interfaces/install/inter_pkg/share/inter_pkg/hook/cmake_prefix_path.ps1'
[2.377s] INFO:colcon.colcon_core.shell:Creating environment descriptor '/home/gargie/interfaces/install/inter_pkg/share/inter_pkg/hook/cmake_prefix_path.dsv'
[2.379s] INFO:colcon.colcon_core.shell:Creating environment hook '/home/gargie/interfaces/install/inter_pkg/share/inter_pkg/hook/cmake_prefix_path.sh'
[2.382s] Level 1:colcon.colcon_core.environment:checking '/home/gargie/interfaces/install/inter_pkg/lib'
[2.383s] Level 1:colcon.colcon_core.environment:checking '/home/gargie/interfaces/install/inter_pkg/bin'
[2.383s] Level 1:colcon.colcon_core.environment:checking '/home/gargie/interfaces/install/inter_pkg/lib/pkgconfig/inter_pkg.pc'
[2.384s] Level 1:colcon.colcon_core.environment:checking '/home/gargie/interfaces/install/inter_pkg/lib/python3.10/site-packages'
[2.385s] Level 1:colcon.colcon_core.environment:checking '/home/gargie/interfaces/install/inter_pkg/bin'
[2.386s] INFO:colcon.colcon_core.shell:Creating package script '/home/gargie/interfaces/install/inter_pkg/share/inter_pkg/package.ps1'
[2.389s] INFO:colcon.colcon_core.shell:Creating package descriptor '/home/gargie/interfaces/install/inter_pkg/share/inter_pkg/package.dsv'
[2.391s] INFO:colcon.colcon_core.shell:Creating package script '/home/gargie/interfaces/install/inter_pkg/share/inter_pkg/package.sh'
[2.394s] INFO:colcon.colcon_core.shell:Creating package script '/home/gargie/interfaces/install/inter_pkg/share/inter_pkg/package.bash'
[2.396s] INFO:colcon.colcon_core.shell:Creating package script '/home/gargie/interfaces/install/inter_pkg/share/inter_pkg/package.zsh'
[2.398s] Level 1:colcon.colcon_core.environment:create_file_with_runtime_dependencies(/home/gargie/interfaces/install/inter_pkg/share/colcon-core/packages/inter_pkg)
[23.471s] DEBUG:colcon.colcon_core.event_handler.log_command:Invoked command in '/home/gargie/interfaces/build/cpp_eventhandle' returned '2': CMAKE_PREFIX_PATH=${CMAKE_PREFIX_PATH}:/home/gargie/service/install/py_srvcli:/home/gargie/service/install/py_parameter:/home/gargie/key_ws/install/key1_pkg:/opt/ros/humble /usr/bin/cmake --build /home/gargie/interfaces/build/cpp_eventhandle -- -j4 -l4
[23.472s] Level 1:colcon.colcon_core.environment:create_environment_scripts_only(cpp_eventhandle)
[23.473s] Level 1:colcon.colcon_core.environment:checking '/home/gargie/interfaces/install/cpp_eventhandle' for CMake module files
[23.476s] Level 1:colcon.colcon_core.environment:checking '/home/gargie/interfaces/install/cpp_eventhandle' for CMake config files
[23.478s] Level 1:colcon.colcon_core.shell:create_environment_hook('cpp_eventhandle', 'cmake_prefix_path')
[23.480s] INFO:colcon.colcon_core.shell:Creating environment hook '/home/gargie/interfaces/install/cpp_eventhandle/share/cpp_eventhandle/hook/cmake_prefix_path.ps1'
[23.482s] INFO:colcon.colcon_core.shell:Creating environment descriptor '/home/gargie/interfaces/install/cpp_eventhandle/share/cpp_eventhandle/hook/cmake_prefix_path.dsv'
[23.485s] INFO:colcon.colcon_core.shell:Creating environment hook '/home/gargie/interfaces/install/cpp_eventhandle/share/cpp_eventhandle/hook/cmake_prefix_path.sh'
[23.489s] Level 1:colcon.colcon_core.environment:checking '/home/gargie/interfaces/install/cpp_eventhandle/lib'
[23.490s] Level 1:colcon.colcon_core.environment:checking '/home/gargie/interfaces/install/cpp_eventhandle/bin'
[23.490s] Level 1:colcon.colcon_core.environment:checking '/home/gargie/interfaces/install/cpp_eventhandle/lib/pkgconfig/cpp_eventhandle.pc'
[23.491s] Level 1:colcon.colcon_core.environment:checking '/home/gargie/interfaces/install/cpp_eventhandle/lib/python3.10/site-packages'
[23.493s] Level 1:colcon.colcon_core.environment:checking '/home/gargie/interfaces/install/cpp_eventhandle/bin'
[23.495s] INFO:colcon.colcon_core.shell:Creating package script '/home/gargie/interfaces/install/cpp_eventhandle/share/cpp_eventhandle/package.ps1'
[23.498s] INFO:colcon.colcon_core.shell:Creating package descriptor '/home/gargie/interfaces/install/cpp_eventhandle/share/cpp_eventhandle/package.dsv'
[23.502s] INFO:colcon.colcon_core.shell:Creating package script '/home/gargie/interfaces/install/cpp_eventhandle/share/cpp_eventhandle/package.sh'
[23.505s] INFO:colcon.colcon_core.shell:Creating package script '/home/gargie/interfaces/install/cpp_eventhandle/share/cpp_eventhandle/package.bash'
[23.508s] INFO:colcon.colcon_core.shell:Creating package script '/home/gargie/interfaces/install/cpp_eventhandle/share/cpp_eventhandle/package.zsh'
[23.511s] Level 1:colcon.colcon_core.environment:create_file_with_runtime_dependencies(/home/gargie/interfaces/install/cpp_eventhandle/share/colcon-core/packages/cpp_eventhandle)
[23.523s] DEBUG:colcon.colcon_parallel_executor.executor.parallel:closing loop
[23.524s] DEBUG:colcon.colcon_parallel_executor.executor.parallel:loop closed
[23.525s] DEBUG:colcon.colcon_parallel_executor.executor.parallel:run_until_complete finished with '2'
[23.526s] DEBUG:colcon.colcon_core.event_reactor:joining thread
[23.589s] INFO:colcon.colcon_core.plugin_system:Skipping extension 'colcon_notification.desktop_notification.terminal_notifier': Not used on non-Darwin systems
[23.590s] INFO:colcon.colcon_core.plugin_system:Skipping extension 'colcon_notification.desktop_notification.win32': Not used on non-Windows systems
[23.590s] INFO:colcon.colcon_notification.desktop_notification:Sending desktop notification using 'notify2'
[23.727s] DEBUG:colcon.colcon_core.event_reactor:joined thread
[23.729s] INFO:colcon.colcon_core.shell:Creating prefix script '/home/gargie/interfaces/install/local_setup.ps1'
[23.736s] INFO:colcon.colcon_core.shell:Creating prefix util module '/home/gargie/interfaces/install/_local_setup_util_ps1.py'
[23.748s] INFO:colcon.colcon_core.shell:Creating prefix chain script '/home/gargie/interfaces/install/setup.ps1'
[23.763s] INFO:colcon.colcon_core.shell:Creating prefix script '/home/gargie/interfaces/install/local_setup.sh'
[23.771s] INFO:colcon.colcon_core.shell:Creating prefix util module '/home/gargie/interfaces/install/_local_setup_util_sh.py'
[23.777s] INFO:colcon.colcon_core.shell:Creating prefix chain script '/home/gargie/interfaces/install/setup.sh'
[23.790s] INFO:colcon.colcon_core.shell:Creating prefix script '/home/gargie/interfaces/install/local_setup.bash'
[23.793s] INFO:colcon.colcon_core.shell:Creating prefix chain script '/home/gargie/interfaces/install/setup.bash'
[23.804s] INFO:colcon.colcon_core.shell:Creating prefix script '/home/gargie/interfaces/install/local_setup.zsh'
[23.807s] INFO:colcon.colcon_core.shell:Creating prefix chain script '/home/gargie/interfaces/install/setup.zsh'
