[2.910s] Invoking command in '/home/gargie/service/src/py_srvcli': PYTHONPATH=/home/gargie/service/build/py_srvcli/prefix_override:/usr/lib/python3/dist-packages/colcon_core/task/python/colcon_distutils_commands:/home/gargie/service/install/py_srvcli/lib/python3.10/site-packages:${PYTHONPATH} /usr/bin/python3 -W ignore:setup.py install is deprecated -W ignore:easy_install command is deprecated setup.py egg_info --egg-base ../../build/py_srvcli build --build-base /home/gargie/service/build/py_srvcli/build install --record /home/gargie/service/build/py_srvcli/install.log --single-version-externally-managed install_data
[4.063s] running egg_info
[4.066s] writing ../../build/py_srvcli/py_srvcli.egg-info/PKG-INFO
[4.068s] writing dependency_links to ../../build/py_srvcli/py_srvcli.egg-info/dependency_links.txt
[4.069s] writing entry points to ../../build/py_srvcli/py_srvcli.egg-info/entry_points.txt
[4.069s] writing requirements to ../../build/py_srvcli/py_srvcli.egg-info/requires.txt
[4.070s] writing top-level names to ../../build/py_srvcli/py_srvcli.egg-info/top_level.txt
[4.076s] reading manifest file '../../build/py_srvcli/py_srvcli.egg-info/SOURCES.txt'
[4.078s] adding license file 'LICENSE'
[4.080s] writing manifest file '../../build/py_srvcli/py_srvcli.egg-info/SOURCES.txt'
[4.081s] running build
[4.082s] running build_py
[4.082s] copying py_srvcli/client.py -> /home/gargie/service/build/py_srvcli/build/lib/py_srvcli
[4.084s] running install
[4.085s] running install_lib
[4.089s] copying /home/gargie/service/build/py_srvcli/build/lib/py_srvcli/client.py -> /home/gargie/service/install/py_srvcli/lib/python3.10/site-packages/py_srvcli
[4.093s] byte-compiling /home/gargie/service/install/py_srvcli/lib/python3.10/site-packages/py_srvcli/service.py to service.cpython-310.pyc
[4.094s] Sorry: IndentationError: expected an indented block after function definition on line 8 (service.py, line 9)
[4.095s] byte-compiling /home/gargie/service/install/py_srvcli/lib/python3.10/site-packages/py_srvcli/client.py to client.cpython-310.pyc
[4.097s]   File "/home/gargie/service/install/py_srvcli/lib/python3.10/site-packages/py_srvcli/client.py", line 27
[4.098s]     	minimal_client.get_logger().info('result of add_two_ints: for %d+%d=%d'%(int(sys.srgv[1]),int(sys.srgv[2]))
[4.099s]     	                                ^
[4.100s] SyntaxError: '(' was never closed
[4.101s] 
[4.102s] running install_data
[4.103s] running install_egg_info
[4.109s] removing '/home/gargie/service/install/py_srvcli/lib/python3.10/site-packages/py_srvcli-0.0.0-py3.10.egg-info' (and everything under it)
[4.111s] Copying ../../build/py_srvcli/py_srvcli.egg-info to /home/gargie/service/install/py_srvcli/lib/python3.10/site-packages/py_srvcli-0.0.0-py3.10.egg-info
[4.115s] running install_scripts
[4.201s] Installing client script to /home/gargie/service/install/py_srvcli/lib/py_srvcli
[4.203s] Installing service script to /home/gargie/service/install/py_srvcli/lib/py_srvcli
[4.204s] writing list of installed files to '/home/gargie/service/build/py_srvcli/install.log'
[4.329s] Invoked command in '/home/gargie/service/src/py_srvcli' returned '0': PYTHONPATH=/home/gargie/service/build/py_srvcli/prefix_override:/usr/lib/python3/dist-packages/colcon_core/task/python/colcon_distutils_commands:/home/gargie/service/install/py_srvcli/lib/python3.10/site-packages:${PYTHONPATH} /usr/bin/python3 -W ignore:setup.py install is deprecated -W ignore:easy_install command is deprecated setup.py egg_info --egg-base ../../build/py_srvcli build --build-base /home/gargie/service/build/py_srvcli/build install --record /home/gargie/service/build/py_srvcli/install.log --single-version-externally-managed install_data
