[0.528s] DEBUG:colcon:Command line arguments: ['/usr/bin/colcon', 'build']
[0.528s] DEBUG:colcon:Parsed command line arguments: Namespace(log_base=None, log_level=None, verb_name='build', build_base='build', install_base='install', merge_install=False, symlink_install=False, test_result_base=None, continue_on_error=False, executor='parallel', parallel_workers=4, event_handlers=None, ignore_user_meta=False, metas=['./colcon.meta'], base_paths=['.'], packages_ignore=None, packages_ignore_regex=None, paths=None, packages_up_to=None, packages_up_to_regex=None, packages_above=None, packages_above_and_dependencies=None, packages_above_depth=None, packages_select_by_dep=None, packages_skip_by_dep=None, packages_skip_up_to=None, packages_select_build_failed=False, packages_skip_build_finished=False, packages_select_test_failures=False, packages_skip_test_passed=False, packages_select=None, packages_skip=None, packages_select_regex=None, packages_skip_regex=None, packages_start=None, packages_end=None, allow_overriding=[], cmake_args=None, cmake_target=None, cmake_target_skip_unavailable=False, cmake_clean_cache=False, cmake_clean_first=False, cmake_force_configure=False, ament_cmake_args=None, catkin_cmake_args=None, catkin_skip_building_tests=False, mixin_files=None, mixin=None, verb_parser=<colcon_mixin.mixin.mixin_argument.MixinArgumentDecorator object at 0x7d2c1d662890>, verb_extension=<colcon_core.verb.build.BuildVerb object at 0x7d2c1d6623e0>, main=<bound method BuildVerb.main of <colcon_core.verb.build.BuildVerb object at 0x7d2c1d6623e0>>, mixin_verb=('build',))
[1.352s] Level 1:colcon.colcon_core.package_discovery:discover_packages(colcon_meta) check parameters
[1.353s] Level 1:colcon.colcon_core.package_discovery:discover_packages(recursive) check parameters
[1.353s] Level 1:colcon.colcon_core.package_discovery:discover_packages(ignore) check parameters
[1.353s] Level 1:colcon.colcon_core.package_discovery:discover_packages(path) check parameters
[1.353s] Level 1:colcon.colcon_core.package_discovery:discover_packages(colcon_meta) discover
[1.356s] Level 1:colcon.colcon_core.package_discovery:discover_packages(recursive) discover
[1.356s] INFO:colcon.colcon_core.package_discovery:Crawling recursively for packages in '/home/gargie/service'
[1.357s] Level 1:colcon.colcon_core.package_identification:_identify(.) by extensions ['ignore', 'ignore_ament_install']
[1.357s] Level 1:colcon.colcon_core.package_identification:_identify(.) by extension 'ignore'
[1.357s] Level 1:colcon.colcon_core.package_identification:_identify(.) by extension 'ignore_ament_install'
[1.358s] Level 1:colcon.colcon_core.package_identification:_identify(.) by extensions ['colcon_pkg']
[1.358s] Level 1:colcon.colcon_core.package_identification:_identify(.) by extension 'colcon_pkg'
[1.358s] Level 1:colcon.colcon_core.package_identification:_identify(.) by extensions ['colcon_meta']
[1.358s] Level 1:colcon.colcon_core.package_identification:_identify(.) by extension 'colcon_meta'
[1.358s] Level 1:colcon.colcon_core.package_identification:_identify(.) by extensions ['ros']
[1.359s] Level 1:colcon.colcon_core.package_identification:_identify(.) by extension 'ros'
[1.408s] Level 1:colcon.colcon_core.package_identification:_identify(.) by extensions ['cmake', 'python']
[1.408s] Level 1:colcon.colcon_core.package_identification:_identify(.) by extension 'cmake'
[1.409s] Level 1:colcon.colcon_core.package_identification:_identify(.) by extension 'python'
[1.409s] Level 1:colcon.colcon_core.package_identification:_identify(.) by extensions ['python_setup_py']
[1.409s] Level 1:colcon.colcon_core.package_identification:_identify(.) by extension 'python_setup_py'
[1.409s] Level 1:colcon.colcon_core.package_identification:_identify(build) by extensions ['ignore', 'ignore_ament_install']
[1.410s] Level 1:colcon.colcon_core.package_identification:_identify(build) by extension 'ignore'
[1.410s] Level 1:colcon.colcon_core.package_identification:_identify(build) ignored
[1.411s] Level 1:colcon.colcon_core.package_identification:_identify(install) by extensions ['ignore', 'ignore_ament_install']
[1.411s] Level 1:colcon.colcon_core.package_identification:_identify(install) by extension 'ignore'
[1.411s] Level 1:colcon.colcon_core.package_identification:_identify(install) ignored
[1.412s] Level 1:colcon.colcon_core.package_identification:_identify(log) by extensions ['ignore', 'ignore_ament_install']
[1.412s] Level 1:colcon.colcon_core.package_identification:_identify(log) by extension 'ignore'
[1.412s] Level 1:colcon.colcon_core.package_identification:_identify(log) ignored
[1.413s] Level 1:colcon.colcon_core.package_identification:_identify(src) by extensions ['ignore', 'ignore_ament_install']
[1.413s] Level 1:colcon.colcon_core.package_identification:_identify(src) by extension 'ignore'
[1.413s] Level 1:colcon.colcon_core.package_identification:_identify(src) by extension 'ignore_ament_install'
[1.414s] Level 1:colcon.colcon_core.package_identification:_identify(src) by extensions ['colcon_pkg']
[1.414s] Level 1:colcon.colcon_core.package_identification:_identify(src) by extension 'colcon_pkg'
[1.414s] Level 1:colcon.colcon_core.package_identification:_identify(src) by extensions ['colcon_meta']
[1.414s] Level 1:colcon.colcon_core.package_identification:_identify(src) by extension 'colcon_meta'
[1.414s] Level 1:colcon.colcon_core.package_identification:_identify(src) by extensions ['ros']
[1.414s] Level 1:colcon.colcon_core.package_identification:_identify(src) by extension 'ros'
[1.415s] Level 1:colcon.colcon_core.package_identification:_identify(src) by extensions ['cmake', 'python']
[1.415s] Level 1:colcon.colcon_core.package_identification:_identify(src) by extension 'cmake'
[1.415s] Level 1:colcon.colcon_core.package_identification:_identify(src) by extension 'python'
[1.415s] Level 1:colcon.colcon_core.package_identification:_identify(src) by extensions ['python_setup_py']
[1.415s] Level 1:colcon.colcon_core.package_identification:_identify(src) by extension 'python_setup_py'
[1.416s] Level 1:colcon.colcon_core.package_identification:_identify(src/cpp_parameter) by extensions ['ignore', 'ignore_ament_install']
[1.416s] Level 1:colcon.colcon_core.package_identification:_identify(src/cpp_parameter) by extension 'ignore'
[1.416s] Level 1:colcon.colcon_core.package_identification:_identify(src/cpp_parameter) by extension 'ignore_ament_install'
[1.417s] Level 1:colcon.colcon_core.package_identification:_identify(src/cpp_parameter) by extensions ['colcon_pkg']
[1.417s] Level 1:colcon.colcon_core.package_identification:_identify(src/cpp_parameter) by extension 'colcon_pkg'
[1.417s] Level 1:colcon.colcon_core.package_identification:_identify(src/cpp_parameter) by extensions ['colcon_meta']
[1.417s] Level 1:colcon.colcon_core.package_identification:_identify(src/cpp_parameter) by extension 'colcon_meta'
[1.417s] Level 1:colcon.colcon_core.package_identification:_identify(src/cpp_parameter) by extensions ['ros']
[1.417s] Level 1:colcon.colcon_core.package_identification:_identify(src/cpp_parameter) by extension 'ros'
[1.427s] DEBUG:colcon.colcon_core.package_identification:Package 'src/cpp_parameter' with type 'ros.ament_cmake' and name 'cpp_parameter'
[1.428s] Level 1:colcon.colcon_core.package_identification:_identify(src/cpp_srvcli) by extensions ['ignore', 'ignore_ament_install']
[1.429s] Level 1:colcon.colcon_core.package_identification:_identify(src/cpp_srvcli) by extension 'ignore'
[1.429s] Level 1:colcon.colcon_core.package_identification:_identify(src/cpp_srvcli) by extension 'ignore_ament_install'
[1.429s] Level 1:colcon.colcon_core.package_identification:_identify(src/cpp_srvcli) by extensions ['colcon_pkg']
[1.429s] Level 1:colcon.colcon_core.package_identification:_identify(src/cpp_srvcli) by extension 'colcon_pkg'
[1.429s] Level 1:colcon.colcon_core.package_identification:_identify(src/cpp_srvcli) by extensions ['colcon_meta']
[1.430s] Level 1:colcon.colcon_core.package_identification:_identify(src/cpp_srvcli) by extension 'colcon_meta'
[1.430s] Level 1:colcon.colcon_core.package_identification:_identify(src/cpp_srvcli) by extensions ['ros']
[1.430s] Level 1:colcon.colcon_core.package_identification:_identify(src/cpp_srvcli) by extension 'ros'
[1.433s] DEBUG:colcon.colcon_core.package_identification:Package 'src/cpp_srvcli' with type 'ros.ament_cmake' and name 'cpp_srvcli'
[1.433s] Level 1:colcon.colcon_core.package_identification:_identify(src/py_srvcli) by extensions ['ignore', 'ignore_ament_install']
[1.434s] Level 1:colcon.colcon_core.package_identification:_identify(src/py_srvcli) by extension 'ignore'
[1.434s] Level 1:colcon.colcon_core.package_identification:_identify(src/py_srvcli) by extension 'ignore_ament_install'
[1.434s] Level 1:colcon.colcon_core.package_identification:_identify(src/py_srvcli) by extensions ['colcon_pkg']
[1.434s] Level 1:colcon.colcon_core.package_identification:_identify(src/py_srvcli) by extension 'colcon_pkg'
[1.435s] Level 1:colcon.colcon_core.package_identification:_identify(src/py_srvcli) by extensions ['colcon_meta']
[1.435s] Level 1:colcon.colcon_core.package_identification:_identify(src/py_srvcli) by extension 'colcon_meta'
[1.435s] Level 1:colcon.colcon_core.package_identification:_identify(src/py_srvcli) by extensions ['ros']
[1.435s] Level 1:colcon.colcon_core.package_identification:_identify(src/py_srvcli) by extension 'ros'
[1.438s] DEBUG:colcon.colcon_core.package_identification:Package 'src/py_srvcli' with type 'ros.ament_python' and name 'py_srvcli'
[1.439s] Level 1:colcon.colcon_core.package_identification:_identify(src/tutorial_interface) by extensions ['ignore', 'ignore_ament_install']
[1.439s] Level 1:colcon.colcon_core.package_identification:_identify(src/tutorial_interface) by extension 'ignore'
[1.439s] Level 1:colcon.colcon_core.package_identification:_identify(src/tutorial_interface) by extension 'ignore_ament_install'
[1.439s] Level 1:colcon.colcon_core.package_identification:_identify(src/tutorial_interface) by extensions ['colcon_pkg']
[1.440s] Level 1:colcon.colcon_core.package_identification:_identify(src/tutorial_interface) by extension 'colcon_pkg'
[1.440s] Level 1:colcon.colcon_core.package_identification:_identify(src/tutorial_interface) by extensions ['colcon_meta']
[1.440s] Level 1:colcon.colcon_core.package_identification:_identify(src/tutorial_interface) by extension 'colcon_meta'
[1.440s] Level 1:colcon.colcon_core.package_identification:_identify(src/tutorial_interface) by extensions ['ros']
[1.440s] Level 1:colcon.colcon_core.package_identification:_identify(src/tutorial_interface) by extension 'ros'
[1.443s] DEBUG:colcon.colcon_core.package_identification:Package 'src/tutorial_interface' with type 'ros.ament_cmake' and name 'tutorial_interface'
[1.443s] Level 1:colcon.colcon_core.package_discovery:discover_packages(recursive) using defaults
[1.444s] Level 1:colcon.colcon_core.package_discovery:discover_packages(ignore) discover
[1.444s] Level 1:colcon.colcon_core.package_discovery:discover_packages(ignore) using defaults
[1.444s] Level 1:colcon.colcon_core.package_discovery:discover_packages(path) discover
[1.444s] Level 1:colcon.colcon_core.package_discovery:discover_packages(path) using defaults
[1.578s] Level 1:colcon.colcon_core.package_discovery:discover_packages(prefix_path) check parameters
[1.578s] Level 1:colcon.colcon_core.package_discovery:discover_packages(prefix_path) discover
[1.588s] DEBUG:colcon.colcon_installed_package_information.package_discovery:Found 4 installed packages in /home/gargie/service/install
[1.590s] DEBUG:colcon.colcon_installed_package_information.package_discovery:Found 1 installed packages in /home/gargie/project/install
[1.592s] DEBUG:colcon.colcon_installed_package_information.package_discovery:Found 2 installed packages in /home/gargie/key_ws/install
[1.594s] DEBUG:colcon.colcon_installed_package_information.package_discovery:Found 1 installed packages in /home/gargie/chem_ws/install
[1.602s] DEBUG:colcon.colcon_installed_package_information.package_discovery:Found 295 installed packages in /opt/ros/humble
[1.612s] Level 1:colcon.colcon_core.package_discovery:discover_packages(prefix_path) using defaults
[1.820s] Level 5:colcon.colcon_core.verb:set package 'cpp_parameter' build argument 'cmake_args' from command line to 'None'
[1.821s] Level 5:colcon.colcon_core.verb:set package 'cpp_parameter' build argument 'cmake_target' from command line to 'None'
[1.821s] Level 5:colcon.colcon_core.verb:set package 'cpp_parameter' build argument 'cmake_target_skip_unavailable' from command line to 'False'
[1.821s] Level 5:colcon.colcon_core.verb:set package 'cpp_parameter' build argument 'cmake_clean_cache' from command line to 'False'
[1.821s] Level 5:colcon.colcon_core.verb:set package 'cpp_parameter' build argument 'cmake_clean_first' from command line to 'False'
[1.821s] Level 5:colcon.colcon_core.verb:set package 'cpp_parameter' build argument 'cmake_force_configure' from command line to 'False'
[1.821s] Level 5:colcon.colcon_core.verb:set package 'cpp_parameter' build argument 'ament_cmake_args' from command line to 'None'
[1.821s] Level 5:colcon.colcon_core.verb:set package 'cpp_parameter' build argument 'catkin_cmake_args' from command line to 'None'
[1.822s] Level 5:colcon.colcon_core.verb:set package 'cpp_parameter' build argument 'catkin_skip_building_tests' from command line to 'False'
[1.822s] DEBUG:colcon.colcon_core.verb:Building package 'cpp_parameter' with the following arguments: {'ament_cmake_args': None, 'build_base': '/home/gargie/service/build/cpp_parameter', 'catkin_cmake_args': None, 'catkin_skip_building_tests': False, 'cmake_args': None, 'cmake_clean_cache': False, 'cmake_clean_first': False, 'cmake_force_configure': False, 'cmake_target': None, 'cmake_target_skip_unavailable': False, 'install_base': '/home/gargie/service/install/cpp_parameter', 'merge_install': False, 'path': '/home/gargie/service/src/cpp_parameter', 'symlink_install': False, 'test_result_base': None}
[1.824s] Level 5:colcon.colcon_core.verb:set package 'py_srvcli' build argument 'cmake_args' from command line to 'None'
[1.824s] Level 5:colcon.colcon_core.verb:set package 'py_srvcli' build argument 'cmake_target' from command line to 'None'
[1.824s] Level 5:colcon.colcon_core.verb:set package 'py_srvcli' build argument 'cmake_target_skip_unavailable' from command line to 'False'
[1.824s] Level 5:colcon.colcon_core.verb:set package 'py_srvcli' build argument 'cmake_clean_cache' from command line to 'False'
[1.824s] Level 5:colcon.colcon_core.verb:set package 'py_srvcli' build argument 'cmake_clean_first' from command line to 'False'
[1.824s] Level 5:colcon.colcon_core.verb:set package 'py_srvcli' build argument 'cmake_force_configure' from command line to 'False'
[1.824s] Level 5:colcon.colcon_core.verb:set package 'py_srvcli' build argument 'ament_cmake_args' from command line to 'None'
[1.825s] Level 5:colcon.colcon_core.verb:set package 'py_srvcli' build argument 'catkin_cmake_args' from command line to 'None'
[1.825s] Level 5:colcon.colcon_core.verb:set package 'py_srvcli' build argument 'catkin_skip_building_tests' from command line to 'False'
[1.825s] DEBUG:colcon.colcon_core.verb:Building package 'py_srvcli' with the following arguments: {'ament_cmake_args': None, 'build_base': '/home/gargie/service/build/py_srvcli', 'catkin_cmake_args': None, 'catkin_skip_building_tests': False, 'cmake_args': None, 'cmake_clean_cache': False, 'cmake_clean_first': False, 'cmake_force_configure': False, 'cmake_target': None, 'cmake_target_skip_unavailable': False, 'install_base': '/home/gargie/service/install/py_srvcli', 'merge_install': False, 'path': '/home/gargie/service/src/py_srvcli', 'symlink_install': False, 'test_result_base': None}
[1.827s] Level 5:colcon.colcon_core.verb:set package 'tutorial_interface' build argument 'cmake_args' from command line to 'None'
[1.827s] Level 5:colcon.colcon_core.verb:set package 'tutorial_interface' build argument 'cmake_target' from command line to 'None'
[1.827s] Level 5:colcon.colcon_core.verb:set package 'tutorial_interface' build argument 'cmake_target_skip_unavailable' from command line to 'False'
[1.827s] Level 5:colcon.colcon_core.verb:set package 'tutorial_interface' build argument 'cmake_clean_cache' from command line to 'False'
[1.827s] Level 5:colcon.colcon_core.verb:set package 'tutorial_interface' build argument 'cmake_clean_first' from command line to 'False'
[1.827s] Level 5:colcon.colcon_core.verb:set package 'tutorial_interface' build argument 'cmake_force_configure' from command line to 'False'
[1.827s] Level 5:colcon.colcon_core.verb:set package 'tutorial_interface' build argument 'ament_cmake_args' from command line to 'None'
[1.827s] Level 5:colcon.colcon_core.verb:set package 'tutorial_interface' build argument 'catkin_cmake_args' from command line to 'None'
[1.828s] Level 5:colcon.colcon_core.verb:set package 'tutorial_interface' build argument 'catkin_skip_building_tests' from command line to 'False'
[1.828s] DEBUG:colcon.colcon_core.verb:Building package 'tutorial_interface' with the following arguments: {'ament_cmake_args': None, 'build_base': '/home/gargie/service/build/tutorial_interface', 'catkin_cmake_args': None, 'catkin_skip_building_tests': False, 'cmake_args': None, 'cmake_clean_cache': False, 'cmake_clean_first': False, 'cmake_force_configure': False, 'cmake_target': None, 'cmake_target_skip_unavailable': False, 'install_base': '/home/gargie/service/install/tutorial_interface', 'merge_install': False, 'path': '/home/gargie/service/src/tutorial_interface', 'symlink_install': False, 'test_result_base': None}
[1.830s] Level 5:colcon.colcon_core.verb:set package 'cpp_srvcli' build argument 'cmake_args' from command line to 'None'
[1.830s] Level 5:colcon.colcon_core.verb:set package 'cpp_srvcli' build argument 'cmake_target' from command line to 'None'
[1.830s] Level 5:colcon.colcon_core.verb:set package 'cpp_srvcli' build argument 'cmake_target_skip_unavailable' from command line to 'False'
[1.830s] Level 5:colcon.colcon_core.verb:set package 'cpp_srvcli' build argument 'cmake_clean_cache' from command line to 'False'
[1.830s] Level 5:colcon.colcon_core.verb:set package 'cpp_srvcli' build argument 'cmake_clean_first' from command line to 'False'
[1.830s] Level 5:colcon.colcon_core.verb:set package 'cpp_srvcli' build argument 'cmake_force_configure' from command line to 'False'
[1.830s] Level 5:colcon.colcon_core.verb:set package 'cpp_srvcli' build argument 'ament_cmake_args' from command line to 'None'
[1.830s] Level 5:colcon.colcon_core.verb:set package 'cpp_srvcli' build argument 'catkin_cmake_args' from command line to 'None'
[1.831s] Level 5:colcon.colcon_core.verb:set package 'cpp_srvcli' build argument 'catkin_skip_building_tests' from command line to 'False'
[1.831s] DEBUG:colcon.colcon_core.verb:Building package 'cpp_srvcli' with the following arguments: {'ament_cmake_args': None, 'build_base': '/home/gargie/service/build/cpp_srvcli', 'catkin_cmake_args': None, 'catkin_skip_building_tests': False, 'cmake_args': None, 'cmake_clean_cache': False, 'cmake_clean_first': False, 'cmake_force_configure': False, 'cmake_target': None, 'cmake_target_skip_unavailable': False, 'install_base': '/home/gargie/service/install/cpp_srvcli', 'merge_install': False, 'path': '/home/gargie/service/src/cpp_srvcli', 'symlink_install': False, 'test_result_base': None}
[1.831s] INFO:colcon.colcon_core.executor:Executing jobs using 'parallel' executor
[1.837s] DEBUG:colcon.colcon_parallel_executor.executor.parallel:run_until_complete
[1.838s] INFO:colcon.colcon_ros.task.ament_cmake.build:Building ROS package in '/home/gargie/service/src/tutorial_interface' with build type 'ament_cmake'
[1.838s] INFO:colcon.colcon_cmake.task.cmake.build:Building CMake package in '/home/gargie/service/src/tutorial_interface'
[1.849s] INFO:colcon.colcon_core.plugin_system:Skipping extension 'colcon_core.shell.bat': Not used on non-Windows systems
[1.850s] INFO:colcon.colcon_core.shell:Skip shell extension 'powershell' for command environment: Not usable outside of PowerShell
[1.850s] DEBUG:colcon.colcon_core.shell:Skip shell extension 'dsv' for command environment
[1.877s] INFO:colcon.colcon_ros.task.ament_cmake.build:Building ROS package in '/home/gargie/service/src/cpp_parameter' with build type 'ament_cmake'
[1.877s] INFO:colcon.colcon_cmake.task.cmake.build:Building CMake package in '/home/gargie/service/src/cpp_parameter'
[1.878s] INFO:colcon.colcon_core.shell:Skip shell extension 'powershell' for command environment: Not usable outside of PowerShell
[1.879s] DEBUG:colcon.colcon_core.shell:Skip shell extension 'dsv' for command environment
[1.903s] INFO:colcon.colcon_ros.task.ament_python.build:Building ROS package in '/home/gargie/service/src/py_srvcli' with build type 'ament_python'
[1.904s] Level 1:colcon.colcon_core.shell:create_environment_hook('py_srvcli', 'ament_prefix_path')
[1.906s] INFO:colcon.colcon_core.shell:Creating environment hook '/home/gargie/service/install/py_srvcli/share/py_srvcli/hook/ament_prefix_path.ps1'
[1.910s] INFO:colcon.colcon_core.shell:Creating environment descriptor '/home/gargie/service/install/py_srvcli/share/py_srvcli/hook/ament_prefix_path.dsv'
[1.913s] INFO:colcon.colcon_core.shell:Creating environment hook '/home/gargie/service/install/py_srvcli/share/py_srvcli/hook/ament_prefix_path.sh'
[1.917s] INFO:colcon.colcon_core.shell:Skip shell extension 'powershell' for command environment: Not usable outside of PowerShell
[1.917s] DEBUG:colcon.colcon_core.shell:Skip shell extension 'dsv' for command environment
[1.963s] DEBUG:colcon.colcon_core.event_handler.log_command:Invoking command in '/home/gargie/service/build/tutorial_interface': CMAKE_PREFIX_PATH=${CMAKE_PREFIX_PATH}:/home/gargie/service/install/py_srvcli:/home/gargie/key_ws/install/key1_pkg:/opt/ros/humble /usr/bin/cmake --build /home/gargie/service/build/tutorial_interface -- -j4 -l4
[1.984s] DEBUG:colcon.colcon_core.event_handler.log_command:Invoking command in '/home/gargie/service/build/cpp_parameter': CMAKE_PREFIX_PATH=${CMAKE_PREFIX_PATH}:/home/gargie/service/install/py_srvcli:/home/gargie/key_ws/install/key1_pkg:/opt/ros/humble /usr/bin/cmake --build /home/gargie/service/build/cpp_parameter -- -j4 -l4
[3.722s] INFO:colcon.colcon_core.task.python.build:Building Python package in '/home/gargie/service/src/py_srvcli'
[3.723s] INFO:colcon.colcon_core.shell:Skip shell extension 'powershell' for command environment: Not usable outside of PowerShell
[3.723s] DEBUG:colcon.colcon_core.shell:Skip shell extension 'dsv' for command environment
[4.357s] DEBUG:colcon.colcon_core.event_handler.log_command:Invoked command in '/home/gargie/service/build/tutorial_interface' returned '0': CMAKE_PREFIX_PATH=${CMAKE_PREFIX_PATH}:/home/gargie/service/install/py_srvcli:/home/gargie/key_ws/install/key1_pkg:/opt/ros/humble /usr/bin/cmake --build /home/gargie/service/build/tutorial_interface -- -j4 -l4
[4.405s] DEBUG:colcon.colcon_core.event_handler.log_command:Invoking command in '/home/gargie/service/build/tutorial_interface': CMAKE_PREFIX_PATH=${CMAKE_PREFIX_PATH}:/home/gargie/service/install/py_srvcli:/home/gargie/key_ws/install/key1_pkg:/opt/ros/humble /usr/bin/cmake --install /home/gargie/service/build/tutorial_interface
[4.717s] Level 1:colcon.colcon_core.environment:create_environment_scripts_only(tutorial_interface)
[4.745s] DEBUG:colcon.colcon_core.event_handler.log_command:Invoked command in '/home/gargie/service/build/tutorial_interface' returned '0': CMAKE_PREFIX_PATH=${CMAKE_PREFIX_PATH}:/home/gargie/service/install/py_srvcli:/home/gargie/key_ws/install/key1_pkg:/opt/ros/humble /usr/bin/cmake --install /home/gargie/service/build/tutorial_interface
[4.751s] Level 1:colcon.colcon_core.environment:checking '/home/gargie/service/install/tutorial_interface' for CMake module files
[4.755s] Level 1:colcon.colcon_core.environment:checking '/home/gargie/service/install/tutorial_interface' for CMake config files
[4.757s] Level 1:colcon.colcon_core.shell:create_environment_hook('tutorial_interface', 'cmake_prefix_path')
[4.759s] INFO:colcon.colcon_core.shell:Creating environment hook '/home/gargie/service/install/tutorial_interface/share/tutorial_interface/hook/cmake_prefix_path.ps1'
[4.761s] INFO:colcon.colcon_core.shell:Creating environment descriptor '/home/gargie/service/install/tutorial_interface/share/tutorial_interface/hook/cmake_prefix_path.dsv'
[4.764s] INFO:colcon.colcon_core.shell:Creating environment hook '/home/gargie/service/install/tutorial_interface/share/tutorial_interface/hook/cmake_prefix_path.sh'
[4.767s] Level 1:colcon.colcon_core.environment:checking '/home/gargie/service/install/tutorial_interface/lib'
[4.768s] Level 1:colcon.colcon_core.shell:create_environment_hook('tutorial_interface', 'ld_library_path_lib')
[4.770s] INFO:colcon.colcon_core.shell:Creating environment hook '/home/gargie/service/install/tutorial_interface/share/tutorial_interface/hook/ld_library_path_lib.ps1'
[4.773s] INFO:colcon.colcon_core.shell:Creating environment descriptor '/home/gargie/service/install/tutorial_interface/share/tutorial_interface/hook/ld_library_path_lib.dsv'
[4.775s] INFO:colcon.colcon_core.shell:Creating environment hook '/home/gargie/service/install/tutorial_interface/share/tutorial_interface/hook/ld_library_path_lib.sh'
[4.778s] Level 1:colcon.colcon_core.environment:checking '/home/gargie/service/install/tutorial_interface/bin'
[4.778s] Level 1:colcon.colcon_core.environment:checking '/home/gargie/service/install/tutorial_interface/lib/pkgconfig/tutorial_interface.pc'
[4.780s] Level 1:colcon.colcon_core.environment:checking '/home/gargie/service/install/tutorial_interface/lib/python3.10/site-packages'
[4.781s] Level 1:colcon.colcon_core.environment:checking '/home/gargie/service/install/tutorial_interface/bin'
[4.783s] INFO:colcon.colcon_core.shell:Creating package script '/home/gargie/service/install/tutorial_interface/share/tutorial_interface/package.ps1'
[4.787s] INFO:colcon.colcon_core.shell:Creating package descriptor '/home/gargie/service/install/tutorial_interface/share/tutorial_interface/package.dsv'
[4.790s] INFO:colcon.colcon_core.shell:Creating package script '/home/gargie/service/install/tutorial_interface/share/tutorial_interface/package.sh'
[4.794s] INFO:colcon.colcon_core.shell:Creating package script '/home/gargie/service/install/tutorial_interface/share/tutorial_interface/package.bash'
[4.799s] INFO:colcon.colcon_core.shell:Creating package script '/home/gargie/service/install/tutorial_interface/share/tutorial_interface/package.zsh'
[4.803s] Level 1:colcon.colcon_core.environment:create_file_with_runtime_dependencies(/home/gargie/service/install/tutorial_interface/share/colcon-core/packages/tutorial_interface)
[4.807s] Level 1:colcon.colcon_core.environment:create_environment_scripts_only(tutorial_interface)
[4.808s] Level 1:colcon.colcon_core.environment:checking '/home/gargie/service/install/tutorial_interface' for CMake module files
[4.812s] Level 1:colcon.colcon_core.environment:checking '/home/gargie/service/install/tutorial_interface' for CMake config files
[4.814s] Level 1:colcon.colcon_core.shell:create_environment_hook('tutorial_interface', 'cmake_prefix_path')
[4.816s] INFO:colcon.colcon_core.shell:Creating environment hook '/home/gargie/service/install/tutorial_interface/share/tutorial_interface/hook/cmake_prefix_path.ps1'
[4.818s] INFO:colcon.colcon_core.shell:Creating environment descriptor '/home/gargie/service/install/tutorial_interface/share/tutorial_interface/hook/cmake_prefix_path.dsv'
[4.821s] INFO:colcon.colcon_core.shell:Creating environment hook '/home/gargie/service/install/tutorial_interface/share/tutorial_interface/hook/cmake_prefix_path.sh'
[4.824s] Level 1:colcon.colcon_core.environment:checking '/home/gargie/service/install/tutorial_interface/lib'
[4.824s] Level 1:colcon.colcon_core.shell:create_environment_hook('tutorial_interface', 'ld_library_path_lib')
[4.826s] INFO:colcon.colcon_core.shell:Creating environment hook '/home/gargie/service/install/tutorial_interface/share/tutorial_interface/hook/ld_library_path_lib.ps1'
[4.828s] INFO:colcon.colcon_core.shell:Creating environment descriptor '/home/gargie/service/install/tutorial_interface/share/tutorial_interface/hook/ld_library_path_lib.dsv'
[4.830s] INFO:colcon.colcon_core.shell:Creating environment hook '/home/gargie/service/install/tutorial_interface/share/tutorial_interface/hook/ld_library_path_lib.sh'
[4.833s] Level 1:colcon.colcon_core.environment:checking '/home/gargie/service/install/tutorial_interface/bin'
[4.833s] Level 1:colcon.colcon_core.environment:checking '/home/gargie/service/install/tutorial_interface/lib/pkgconfig/tutorial_interface.pc'
[4.835s] Level 1:colcon.colcon_core.environment:checking '/home/gargie/service/install/tutorial_interface/lib/python3.10/site-packages'
[4.836s] Level 1:colcon.colcon_core.environment:checking '/home/gargie/service/install/tutorial_interface/bin'
[4.838s] INFO:colcon.colcon_core.shell:Creating package script '/home/gargie/service/install/tutorial_interface/share/tutorial_interface/package.ps1'
[4.841s] INFO:colcon.colcon_core.shell:Creating package descriptor '/home/gargie/service/install/tutorial_interface/share/tutorial_interface/package.dsv'
[4.844s] INFO:colcon.colcon_core.shell:Creating package script '/home/gargie/service/install/tutorial_interface/share/tutorial_interface/package.sh'
[4.847s] INFO:colcon.colcon_core.shell:Creating package script '/home/gargie/service/install/tutorial_interface/share/tutorial_interface/package.bash'
[4.850s] INFO:colcon.colcon_core.shell:Creating package script '/home/gargie/service/install/tutorial_interface/share/tutorial_interface/package.zsh'
[4.852s] Level 1:colcon.colcon_core.environment:create_file_with_runtime_dependencies(/home/gargie/service/install/tutorial_interface/share/colcon-core/packages/tutorial_interface)
[4.854s] INFO:colcon.colcon_ros.task.ament_cmake.build:Building ROS package in '/home/gargie/service/src/cpp_srvcli' with build type 'ament_cmake'
[4.855s] INFO:colcon.colcon_cmake.task.cmake.build:Building CMake package in '/home/gargie/service/src/cpp_srvcli'
[4.857s] INFO:colcon.colcon_core.shell:Skip shell extension 'powershell' for command environment: Not usable outside of PowerShell
[4.857s] DEBUG:colcon.colcon_core.shell:Skip shell extension 'dsv' for command environment
[4.928s] DEBUG:colcon.colcon_core.event_handler.log_command:Invoking command in '/home/gargie/service/build/cpp_srvcli': CMAKE_PREFIX_PATH=/home/gargie/service/install/tutorial_interface:/home/gargie/service/install/cpp_srvcli:/home/gargie/service/install/cpp_parameter:/home/gargie/key_ws/install/key_pkg:/home/gargie/project/install/project_pkg:/home/gargie/service/install/py_srvcli:/home/gargie/key_ws/install/key1_pkg:/opt/ros/humble /usr/bin/cmake --build /home/gargie/service/build/cpp_srvcli -- -j4 -l4
[5.269s] DEBUG:colcon.colcon_core.event_handler.log_command:Invoked command in '/home/gargie/service/build/cpp_srvcli' returned '0': CMAKE_PREFIX_PATH=/home/gargie/service/install/tutorial_interface:/home/gargie/service/install/cpp_srvcli:/home/gargie/service/install/cpp_parameter:/home/gargie/key_ws/install/key_pkg:/home/gargie/project/install/project_pkg:/home/gargie/service/install/py_srvcli:/home/gargie/key_ws/install/key1_pkg:/opt/ros/humble /usr/bin/cmake --build /home/gargie/service/build/cpp_srvcli -- -j4 -l4
[5.278s] DEBUG:colcon.colcon_core.event_handler.log_command:Invoking command in '/home/gargie/service/build/cpp_srvcli': CMAKE_PREFIX_PATH=/home/gargie/service/install/tutorial_interface:/home/gargie/service/install/cpp_srvcli:/home/gargie/service/install/cpp_parameter:/home/gargie/key_ws/install/key_pkg:/home/gargie/project/install/project_pkg:/home/gargie/service/install/py_srvcli:/home/gargie/key_ws/install/key1_pkg:/opt/ros/humble /usr/bin/cmake --install /home/gargie/service/build/cpp_srvcli
[5.338s] Level 1:colcon.colcon_core.environment:create_environment_scripts_only(cpp_srvcli)
[5.339s] Level 1:colcon.colcon_core.environment:checking '/home/gargie/service/install/cpp_srvcli' for CMake module files
[5.341s] DEBUG:colcon.colcon_core.event_handler.log_command:Invoked command in '/home/gargie/service/build/cpp_srvcli' returned '0': CMAKE_PREFIX_PATH=/home/gargie/service/install/tutorial_interface:/home/gargie/service/install/cpp_srvcli:/home/gargie/service/install/cpp_parameter:/home/gargie/key_ws/install/key_pkg:/home/gargie/project/install/project_pkg:/home/gargie/service/install/py_srvcli:/home/gargie/key_ws/install/key1_pkg:/opt/ros/humble /usr/bin/cmake --install /home/gargie/service/build/cpp_srvcli
[5.345s] Level 1:colcon.colcon_core.environment:checking '/home/gargie/service/install/cpp_srvcli' for CMake config files
[5.346s] Level 1:colcon.colcon_core.shell:create_environment_hook('cpp_srvcli', 'cmake_prefix_path')
[5.348s] INFO:colcon.colcon_core.shell:Creating environment hook '/home/gargie/service/install/cpp_srvcli/share/cpp_srvcli/hook/cmake_prefix_path.ps1'
[5.351s] INFO:colcon.colcon_core.shell:Creating environment descriptor '/home/gargie/service/install/cpp_srvcli/share/cpp_srvcli/hook/cmake_prefix_path.dsv'
[5.354s] INFO:colcon.colcon_core.shell:Creating environment hook '/home/gargie/service/install/cpp_srvcli/share/cpp_srvcli/hook/cmake_prefix_path.sh'
[5.358s] Level 1:colcon.colcon_core.environment:checking '/home/gargie/service/install/cpp_srvcli/lib'
[5.358s] Level 1:colcon.colcon_core.environment:checking '/home/gargie/service/install/cpp_srvcli/bin'
[5.359s] Level 1:colcon.colcon_core.environment:checking '/home/gargie/service/install/cpp_srvcli/lib/pkgconfig/cpp_srvcli.pc'
[5.360s] Level 1:colcon.colcon_core.environment:checking '/home/gargie/service/install/cpp_srvcli/lib/python3.10/site-packages'
[5.362s] Level 1:colcon.colcon_core.environment:checking '/home/gargie/service/install/cpp_srvcli/bin'
[5.364s] INFO:colcon.colcon_core.shell:Creating package script '/home/gargie/service/install/cpp_srvcli/share/cpp_srvcli/package.ps1'
[5.367s] INFO:colcon.colcon_core.shell:Creating package descriptor '/home/gargie/service/install/cpp_srvcli/share/cpp_srvcli/package.dsv'
[5.370s] INFO:colcon.colcon_core.shell:Creating package script '/home/gargie/service/install/cpp_srvcli/share/cpp_srvcli/package.sh'
[5.373s] INFO:colcon.colcon_core.shell:Creating package script '/home/gargie/service/install/cpp_srvcli/share/cpp_srvcli/package.bash'
[5.376s] INFO:colcon.colcon_core.shell:Creating package script '/home/gargie/service/install/cpp_srvcli/share/cpp_srvcli/package.zsh'
[5.378s] Level 1:colcon.colcon_core.environment:create_file_with_runtime_dependencies(/home/gargie/service/install/cpp_srvcli/share/colcon-core/packages/cpp_srvcli)
[5.382s] Level 1:colcon.colcon_core.environment:create_environment_scripts_only(cpp_srvcli)
[5.384s] Level 1:colcon.colcon_core.environment:checking '/home/gargie/service/install/cpp_srvcli' for CMake module files
[5.388s] Level 1:colcon.colcon_core.environment:checking '/home/gargie/service/install/cpp_srvcli' for CMake config files
[5.390s] Level 1:colcon.colcon_core.shell:create_environment_hook('cpp_srvcli', 'cmake_prefix_path')
[5.392s] INFO:colcon.colcon_core.shell:Creating environment hook '/home/gargie/service/install/cpp_srvcli/share/cpp_srvcli/hook/cmake_prefix_path.ps1'
[5.395s] INFO:colcon.colcon_core.shell:Creating environment descriptor '/home/gargie/service/install/cpp_srvcli/share/cpp_srvcli/hook/cmake_prefix_path.dsv'
[5.397s] INFO:colcon.colcon_core.shell:Creating environment hook '/home/gargie/service/install/cpp_srvcli/share/cpp_srvcli/hook/cmake_prefix_path.sh'
[5.401s] Level 1:colcon.colcon_core.environment:checking '/home/gargie/service/install/cpp_srvcli/lib'
[5.402s] Level 1:colcon.colcon_core.environment:checking '/home/gargie/service/install/cpp_srvcli/bin'
[5.403s] Level 1:colcon.colcon_core.environment:checking '/home/gargie/service/install/cpp_srvcli/lib/pkgconfig/cpp_srvcli.pc'
[5.404s] Level 1:colcon.colcon_core.environment:checking '/home/gargie/service/install/cpp_srvcli/lib/python3.10/site-packages'
[5.405s] Level 1:colcon.colcon_core.environment:checking '/home/gargie/service/install/cpp_srvcli/bin'
[5.408s] INFO:colcon.colcon_core.shell:Creating package script '/home/gargie/service/install/cpp_srvcli/share/cpp_srvcli/package.ps1'
[5.411s] INFO:colcon.colcon_core.shell:Creating package descriptor '/home/gargie/service/install/cpp_srvcli/share/cpp_srvcli/package.dsv'
[5.415s] INFO:colcon.colcon_core.shell:Creating package script '/home/gargie/service/install/cpp_srvcli/share/cpp_srvcli/package.sh'
[5.420s] INFO:colcon.colcon_core.shell:Creating package script '/home/gargie/service/install/cpp_srvcli/share/cpp_srvcli/package.bash'
[5.423s] INFO:colcon.colcon_core.shell:Creating package script '/home/gargie/service/install/cpp_srvcli/share/cpp_srvcli/package.zsh'
[5.425s] Level 1:colcon.colcon_core.environment:create_file_with_runtime_dependencies(/home/gargie/service/install/cpp_srvcli/share/colcon-core/packages/cpp_srvcli)
[5.699s] DEBUG:colcon.colcon_core.event_handler.log_command:Invoking command in '/home/gargie/service/src/py_srvcli': PYTHONPATH=/home/gargie/service/build/py_srvcli/prefix_override:/usr/lib/python3/dist-packages/colcon_core/task/python/colcon_distutils_commands:/home/gargie/service/install/py_srvcli/lib/python3.10/site-packages:${PYTHONPATH} /usr/bin/python3 -W ignore:setup.py install is deprecated -W ignore:easy_install command is deprecated setup.py egg_info --egg-base ../../build/py_srvcli build --build-base /home/gargie/service/build/py_srvcli/build install --record /home/gargie/service/build/py_srvcli/install.log --single-version-externally-managed install_data
[7.138s] Level 1:colcon.colcon_core.environment:checking '/home/gargie/service/install/py_srvcli' for CMake module files
[7.139s] DEBUG:colcon.colcon_core.event_handler.log_command:Invoked command in '/home/gargie/service/src/py_srvcli' returned '0': PYTHONPATH=/home/gargie/service/build/py_srvcli/prefix_override:/usr/lib/python3/dist-packages/colcon_core/task/python/colcon_distutils_commands:/home/gargie/service/install/py_srvcli/lib/python3.10/site-packages:${PYTHONPATH} /usr/bin/python3 -W ignore:setup.py install is deprecated -W ignore:easy_install command is deprecated setup.py egg_info --egg-base ../../build/py_srvcli build --build-base /home/gargie/service/build/py_srvcli/build install --record /home/gargie/service/build/py_srvcli/install.log --single-version-externally-managed install_data
[7.145s] Level 1:colcon.colcon_core.environment:checking '/home/gargie/service/install/py_srvcli' for CMake config files
[7.152s] Level 1:colcon.colcon_core.environment:checking '/home/gargie/service/install/py_srvcli/lib'
[7.153s] Level 1:colcon.colcon_core.environment:checking '/home/gargie/service/install/py_srvcli/bin'
[7.154s] Level 1:colcon.colcon_core.environment:checking '/home/gargie/service/install/py_srvcli/lib/pkgconfig/py_srvcli.pc'
[7.156s] Level 1:colcon.colcon_core.environment:checking '/home/gargie/service/install/py_srvcli/lib/python3.10/site-packages'
[7.157s] Level 1:colcon.colcon_core.shell:create_environment_hook('py_srvcli', 'pythonpath')
[7.160s] INFO:colcon.colcon_core.shell:Creating environment hook '/home/gargie/service/install/py_srvcli/share/py_srvcli/hook/pythonpath.ps1'
[7.164s] INFO:colcon.colcon_core.shell:Creating environment descriptor '/home/gargie/service/install/py_srvcli/share/py_srvcli/hook/pythonpath.dsv'
[7.167s] INFO:colcon.colcon_core.shell:Creating environment hook '/home/gargie/service/install/py_srvcli/share/py_srvcli/hook/pythonpath.sh'
[7.173s] Level 1:colcon.colcon_core.environment:checking '/home/gargie/service/install/py_srvcli/bin'
[7.173s] Level 1:colcon.colcon_core.environment:create_environment_scripts_only(py_srvcli)
[7.176s] INFO:colcon.colcon_core.shell:Creating package script '/home/gargie/service/install/py_srvcli/share/py_srvcli/package.ps1'
[7.180s] INFO:colcon.colcon_core.shell:Creating package descriptor '/home/gargie/service/install/py_srvcli/share/py_srvcli/package.dsv'
[7.184s] INFO:colcon.colcon_core.shell:Creating package script '/home/gargie/service/install/py_srvcli/share/py_srvcli/package.sh'
[7.188s] INFO:colcon.colcon_core.shell:Creating package script '/home/gargie/service/install/py_srvcli/share/py_srvcli/package.bash'
[7.191s] INFO:colcon.colcon_core.shell:Creating package script '/home/gargie/service/install/py_srvcli/share/py_srvcli/package.zsh'
[7.193s] Level 1:colcon.colcon_core.environment:create_file_with_runtime_dependencies(/home/gargie/service/install/py_srvcli/share/colcon-core/packages/py_srvcli)
[16.579s] DEBUG:colcon.colcon_core.event_handler.log_command:Invoked command in '/home/gargie/service/build/cpp_parameter' returned '2': CMAKE_PREFIX_PATH=${CMAKE_PREFIX_PATH}:/home/gargie/service/install/py_srvcli:/home/gargie/key_ws/install/key1_pkg:/opt/ros/humble /usr/bin/cmake --build /home/gargie/service/build/cpp_parameter -- -j4 -l4
[16.582s] Level 1:colcon.colcon_core.environment:create_environment_scripts_only(cpp_parameter)
[16.584s] Level 1:colcon.colcon_core.environment:checking '/home/gargie/service/install/cpp_parameter' for CMake module files
[16.588s] Level 1:colcon.colcon_core.environment:checking '/home/gargie/service/install/cpp_parameter' for CMake config files
[16.593s] Level 1:colcon.colcon_core.shell:create_environment_hook('cpp_parameter', 'cmake_prefix_path')
[16.598s] INFO:colcon.colcon_core.shell:Creating environment hook '/home/gargie/service/install/cpp_parameter/share/cpp_parameter/hook/cmake_prefix_path.ps1'
[16.604s] INFO:colcon.colcon_core.shell:Creating environment descriptor '/home/gargie/service/install/cpp_parameter/share/cpp_parameter/hook/cmake_prefix_path.dsv'
[16.610s] INFO:colcon.colcon_core.shell:Creating environment hook '/home/gargie/service/install/cpp_parameter/share/cpp_parameter/hook/cmake_prefix_path.sh'
[16.617s] Level 1:colcon.colcon_core.environment:checking '/home/gargie/service/install/cpp_parameter/lib'
[16.618s] Level 1:colcon.colcon_core.environment:checking '/home/gargie/service/install/cpp_parameter/bin'
[16.620s] Level 1:colcon.colcon_core.environment:checking '/home/gargie/service/install/cpp_parameter/lib/pkgconfig/cpp_parameter.pc'
[16.622s] Level 1:colcon.colcon_core.environment:checking '/home/gargie/service/install/cpp_parameter/lib/python3.10/site-packages'
[16.625s] Level 1:colcon.colcon_core.environment:checking '/home/gargie/service/install/cpp_parameter/bin'
[16.628s] INFO:colcon.colcon_core.shell:Creating package script '/home/gargie/service/install/cpp_parameter/share/cpp_parameter/package.ps1'
[16.633s] INFO:colcon.colcon_core.shell:Creating package descriptor '/home/gargie/service/install/cpp_parameter/share/cpp_parameter/package.dsv'
[16.638s] INFO:colcon.colcon_core.shell:Creating package script '/home/gargie/service/install/cpp_parameter/share/cpp_parameter/package.sh'
[16.642s] INFO:colcon.colcon_core.shell:Creating package script '/home/gargie/service/install/cpp_parameter/share/cpp_parameter/package.bash'
[16.646s] INFO:colcon.colcon_core.shell:Creating package script '/home/gargie/service/install/cpp_parameter/share/cpp_parameter/package.zsh'
[16.650s] Level 1:colcon.colcon_core.environment:create_file_with_runtime_dependencies(/home/gargie/service/install/cpp_parameter/share/colcon-core/packages/cpp_parameter)
[16.662s] DEBUG:colcon.colcon_parallel_executor.executor.parallel:closing loop
[16.663s] DEBUG:colcon.colcon_parallel_executor.executor.parallel:loop closed
[16.663s] DEBUG:colcon.colcon_parallel_executor.executor.parallel:run_until_complete finished with '2'
[16.664s] DEBUG:colcon.colcon_core.event_reactor:joining thread
[16.735s] INFO:colcon.colcon_core.plugin_system:Skipping extension 'colcon_notification.desktop_notification.terminal_notifier': Not used on non-Darwin systems
[16.736s] INFO:colcon.colcon_core.plugin_system:Skipping extension 'colcon_notification.desktop_notification.win32': Not used on non-Windows systems
[16.737s] INFO:colcon.colcon_notification.desktop_notification:Sending desktop notification using 'notify2'
[16.876s] DEBUG:colcon.colcon_core.event_reactor:joined thread
[16.878s] INFO:colcon.colcon_core.shell:Creating prefix script '/home/gargie/service/install/local_setup.ps1'
[16.887s] INFO:colcon.colcon_core.shell:Creating prefix util module '/home/gargie/service/install/_local_setup_util_ps1.py'
[16.900s] INFO:colcon.colcon_core.shell:Creating prefix chain script '/home/gargie/service/install/setup.ps1'
[16.914s] INFO:colcon.colcon_core.shell:Creating prefix script '/home/gargie/service/install/local_setup.sh'
[16.920s] INFO:colcon.colcon_core.shell:Creating prefix util module '/home/gargie/service/install/_local_setup_util_sh.py'
[16.926s] INFO:colcon.colcon_core.shell:Creating prefix chain script '/home/gargie/service/install/setup.sh'
[16.938s] INFO:colcon.colcon_core.shell:Creating prefix script '/home/gargie/service/install/local_setup.bash'
[16.941s] INFO:colcon.colcon_core.shell:Creating prefix chain script '/home/gargie/service/install/setup.bash'
[16.950s] INFO:colcon.colcon_core.shell:Creating prefix script '/home/gargie/service/install/local_setup.zsh'
[16.954s] INFO:colcon.colcon_core.shell:Creating prefix chain script '/home/gargie/service/install/setup.zsh'
