[0.527s] DEBUG:colcon:Command line arguments: ['/usr/bin/colcon', 'build']
[0.528s] DEBUG:colcon:Parsed command line arguments: Namespace(log_base=None, log_level=None, verb_name='build', build_base='build', install_base='install', merge_install=False, symlink_install=False, test_result_base=None, continue_on_error=False, executor='parallel', parallel_workers=4, event_handlers=None, ignore_user_meta=False, metas=['./colcon.meta'], base_paths=['.'], packages_ignore=None, packages_ignore_regex=None, paths=None, packages_up_to=None, packages_up_to_regex=None, packages_above=None, packages_above_and_dependencies=None, packages_above_depth=None, packages_select_by_dep=None, packages_skip_by_dep=None, packages_skip_up_to=None, packages_select_build_failed=False, packages_skip_build_finished=False, packages_select_test_failures=False, packages_skip_test_passed=False, packages_select=None, packages_skip=None, packages_select_regex=None, packages_skip_regex=None, packages_start=None, packages_end=None, allow_overriding=[], cmake_args=None, cmake_target=None, cmake_target_skip_unavailable=False, cmake_clean_cache=False, cmake_clean_first=False, cmake_force_configure=False, ament_cmake_args=None, catkin_cmake_args=None, catkin_skip_building_tests=False, mixin_files=None, mixin=None, verb_parser=<colcon_mixin.mixin.mixin_argument.MixinArgumentDecorator object at 0x753e2d53add0>, verb_extension=<colcon_core.verb.build.BuildVerb object at 0x753e2d53a920>, main=<bound method BuildVerb.main of <colcon_core.verb.build.BuildVerb object at 0x753e2d53a920>>, mixin_verb=('build',))
[1.373s] Level 1:colcon.colcon_core.package_discovery:discover_packages(colcon_meta) check parameters
[1.374s] Level 1:colcon.colcon_core.package_discovery:discover_packages(recursive) check parameters
[1.374s] Level 1:colcon.colcon_core.package_discovery:discover_packages(ignore) check parameters
[1.374s] Level 1:colcon.colcon_core.package_discovery:discover_packages(path) check parameters
[1.374s] Level 1:colcon.colcon_core.package_discovery:discover_packages(colcon_meta) discover
[1.374s] Level 1:colcon.colcon_core.package_discovery:discover_packages(recursive) discover
[1.374s] INFO:colcon.colcon_core.package_discovery:Crawling recursively for packages in '/home/gargie/launch_ws'
[1.375s] Level 1:colcon.colcon_core.package_identification:_identify(.) by extensions ['ignore', 'ignore_ament_install']
[1.375s] Level 1:colcon.colcon_core.package_identification:_identify(.) by extension 'ignore'
[1.376s] Level 1:colcon.colcon_core.package_identification:_identify(.) by extension 'ignore_ament_install'
[1.376s] Level 1:colcon.colcon_core.package_identification:_identify(.) by extensions ['colcon_pkg']
[1.376s] Level 1:colcon.colcon_core.package_identification:_identify(.) by extension 'colcon_pkg'
[1.376s] Level 1:colcon.colcon_core.package_identification:_identify(.) by extensions ['colcon_meta']
[1.376s] Level 1:colcon.colcon_core.package_identification:_identify(.) by extension 'colcon_meta'
[1.376s] Level 1:colcon.colcon_core.package_identification:_identify(.) by extensions ['ros']
[1.377s] Level 1:colcon.colcon_core.package_identification:_identify(.) by extension 'ros'
[1.426s] Level 1:colcon.colcon_core.package_identification:_identify(.) by extensions ['cmake', 'python']
[1.427s] Level 1:colcon.colcon_core.package_identification:_identify(.) by extension 'cmake'
[1.427s] Level 1:colcon.colcon_core.package_identification:_identify(.) by extension 'python'
[1.427s] Level 1:colcon.colcon_core.package_identification:_identify(.) by extensions ['python_setup_py']
[1.427s] Level 1:colcon.colcon_core.package_identification:_identify(.) by extension 'python_setup_py'
[1.428s] Level 1:colcon.colcon_core.package_identification:_identify(build) by extensions ['ignore', 'ignore_ament_install']
[1.428s] Level 1:colcon.colcon_core.package_identification:_identify(build) by extension 'ignore'
[1.428s] Level 1:colcon.colcon_core.package_identification:_identify(build) ignored
[1.429s] Level 1:colcon.colcon_core.package_identification:_identify(install) by extensions ['ignore', 'ignore_ament_install']
[1.429s] Level 1:colcon.colcon_core.package_identification:_identify(install) by extension 'ignore'
[1.430s] Level 1:colcon.colcon_core.package_identification:_identify(install) ignored
[1.430s] Level 1:colcon.colcon_core.package_identification:_identify(log) by extensions ['ignore', 'ignore_ament_install']
[1.430s] Level 1:colcon.colcon_core.package_identification:_identify(log) by extension 'ignore'
[1.431s] Level 1:colcon.colcon_core.package_identification:_identify(log) ignored
[1.431s] Level 1:colcon.colcon_core.package_identification:_identify(src) by extensions ['ignore', 'ignore_ament_install']
[1.431s] Level 1:colcon.colcon_core.package_identification:_identify(src) by extension 'ignore'
[1.431s] Level 1:colcon.colcon_core.package_identification:_identify(src) by extension 'ignore_ament_install'
[1.432s] Level 1:colcon.colcon_core.package_identification:_identify(src) by extensions ['colcon_pkg']
[1.432s] Level 1:colcon.colcon_core.package_identification:_identify(src) by extension 'colcon_pkg'
[1.432s] Level 1:colcon.colcon_core.package_identification:_identify(src) by extensions ['colcon_meta']
[1.432s] Level 1:colcon.colcon_core.package_identification:_identify(src) by extension 'colcon_meta'
[1.432s] Level 1:colcon.colcon_core.package_identification:_identify(src) by extensions ['ros']
[1.433s] Level 1:colcon.colcon_core.package_identification:_identify(src) by extension 'ros'
[1.433s] Level 1:colcon.colcon_core.package_identification:_identify(src) by extensions ['cmake', 'python']
[1.433s] Level 1:colcon.colcon_core.package_identification:_identify(src) by extension 'cmake'
[1.433s] Level 1:colcon.colcon_core.package_identification:_identify(src) by extension 'python'
[1.433s] Level 1:colcon.colcon_core.package_identification:_identify(src) by extensions ['python_setup_py']
[1.434s] Level 1:colcon.colcon_core.package_identification:_identify(src) by extension 'python_setup_py'
[1.434s] Level 1:colcon.colcon_core.package_identification:_identify(src/launch_tutorial) by extensions ['ignore', 'ignore_ament_install']
[1.434s] Level 1:colcon.colcon_core.package_identification:_identify(src/launch_tutorial) by extension 'ignore'
[1.435s] Level 1:colcon.colcon_core.package_identification:_identify(src/launch_tutorial) by extension 'ignore_ament_install'
[1.435s] Level 1:colcon.colcon_core.package_identification:_identify(src/launch_tutorial) by extensions ['colcon_pkg']
[1.435s] Level 1:colcon.colcon_core.package_identification:_identify(src/launch_tutorial) by extension 'colcon_pkg'
[1.435s] Level 1:colcon.colcon_core.package_identification:_identify(src/launch_tutorial) by extensions ['colcon_meta']
[1.435s] Level 1:colcon.colcon_core.package_identification:_identify(src/launch_tutorial) by extension 'colcon_meta'
[1.436s] Level 1:colcon.colcon_core.package_identification:_identify(src/launch_tutorial) by extensions ['ros']
[1.436s] Level 1:colcon.colcon_core.package_identification:_identify(src/launch_tutorial) by extension 'ros'
[1.445s] DEBUG:colcon.colcon_core.package_identification:Package 'src/launch_tutorial' with type 'ros.ament_cmake' and name 'launch_tutorial'
[1.446s] Level 1:colcon.colcon_core.package_identification:_identify(src/py_launch_example) by extensions ['ignore', 'ignore_ament_install']
[1.446s] Level 1:colcon.colcon_core.package_identification:_identify(src/py_launch_example) by extension 'ignore'
[1.447s] Level 1:colcon.colcon_core.package_identification:_identify(src/py_launch_example) by extension 'ignore_ament_install'
[1.447s] Level 1:colcon.colcon_core.package_identification:_identify(src/py_launch_example) by extensions ['colcon_pkg']
[1.447s] Level 1:colcon.colcon_core.package_identification:_identify(src/py_launch_example) by extension 'colcon_pkg'
[1.447s] Level 1:colcon.colcon_core.package_identification:_identify(src/py_launch_example) by extensions ['colcon_meta']
[1.447s] Level 1:colcon.colcon_core.package_identification:_identify(src/py_launch_example) by extension 'colcon_meta'
[1.448s] Level 1:colcon.colcon_core.package_identification:_identify(src/py_launch_example) by extensions ['ros']
[1.448s] Level 1:colcon.colcon_core.package_identification:_identify(src/py_launch_example) by extension 'ros'
[1.450s] DEBUG:colcon.colcon_core.package_identification:Package 'src/py_launch_example' with type 'ros.ament_python' and name 'py_launch_example'
[1.450s] Level 1:colcon.colcon_core.package_discovery:discover_packages(recursive) using defaults
[1.451s] Level 1:colcon.colcon_core.package_discovery:discover_packages(ignore) discover
[1.451s] Level 1:colcon.colcon_core.package_discovery:discover_packages(ignore) using defaults
[1.451s] Level 1:colcon.colcon_core.package_discovery:discover_packages(path) discover
[1.451s] Level 1:colcon.colcon_core.package_discovery:discover_packages(path) using defaults
[1.584s] Level 1:colcon.colcon_core.package_discovery:discover_packages(prefix_path) check parameters
[1.584s] Level 1:colcon.colcon_core.package_discovery:discover_packages(prefix_path) discover
[1.595s] DEBUG:colcon.colcon_installed_package_information.package_discovery:Found 2 installed packages in /home/gargie/launch_ws/install
[1.597s] DEBUG:colcon.colcon_installed_package_information.package_discovery:Found 1 installed packages in /home/gargie/interfaces/install
[1.599s] DEBUG:colcon.colcon_installed_package_information.package_discovery:Found 1 installed packages in /home/gargie/interm_ws/install
[1.602s] DEBUG:colcon.colcon_installed_package_information.package_discovery:Found 5 installed packages in /home/gargie/service/install
[1.604s] DEBUG:colcon.colcon_installed_package_information.package_discovery:Found 1 installed packages in /home/gargie/project/install
[1.606s] DEBUG:colcon.colcon_installed_package_information.package_discovery:Found 2 installed packages in /home/gargie/key_ws/install
[1.608s] DEBUG:colcon.colcon_installed_package_information.package_discovery:Found 1 installed packages in /home/gargie/chem_ws/install
[1.616s] DEBUG:colcon.colcon_installed_package_information.package_discovery:Found 295 installed packages in /opt/ros/humble
[1.626s] Level 1:colcon.colcon_core.package_discovery:discover_packages(prefix_path) using defaults
[1.838s] Level 5:colcon.colcon_core.verb:set package 'launch_tutorial' build argument 'cmake_args' from command line to 'None'
[1.838s] Level 5:colcon.colcon_core.verb:set package 'launch_tutorial' build argument 'cmake_target' from command line to 'None'
[1.838s] Level 5:colcon.colcon_core.verb:set package 'launch_tutorial' build argument 'cmake_target_skip_unavailable' from command line to 'False'
[1.839s] Level 5:colcon.colcon_core.verb:set package 'launch_tutorial' build argument 'cmake_clean_cache' from command line to 'False'
[1.839s] Level 5:colcon.colcon_core.verb:set package 'launch_tutorial' build argument 'cmake_clean_first' from command line to 'False'
[1.839s] Level 5:colcon.colcon_core.verb:set package 'launch_tutorial' build argument 'cmake_force_configure' from command line to 'False'
[1.839s] Level 5:colcon.colcon_core.verb:set package 'launch_tutorial' build argument 'ament_cmake_args' from command line to 'None'
[1.839s] Level 5:colcon.colcon_core.verb:set package 'launch_tutorial' build argument 'catkin_cmake_args' from command line to 'None'
[1.839s] Level 5:colcon.colcon_core.verb:set package 'launch_tutorial' build argument 'catkin_skip_building_tests' from command line to 'False'
[1.839s] DEBUG:colcon.colcon_core.verb:Building package 'launch_tutorial' with the following arguments: {'ament_cmake_args': None, 'build_base': '/home/gargie/launch_ws/build/launch_tutorial', 'catkin_cmake_args': None, 'catkin_skip_building_tests': False, 'cmake_args': None, 'cmake_clean_cache': False, 'cmake_clean_first': False, 'cmake_force_configure': False, 'cmake_target': None, 'cmake_target_skip_unavailable': False, 'install_base': '/home/gargie/launch_ws/install/launch_tutorial', 'merge_install': False, 'path': '/home/gargie/launch_ws/src/launch_tutorial', 'symlink_install': False, 'test_result_base': None}
[1.841s] Level 5:colcon.colcon_core.verb:set package 'py_launch_example' build argument 'cmake_args' from command line to 'None'
[1.841s] Level 5:colcon.colcon_core.verb:set package 'py_launch_example' build argument 'cmake_target' from command line to 'None'
[1.841s] Level 5:colcon.colcon_core.verb:set package 'py_launch_example' build argument 'cmake_target_skip_unavailable' from command line to 'False'
[1.842s] Level 5:colcon.colcon_core.verb:set package 'py_launch_example' build argument 'cmake_clean_cache' from command line to 'False'
[1.842s] Level 5:colcon.colcon_core.verb:set package 'py_launch_example' build argument 'cmake_clean_first' from command line to 'False'
[1.842s] Level 5:colcon.colcon_core.verb:set package 'py_launch_example' build argument 'cmake_force_configure' from command line to 'False'
[1.842s] Level 5:colcon.colcon_core.verb:set package 'py_launch_example' build argument 'ament_cmake_args' from command line to 'None'
[1.842s] Level 5:colcon.colcon_core.verb:set package 'py_launch_example' build argument 'catkin_cmake_args' from command line to 'None'
[1.842s] Level 5:colcon.colcon_core.verb:set package 'py_launch_example' build argument 'catkin_skip_building_tests' from command line to 'False'
[1.842s] DEBUG:colcon.colcon_core.verb:Building package 'py_launch_example' with the following arguments: {'ament_cmake_args': None, 'build_base': '/home/gargie/launch_ws/build/py_launch_example', 'catkin_cmake_args': None, 'catkin_skip_building_tests': False, 'cmake_args': None, 'cmake_clean_cache': False, 'cmake_clean_first': False, 'cmake_force_configure': False, 'cmake_target': None, 'cmake_target_skip_unavailable': False, 'install_base': '/home/gargie/launch_ws/install/py_launch_example', 'merge_install': False, 'path': '/home/gargie/launch_ws/src/py_launch_example', 'symlink_install': False, 'test_result_base': None}
[1.843s] INFO:colcon.colcon_core.executor:Executing jobs using 'parallel' executor
[1.848s] DEBUG:colcon.colcon_parallel_executor.executor.parallel:run_until_complete
[1.849s] INFO:colcon.colcon_ros.task.ament_cmake.build:Building ROS package in '/home/gargie/launch_ws/src/launch_tutorial' with build type 'ament_cmake'
[1.849s] INFO:colcon.colcon_cmake.task.cmake.build:Building CMake package in '/home/gargie/launch_ws/src/launch_tutorial'
[1.860s] INFO:colcon.colcon_core.plugin_system:Skipping extension 'colcon_core.shell.bat': Not used on non-Windows systems
[1.861s] INFO:colcon.colcon_core.shell:Skip shell extension 'powershell' for command environment: Not usable outside of PowerShell
[1.861s] DEBUG:colcon.colcon_core.shell:Skip shell extension 'dsv' for command environment
[1.894s] INFO:colcon.colcon_ros.task.ament_python.build:Building ROS package in '/home/gargie/launch_ws/src/py_launch_example' with build type 'ament_python'
[1.895s] Level 1:colcon.colcon_core.shell:create_environment_hook('py_launch_example', 'ament_prefix_path')
[1.896s] INFO:colcon.colcon_core.shell:Creating environment hook '/home/gargie/launch_ws/install/py_launch_example/share/py_launch_example/hook/ament_prefix_path.ps1'
[1.899s] INFO:colcon.colcon_core.shell:Creating environment descriptor '/home/gargie/launch_ws/install/py_launch_example/share/py_launch_example/hook/ament_prefix_path.dsv'
[1.902s] INFO:colcon.colcon_core.shell:Creating environment hook '/home/gargie/launch_ws/install/py_launch_example/share/py_launch_example/hook/ament_prefix_path.sh'
[1.906s] INFO:colcon.colcon_core.shell:Skip shell extension 'powershell' for command environment: Not usable outside of PowerShell
[1.906s] DEBUG:colcon.colcon_core.shell:Skip shell extension 'dsv' for command environment
[1.950s] DEBUG:colcon.colcon_core.event_handler.log_command:Invoking command in '/home/gargie/launch_ws/build/launch_tutorial': CMAKE_PREFIX_PATH=${CMAKE_PREFIX_PATH}:/home/gargie/launch_ws/install/py_launch_example:/home/gargie/service/install/py_srvcli:/home/gargie/service/install/py_parameter:/home/gargie/key_ws/install/key1_pkg:/opt/ros/humble /usr/bin/cmake --build /home/gargie/launch_ws/build/launch_tutorial -- -j4 -l4
[3.235s] INFO:colcon.colcon_core.task.python.build:Building Python package in '/home/gargie/launch_ws/src/py_launch_example'
[3.236s] INFO:colcon.colcon_core.shell:Skip shell extension 'powershell' for command environment: Not usable outside of PowerShell
[3.236s] DEBUG:colcon.colcon_core.shell:Skip shell extension 'dsv' for command environment
[3.274s] DEBUG:colcon.colcon_core.event_handler.log_command:Invoked command in '/home/gargie/launch_ws/build/launch_tutorial' returned '0': CMAKE_PREFIX_PATH=${CMAKE_PREFIX_PATH}:/home/gargie/launch_ws/install/py_launch_example:/home/gargie/service/install/py_srvcli:/home/gargie/service/install/py_parameter:/home/gargie/key_ws/install/key1_pkg:/opt/ros/humble /usr/bin/cmake --build /home/gargie/launch_ws/build/launch_tutorial -- -j4 -l4
[3.320s] DEBUG:colcon.colcon_core.event_handler.log_command:Invoking command in '/home/gargie/launch_ws/build/launch_tutorial': CMAKE_PREFIX_PATH=${CMAKE_PREFIX_PATH}:/home/gargie/launch_ws/install/py_launch_example:/home/gargie/service/install/py_srvcli:/home/gargie/service/install/py_parameter:/home/gargie/key_ws/install/key1_pkg:/opt/ros/humble /usr/bin/cmake --install /home/gargie/launch_ws/build/launch_tutorial
[3.357s] Level 1:colcon.colcon_core.environment:create_environment_scripts_only(launch_tutorial)
[3.367s] DEBUG:colcon.colcon_core.event_handler.log_command:Invoked command in '/home/gargie/launch_ws/build/launch_tutorial' returned '0': CMAKE_PREFIX_PATH=${CMAKE_PREFIX_PATH}:/home/gargie/launch_ws/install/py_launch_example:/home/gargie/service/install/py_srvcli:/home/gargie/service/install/py_parameter:/home/gargie/key_ws/install/key1_pkg:/opt/ros/humble /usr/bin/cmake --install /home/gargie/launch_ws/build/launch_tutorial
[3.374s] Level 1:colcon.colcon_core.environment:checking '/home/gargie/launch_ws/install/launch_tutorial' for CMake module files
[3.377s] Level 1:colcon.colcon_core.environment:checking '/home/gargie/launch_ws/install/launch_tutorial' for CMake config files
[3.378s] Level 1:colcon.colcon_core.shell:create_environment_hook('launch_tutorial', 'cmake_prefix_path')
[3.379s] INFO:colcon.colcon_core.shell:Creating environment hook '/home/gargie/launch_ws/install/launch_tutorial/share/launch_tutorial/hook/cmake_prefix_path.ps1'
[3.381s] INFO:colcon.colcon_core.shell:Creating environment descriptor '/home/gargie/launch_ws/install/launch_tutorial/share/launch_tutorial/hook/cmake_prefix_path.dsv'
[3.383s] INFO:colcon.colcon_core.shell:Creating environment hook '/home/gargie/launch_ws/install/launch_tutorial/share/launch_tutorial/hook/cmake_prefix_path.sh'
[3.387s] Level 1:colcon.colcon_core.environment:checking '/home/gargie/launch_ws/install/launch_tutorial/bin'
[3.387s] Level 1:colcon.colcon_core.environment:checking '/home/gargie/launch_ws/install/launch_tutorial/lib/pkgconfig/launch_tutorial.pc'
[3.388s] Level 1:colcon.colcon_core.environment:checking '/home/gargie/launch_ws/install/launch_tutorial/lib/python3.10/site-packages'
[3.389s] Level 1:colcon.colcon_core.environment:checking '/home/gargie/launch_ws/install/launch_tutorial/bin'
[3.391s] INFO:colcon.colcon_core.shell:Creating package script '/home/gargie/launch_ws/install/launch_tutorial/share/launch_tutorial/package.ps1'
[3.394s] INFO:colcon.colcon_core.shell:Creating package descriptor '/home/gargie/launch_ws/install/launch_tutorial/share/launch_tutorial/package.dsv'
[3.397s] INFO:colcon.colcon_core.shell:Creating package script '/home/gargie/launch_ws/install/launch_tutorial/share/launch_tutorial/package.sh'
[3.400s] INFO:colcon.colcon_core.shell:Creating package script '/home/gargie/launch_ws/install/launch_tutorial/share/launch_tutorial/package.bash'
[3.406s] INFO:colcon.colcon_core.shell:Creating package script '/home/gargie/launch_ws/install/launch_tutorial/share/launch_tutorial/package.zsh'
[3.411s] Level 1:colcon.colcon_core.environment:create_file_with_runtime_dependencies(/home/gargie/launch_ws/install/launch_tutorial/share/colcon-core/packages/launch_tutorial)
[3.414s] Level 1:colcon.colcon_core.environment:create_environment_scripts_only(launch_tutorial)
[3.416s] Level 1:colcon.colcon_core.environment:checking '/home/gargie/launch_ws/install/launch_tutorial' for CMake module files
[3.418s] Level 1:colcon.colcon_core.environment:checking '/home/gargie/launch_ws/install/launch_tutorial' for CMake config files
[3.419s] Level 1:colcon.colcon_core.shell:create_environment_hook('launch_tutorial', 'cmake_prefix_path')
[3.420s] INFO:colcon.colcon_core.shell:Creating environment hook '/home/gargie/launch_ws/install/launch_tutorial/share/launch_tutorial/hook/cmake_prefix_path.ps1'
[3.422s] INFO:colcon.colcon_core.shell:Creating environment descriptor '/home/gargie/launch_ws/install/launch_tutorial/share/launch_tutorial/hook/cmake_prefix_path.dsv'
[3.425s] INFO:colcon.colcon_core.shell:Creating environment hook '/home/gargie/launch_ws/install/launch_tutorial/share/launch_tutorial/hook/cmake_prefix_path.sh'
[3.428s] Level 1:colcon.colcon_core.environment:checking '/home/gargie/launch_ws/install/launch_tutorial/bin'
[3.428s] Level 1:colcon.colcon_core.environment:checking '/home/gargie/launch_ws/install/launch_tutorial/lib/pkgconfig/launch_tutorial.pc'
[3.429s] Level 1:colcon.colcon_core.environment:checking '/home/gargie/launch_ws/install/launch_tutorial/lib/python3.10/site-packages'
[3.430s] Level 1:colcon.colcon_core.environment:checking '/home/gargie/launch_ws/install/launch_tutorial/bin'
[3.432s] INFO:colcon.colcon_core.shell:Creating package script '/home/gargie/launch_ws/install/launch_tutorial/share/launch_tutorial/package.ps1'
[3.434s] INFO:colcon.colcon_core.shell:Creating package descriptor '/home/gargie/launch_ws/install/launch_tutorial/share/launch_tutorial/package.dsv'
[3.437s] INFO:colcon.colcon_core.shell:Creating package script '/home/gargie/launch_ws/install/launch_tutorial/share/launch_tutorial/package.sh'
[3.439s] INFO:colcon.colcon_core.shell:Creating package script '/home/gargie/launch_ws/install/launch_tutorial/share/launch_tutorial/package.bash'
[3.442s] INFO:colcon.colcon_core.shell:Creating package script '/home/gargie/launch_ws/install/launch_tutorial/share/launch_tutorial/package.zsh'
[3.444s] Level 1:colcon.colcon_core.environment:create_file_with_runtime_dependencies(/home/gargie/launch_ws/install/launch_tutorial/share/colcon-core/packages/launch_tutorial)
[4.954s] DEBUG:colcon.colcon_core.event_handler.log_command:Invoking command in '/home/gargie/launch_ws/src/py_launch_example': PYTHONPATH=/home/gargie/launch_ws/build/py_launch_example/prefix_override:/usr/lib/python3/dist-packages/colcon_core/task/python/colcon_distutils_commands:/home/gargie/launch_ws/install/py_launch_example/lib/python3.10/site-packages:${PYTHONPATH} /usr/bin/python3 -W ignore:setup.py install is deprecated -W ignore:easy_install command is deprecated setup.py egg_info --egg-base ../../build/py_launch_example build --build-base /home/gargie/launch_ws/build/py_launch_example/build install --record /home/gargie/launch_ws/build/py_launch_example/install.log --single-version-externally-managed install_data
[6.440s] Level 1:colcon.colcon_core.environment:checking '/home/gargie/launch_ws/install/py_launch_example' for CMake module files
[6.444s] DEBUG:colcon.colcon_core.event_handler.log_command:Invoked command in '/home/gargie/launch_ws/src/py_launch_example' returned '0': PYTHONPATH=/home/gargie/launch_ws/build/py_launch_example/prefix_override:/usr/lib/python3/dist-packages/colcon_core/task/python/colcon_distutils_commands:/home/gargie/launch_ws/install/py_launch_example/lib/python3.10/site-packages:${PYTHONPATH} /usr/bin/python3 -W ignore:setup.py install is deprecated -W ignore:easy_install command is deprecated setup.py egg_info --egg-base ../../build/py_launch_example build --build-base /home/gargie/launch_ws/build/py_launch_example/build install --record /home/gargie/launch_ws/build/py_launch_example/install.log --single-version-externally-managed install_data
[6.446s] Level 1:colcon.colcon_core.environment:checking '/home/gargie/launch_ws/install/py_launch_example' for CMake config files
[6.450s] Level 1:colcon.colcon_core.environment:checking '/home/gargie/launch_ws/install/py_launch_example/lib'
[6.451s] Level 1:colcon.colcon_core.environment:checking '/home/gargie/launch_ws/install/py_launch_example/bin'
[6.451s] Level 1:colcon.colcon_core.environment:checking '/home/gargie/launch_ws/install/py_launch_example/lib/pkgconfig/py_launch_example.pc'
[6.453s] Level 1:colcon.colcon_core.environment:checking '/home/gargie/launch_ws/install/py_launch_example/lib/python3.10/site-packages'
[6.453s] Level 1:colcon.colcon_core.shell:create_environment_hook('py_launch_example', 'pythonpath')
[6.454s] INFO:colcon.colcon_core.shell:Creating environment hook '/home/gargie/launch_ws/install/py_launch_example/share/py_launch_example/hook/pythonpath.ps1'
[6.457s] INFO:colcon.colcon_core.shell:Creating environment descriptor '/home/gargie/launch_ws/install/py_launch_example/share/py_launch_example/hook/pythonpath.dsv'
[6.459s] INFO:colcon.colcon_core.shell:Creating environment hook '/home/gargie/launch_ws/install/py_launch_example/share/py_launch_example/hook/pythonpath.sh'
[6.463s] Level 1:colcon.colcon_core.environment:checking '/home/gargie/launch_ws/install/py_launch_example/bin'
[6.464s] Level 1:colcon.colcon_core.environment:create_environment_scripts_only(py_launch_example)
[6.466s] INFO:colcon.colcon_core.shell:Creating package script '/home/gargie/launch_ws/install/py_launch_example/share/py_launch_example/package.ps1'
[6.469s] INFO:colcon.colcon_core.shell:Creating package descriptor '/home/gargie/launch_ws/install/py_launch_example/share/py_launch_example/package.dsv'
[6.472s] INFO:colcon.colcon_core.shell:Creating package script '/home/gargie/launch_ws/install/py_launch_example/share/py_launch_example/package.sh'
[6.476s] INFO:colcon.colcon_core.shell:Creating package script '/home/gargie/launch_ws/install/py_launch_example/share/py_launch_example/package.bash'
[6.478s] INFO:colcon.colcon_core.shell:Creating package script '/home/gargie/launch_ws/install/py_launch_example/share/py_launch_example/package.zsh'
[6.481s] Level 1:colcon.colcon_core.environment:create_file_with_runtime_dependencies(/home/gargie/launch_ws/install/py_launch_example/share/colcon-core/packages/py_launch_example)
[6.482s] DEBUG:colcon.colcon_parallel_executor.executor.parallel:closing loop
[6.485s] DEBUG:colcon.colcon_parallel_executor.executor.parallel:loop closed
[6.485s] DEBUG:colcon.colcon_parallel_executor.executor.parallel:run_until_complete finished with '0'
[6.486s] DEBUG:colcon.colcon_core.event_reactor:joining thread
[6.521s] INFO:colcon.colcon_core.plugin_system:Skipping extension 'colcon_notification.desktop_notification.terminal_notifier': Not used on non-Darwin systems
[6.521s] INFO:colcon.colcon_core.plugin_system:Skipping extension 'colcon_notification.desktop_notification.win32': Not used on non-Windows systems
[6.522s] INFO:colcon.colcon_notification.desktop_notification:Sending desktop notification using 'notify2'
[6.618s] DEBUG:colcon.colcon_core.event_reactor:joined thread
[6.620s] INFO:colcon.colcon_core.shell:Creating prefix script '/home/gargie/launch_ws/install/local_setup.ps1'
[6.629s] INFO:colcon.colcon_core.shell:Creating prefix util module '/home/gargie/launch_ws/install/_local_setup_util_ps1.py'
[6.641s] INFO:colcon.colcon_core.shell:Creating prefix chain script '/home/gargie/launch_ws/install/setup.ps1'
[6.656s] INFO:colcon.colcon_core.shell:Creating prefix script '/home/gargie/launch_ws/install/local_setup.sh'
[6.661s] INFO:colcon.colcon_core.shell:Creating prefix util module '/home/gargie/launch_ws/install/_local_setup_util_sh.py'
[6.666s] INFO:colcon.colcon_core.shell:Creating prefix chain script '/home/gargie/launch_ws/install/setup.sh'
[6.678s] INFO:colcon.colcon_core.shell:Creating prefix script '/home/gargie/launch_ws/install/local_setup.bash'
[6.681s] INFO:colcon.colcon_core.shell:Creating prefix chain script '/home/gargie/launch_ws/install/setup.bash'
[6.691s] INFO:colcon.colcon_core.shell:Creating prefix script '/home/gargie/launch_ws/install/local_setup.zsh'
[6.694s] INFO:colcon.colcon_core.shell:Creating prefix chain script '/home/gargie/launch_ws/install/setup.zsh'
