[0.095s] Invoking command in '/home/gargie/launch_ws/build/launch_tutorial': CMAKE_PREFIX_PATH=${CMAKE_PREFIX_PATH}:/home/gargie/launch_ws/install/py_launch_example:/home/gargie/service/install/py_srvcli:/home/gargie/service/install/py_parameter:/home/gargie/key_ws/install/key1_pkg:/opt/ros/humble /usr/bin/cmake --build /home/gargie/launch_ws/build/launch_tutorial -- -j4 -l4
[1.462s] Invoked command in '/home/gargie/launch_ws/build/launch_tutorial' returned '0': CMAKE_PREFIX_PATH=${CMAKE_PREFIX_PATH}:/home/gargie/launch_ws/install/py_launch_example:/home/gargie/service/install/py_srvcli:/home/gargie/service/install/py_parameter:/home/gargie/key_ws/install/key1_pkg:/opt/ros/humble /usr/bin/cmake --build /home/gargie/launch_ws/build/launch_tutorial -- -j4 -l4
[1.502s] Invoking command in '/home/gargie/launch_ws/build/launch_tutorial': CMAKE_PREFIX_PATH=${CMAKE_PREFIX_PATH}:/home/gargie/launch_ws/install/py_launch_example:/home/gargie/service/install/py_srvcli:/home/gargie/service/install/py_parameter:/home/gargie/key_ws/install/key1_pkg:/opt/ros/humble /usr/bin/cmake --install /home/gargie/launch_ws/build/launch_tutorial
[1.533s] -- Install configuration: ""
[1.534s] -- Up-to-date: /home/gargie/launch_ws/install/launch_tutorial/share/launch_tutorial//launch
[1.534s] -- Up-to-date: /home/gargie/launch_ws/install/launch_tutorial/share/launch_tutorial//launch/example_main_launch.yaml
[1.534s] -- Installing: /home/gargie/launch_ws/install/launch_tutorial/share/launch_tutorial//launch/example_event_handler.launch.py
[1.536s] -- Up-to-date: /home/gargie/launch_ws/install/launch_tutorial/share/launch_tutorial//launch/example_subs_launch.yaml
[1.537s] -- Up-to-date: /home/gargie/launch_ws/install/launch_tutorial/share/ament_index/resource_index/package_run_dependencies/launch_tutorial
[1.538s] -- Up-to-date: /home/gargie/launch_ws/install/launch_tutorial/share/ament_index/resource_index/parent_prefix_path/launch_tutorial
[1.538s] -- Up-to-date: /home/gargie/launch_ws/install/launch_tutorial/share/launch_tutorial/environment/ament_prefix_path.sh
[1.539s] -- Up-to-date: /home/gargie/launch_ws/install/launch_tutorial/share/launch_tutorial/environment/ament_prefix_path.dsv
[1.539s] -- Up-to-date: /home/gargie/launch_ws/install/launch_tutorial/share/launch_tutorial/environment/path.sh
[1.540s] -- Up-to-date: /home/gargie/launch_ws/install/launch_tutorial/share/launch_tutorial/environment/path.dsv
[1.540s] -- Up-to-date: /home/gargie/launch_ws/install/launch_tutorial/share/launch_tutorial/local_setup.bash
[1.541s] -- Up-to-date: /home/gargie/launch_ws/install/launch_tutorial/share/launch_tutorial/local_setup.sh
[1.541s] -- Up-to-date: /home/gargie/launch_ws/install/launch_tutorial/share/launch_tutorial/local_setup.zsh
[1.542s] -- Up-to-date: /home/gargie/launch_ws/install/launch_tutorial/share/launch_tutorial/local_setup.dsv
[1.543s] -- Installing: /home/gargie/launch_ws/install/launch_tutorial/share/launch_tutorial/package.dsv
[1.546s] -- Up-to-date: /home/gargie/launch_ws/install/launch_tutorial/share/ament_index/resource_index/packages/launch_tutorial
[1.547s] -- Up-to-date: /home/gargie/launch_ws/install/launch_tutorial/share/launch_tutorial/cmake/launch_tutorialConfig.cmake
[1.548s] -- Up-to-date: /home/gargie/launch_ws/install/launch_tutorial/share/launch_tutorial/cmake/launch_tutorialConfig-version.cmake
[1.549s] -- Up-to-date: /home/gargie/launch_ws/install/launch_tutorial/share/launch_tutorial/package.xml
[1.552s] Invoked command in '/home/gargie/launch_ws/build/launch_tutorial' returned '0': CMAKE_PREFIX_PATH=${CMAKE_PREFIX_PATH}:/home/gargie/launch_ws/install/py_launch_example:/home/gargie/service/install/py_srvcli:/home/gargie/service/install/py_parameter:/home/gargie/key_ws/install/key1_pkg:/opt/ros/humble /usr/bin/cmake --install /home/gargie/launch_ws/build/launch_tutorial
