[0.566s] DEBUG:colcon:Command line arguments: ['/usr/bin/colcon', 'build', '--packages-select', 'cpp_eventhandle']
[0.567s] DEBUG:colcon:Parsed command line arguments: Namespace(log_base=None, log_level=None, verb_name='build', build_base='build', install_base='install', merge_install=False, symlink_install=False, test_result_base=None, continue_on_error=False, executor='parallel', parallel_workers=4, event_handlers=None, ignore_user_meta=False, metas=['./colcon.meta'], base_paths=['.'], packages_ignore=None, packages_ignore_regex=None, paths=None, packages_up_to=None, packages_up_to_regex=None, packages_above=None, packages_above_and_dependencies=None, packages_above_depth=None, packages_select_by_dep=None, packages_skip_by_dep=None, packages_skip_up_to=None, packages_select_build_failed=False, packages_skip_build_finished=False, packages_select_test_failures=False, packages_skip_test_passed=False, packages_select=['cpp_eventhandle'], packages_skip=None, packages_select_regex=None, packages_skip_regex=None, packages_start=None, packages_end=None, allow_overriding=[], cmake_args=None, cmake_target=None, cmake_target_skip_unavailable=False, cmake_clean_cache=False, cmake_clean_first=False, cmake_force_configure=False, ament_cmake_args=None, catkin_cmake_args=None, catkin_skip_building_tests=False, mixin_files=None, mixin=None, verb_parser=<colcon_mixin.mixin.mixin_argument.MixinArgumentDecorator object at 0x7c4ecb3cf040>, verb_extension=<colcon_core.verb.build.BuildVerb object at 0x7c4ecb3ceb90>, main=<bound method BuildVerb.main of <colcon_core.verb.build.BuildVerb object at 0x7c4ecb3ceb90>>, mixin_verb=('build',))
[1.472s] Level 1:colcon.colcon_core.package_discovery:discover_packages(colcon_meta) check parameters
[1.473s] Level 1:colcon.colcon_core.package_discovery:discover_packages(recursive) check parameters
[1.473s] Level 1:colcon.colcon_core.package_discovery:discover_packages(ignore) check parameters
[1.473s] Level 1:colcon.colcon_core.package_discovery:discover_packages(path) check parameters
[1.473s] Level 1:colcon.colcon_core.package_discovery:discover_packages(colcon_meta) discover
[1.473s] Level 1:colcon.colcon_core.package_discovery:discover_packages(recursive) discover
[1.473s] INFO:colcon.colcon_core.package_discovery:Crawling recursively for packages in '/home/gargie/interfaces'
[1.474s] Level 1:colcon.colcon_core.package_identification:_identify(.) by extensions ['ignore', 'ignore_ament_install']
[1.474s] Level 1:colcon.colcon_core.package_identification:_identify(.) by extension 'ignore'
[1.474s] Level 1:colcon.colcon_core.package_identification:_identify(.) by extension 'ignore_ament_install'
[1.475s] Level 1:colcon.colcon_core.package_identification:_identify(.) by extensions ['colcon_pkg']
[1.475s] Level 1:colcon.colcon_core.package_identification:_identify(.) by extension 'colcon_pkg'
[1.475s] Level 1:colcon.colcon_core.package_identification:_identify(.) by extensions ['colcon_meta']
[1.475s] Level 1:colcon.colcon_core.package_identification:_identify(.) by extension 'colcon_meta'
[1.475s] Level 1:colcon.colcon_core.package_identification:_identify(.) by extensions ['ros']
[1.475s] Level 1:colcon.colcon_core.package_identification:_identify(.) by extension 'ros'
[1.525s] Level 1:colcon.colcon_core.package_identification:_identify(.) by extensions ['cmake', 'python']
[1.525s] Level 1:colcon.colcon_core.package_identification:_identify(.) by extension 'cmake'
[1.526s] Level 1:colcon.colcon_core.package_identification:_identify(.) by extension 'python'
[1.526s] Level 1:colcon.colcon_core.package_identification:_identify(.) by extensions ['python_setup_py']
[1.526s] Level 1:colcon.colcon_core.package_identification:_identify(.) by extension 'python_setup_py'
[1.526s] Level 1:colcon.colcon_core.package_identification:_identify(build) by extensions ['ignore', 'ignore_ament_install']
[1.527s] Level 1:colcon.colcon_core.package_identification:_identify(build) by extension 'ignore'
[1.527s] Level 1:colcon.colcon_core.package_identification:_identify(build) ignored
[1.528s] Level 1:colcon.colcon_core.package_identification:_identify(install) by extensions ['ignore', 'ignore_ament_install']
[1.528s] Level 1:colcon.colcon_core.package_identification:_identify(install) by extension 'ignore'
[1.528s] Level 1:colcon.colcon_core.package_identification:_identify(install) ignored
[1.529s] Level 1:colcon.colcon_core.package_identification:_identify(log) by extensions ['ignore', 'ignore_ament_install']
[1.529s] Level 1:colcon.colcon_core.package_identification:_identify(log) by extension 'ignore'
[1.529s] Level 1:colcon.colcon_core.package_identification:_identify(log) ignored
[1.530s] Level 1:colcon.colcon_core.package_identification:_identify(src) by extensions ['ignore', 'ignore_ament_install']
[1.530s] Level 1:colcon.colcon_core.package_identification:_identify(src) by extension 'ignore'
[1.530s] Level 1:colcon.colcon_core.package_identification:_identify(src) by extension 'ignore_ament_install'
[1.530s] Level 1:colcon.colcon_core.package_identification:_identify(src) by extensions ['colcon_pkg']
[1.530s] Level 1:colcon.colcon_core.package_identification:_identify(src) by extension 'colcon_pkg'
[1.531s] Level 1:colcon.colcon_core.package_identification:_identify(src) by extensions ['colcon_meta']
[1.531s] Level 1:colcon.colcon_core.package_identification:_identify(src) by extension 'colcon_meta'
[1.531s] Level 1:colcon.colcon_core.package_identification:_identify(src) by extensions ['ros']
[1.531s] Level 1:colcon.colcon_core.package_identification:_identify(src) by extension 'ros'
[1.531s] Level 1:colcon.colcon_core.package_identification:_identify(src) by extensions ['cmake', 'python']
[1.532s] Level 1:colcon.colcon_core.package_identification:_identify(src) by extension 'cmake'
[1.532s] Level 1:colcon.colcon_core.package_identification:_identify(src) by extension 'python'
[1.532s] Level 1:colcon.colcon_core.package_identification:_identify(src) by extensions ['python_setup_py']
[1.532s] Level 1:colcon.colcon_core.package_identification:_identify(src) by extension 'python_setup_py'
[1.533s] Level 1:colcon.colcon_core.package_identification:_identify(src/cpp_eventhandle) by extensions ['ignore', 'ignore_ament_install']
[1.533s] Level 1:colcon.colcon_core.package_identification:_identify(src/cpp_eventhandle) by extension 'ignore'
[1.533s] Level 1:colcon.colcon_core.package_identification:_identify(src/cpp_eventhandle) by extension 'ignore_ament_install'
[1.533s] Level 1:colcon.colcon_core.package_identification:_identify(src/cpp_eventhandle) by extensions ['colcon_pkg']
[1.533s] Level 1:colcon.colcon_core.package_identification:_identify(src/cpp_eventhandle) by extension 'colcon_pkg'
[1.534s] Level 1:colcon.colcon_core.package_identification:_identify(src/cpp_eventhandle) by extensions ['colcon_meta']
[1.534s] Level 1:colcon.colcon_core.package_identification:_identify(src/cpp_eventhandle) by extension 'colcon_meta'
[1.534s] Level 1:colcon.colcon_core.package_identification:_identify(src/cpp_eventhandle) by extensions ['ros']
[1.534s] Level 1:colcon.colcon_core.package_identification:_identify(src/cpp_eventhandle) by extension 'ros'
[1.544s] DEBUG:colcon.colcon_core.package_identification:Package 'src/cpp_eventhandle' with type 'ros.ament_cmake' and name 'cpp_eventhandle'
[1.545s] Level 1:colcon.colcon_core.package_identification:_identify(src/inter_pkg) by extensions ['ignore', 'ignore_ament_install']
[1.546s] Level 1:colcon.colcon_core.package_identification:_identify(src/inter_pkg) by extension 'ignore'
[1.546s] Level 1:colcon.colcon_core.package_identification:_identify(src/inter_pkg) by extension 'ignore_ament_install'
[1.546s] Level 1:colcon.colcon_core.package_identification:_identify(src/inter_pkg) by extensions ['colcon_pkg']
[1.546s] Level 1:colcon.colcon_core.package_identification:_identify(src/inter_pkg) by extension 'colcon_pkg'
[1.547s] Level 1:colcon.colcon_core.package_identification:_identify(src/inter_pkg) by extensions ['colcon_meta']
[1.547s] Level 1:colcon.colcon_core.package_identification:_identify(src/inter_pkg) by extension 'colcon_meta'
[1.547s] Level 1:colcon.colcon_core.package_identification:_identify(src/inter_pkg) by extensions ['ros']
[1.547s] Level 1:colcon.colcon_core.package_identification:_identify(src/inter_pkg) by extension 'ros'
[1.551s] DEBUG:colcon.colcon_core.package_identification:Package 'src/inter_pkg' with type 'ros.ament_cmake' and name 'inter_pkg'
[1.551s] Level 1:colcon.colcon_core.package_discovery:discover_packages(recursive) using defaults
[1.551s] Level 1:colcon.colcon_core.package_discovery:discover_packages(ignore) discover
[1.552s] Level 1:colcon.colcon_core.package_discovery:discover_packages(ignore) using defaults
[1.552s] Level 1:colcon.colcon_core.package_discovery:discover_packages(path) discover
[1.552s] Level 1:colcon.colcon_core.package_discovery:discover_packages(path) using defaults
[1.683s] INFO:colcon.colcon_core.package_selection:Skipping not selected package 'inter_pkg' in 'src/inter_pkg'
[1.685s] Level 1:colcon.colcon_core.package_discovery:discover_packages(prefix_path) check parameters
[1.685s] Level 1:colcon.colcon_core.package_discovery:discover_packages(prefix_path) discover
[1.696s] DEBUG:colcon.colcon_installed_package_information.package_discovery:Found 2 installed packages in /home/gargie/interfaces/install
[1.698s] DEBUG:colcon.colcon_installed_package_information.package_discovery:Found 1 installed packages in /home/gargie/interm_ws/install
[1.701s] DEBUG:colcon.colcon_installed_package_information.package_discovery:Found 5 installed packages in /home/gargie/service/install
[1.703s] DEBUG:colcon.colcon_installed_package_information.package_discovery:Found 1 installed packages in /home/gargie/project/install
[1.705s] DEBUG:colcon.colcon_installed_package_information.package_discovery:Found 2 installed packages in /home/gargie/key_ws/install
[1.707s] DEBUG:colcon.colcon_installed_package_information.package_discovery:Found 1 installed packages in /home/gargie/chem_ws/install
[1.710s] DEBUG:colcon.colcon_installed_package_information.package_discovery:Found 2 installed packages in /home/gargie/tf2/install
[1.718s] DEBUG:colcon.colcon_installed_package_information.package_discovery:Found 296 installed packages in /opt/ros/humble
[1.727s] Level 1:colcon.colcon_core.package_discovery:discover_packages(prefix_path) using defaults
[1.941s] Level 5:colcon.colcon_core.verb:set package 'cpp_eventhandle' build argument 'cmake_args' from command line to 'None'
[1.941s] Level 5:colcon.colcon_core.verb:set package 'cpp_eventhandle' build argument 'cmake_target' from command line to 'None'
[1.941s] Level 5:colcon.colcon_core.verb:set package 'cpp_eventhandle' build argument 'cmake_target_skip_unavailable' from command line to 'False'
[1.941s] Level 5:colcon.colcon_core.verb:set package 'cpp_eventhandle' build argument 'cmake_clean_cache' from command line to 'False'
[1.942s] Level 5:colcon.colcon_core.verb:set package 'cpp_eventhandle' build argument 'cmake_clean_first' from command line to 'False'
[1.942s] Level 5:colcon.colcon_core.verb:set package 'cpp_eventhandle' build argument 'cmake_force_configure' from command line to 'False'
[1.942s] Level 5:colcon.colcon_core.verb:set package 'cpp_eventhandle' build argument 'ament_cmake_args' from command line to 'None'
[1.942s] Level 5:colcon.colcon_core.verb:set package 'cpp_eventhandle' build argument 'catkin_cmake_args' from command line to 'None'
[1.942s] Level 5:colcon.colcon_core.verb:set package 'cpp_eventhandle' build argument 'catkin_skip_building_tests' from command line to 'False'
[1.942s] DEBUG:colcon.colcon_core.verb:Building package 'cpp_eventhandle' with the following arguments: {'ament_cmake_args': None, 'build_base': '/home/gargie/interfaces/build/cpp_eventhandle', 'catkin_cmake_args': None, 'catkin_skip_building_tests': False, 'cmake_args': None, 'cmake_clean_cache': False, 'cmake_clean_first': False, 'cmake_force_configure': False, 'cmake_target': None, 'cmake_target_skip_unavailable': False, 'install_base': '/home/gargie/interfaces/install/cpp_eventhandle', 'merge_install': False, 'path': '/home/gargie/interfaces/src/cpp_eventhandle', 'symlink_install': False, 'test_result_base': None}
[1.943s] INFO:colcon.colcon_core.executor:Executing jobs using 'parallel' executor
[1.949s] DEBUG:colcon.colcon_parallel_executor.executor.parallel:run_until_complete
[1.951s] INFO:colcon.colcon_ros.task.ament_cmake.build:Building ROS package in '/home/gargie/interfaces/src/cpp_eventhandle' with build type 'ament_cmake'
[1.953s] INFO:colcon.colcon_cmake.task.cmake.build:Building CMake package in '/home/gargie/interfaces/src/cpp_eventhandle'
[1.964s] INFO:colcon.colcon_core.plugin_system:Skipping extension 'colcon_core.shell.bat': Not used on non-Windows systems
[1.965s] INFO:colcon.colcon_core.shell:Skip shell extension 'powershell' for command environment: Not usable outside of PowerShell
[1.965s] DEBUG:colcon.colcon_core.shell:Skip shell extension 'dsv' for command environment
[2.021s] DEBUG:colcon.colcon_core.event_handler.log_command:Invoking command in '/home/gargie/interfaces/build/cpp_eventhandle': CMAKE_PREFIX_PATH=${CMAKE_PREFIX_PATH}:/home/gargie/tf2/install/learning_tf2_py:/home/gargie/service/install/py_srvcli:/home/gargie/service/install/py_parameter:/home/gargie/key_ws/install/key1_pkg:/opt/ros/humble /usr/bin/cmake --build /home/gargie/interfaces/build/cpp_eventhandle -- -j4 -l4
[41.139s] DEBUG:colcon.colcon_core.event_handler.log_command:Invoked command in '/home/gargie/interfaces/build/cpp_eventhandle' returned '0': CMAKE_PREFIX_PATH=${CMAKE_PREFIX_PATH}:/home/gargie/tf2/install/learning_tf2_py:/home/gargie/service/install/py_srvcli:/home/gargie/service/install/py_parameter:/home/gargie/key_ws/install/key1_pkg:/opt/ros/humble /usr/bin/cmake --build /home/gargie/interfaces/build/cpp_eventhandle -- -j4 -l4
[41.187s] DEBUG:colcon.colcon_core.event_handler.log_command:Invoking command in '/home/gargie/interfaces/build/cpp_eventhandle': CMAKE_PREFIX_PATH=${CMAKE_PREFIX_PATH}:/home/gargie/tf2/install/learning_tf2_py:/home/gargie/service/install/py_srvcli:/home/gargie/service/install/py_parameter:/home/gargie/key_ws/install/key1_pkg:/opt/ros/humble /usr/bin/cmake --install /home/gargie/interfaces/build/cpp_eventhandle
[41.266s] Level 1:colcon.colcon_core.environment:create_environment_scripts_only(cpp_eventhandle)
[41.271s] DEBUG:colcon.colcon_core.event_handler.log_command:Invoked command in '/home/gargie/interfaces/build/cpp_eventhandle' returned '0': CMAKE_PREFIX_PATH=${CMAKE_PREFIX_PATH}:/home/gargie/tf2/install/learning_tf2_py:/home/gargie/service/install/py_srvcli:/home/gargie/service/install/py_parameter:/home/gargie/key_ws/install/key1_pkg:/opt/ros/humble /usr/bin/cmake --install /home/gargie/interfaces/build/cpp_eventhandle
[41.316s] Level 1:colcon.colcon_core.environment:checking '/home/gargie/interfaces/install/cpp_eventhandle' for CMake module files
[41.326s] Level 1:colcon.colcon_core.environment:checking '/home/gargie/interfaces/install/cpp_eventhandle' for CMake config files
[41.330s] Level 1:colcon.colcon_core.shell:create_environment_hook('cpp_eventhandle', 'cmake_prefix_path')
[41.334s] INFO:colcon.colcon_core.shell:Creating environment hook '/home/gargie/interfaces/install/cpp_eventhandle/share/cpp_eventhandle/hook/cmake_prefix_path.ps1'
[41.340s] INFO:colcon.colcon_core.shell:Creating environment descriptor '/home/gargie/interfaces/install/cpp_eventhandle/share/cpp_eventhandle/hook/cmake_prefix_path.dsv'
[41.344s] INFO:colcon.colcon_core.shell:Creating environment hook '/home/gargie/interfaces/install/cpp_eventhandle/share/cpp_eventhandle/hook/cmake_prefix_path.sh'
[41.350s] Level 1:colcon.colcon_core.environment:checking '/home/gargie/interfaces/install/cpp_eventhandle/lib'
[41.352s] Level 1:colcon.colcon_core.environment:checking '/home/gargie/interfaces/install/cpp_eventhandle/bin'
[41.352s] Level 1:colcon.colcon_core.environment:checking '/home/gargie/interfaces/install/cpp_eventhandle/lib/pkgconfig/cpp_eventhandle.pc'
[41.354s] Level 1:colcon.colcon_core.environment:checking '/home/gargie/interfaces/install/cpp_eventhandle/lib/python3.10/site-packages'
[41.356s] Level 1:colcon.colcon_core.environment:checking '/home/gargie/interfaces/install/cpp_eventhandle/bin'
[41.358s] INFO:colcon.colcon_core.shell:Creating package script '/home/gargie/interfaces/install/cpp_eventhandle/share/cpp_eventhandle/package.ps1'
[41.363s] INFO:colcon.colcon_core.shell:Creating package descriptor '/home/gargie/interfaces/install/cpp_eventhandle/share/cpp_eventhandle/package.dsv'
[41.367s] INFO:colcon.colcon_core.shell:Creating package script '/home/gargie/interfaces/install/cpp_eventhandle/share/cpp_eventhandle/package.sh'
[41.372s] INFO:colcon.colcon_core.shell:Creating package script '/home/gargie/interfaces/install/cpp_eventhandle/share/cpp_eventhandle/package.bash'
[41.377s] INFO:colcon.colcon_core.shell:Creating package script '/home/gargie/interfaces/install/cpp_eventhandle/share/cpp_eventhandle/package.zsh'
[41.381s] Level 1:colcon.colcon_core.environment:create_file_with_runtime_dependencies(/home/gargie/interfaces/install/cpp_eventhandle/share/colcon-core/packages/cpp_eventhandle)
[41.384s] Level 1:colcon.colcon_core.environment:create_environment_scripts_only(cpp_eventhandle)
[41.386s] Level 1:colcon.colcon_core.environment:checking '/home/gargie/interfaces/install/cpp_eventhandle' for CMake module files
[41.389s] Level 1:colcon.colcon_core.environment:checking '/home/gargie/interfaces/install/cpp_eventhandle' for CMake config files
[41.394s] Level 1:colcon.colcon_core.shell:create_environment_hook('cpp_eventhandle', 'cmake_prefix_path')
[41.396s] INFO:colcon.colcon_core.shell:Creating environment hook '/home/gargie/interfaces/install/cpp_eventhandle/share/cpp_eventhandle/hook/cmake_prefix_path.ps1'
[41.399s] INFO:colcon.colcon_core.shell:Creating environment descriptor '/home/gargie/interfaces/install/cpp_eventhandle/share/cpp_eventhandle/hook/cmake_prefix_path.dsv'
[41.401s] INFO:colcon.colcon_core.shell:Creating environment hook '/home/gargie/interfaces/install/cpp_eventhandle/share/cpp_eventhandle/hook/cmake_prefix_path.sh'
[41.405s] Level 1:colcon.colcon_core.environment:checking '/home/gargie/interfaces/install/cpp_eventhandle/lib'
[41.405s] Level 1:colcon.colcon_core.environment:checking '/home/gargie/interfaces/install/cpp_eventhandle/bin'
[41.406s] Level 1:colcon.colcon_core.environment:checking '/home/gargie/interfaces/install/cpp_eventhandle/lib/pkgconfig/cpp_eventhandle.pc'
[41.407s] Level 1:colcon.colcon_core.environment:checking '/home/gargie/interfaces/install/cpp_eventhandle/lib/python3.10/site-packages'
[41.409s] Level 1:colcon.colcon_core.environment:checking '/home/gargie/interfaces/install/cpp_eventhandle/bin'
[41.411s] INFO:colcon.colcon_core.shell:Creating package script '/home/gargie/interfaces/install/cpp_eventhandle/share/cpp_eventhandle/package.ps1'
[41.414s] INFO:colcon.colcon_core.shell:Creating package descriptor '/home/gargie/interfaces/install/cpp_eventhandle/share/cpp_eventhandle/package.dsv'
[41.417s] INFO:colcon.colcon_core.shell:Creating package script '/home/gargie/interfaces/install/cpp_eventhandle/share/cpp_eventhandle/package.sh'
[41.421s] INFO:colcon.colcon_core.shell:Creating package script '/home/gargie/interfaces/install/cpp_eventhandle/share/cpp_eventhandle/package.bash'
[41.424s] INFO:colcon.colcon_core.shell:Creating package script '/home/gargie/interfaces/install/cpp_eventhandle/share/cpp_eventhandle/package.zsh'
[41.427s] Level 1:colcon.colcon_core.environment:create_file_with_runtime_dependencies(/home/gargie/interfaces/install/cpp_eventhandle/share/colcon-core/packages/cpp_eventhandle)
[41.428s] DEBUG:colcon.colcon_parallel_executor.executor.parallel:closing loop
[41.430s] DEBUG:colcon.colcon_parallel_executor.executor.parallel:loop closed
[41.431s] DEBUG:colcon.colcon_parallel_executor.executor.parallel:run_until_complete finished with '0'
[41.431s] DEBUG:colcon.colcon_core.event_reactor:joining thread
[41.501s] INFO:colcon.colcon_core.plugin_system:Skipping extension 'colcon_notification.desktop_notification.terminal_notifier': Not used on non-Darwin systems
[41.502s] INFO:colcon.colcon_core.plugin_system:Skipping extension 'colcon_notification.desktop_notification.win32': Not used on non-Windows systems
[41.503s] INFO:colcon.colcon_notification.desktop_notification:Sending desktop notification using 'notify2'
[41.607s] DEBUG:colcon.colcon_core.event_reactor:joined thread
[41.608s] INFO:colcon.colcon_core.shell:Creating prefix script '/home/gargie/interfaces/install/local_setup.ps1'
[41.613s] INFO:colcon.colcon_core.shell:Creating prefix util module '/home/gargie/interfaces/install/_local_setup_util_ps1.py'
[41.622s] INFO:colcon.colcon_core.shell:Creating prefix chain script '/home/gargie/interfaces/install/setup.ps1'
[41.631s] INFO:colcon.colcon_core.shell:Creating prefix script '/home/gargie/interfaces/install/local_setup.sh'
[41.635s] INFO:colcon.colcon_core.shell:Creating prefix util module '/home/gargie/interfaces/install/_local_setup_util_sh.py'
[41.638s] INFO:colcon.colcon_core.shell:Creating prefix chain script '/home/gargie/interfaces/install/setup.sh'
[41.647s] INFO:colcon.colcon_core.shell:Creating prefix script '/home/gargie/interfaces/install/local_setup.bash'
[41.650s] INFO:colcon.colcon_core.shell:Creating prefix chain script '/home/gargie/interfaces/install/setup.bash'
[41.659s] INFO:colcon.colcon_core.shell:Creating prefix script '/home/gargie/interfaces/install/local_setup.zsh'
[41.661s] INFO:colcon.colcon_core.shell:Creating prefix chain script '/home/gargie/interfaces/install/setup.zsh'
