[0.050s] Invoking command in '/home/gargie/project/build/project_pkg': CMAKE_PREFIX_PATH=${CMAKE_PREFIX_PATH}:/home/gargie/key_ws/install/key1_pkg:/opt/ros/humble /usr/bin/cmake --build /home/gargie/project/build/project_pkg -- -j4 -l4
[0.233s] [35m[1mConsolidate compiler generated dependencies of target shapes_node[0m
[0.301s] [ 50%] [32mBuilding CXX object CMakeFiles/shapes_node.dir/src/shapes_node.cpp.o[0m
[20.075s] [100%] [32m[1mLinking CXX executable shapes_node[0m
[21.194s] [100%] Built target shapes_node
[21.242s] Invoked command in '/home/gargie/project/build/project_pkg' returned '0': CMAKE_PREFIX_PATH=${CMAKE_PREFIX_PATH}:/home/gargie/key_ws/install/key1_pkg:/opt/ros/humble /usr/bin/cmake --build /home/gargie/project/build/project_pkg -- -j4 -l4
[21.282s] Invoking command in '/home/gargie/project/build/project_pkg': CMAKE_PREFIX_PATH=${CMAKE_PREFIX_PATH}:/home/gargie/key_ws/install/key1_pkg:/opt/ros/humble /usr/bin/cmake --install /home/gargie/project/build/project_pkg
[21.310s] -- Install configuration: ""
[21.312s] -- Installing: /home/gargie/project/install/project_pkg/lib/project_pkg/shapes_node
[21.318s] -- Set runtime path of "/home/gargie/project/install/project_pkg/lib/project_pkg/shapes_node" to ""
[21.320s] -- Up-to-date: /home/gargie/project/install/project_pkg/share/ament_index/resource_index/package_run_dependencies/project_pkg
[21.321s] -- Up-to-date: /home/gargie/project/install/project_pkg/share/ament_index/resource_index/parent_prefix_path/project_pkg
[21.323s] -- Up-to-date: /home/gargie/project/install/project_pkg/share/project_pkg/environment/ament_prefix_path.sh
[21.325s] -- Up-to-date: /home/gargie/project/install/project_pkg/share/project_pkg/environment/ament_prefix_path.dsv
[21.326s] -- Up-to-date: /home/gargie/project/install/project_pkg/share/project_pkg/environment/path.sh
[21.327s] -- Up-to-date: /home/gargie/project/install/project_pkg/share/project_pkg/environment/path.dsv
[21.328s] -- Up-to-date: /home/gargie/project/install/project_pkg/share/project_pkg/local_setup.bash
[21.329s] -- Up-to-date: /home/gargie/project/install/project_pkg/share/project_pkg/local_setup.sh
[21.330s] -- Up-to-date: /home/gargie/project/install/project_pkg/share/project_pkg/local_setup.zsh
[21.331s] -- Up-to-date: /home/gargie/project/install/project_pkg/share/project_pkg/local_setup.dsv
[21.332s] -- Installing: /home/gargie/project/install/project_pkg/share/project_pkg/package.dsv
[21.333s] -- Up-to-date: /home/gargie/project/install/project_pkg/share/ament_index/resource_index/packages/project_pkg
[21.337s] -- Up-to-date: /home/gargie/project/install/project_pkg/share/project_pkg/cmake/project_pkgConfig.cmake
[21.338s] -- Up-to-date: /home/gargie/project/install/project_pkg/share/project_pkg/cmake/project_pkgConfig-version.cmake
[21.339s] -- Up-to-date: /home/gargie/project/install/project_pkg/share/project_pkg/package.xml
[21.341s] Invoked command in '/home/gargie/project/build/project_pkg' returned '0': CMAKE_PREFIX_PATH=${CMAKE_PREFIX_PATH}:/home/gargie/key_ws/install/key1_pkg:/opt/ros/humble /usr/bin/cmake --install /home/gargie/project/build/project_pkg
