[0.073s] Invoking command in '/home/gargie/interfaces/build/inter_pkg': CMAKE_PREFIX_PATH=${CMAKE_PREFIX_PATH}:/home/gargie/service/install/py_srvcli:/home/gargie/service/install/py_parameter:/home/gargie/key_ws/install/key1_pkg:/opt/ros/humble /usr/bin/cmake --build /home/gargie/interfaces/build/inter_pkg -- -j4 -l4
[0.307s] [ 50%] Built target node_interf
[0.316s] [100%] Built target interface_n
[0.358s] Invoked command in '/home/gargie/interfaces/build/inter_pkg' returned '0': CMAKE_PREFIX_PATH=${CMAKE_PREFIX_PATH}:/home/gargie/service/install/py_srvcli:/home/gargie/service/install/py_parameter:/home/gargie/key_ws/install/key1_pkg:/opt/ros/humble /usr/bin/cmake --build /home/gargie/interfaces/build/inter_pkg -- -j4 -l4
[0.401s] Invoking command in '/home/gargie/interfaces/build/inter_pkg': CMAKE_PREFIX_PATH=${CMAKE_PREFIX_PATH}:/home/gargie/service/install/py_srvcli:/home/gargie/service/install/py_parameter:/home/gargie/key_ws/install/key1_pkg:/opt/ros/humble /usr/bin/cmake --install /home/gargie/interfaces/build/inter_pkg
[0.429s] -- Install configuration: ""
[0.430s] -- Up-to-date: /home/gargie/interfaces/install/inter_pkg/lib/inter_pkg/interface_n
[0.432s] -- Up-to-date: /home/gargie/interfaces/install/inter_pkg/lib/inter_pkg/node_interf
[0.434s] -- Up-to-date: /home/gargie/interfaces/install/inter_pkg/share/ament_index/resource_index/package_run_dependencies/inter_pkg
[0.434s] -- Up-to-date: /home/gargie/interfaces/install/inter_pkg/share/ament_index/resource_index/parent_prefix_path/inter_pkg
[0.435s] -- Up-to-date: /home/gargie/interfaces/install/inter_pkg/share/inter_pkg/environment/ament_prefix_path.sh
[0.436s] -- Up-to-date: /home/gargie/interfaces/install/inter_pkg/share/inter_pkg/environment/ament_prefix_path.dsv
[0.436s] -- Up-to-date: /home/gargie/interfaces/install/inter_pkg/share/inter_pkg/environment/path.sh
[0.437s] -- Up-to-date: /home/gargie/interfaces/install/inter_pkg/share/inter_pkg/environment/path.dsv
[0.437s] -- Up-to-date: /home/gargie/interfaces/install/inter_pkg/share/inter_pkg/local_setup.bash
[0.438s] -- Up-to-date: /home/gargie/interfaces/install/inter_pkg/share/inter_pkg/local_setup.sh
[0.438s] -- Up-to-date: /home/gargie/interfaces/install/inter_pkg/share/inter_pkg/local_setup.zsh
[0.439s] -- Up-to-date: /home/gargie/interfaces/install/inter_pkg/share/inter_pkg/local_setup.dsv
[0.440s] -- Installing: /home/gargie/interfaces/install/inter_pkg/share/inter_pkg/package.dsv
[0.441s] -- Up-to-date: /home/gargie/interfaces/install/inter_pkg/share/ament_index/resource_index/packages/inter_pkg
[0.441s] -- Up-to-date: /home/gargie/interfaces/install/inter_pkg/share/inter_pkg/cmake/inter_pkgConfig.cmake
[0.442s] -- Up-to-date: /home/gargie/interfaces/install/inter_pkg/share/inter_pkg/cmake/inter_pkgConfig-version.cmake
[0.444s] -- Up-to-date: /home/gargie/interfaces/install/inter_pkg/share/inter_pkg/package.xml
[0.446s] Invoked command in '/home/gargie/interfaces/build/inter_pkg' returned '0': CMAKE_PREFIX_PATH=${CMAKE_PREFIX_PATH}:/home/gargie/service/install/py_srvcli:/home/gargie/service/install/py_parameter:/home/gargie/key_ws/install/key1_pkg:/opt/ros/humble /usr/bin/cmake --install /home/gargie/interfaces/build/inter_pkg
