[35m[1mConsolidate compiler generated dependencies of target parameter[0m
[ 50%] [32mBuilding CXX object CMakeFiles/parameter.dir/src/parameter.cpp.o[0m
In file included from [01m[K/opt/ros/humble/include/rclcpp/rclcpp/logging.hpp:24[m[K,
                 from [01m[K/opt/ros/humble/include/rclcpp/rclcpp/client.hpp:40[m[K,
                 from [01m[K/opt/ros/humble/include/rclcpp/rclcpp/callback_group.hpp:24[m[K,
                 from [01m[K/opt/ros/humble/include/rclcpp/rclcpp/any_executable.hpp:20[m[K,
                 from [01m[K/opt/ros/humble/include/rclcpp/rclcpp/memory_strategy.hpp:25[m[K,
                 from [01m[K/opt/ros/humble/include/rclcpp/rclcpp/memory_strategies.hpp:18[m[K,
                 from [01m[K/opt/ros/humble/include/rclcpp/rclcpp/executor_options.hpp:20[m[K,
                 from [01m[K/opt/ros/humble/include/rclcpp/rclcpp/executor.hpp:37[m[K,
                 from [01m[K/opt/ros/humble/include/rclcpp/rclcpp/executors/multi_threaded_executor.hpp:25[m[K,
                 from [01m[K/opt/ros/humble/include/rclcpp/rclcpp/executors.hpp:21[m[K,
                 from [01m[K/opt/ros/humble/include/rclcpp/rclcpp/rclcpp.hpp:155[m[K,
                 from [01m[K/home/gargie/interfaces/src/cpp_eventhandle/src/parameter.cpp:3[m[K:
[01m[K/home/gargie/interfaces/src/cpp_eventhandle/src/parameter.cpp:[m[K In lambda function:
[01m[K/home/gargie/interfaces/src/cpp_eventhandle/src/parameter.cpp:27:36:[m[K [01;35m[Kwarning: [m[Kunknown escape sequence: '\%'
   27 |     RCLCPP_INFO(this->get_logger(),[01;35m[K"Recieved parameter event from node \%s\""[m[K,
      |                                    [01;35m[K^~~~~~~~~~~~~~~~~~~~~~~~~~~~~~~~~~~~~~~~~~[m[K
[01m[K/home/gargie/interfaces/src/cpp_eventhandle/src/parameter.cpp:[m[K In function ‘[01m[Kint main(int, char**)[m[K’:
[01m[K/home/gargie/interfaces/src/cpp_eventhandle/src/parameter.cpp:48:33:[m[K [01;31m[Kerror: [m[K‘[01m[KSampleNodeWithParameters[m[K’ was not declared in this scope
   48 |   rclcpp::spin(std::make_shared<[01;31m[KSampleNodeWithParameters[m[K>());
      |                                 [01;31m[K^~~~~~~~~~~~~~~~~~~~~~~~[m[K
[01m[K/home/gargie/interfaces/src/cpp_eventhandle/src/parameter.cpp:48:58:[m[K [01;31m[Kerror: [m[Kno matching function for call to ‘[01m[Kmake_shared<<expression error> >()[m[K’
   48 |   rclcpp::spin([01;31m[Kstd::make_shared<SampleNodeWithParameters>()[m[K);
      |                [01;31m[K~~~~~~~~~~~~~~~~~~~~~~~~~~~~~~~~~~~~~~~~~~^~[m[K
In file included from [01m[K/usr/include/c++/11/memory:77[m[K,
                 from [01m[K/home/gargie/interfaces/src/cpp_eventhandle/src/parameter.cpp:1[m[K:
[01m[K/usr/include/c++/11/bits/shared_ptr.h:875:5:[m[K [01;36m[Knote: [m[Kcandidate: ‘[01m[Ktemplate<class _Tp, class ... _Args> std::shared_ptr<_Tp> std::make_shared(_Args&& ...)[m[K’
  875 |     [01;36m[Kmake_shared[m[K(_Args&&... __args)
      |     [01;36m[K^~~~~~~~~~~[m[K
[01m[K/usr/include/c++/11/bits/shared_ptr.h:875:5:[m[K [01;36m[Knote: [m[K  template argument deduction/substitution failed:
[01m[K/home/gargie/interfaces/src/cpp_eventhandle/src/parameter.cpp:48:58:[m[K [01;31m[Kerror: [m[Ktemplate argument 1 is invalid
   48 |   rclcpp::spin([01;31m[Kstd::make_shared<SampleNodeWithParameters>()[m[K);
      |                [01;31m[K~~~~~~~~~~~~~~~~~~~~~~~~~~~~~~~~~~~~~~~~~~^~[m[K
gmake[2]: *** [CMakeFiles/parameter.dir/build.make:76: CMakeFiles/parameter.dir/src/parameter.cpp.o] Error 1
gmake[1]: *** [CMakeFiles/Makefile2:137: CMakeFiles/parameter.dir/all] Error 2
gmake: *** [Makefile:146: all] Error 2
